DEBUG    QA_Automation:conftest.py:68 📦 Tests recolectados: 12
DEBUG    QA_Automation:conftest.py:80   - Tests de Selenium (UI): 3
DEBUG    QA_Automation:conftest.py:81   - Tests de API: 9
DEBUG    QA_Automation:conftest.py:43 ▶ Configurando test: test_api_01_get_lista_posts
INFO     QA_Automation:conftest.py:102 
============================================================
INFO     QA_Automation:conftest.py:103 ▶ Iniciando: test_api_01_get_lista_posts
INFO     QA_Automation:conftest.py:104 ============================================================
INFO     QA_Automation:test_api_endpoints.py:37 
================================================================================
INFO     QA_Automation:test_api_endpoints.py:38 🔗 Iniciando test de API
INFO     QA_Automation:test_api_endpoints.py:39 ================================================================================
INFO     QA_Automation:test_api_endpoints.py:53 
[API TEST 01] GET - Obtener lista de posts
DEBUG    QA_Automation:test_api_endpoints.py:54 Endpoint: https://jsonplaceholder.typicode.com/posts
INFO     QA_Automation:test_api_endpoints.py:58 🌐 Enviando petición GET a /posts...
DEBUG    urllib3.connectionpool:connectionpool.py:1062 Starting new HTTPS connection (1): jsonplaceholder.typicode.com:443
DEBUG    urllib3.connectionpool:connectionpool.py:544 https://jsonplaceholder.typicode.com:443 "GET /posts HTTP/1.1" 200 None
DEBUG    QA_Automation:test_api_endpoints.py:64 Tiempo de respuesta: 0.34s
INFO     QA_Automation:test_api_endpoints.py:67 ✔ Validando status code...
INFO     QA_Automation:helpers.py:127 [API] Validando respuesta para: GET /posts
DEBUG    QA_Automation:helpers.py:128 [API] Status Code: 200
INFO     QA_Automation:helpers.py:133 ✓ [API] Status code válido: 200
DEBUG    QA_Automation:helpers.py:138 [API] Respuesta JSON: [
  {
    "userId": 1,
    "id": 1,
    "title": "sunt aut facere repellat provident occaecati excepturi optio reprehenderit",
    "body": "quia et suscipit\nsuscipit recusandae consequuntur expedita et cum\nreprehenderit molestiae ut ut quas totam\nnostrum rerum est autem sunt rem eveniet architecto"
  },
  {
    "userId": 1,
    "id": 2,
    "title": "qui est esse",
    "body": "est rerum tempore vitae\nsequi sint nihil reprehenderit dolor beatae ea dolores neque\nfugiat blanditiis voluptate porro vel nihil molestiae ut reiciendis\nqui aperiam non debitis possimus qui neque nisi nulla"
  },
  {
    "userId": 1,
    "id": 3,
    "title": "ea molestias quasi exercitationem repellat qui ipsa sit aut",
    "body": "et iusto sed quo iure\nvoluptatem occaecati omnis eligendi aut ad\nvoluptatem doloribus vel accusantium quis pariatur\nmolestiae porro eius odio et labore et velit aut"
  },
  {
    "userId": 1,
    "id": 4,
    "title": "eum et est occaecati",
    "body": "ullam et saepe reiciendis voluptatem adipisci\nsit amet autem assumenda provident rerum culpa\nquis hic commodi nesciunt rem tenetur doloremque ipsam iure\nquis sunt voluptatem rerum illo velit"
  },
  {
    "userId": 1,
    "id": 5,
    "title": "nesciunt quas odio",
    "body": "repudiandae veniam quaerat sunt sed\nalias aut fugiat sit autem sed est\nvoluptatem omnis possimus esse voluptatibus quis\nest aut tenetur dolor neque"
  },
  {
    "userId": 1,
    "id": 6,
    "title": "dolorem eum magni eos aperiam quia",
    "body": "ut aspernatur corporis harum nihil quis provident sequi\nmollitia nobis aliquid molestiae\nperspiciatis et ea nemo ab reprehenderit accusantium quas\nvoluptate dolores velit et doloremque molestiae"
  },
  {
    "userId": 1,
    "id": 7,
    "title": "magnam facilis autem",
    "body": "dolore placeat quibusdam ea quo vitae\nmagni quis enim qui quis quo nemo aut saepe\nquidem repellat excepturi ut quia\nsunt ut sequi eos ea sed quas"
  },
  {
    "userId": 1,
    "id": 8,
    "title": "dolorem dolore est ipsam",
    "body": "dignissimos aperiam dolorem qui eum\nfacilis quibusdam animi sint suscipit qui sint possimus cum\nquaerat magni maiores excepturi\nipsam ut commodi dolor voluptatum modi aut vitae"
  },
  {
    "userId": 1,
    "id": 9,
    "title": "nesciunt iure omnis dolorem tempora et accusantium",
    "body": "consectetur animi nesciunt iure dolore\nenim quia ad\nveniam autem ut quam aut nobis\net est aut quod aut provident voluptas autem voluptas"
  },
  {
    "userId": 1,
    "id": 10,
    "title": "optio molestias id quia eum",
    "body": "quo et expedita modi cum officia vel magni\ndoloribus qui repudiandae\nvero nisi sit\nquos veniam quod sed accusamus veritatis error"
  },
  {
    "userId": 2,
    "id": 11,
    "title": "et ea vero quia laudantium autem",
    "body": "delectus reiciendis molestiae occaecati non minima eveniet qui voluptatibus\naccusamus in eum beatae sit\nvel qui neque voluptates ut commodi qui incidunt\nut animi commodi"
  },
  {
    "userId": 2,
    "id": 12,
    "title": "in quibusdam tempore odit est dolorem",
    "body": "itaque id aut magnam\npraesentium quia et ea odit et ea voluptas et\nsapiente quia nihil amet occaecati quia id voluptatem\nincidunt ea est distinctio odio"
  },
  {
    "userId": 2,
    "id": 13,
    "title": "dolorum ut in voluptas mollitia et saepe quo animi",
    "body": "aut dicta possimus sint mollitia voluptas commodi quo doloremque\niste corrupti reiciendis voluptatem eius rerum\nsit cumque quod eligendi laborum minima\nperferendis recusandae assumenda consectetur porro architecto ipsum ipsam"
  },
  {
    "userId": 2,
    "id": 14,
    "title": "voluptatem eligendi optio",
    "body": "fuga et accusamus dolorum perferendis illo voluptas\nnon doloremque neque facere\nad qui dolorum molestiae beatae\nsed aut voluptas totam sit illum"
  },
  {
    "userId": 2,
    "id": 15,
    "title": "eveniet quod temporibus",
    "body": "reprehenderit quos placeat\nvelit minima officia dolores impedit repudiandae molestiae nam\nvoluptas recusandae quis delectus\nofficiis harum fugiat vitae"
  },
  {
    "userId": 2,
    "id": 16,
    "title": "sint suscipit perspiciatis velit dolorum rerum ipsa laboriosam odio",
    "body": "suscipit nam nisi quo aperiam aut\nasperiores eos fugit maiores voluptatibus quia\nvoluptatem quis ullam qui in alias quia est\nconsequatur magni mollitia accusamus ea nisi voluptate dicta"
  },
  {
    "userId": 2,
    "id": 17,
    "title": "fugit voluptas sed molestias voluptatem provident",
    "body": "eos voluptas et aut odit natus earum\naspernatur fuga molestiae ullam\ndeserunt ratione qui eos\nqui nihil ratione nemo velit ut aut id quo"
  },
  {
    "userId": 2,
    "id": 18,
    "title": "voluptate et itaque vero tempora molestiae",
    "body": "eveniet quo quis\nlaborum totam consequatur non dolor\nut et est repudiandae\nest voluptatem vel debitis et magnam"
  },
  {
    "userId": 2,
    "id": 19,
    "title": "adipisci placeat illum aut reiciendis qui",
    "body": "illum quis cupiditate provident sit magnam\nea sed aut omnis\nveniam maiores ullam consequatur atque\nadipisci quo iste expedita sit quos voluptas"
  },
  {
    "userId": 2,
    "id": 20,
    "title": "doloribus ad provident suscipit at",
    "body": "qui consequuntur ducimus possimus quisquam amet similique\nsuscipit porro ipsam amet\neos veritatis officiis exercitationem vel fugit aut necessitatibus totam\nomnis rerum consequatur expedita quidem cumque explicabo"
  },
  {
    "userId": 3,
    "id": 21,
    "title": "asperiores ea ipsam voluptatibus modi minima quia sint",
    "body": "repellat aliquid praesentium dolorem quo\nsed totam minus non itaque\nnihil labore molestiae sunt dolor eveniet hic recusandae veniam\ntempora et tenetur expedita sunt"
  },
  {
    "userId": 3,
    "id": 22,
    "title": "dolor sint quo a velit explicabo quia nam",
    "body": "eos qui et ipsum ipsam suscipit aut\nsed omnis non odio\nexpedita earum mollitia molestiae aut atque rem suscipit\nnam impedit esse"
  },
  {
    "userId": 3,
    "id": 23,
    "title": "maxime id vitae nihil numquam",
    "body": "veritatis unde neque eligendi\nquae quod architecto quo neque vitae\nest illo sit tempora doloremque fugit quod\net et vel beatae sequi ullam sed tenetur perspiciatis"
  },
  {
    "userId": 3,
    "id": 24,
    "title": "autem hic labore sunt dolores incidunt",
    "body": "enim et ex nulla\nomnis voluptas quia qui\nvoluptatem consequatur numquam aliquam sunt\ntotam recusandae id dignissimos aut sed asperiores deserunt"
  },
  {
    "userId": 3,
    "id": 25,
    "title": "rem alias distinctio quo quis",
    "body": "ullam consequatur ut\nomnis quis sit vel consequuntur\nipsa eligendi ipsum molestiae et omnis error nostrum\nmolestiae illo tempore quia et distinctio"
  },
  {
    "userId": 3,
    "id": 26,
    "title": "est et quae odit qui non",
    "body": "similique esse doloribus nihil accusamus\nomnis dolorem fuga consequuntur reprehenderit fugit recusandae temporibus\nperspiciatis cum ut laudantium\nomnis aut molestiae vel vero"
  },
  {
    "userId": 3,
    "id": 27,
    "title": "quasi id et eos tenetur aut quo autem",
    "body": "eum sed dolores ipsam sint possimus debitis occaecati\ndebitis qui qui et\nut placeat enim earum aut odit facilis\nconsequatur suscipit necessitatibus rerum sed inventore temporibus consequatur"
  },
  {
    "userId": 3,
    "id": 28,
    "title": "delectus ullam et corporis nulla voluptas sequi",
    "body": "non et quaerat ex quae ad maiores\nmaiores recusandae totam aut blanditiis mollitia quas illo\nut voluptatibus voluptatem\nsimilique nostrum eum"
  },
  {
    "userId": 3,
    "id": 29,
    "title": "iusto eius quod necessitatibus culpa ea",
    "body": "odit magnam ut saepe sed non qui\ntempora atque nihil\naccusamus illum doloribus illo dolor\neligendi repudiandae odit magni similique sed cum maiores"
  },
  {
    "userId": 3,
    "id": 30,
    "title": "a quo magni similique perferendis",
    "body": "alias dolor cumque\nimpedit blanditiis non eveniet odio maxime\nblanditiis amet eius quis tempora quia autem rem\na provident perspiciatis quia"
  },
  {
    "userId": 4,
    "id": 31,
    "title": "ullam ut quidem id aut vel consequuntur",
    "body": "debitis eius sed quibusdam non quis consectetur vitae\nimpedit ut qui consequatur sed aut in\nquidem sit nostrum et maiores adipisci atque\nquaerat voluptatem adipisci repudiandae"
  },
  {
    "userId": 4,
    "id": 32,
    "title": "doloremque illum aliquid sunt",
    "body": "deserunt eos nobis asperiores et hic\nest debitis repellat molestiae optio\nnihil ratione ut eos beatae quibusdam distinctio maiores\nearum voluptates et aut adipisci ea maiores voluptas maxime"
  },
  {
    "userId": 4,
    "id": 33,
    "title": "qui explicabo molestiae dolorem",
    "body": "rerum ut et numquam laborum odit est sit\nid qui sint in\nquasi tenetur tempore aperiam et quaerat qui in\nrerum officiis sequi cumque quod"
  },
  {
    "userId": 4,
    "id": 34,
    "title": "magnam ut rerum iure",
    "body": "ea velit perferendis earum ut voluptatem voluptate itaque iusto\ntotam pariatur in\nnemo voluptatem voluptatem autem magni tempora minima in\nest distinctio qui assumenda accusamus dignissimos officia nesciunt nobis"
  },
  {
    "userId": 4,
    "id": 35,
    "title": "id nihil consequatur molestias animi provident",
    "body": "nisi error delectus possimus ut eligendi vitae\nplaceat eos harum cupiditate facilis reprehenderit voluptatem beatae\nmodi ducimus quo illum voluptas eligendi\net nobis quia fugit"
  },
  {
    "userId": 4,
    "id": 36,
    "title": "fuga nam accusamus voluptas reiciendis itaque",
    "body": "ad mollitia et omnis minus architecto odit\nvoluptas doloremque maxime aut non ipsa qui alias veniam\nblanditiis culpa aut quia nihil cumque facere et occaecati\nqui aspernatur quia eaque ut aperiam inventore"
  },
  {
    "userId": 4,
    "id": 37,
    "title": "provident vel ut sit ratione est",
    "body": "debitis et eaque non officia sed nesciunt pariatur vel\nvoluptatem iste vero et ea\nnumquam aut expedita ipsum nulla in\nvoluptates omnis consequatur aut enim officiis in quam qui"
  },
  {
    "userId": 4,
    "id": 38,
    "title": "explicabo et eos deleniti nostrum ab id repellendus",
    "body": "animi esse sit aut sit nesciunt assumenda eum voluptas\nquia voluptatibus provident quia necessitatibus ea\nrerum repudiandae quia voluptatem delectus fugit aut id quia\nratione optio eos iusto veniam iure"
  },
  {
    "userId": 4,
    "id": 39,
    "title": "eos dolorem iste accusantium est eaque quam",
    "body": "corporis rerum ducimus vel eum accusantium\nmaxime aspernatur a porro possimus iste omnis\nest in deleniti asperiores fuga aut\nvoluptas sapiente vel dolore minus voluptatem incidunt ex"
  },
  {
    "userId": 4,
    "id": 40,
    "title": "enim quo cumque",
    "body": "ut voluptatum aliquid illo tenetur nemo sequi quo facilis\nipsum rem optio mollitia quas\nvoluptatem eum voluptas qui\nunde omnis voluptatem iure quasi maxime voluptas nam"
  },
  {
    "userId": 5,
    "id": 41,
    "title": "non est facere",
    "body": "molestias id nostrum\nexcepturi molestiae dolore omnis repellendus quaerat saepe\nconsectetur iste quaerat tenetur asperiores accusamus ex ut\nnam quidem est ducimus sunt debitis saepe"
  },
  {
    "userId": 5,
    "id": 42,
    "title": "commodi ullam sint et excepturi error explicabo praesentium voluptas",
    "body": "odio fugit voluptatum ducimus earum autem est incidunt voluptatem\nodit reiciendis aliquam sunt sequi nulla dolorem\nnon facere repellendus voluptates quia\nratione harum vitae ut"
  },
  {
    "userId": 5,
    "id": 43,
    "title": "eligendi iste nostrum consequuntur adipisci praesentium sit beatae perferendis",
    "body": "similique fugit est\nillum et dolorum harum et voluptate eaque quidem\nexercitationem quos nam commodi possimus cum odio nihil nulla\ndolorum exercitationem magnam ex et a et distinctio debitis"
  },
  {
    "userId": 5,
    "id": 44,
    "title": "optio dolor molestias sit",
    "body": "temporibus est consectetur dolore\net libero debitis vel velit laboriosam quia\nipsum quibusdam qui itaque fuga rem aut\nea et iure quam sed maxime ut distinctio quae"
  },
  {
    "userId": 5,
    "id": 45,
    "title": "ut numquam possimus omnis eius suscipit laudantium iure",
    "body": "est natus reiciendis nihil possimus aut provident\nex et dolor\nrepellat pariatur est\nnobis rerum repellendus dolorem autem"
  },
  {
    "userId": 5,
    "id": 46,
    "title": "aut quo modi neque nostrum ducimus",
    "body": "voluptatem quisquam iste\nvoluptatibus natus officiis facilis dolorem\nquis quas ipsam\nvel et voluptatum in aliquid"
  },
  {
    "userId": 5,
    "id": 47,
    "title": "quibusdam cumque rem aut deserunt",
    "body": "voluptatem assumenda ut qui ut cupiditate aut impedit veniam\noccaecati nemo illum voluptatem laudantium\nmolestiae beatae rerum ea iure soluta nostrum\neligendi et voluptate"
  },
  {
    "userId": 5,
    "id": 48,
    "title": "ut voluptatem illum ea doloribus itaque eos",
    "body": "voluptates quo voluptatem facilis iure occaecati\nvel assumenda rerum officia et\nillum perspiciatis ab deleniti\nlaudantium repellat ad ut et autem reprehenderit"
  },
  {
    "userId": 5,
    "id": 49,
    "title": "laborum non sunt aut ut assumenda perspiciatis voluptas",
    "body": "inventore ab sint\nnatus fugit id nulla sequi architecto nihil quaerat\neos tenetur in in eum veritatis non\nquibusdam officiis aspernatur cumque aut commodi aut"
  },
  {
    "userId": 5,
    "id": 50,
    "title": "repellendus qui recusandae incidunt voluptates tenetur qui omnis exercitationem",
    "body": "error suscipit maxime adipisci consequuntur recusandae\nvoluptas eligendi et est et voluptates\nquia distinctio ab amet quaerat molestiae et vitae\nadipisci impedit sequi nesciunt quis consectetur"
  },
  {
    "userId": 6,
    "id": 51,
    "title": "soluta aliquam aperiam consequatur illo quis voluptas",
    "body": "sunt dolores aut doloribus\ndolore doloribus voluptates tempora et\ndoloremque et quo\ncum asperiores sit consectetur dolorem"
  },
  {
    "userId": 6,
    "id": 52,
    "title": "qui enim et consequuntur quia animi quis voluptate quibusdam",
    "body": "iusto est quibusdam fuga quas quaerat molestias\na enim ut sit accusamus enim\ntemporibus iusto accusantium provident architecto\nsoluta esse reprehenderit qui laborum"
  },
  {
    "userId": 6,
    "id": 53,
    "title": "ut quo aut ducimus alias",
    "body": "minima harum praesentium eum rerum illo dolore\nquasi exercitationem rerum nam\nporro quis neque quo\nconsequatur minus dolor quidem veritatis sunt non explicabo similique"
  },
  {
    "userId": 6,
    "id": 54,
    "title": "sit asperiores ipsam eveniet odio non quia",
    "body": "totam corporis dignissimos\nvitae dolorem ut occaecati accusamus\nex velit deserunt\net exercitationem vero incidunt corrupti mollitia"
  },
  {
    "userId": 6,
    "id": 55,
    "title": "sit vel voluptatem et non libero",
    "body": "debitis excepturi ea perferendis harum libero optio\neos accusamus cum fuga ut sapiente repudiandae\net ut incidunt omnis molestiae\nnihil ut eum odit"
  },
  {
    "userId": 6,
    "id": 56,
    "title": "qui et at rerum necessitatibus",
    "body": "aut est omnis dolores\nneque rerum quod ea rerum velit pariatur beatae excepturi\net provident voluptas corrupti\ncorporis harum reprehenderit dolores eligendi"
  },
  {
    "userId": 6,
    "id": 57,
    "title": "sed ab est est",
    "body": "at pariatur consequuntur earum quidem\nquo est laudantium soluta voluptatem\nqui ullam et est\net cum voluptas voluptatum repellat est"
  },
  {
    "userId": 6,
    "id": 58,
    "title": "voluptatum itaque dolores nisi et quasi",
    "body": "veniam voluptatum quae adipisci id\net id quia eos ad et dolorem\naliquam quo nisi sunt eos impedit error\nad similique veniam"
  },
  {
    "userId": 6,
    "id": 59,
    "title": "qui commodi dolor at maiores et quis id accusantium",
    "body": "perspiciatis et quam ea autem temporibus non voluptatibus qui\nbeatae a earum officia nesciunt dolores suscipit voluptas et\nanimi doloribus cum rerum quas et magni\net hic ut ut commodi expedita sunt"
  },
  {
    "userId": 6,
    "id": 60,
    "title": "consequatur placeat omnis quisquam quia reprehenderit fugit veritatis facere",
    "body": "asperiores sunt ab assumenda cumque modi velit\nqui esse omnis\nvoluptate et fuga perferendis voluptas\nillo ratione amet aut et omnis"
  },
  {
    "userId": 7,
    "id": 61,
    "title": "voluptatem doloribus consectetur est ut ducimus",
    "body": "ab nemo optio odio\ndelectus tenetur corporis similique nobis repellendus rerum omnis facilis\nvero blanditiis debitis in nesciunt doloribus dicta dolores\nmagnam minus velit"
  },
  {
    "userId": 7,
    "id": 62,
    "title": "beatae enim quia vel",
    "body": "enim aspernatur illo distinctio quae praesentium\nbeatae alias amet delectus qui voluptate distinctio\nodit sint accusantium autem omnis\nquo molestiae omnis ea eveniet optio"
  },
  {
    "userId": 7,
    "id": 63,
    "title": "voluptas blanditiis repellendus animi ducimus error sapiente et suscipit",
    "body": "enim adipisci aspernatur nemo\nnumquam omnis facere dolorem dolor ex quis temporibus incidunt\nab delectus culpa quo reprehenderit blanditiis asperiores\naccusantium ut quam in voluptatibus voluptas ipsam dicta"
  },
  {
    "userId": 7,
    "id": 64,
    "title": "et fugit quas eum in in aperiam quod",
    "body": "id velit blanditiis\neum ea voluptatem\nmolestiae sint occaecati est eos perspiciatis\nincidunt a error provident eaque aut aut qui"
  },
  {
    "userId": 7,
    "id": 65,
    "title": "consequatur id enim sunt et et",
    "body": "voluptatibus ex esse\nsint explicabo est aliquid cumque adipisci fuga repellat labore\nmolestiae corrupti ex saepe at asperiores et perferendis\nnatus id esse incidunt pariatur"
  },
  {
    "userId": 7,
    "id": 66,
    "title": "repudiandae ea animi iusto",
    "body": "officia veritatis tenetur vero qui itaque\nsint non ratione\nsed et ut asperiores iusto eos molestiae nostrum\nveritatis quibusdam et nemo iusto saepe"
  },
  {
    "userId": 7,
    "id": 67,
    "title": "aliquid eos sed fuga est maxime repellendus",
    "body": "reprehenderit id nostrum\nvoluptas doloremque pariatur sint et accusantium quia quod aspernatur\net fugiat amet\nnon sapiente et consequatur necessitatibus molestiae"
  },
  {
    "userId": 7,
    "id": 68,
    "title": "odio quis facere architecto reiciendis optio",
    "body": "magnam molestiae perferendis quisquam\nqui cum reiciendis\nquaerat animi amet hic inventore\nea quia deleniti quidem saepe porro velit"
  },
  {
    "userId": 7,
    "id": 69,
    "title": "fugiat quod pariatur odit minima",
    "body": "officiis error culpa consequatur modi asperiores et\ndolorum assumenda voluptas et vel qui aut vel rerum\nvoluptatum quisquam perspiciatis quia rerum consequatur totam quas\nsequi commodi repudiandae asperiores et saepe a"
  },
  {
    "userId": 7,
    "id": 70,
    "title": "voluptatem laborum magni",
    "body": "sunt repellendus quae\nest asperiores aut deleniti esse accusamus repellendus quia aut\nquia dolorem unde\neum tempora esse dolore"
  },
  {
    "userId": 8,
    "id": 71,
    "title": "et iusto veniam et illum aut fuga",
    "body": "occaecati a doloribus\niste saepe consectetur placeat eum voluptate dolorem et\nqui quo quia voluptas\nrerum ut id enim velit est perferendis"
  },
  {
    "userId": 8,
    "id": 72,
    "title": "sint hic doloribus consequatur eos non id",
    "body": "quam occaecati qui deleniti consectetur\nconsequatur aut facere quas exercitationem aliquam hic voluptas\nneque id sunt ut aut accusamus\nsunt consectetur expedita inventore velit"
  },
  {
    "userId": 8,
    "id": 73,
    "title": "consequuntur deleniti eos quia temporibus ab aliquid at",
    "body": "voluptatem cumque tenetur consequatur expedita ipsum nemo quia explicabo\naut eum minima consequatur\ntempore cumque quae est et\net in consequuntur voluptatem voluptates aut"
  },
  {
    "userId": 8,
    "id": 74,
    "title": "enim unde ratione doloribus quas enim ut sit sapiente",
    "body": "odit qui et et necessitatibus sint veniam\nmollitia amet doloremque molestiae commodi similique magnam et quam\nblanditiis est itaque\nquo et tenetur ratione occaecati molestiae tempora"
  },
  {
    "userId": 8,
    "id": 75,
    "title": "dignissimos eum dolor ut enim et delectus in",
    "body": "commodi non non omnis et voluptas sit\nautem aut nobis magnam et sapiente voluptatem\net laborum repellat qui delectus facilis temporibus\nrerum amet et nemo voluptate expedita adipisci error dolorem"
  },
  {
    "userId": 8,
    "id": 76,
    "title": "doloremque officiis ad et non perferendis",
    "body": "ut animi facere\ntotam iusto tempore\nmolestiae eum aut et dolorem aperiam\nquaerat recusandae totam odio"
  },
  {
    "userId": 8,
    "id": 77,
    "title": "necessitatibus quasi exercitationem odio",
    "body": "modi ut in nulla repudiandae dolorum nostrum eos\naut consequatur omnis\nut incidunt est omnis iste et quam\nvoluptates sapiente aliquam asperiores nobis amet corrupti repudiandae provident"
  },
  {
    "userId": 8,
    "id": 78,
    "title": "quam voluptatibus rerum veritatis",
    "body": "nobis facilis odit tempore cupiditate quia\nassumenda doloribus rerum qui ea\nillum et qui totam\naut veniam repellendus"
  },
  {
    "userId": 8,
    "id": 79,
    "title": "pariatur consequatur quia magnam autem omnis non amet",
    "body": "libero accusantium et et facere incidunt sit dolorem\nnon excepturi qui quia sed laudantium\nquisquam molestiae ducimus est\nofficiis esse molestiae iste et quos"
  },
  {
    "userId": 8,
    "id": 80,
    "title": "labore in ex et explicabo corporis aut quas",
    "body": "ex quod dolorem ea eum iure qui provident amet\nquia qui facere excepturi et repudiandae\nasperiores molestias provident\nminus incidunt vero fugit rerum sint sunt excepturi provident"
  },
  {
    "userId": 9,
    "id": 81,
    "title": "tempora rem veritatis voluptas quo dolores vero",
    "body": "facere qui nesciunt est voluptatum voluptatem nisi\nsequi eligendi necessitatibus ea at rerum itaque\nharum non ratione velit laboriosam quis consequuntur\nex officiis minima doloremque voluptas ut aut"
  },
  {
    "userId": 9,
    "id": 82,
    "title": "laudantium voluptate suscipit sunt enim enim",
    "body": "ut libero sit aut totam inventore sunt\nporro sint qui sunt molestiae\nconsequatur cupiditate qui iste ducimus adipisci\ndolor enim assumenda soluta laboriosam amet iste delectus hic"
  },
  {
    "userId": 9,
    "id": 83,
    "title": "odit et voluptates doloribus alias odio et",
    "body": "est molestiae facilis quis tempora numquam nihil qui\nvoluptate sapiente consequatur est qui\nnecessitatibus autem aut ipsa aperiam modi dolore numquam\nreprehenderit eius rem quibusdam"
  },
  {
    "userId": 9,
    "id": 84,
    "title": "optio ipsam molestias necessitatibus occaecati facilis veritatis dolores aut",
    "body": "sint molestiae magni a et quos\neaque et quasi\nut rerum debitis similique veniam\nrecusandae dignissimos dolor incidunt consequatur odio"
  },
  {
    "userId": 9,
    "id": 85,
    "title": "dolore veritatis porro provident adipisci blanditiis et sunt",
    "body": "similique sed nisi voluptas iusto omnis\nmollitia et quo\nassumenda suscipit officia magnam sint sed tempora\nenim provident pariatur praesentium atque animi amet ratione"
  },
  {
    "userId": 9,
    "id": 86,
    "title": "placeat quia et porro iste",
    "body": "quasi excepturi consequatur iste autem temporibus sed molestiae beatae\net quaerat et esse ut\nvoluptatem occaecati et vel explicabo autem\nasperiores pariatur deserunt optio"
  },
  {
    "userId": 9,
    "id": 87,
    "title": "nostrum quis quasi placeat",
    "body": "eos et molestiae\nnesciunt ut a\ndolores perspiciatis repellendus repellat aliquid\nmagnam sint rem ipsum est"
  },
  {
    "userId": 9,
    "id": 88,
    "title": "sapiente omnis fugit eos",
    "body": "consequatur omnis est praesentium\nducimus non iste\nneque hic deserunt\nvoluptatibus veniam cum et rerum sed"
  },
  {
    "userId": 9,
    "id": 89,
    "title": "sint soluta et vel magnam aut ut sed qui",
    "body": "repellat aut aperiam totam temporibus autem et\narchitecto magnam ut\nconsequatur qui cupiditate rerum quia soluta dignissimos nihil iure\ntempore quas est"
  },
  {
    "userId": 9,
    "id": 90,
    "title": "ad iusto omnis odit dolor voluptatibus",
    "body": "minus omnis soluta quia\nqui sed adipisci voluptates illum ipsam voluptatem\neligendi officia ut in\neos soluta similique molestias praesentium blanditiis"
  },
  {
    "userId": 10,
    "id": 91,
    "title": "aut amet sed",
    "body": "libero voluptate eveniet aperiam sed\nsunt placeat suscipit molestias\nsimilique fugit nam natus\nexpedita consequatur consequatur dolores quia eos et placeat"
  },
  {
    "userId": 10,
    "id": 92,
    "title": "ratione ex tenetur perferendis",
    "body": "aut et excepturi dicta laudantium sint rerum nihil\nlaudantium et at\na neque minima officia et similique libero et\ncommodi voluptate qui"
  },
  {
    "userId": 10,
    "id": 93,
    "title": "beatae soluta recusandae",
    "body": "dolorem quibusdam ducimus consequuntur dicta aut quo laboriosam\nvoluptatem quis enim recusandae ut sed sunt\nnostrum est odit totam\nsit error sed sunt eveniet provident qui nulla"
  },
  {
    "userId": 10,
    "id": 94,
    "title": "qui qui voluptates illo iste minima",
    "body": "aspernatur expedita soluta quo ab ut similique\nexpedita dolores amet\nsed temporibus distinctio magnam saepe deleniti\nomnis facilis nam ipsum natus sint similique omnis"
  },
  {
    "userId": 10,
    "id": 95,
    "title": "id minus libero illum nam ad officiis",
    "body": "earum voluptatem facere provident blanditiis velit laboriosam\npariatur accusamus odio saepe\ncumque dolor qui a dicta ab doloribus consequatur omnis\ncorporis cupiditate eaque assumenda ad nesciunt"
  },
  {
    "userId": 10,
    "id": 96,
    "title": "quaerat velit veniam amet cupiditate aut numquam ut sequi",
    "body": "in non odio excepturi sint eum\nlabore voluptates vitae quia qui et\ninventore itaque rerum\nveniam non exercitationem delectus aut"
  },
  {
    "userId": 10,
    "id": 97,
    "title": "quas fugiat ut perspiciatis vero provident",
    "body": "eum non blanditiis soluta porro quibusdam voluptas\nvel voluptatem qui placeat dolores qui velit aut\nvel inventore aut cumque culpa explicabo aliquid at\nperspiciatis est et voluptatem dignissimos dolor itaque sit nam"
  },
  {
    "userId": 10,
    "id": 98,
    "title": "laboriosam dolor voluptates",
    "body": "doloremque ex facilis sit sint culpa\nsoluta assumenda eligendi non ut eius\nsequi ducimus vel quasi\nveritatis est dolores"
  },
  {
    "userId": 10,
    "id": 99,
    "title": "temporibus sit alias delectus eligendi possimus magni",
    "body": "quo deleniti praesentium dicta non quod\naut est molestias\nmolestias et officia quis nihil\nitaque dolorem quia"
  },
  {
    "userId": 10,
    "id": 100,
    "title": "at nam consequatur ea labore ea harum",
    "body": "cupiditate quo est a modi nesciunt soluta\nipsa voluptas error itaque dicta in\nautem qui minus magnam et distinctio eum\naccusamus ratione error aut"
  }
]
INFO     QA_Automation:helpers.py:139 ✓ [API] JSON válido para GET /posts
INFO     QA_Automation:test_api_endpoints.py:71 ✔ Validando estructura JSON...
DEBUG    QA_Automation:test_api_endpoints.py:74 Se obtuvieron 100 posts
INFO     QA_Automation:test_api_endpoints.py:78 ✓ Lista de posts no vacía: 100 elementos
INFO     QA_Automation:test_api_endpoints.py:81 ✔ Validando estructura de posts...
INFO     QA_Automation:helpers.py:153 [API] Validando estructura JSON para: GET /posts
DEBUG    QA_Automation:helpers.py:154 [API] Campos requeridos: ['userId', 'id', 'title', 'body']
DEBUG    QA_Automation:helpers.py:158 ✓ [API] Campo 'userId' presente en respuesta
DEBUG    QA_Automation:helpers.py:158 ✓ [API] Campo 'id' presente en respuesta
DEBUG    QA_Automation:helpers.py:158 ✓ [API] Campo 'title' presente en respuesta
DEBUG    QA_Automation:helpers.py:158 ✓ [API] Campo 'body' presente en respuesta
INFO     QA_Automation:helpers.py:160 ✓ [API] Estructura JSON válida para GET /posts
INFO     QA_Automation:test_api_endpoints.py:86 ✔ Validando tipos de datos...
DEBUG    QA_Automation:test_api_endpoints.py:92 Primer post: ID=1, UserID=1
INFO     QA_Automation:helpers.py:172 [API] PASÓ | Método: GET | Endpoint: /posts | Status: 200 | Duración: 0.34s
INFO     QA_Automation:test_api_endpoints.py:96 ✅ [API TEST 01] GET /posts - PASÓ
INFO     QA_Automation:conftest.py:57 ✅ PASÓ: test_api_01_get_lista_posts
DEBUG    QA_Automation:conftest.py:47 ⏹ Finalizando test: test_api_01_get_lista_posts
INFO     QA_Automation:test_api_endpoints.py:41 ================================================================================
INFO     QA_Automation:conftest.py:108 ⏹ Finalizado: test_api_01_get_lista_posts
INFO     QA_Automation:conftest.py:109 ============================================================

DEBUG    QA_Automation:conftest.py:43 ▶ Configurando test: test_api_02_post_crear_nuevo_post
INFO     QA_Automation:conftest.py:102 
============================================================
INFO     QA_Automation:conftest.py:103 ▶ Iniciando: test_api_02_post_crear_nuevo_post
INFO     QA_Automation:conftest.py:104 ============================================================
INFO     QA_Automation:test_api_endpoints.py:37 
================================================================================
INFO     QA_Automation:test_api_endpoints.py:38 🔗 Iniciando test de API
INFO     QA_Automation:test_api_endpoints.py:39 ================================================================================
INFO     QA_Automation:test_api_endpoints.py:116 
[API TEST 02] POST - Crear nuevo post
DEBUG    QA_Automation:test_api_endpoints.py:117 Endpoint: https://jsonplaceholder.typicode.com/posts
INFO     QA_Automation:test_api_endpoints.py:121 📝 Preparando datos para POST...
DEBUG    QA_Automation:test_api_endpoints.py:127 Datos a enviar: {
  "title": "Nuevo Post de Testing Automatizado",
  "body": "Este es un post creado mediante pruebas automatizadas de API",
  "userId": 1
}
INFO     QA_Automation:test_api_endpoints.py:130 🌐 Enviando petición POST...
DEBUG    urllib3.connectionpool:connectionpool.py:1062 Starting new HTTPS connection (1): jsonplaceholder.typicode.com:443
DEBUG    urllib3.connectionpool:connectionpool.py:544 https://jsonplaceholder.typicode.com:443 "POST /posts HTTP/1.1" 201 153
DEBUG    QA_Automation:test_api_endpoints.py:137 Tiempo de respuesta: 0.49s
INFO     QA_Automation:test_api_endpoints.py:140 ✔ Validando status code...
INFO     QA_Automation:test_api_endpoints.py:142 ✓ Status code correcto: 201 (Created)
INFO     QA_Automation:test_api_endpoints.py:145 ✔ Validando estructura JSON...
INFO     QA_Automation:helpers.py:127 [API] Validando respuesta para: POST /posts
DEBUG    QA_Automation:helpers.py:128 [API] Status Code: 201
INFO     QA_Automation:helpers.py:133 ✓ [API] Status code válido: 201
DEBUG    QA_Automation:helpers.py:138 [API] Respuesta JSON: {
  "title": "Nuevo Post de Testing Automatizado",
  "body": "Este es un post creado mediante pruebas automatizadas de API",
  "userId": 1,
  "id": 101
}
INFO     QA_Automation:helpers.py:139 ✓ [API] JSON válido para POST /posts
INFO     QA_Automation:test_api_endpoints.py:149 ✔ Validando que el servidor asignó un ID...
INFO     QA_Automation:test_api_endpoints.py:152 ✓ ID asignado: 101
INFO     QA_Automation:test_api_endpoints.py:155 ✔ Validando que los datos se reflejan en la respuesta...
DEBUG    QA_Automation:test_api_endpoints.py:159 ✓ Datos reflejados correctamente en la respuesta
INFO     QA_Automation:helpers.py:172 [API] PASÓ | Método: POST | Endpoint: /posts | Status: 201 | Duración: 0.49s
INFO     QA_Automation:test_api_endpoints.py:163 ✅ [API TEST 02] POST /posts - PASÓ
INFO     QA_Automation:conftest.py:57 ✅ PASÓ: test_api_02_post_crear_nuevo_post
DEBUG    QA_Automation:conftest.py:47 ⏹ Finalizando test: test_api_02_post_crear_nuevo_post
INFO     QA_Automation:test_api_endpoints.py:41 ================================================================================
INFO     QA_Automation:conftest.py:108 ⏹ Finalizado: test_api_02_post_crear_nuevo_post
INFO     QA_Automation:conftest.py:109 ============================================================

DEBUG    QA_Automation:conftest.py:43 ▶ Configurando test: test_api_03_delete_eliminar_post
INFO     QA_Automation:conftest.py:102 
============================================================
INFO     QA_Automation:conftest.py:103 ▶ Iniciando: test_api_03_delete_eliminar_post
INFO     QA_Automation:conftest.py:104 ============================================================
INFO     QA_Automation:test_api_endpoints.py:37 
================================================================================
INFO     QA_Automation:test_api_endpoints.py:38 🔗 Iniciando test de API
INFO     QA_Automation:test_api_endpoints.py:39 ================================================================================
INFO     QA_Automation:test_api_endpoints.py:182 
[API TEST 03] DELETE - Eliminar post existente
INFO     QA_Automation:test_api_endpoints.py:188 🗑️  Eliminando post con ID: 1
DEBUG    QA_Automation:test_api_endpoints.py:189 Endpoint: https://jsonplaceholder.typicode.com/posts/1
INFO     QA_Automation:test_api_endpoints.py:192 🌐 Enviando petición DELETE...
DEBUG    urllib3.connectionpool:connectionpool.py:1062 Starting new HTTPS connection (1): jsonplaceholder.typicode.com:443
DEBUG    urllib3.connectionpool:connectionpool.py:544 https://jsonplaceholder.typicode.com:443 "DELETE /posts/1 HTTP/1.1" 200 2
DEBUG    QA_Automation:test_api_endpoints.py:198 Tiempo de respuesta: 0.45s
INFO     QA_Automation:test_api_endpoints.py:201 ✔ Validando status code...
INFO     QA_Automation:test_api_endpoints.py:203 ✓ Status code correcto: 200 (OK)
INFO     QA_Automation:test_api_endpoints.py:206 ✔ Validando respuesta DELETE...
DEBUG    QA_Automation:test_api_endpoints.py:210 Respuesta del servidor: {}
INFO     QA_Automation:test_api_endpoints.py:211 ✓ Formato de respuesta correcto
INFO     QA_Automation:test_api_endpoints.py:214 ✔ Verificando que el post fue eliminado...
DEBUG    urllib3.connectionpool:connectionpool.py:1062 Starting new HTTPS connection (1): jsonplaceholder.typicode.com:443
DEBUG    urllib3.connectionpool:connectionpool.py:544 https://jsonplaceholder.typicode.com:443 "GET /posts/1 HTTP/1.1" 200 None
DEBUG    QA_Automation:test_api_endpoints.py:219 Status GET posterior: 200
INFO     QA_Automation:test_api_endpoints.py:220 ✓ Post eliminado correctamente
INFO     QA_Automation:helpers.py:172 [API] PASÓ | Método: DELETE | Endpoint: /posts/1 | Status: 200 | Duración: 0.45s
INFO     QA_Automation:test_api_endpoints.py:224 ✅ [API TEST 03] DELETE /posts/{id} - PASÓ
INFO     QA_Automation:conftest.py:57 ✅ PASÓ: test_api_03_delete_eliminar_post
DEBUG    QA_Automation:conftest.py:47 ⏹ Finalizando test: test_api_03_delete_eliminar_post
INFO     QA_Automation:test_api_endpoints.py:41 ================================================================================
INFO     QA_Automation:conftest.py:108 ⏹ Finalizado: test_api_03_delete_eliminar_post
INFO     QA_Automation:conftest.py:109 ============================================================

DEBUG    QA_Automation:conftest.py:43 ▶ Configurando test: test_api_04_get_post_con_error_404
INFO     QA_Automation:conftest.py:102 
============================================================
INFO     QA_Automation:conftest.py:103 ▶ Iniciando: test_api_04_get_post_con_error_404
INFO     QA_Automation:conftest.py:104 ============================================================
INFO     QA_Automation:test_api_endpoints.py:37 
================================================================================
INFO     QA_Automation:test_api_endpoints.py:38 🔗 Iniciando test de API
INFO     QA_Automation:test_api_endpoints.py:39 ================================================================================
INFO     QA_Automation:test_api_endpoints.py:242 
[API TEST 04] GET - Validar error 404 (recurso no existente)
INFO     QA_Automation:test_api_endpoints.py:248 🔍 Solicitando post no existente: ID=99999
DEBUG    QA_Automation:test_api_endpoints.py:249 Endpoint: https://jsonplaceholder.typicode.com/posts/99999
INFO     QA_Automation:test_api_endpoints.py:252 🌐 Enviando petición GET...
DEBUG    urllib3.connectionpool:connectionpool.py:1062 Starting new HTTPS connection (1): jsonplaceholder.typicode.com:443
DEBUG    urllib3.connectionpool:connectionpool.py:544 https://jsonplaceholder.typicode.com:443 "GET /posts/99999 HTTP/1.1" 404 2
DEBUG    QA_Automation:test_api_endpoints.py:258 Tiempo de respuesta: 0.53s
INFO     QA_Automation:test_api_endpoints.py:261 ✔ Validando manejo de error 404...
INFO     QA_Automation:test_api_endpoints.py:263 ✓ Status code: 404
INFO     QA_Automation:test_api_endpoints.py:267 ✓ Recurso no encontrado (404) - Respuesta esperada
INFO     QA_Automation:helpers.py:172 [API] PASÓ | Método: GET | Endpoint: /posts/99999 | Status: 404 | Duración: 0.53s
INFO     QA_Automation:test_api_endpoints.py:276 ✅ [API TEST 04] Manejo de error 404 - PASÓ
INFO     QA_Automation:conftest.py:57 ✅ PASÓ: test_api_04_get_post_con_error_404
DEBUG    QA_Automation:conftest.py:47 ⏹ Finalizando test: test_api_04_get_post_con_error_404
INFO     QA_Automation:test_api_endpoints.py:41 ================================================================================
INFO     QA_Automation:conftest.py:108 ⏹ Finalizado: test_api_04_get_post_con_error_404
INFO     QA_Automation:conftest.py:109 ============================================================

DEBUG    QA_Automation:conftest.py:43 ▶ Configurando test: test_api_get_posts_por_usuario[1]
INFO     QA_Automation:conftest.py:102 
============================================================
INFO     QA_Automation:conftest.py:103 ▶ Iniciando: test_api_get_posts_por_usuario[1]
INFO     QA_Automation:conftest.py:104 ============================================================
INFO     QA_Automation:test_api_endpoints.py:302 
[API TEST PARAMETRIZADA] GET - Posts del Usuario 1
INFO     QA_Automation:test_api_endpoints.py:306 🌐 Obteniendo posts del usuario 1...
DEBUG    urllib3.connectionpool:connectionpool.py:1062 Starting new HTTPS connection (1): jsonplaceholder.typicode.com:443
DEBUG    urllib3.connectionpool:connectionpool.py:544 https://jsonplaceholder.typicode.com:443 "GET /posts?userId=1 HTTP/1.1" 200 1002
INFO     QA_Automation:helpers.py:127 [API] Validando respuesta para: GET /posts?userId=1
DEBUG    QA_Automation:helpers.py:128 [API] Status Code: 200
INFO     QA_Automation:helpers.py:133 ✓ [API] Status code válido: 200
DEBUG    QA_Automation:helpers.py:138 [API] Respuesta JSON: [
  {
    "userId": 1,
    "id": 1,
    "title": "sunt aut facere repellat provident occaecati excepturi optio reprehenderit",
    "body": "quia et suscipit\nsuscipit recusandae consequuntur expedita et cum\nreprehenderit molestiae ut ut quas totam\nnostrum rerum est autem sunt rem eveniet architecto"
  },
  {
    "userId": 1,
    "id": 2,
    "title": "qui est esse",
    "body": "est rerum tempore vitae\nsequi sint nihil reprehenderit dolor beatae ea dolores neque\nfugiat blanditiis voluptate porro vel nihil molestiae ut reiciendis\nqui aperiam non debitis possimus qui neque nisi nulla"
  },
  {
    "userId": 1,
    "id": 3,
    "title": "ea molestias quasi exercitationem repellat qui ipsa sit aut",
    "body": "et iusto sed quo iure\nvoluptatem occaecati omnis eligendi aut ad\nvoluptatem doloribus vel accusantium quis pariatur\nmolestiae porro eius odio et labore et velit aut"
  },
  {
    "userId": 1,
    "id": 4,
    "title": "eum et est occaecati",
    "body": "ullam et saepe reiciendis voluptatem adipisci\nsit amet autem assumenda provident rerum culpa\nquis hic commodi nesciunt rem tenetur doloremque ipsam iure\nquis sunt voluptatem rerum illo velit"
  },
  {
    "userId": 1,
    "id": 5,
    "title": "nesciunt quas odio",
    "body": "repudiandae veniam quaerat sunt sed\nalias aut fugiat sit autem sed est\nvoluptatem omnis possimus esse voluptatibus quis\nest aut tenetur dolor neque"
  },
  {
    "userId": 1,
    "id": 6,
    "title": "dolorem eum magni eos aperiam quia",
    "body": "ut aspernatur corporis harum nihil quis provident sequi\nmollitia nobis aliquid molestiae\nperspiciatis et ea nemo ab reprehenderit accusantium quas\nvoluptate dolores velit et doloremque molestiae"
  },
  {
    "userId": 1,
    "id": 7,
    "title": "magnam facilis autem",
    "body": "dolore placeat quibusdam ea quo vitae\nmagni quis enim qui quis quo nemo aut saepe\nquidem repellat excepturi ut quia\nsunt ut sequi eos ea sed quas"
  },
  {
    "userId": 1,
    "id": 8,
    "title": "dolorem dolore est ipsam",
    "body": "dignissimos aperiam dolorem qui eum\nfacilis quibusdam animi sint suscipit qui sint possimus cum\nquaerat magni maiores excepturi\nipsam ut commodi dolor voluptatum modi aut vitae"
  },
  {
    "userId": 1,
    "id": 9,
    "title": "nesciunt iure omnis dolorem tempora et accusantium",
    "body": "consectetur animi nesciunt iure dolore\nenim quia ad\nveniam autem ut quam aut nobis\net est aut quod aut provident voluptas autem voluptas"
  },
  {
    "userId": 1,
    "id": 10,
    "title": "optio molestias id quia eum",
    "body": "quo et expedita modi cum officia vel magni\ndoloribus qui repudiandae\nvero nisi sit\nquos veniam quod sed accusamus veritatis error"
  }
]
INFO     QA_Automation:helpers.py:139 ✓ [API] JSON válido para GET /posts?userId=1
INFO     QA_Automation:test_api_endpoints.py:319 ✓ Se obtuvieron 10 posts del usuario 1
INFO     QA_Automation:test_api_endpoints.py:326 ✓ Todos los posts pertenecen al usuario 1
INFO     QA_Automation:helpers.py:172 [API] PASÓ | Método: GET | Endpoint: /posts?userId=1 | Status: 200 | Duración: 0.47s
INFO     QA_Automation:test_api_endpoints.py:328 ✅ Posts del usuario 1 - PASÓ
INFO     QA_Automation:conftest.py:57 ✅ PASÓ: test_api_get_posts_por_usuario[1]
DEBUG    QA_Automation:conftest.py:47 ⏹ Finalizando test: test_api_get_posts_por_usuario[1]
INFO     QA_Automation:conftest.py:108 ⏹ Finalizado: test_api_get_posts_por_usuario[1]
INFO     QA_Automation:conftest.py:109 ============================================================

DEBUG    QA_Automation:conftest.py:43 ▶ Configurando test: test_api_get_posts_por_usuario[2]
INFO     QA_Automation:conftest.py:102 
============================================================
INFO     QA_Automation:conftest.py:103 ▶ Iniciando: test_api_get_posts_por_usuario[2]
INFO     QA_Automation:conftest.py:104 ============================================================
INFO     QA_Automation:test_api_endpoints.py:302 
[API TEST PARAMETRIZADA] GET - Posts del Usuario 2
INFO     QA_Automation:test_api_endpoints.py:306 🌐 Obteniendo posts del usuario 2...
DEBUG    urllib3.connectionpool:connectionpool.py:1062 Starting new HTTPS connection (1): jsonplaceholder.typicode.com:443
DEBUG    urllib3.connectionpool:connectionpool.py:544 https://jsonplaceholder.typicode.com:443 "GET /posts?userId=2 HTTP/1.1" 200 1020
INFO     QA_Automation:helpers.py:127 [API] Validando respuesta para: GET /posts?userId=2
DEBUG    QA_Automation:helpers.py:128 [API] Status Code: 200
INFO     QA_Automation:helpers.py:133 ✓ [API] Status code válido: 200
DEBUG    QA_Automation:helpers.py:138 [API] Respuesta JSON: [
  {
    "userId": 2,
    "id": 11,
    "title": "et ea vero quia laudantium autem",
    "body": "delectus reiciendis molestiae occaecati non minima eveniet qui voluptatibus\naccusamus in eum beatae sit\nvel qui neque voluptates ut commodi qui incidunt\nut animi commodi"
  },
  {
    "userId": 2,
    "id": 12,
    "title": "in quibusdam tempore odit est dolorem",
    "body": "itaque id aut magnam\npraesentium quia et ea odit et ea voluptas et\nsapiente quia nihil amet occaecati quia id voluptatem\nincidunt ea est distinctio odio"
  },
  {
    "userId": 2,
    "id": 13,
    "title": "dolorum ut in voluptas mollitia et saepe quo animi",
    "body": "aut dicta possimus sint mollitia voluptas commodi quo doloremque\niste corrupti reiciendis voluptatem eius rerum\nsit cumque quod eligendi laborum minima\nperferendis recusandae assumenda consectetur porro architecto ipsum ipsam"
  },
  {
    "userId": 2,
    "id": 14,
    "title": "voluptatem eligendi optio",
    "body": "fuga et accusamus dolorum perferendis illo voluptas\nnon doloremque neque facere\nad qui dolorum molestiae beatae\nsed aut voluptas totam sit illum"
  },
  {
    "userId": 2,
    "id": 15,
    "title": "eveniet quod temporibus",
    "body": "reprehenderit quos placeat\nvelit minima officia dolores impedit repudiandae molestiae nam\nvoluptas recusandae quis delectus\nofficiis harum fugiat vitae"
  },
  {
    "userId": 2,
    "id": 16,
    "title": "sint suscipit perspiciatis velit dolorum rerum ipsa laboriosam odio",
    "body": "suscipit nam nisi quo aperiam aut\nasperiores eos fugit maiores voluptatibus quia\nvoluptatem quis ullam qui in alias quia est\nconsequatur magni mollitia accusamus ea nisi voluptate dicta"
  },
  {
    "userId": 2,
    "id": 17,
    "title": "fugit voluptas sed molestias voluptatem provident",
    "body": "eos voluptas et aut odit natus earum\naspernatur fuga molestiae ullam\ndeserunt ratione qui eos\nqui nihil ratione nemo velit ut aut id quo"
  },
  {
    "userId": 2,
    "id": 18,
    "title": "voluptate et itaque vero tempora molestiae",
    "body": "eveniet quo quis\nlaborum totam consequatur non dolor\nut et est repudiandae\nest voluptatem vel debitis et magnam"
  },
  {
    "userId": 2,
    "id": 19,
    "title": "adipisci placeat illum aut reiciendis qui",
    "body": "illum quis cupiditate provident sit magnam\nea sed aut omnis\nveniam maiores ullam consequatur atque\nadipisci quo iste expedita sit quos voluptas"
  },
  {
    "userId": 2,
    "id": 20,
    "title": "doloribus ad provident suscipit at",
    "body": "qui consequuntur ducimus possimus quisquam amet similique\nsuscipit porro ipsam amet\neos veritatis officiis exercitationem vel fugit aut necessitatibus totam\nomnis rerum consequatur expedita quidem cumque explicabo"
  }
]
INFO     QA_Automation:helpers.py:139 ✓ [API] JSON válido para GET /posts?userId=2
INFO     QA_Automation:test_api_endpoints.py:319 ✓ Se obtuvieron 10 posts del usuario 2
INFO     QA_Automation:test_api_endpoints.py:326 ✓ Todos los posts pertenecen al usuario 2
INFO     QA_Automation:helpers.py:172 [API] PASÓ | Método: GET | Endpoint: /posts?userId=2 | Status: 200 | Duración: 0.58s
INFO     QA_Automation:test_api_endpoints.py:328 ✅ Posts del usuario 2 - PASÓ
INFO     QA_Automation:conftest.py:57 ✅ PASÓ: test_api_get_posts_por_usuario[2]
DEBUG    QA_Automation:conftest.py:47 ⏹ Finalizando test: test_api_get_posts_por_usuario[2]
INFO     QA_Automation:conftest.py:108 ⏹ Finalizado: test_api_get_posts_por_usuario[2]
INFO     QA_Automation:conftest.py:109 ============================================================

DEBUG    QA_Automation:conftest.py:43 ▶ Configurando test: test_api_get_posts_por_usuario[3]
INFO     QA_Automation:conftest.py:102 
============================================================
INFO     QA_Automation:conftest.py:103 ▶ Iniciando: test_api_get_posts_por_usuario[3]
INFO     QA_Automation:conftest.py:104 ============================================================
INFO     QA_Automation:test_api_endpoints.py:302 
[API TEST PARAMETRIZADA] GET - Posts del Usuario 3
INFO     QA_Automation:test_api_endpoints.py:306 🌐 Obteniendo posts del usuario 3...
DEBUG    urllib3.connectionpool:connectionpool.py:1062 Starting new HTTPS connection (1): jsonplaceholder.typicode.com:443
DEBUG    urllib3.connectionpool:connectionpool.py:544 https://jsonplaceholder.typicode.com:443 "GET /posts?userId=3 HTTP/1.1" 200 None
INFO     QA_Automation:helpers.py:127 [API] Validando respuesta para: GET /posts?userId=3
DEBUG    QA_Automation:helpers.py:128 [API] Status Code: 200
INFO     QA_Automation:helpers.py:133 ✓ [API] Status code válido: 200
DEBUG    QA_Automation:helpers.py:138 [API] Respuesta JSON: [
  {
    "userId": 3,
    "id": 21,
    "title": "asperiores ea ipsam voluptatibus modi minima quia sint",
    "body": "repellat aliquid praesentium dolorem quo\nsed totam minus non itaque\nnihil labore molestiae sunt dolor eveniet hic recusandae veniam\ntempora et tenetur expedita sunt"
  },
  {
    "userId": 3,
    "id": 22,
    "title": "dolor sint quo a velit explicabo quia nam",
    "body": "eos qui et ipsum ipsam suscipit aut\nsed omnis non odio\nexpedita earum mollitia molestiae aut atque rem suscipit\nnam impedit esse"
  },
  {
    "userId": 3,
    "id": 23,
    "title": "maxime id vitae nihil numquam",
    "body": "veritatis unde neque eligendi\nquae quod architecto quo neque vitae\nest illo sit tempora doloremque fugit quod\net et vel beatae sequi ullam sed tenetur perspiciatis"
  },
  {
    "userId": 3,
    "id": 24,
    "title": "autem hic labore sunt dolores incidunt",
    "body": "enim et ex nulla\nomnis voluptas quia qui\nvoluptatem consequatur numquam aliquam sunt\ntotam recusandae id dignissimos aut sed asperiores deserunt"
  },
  {
    "userId": 3,
    "id": 25,
    "title": "rem alias distinctio quo quis",
    "body": "ullam consequatur ut\nomnis quis sit vel consequuntur\nipsa eligendi ipsum molestiae et omnis error nostrum\nmolestiae illo tempore quia et distinctio"
  },
  {
    "userId": 3,
    "id": 26,
    "title": "est et quae odit qui non",
    "body": "similique esse doloribus nihil accusamus\nomnis dolorem fuga consequuntur reprehenderit fugit recusandae temporibus\nperspiciatis cum ut laudantium\nomnis aut molestiae vel vero"
  },
  {
    "userId": 3,
    "id": 27,
    "title": "quasi id et eos tenetur aut quo autem",
    "body": "eum sed dolores ipsam sint possimus debitis occaecati\ndebitis qui qui et\nut placeat enim earum aut odit facilis\nconsequatur suscipit necessitatibus rerum sed inventore temporibus consequatur"
  },
  {
    "userId": 3,
    "id": 28,
    "title": "delectus ullam et corporis nulla voluptas sequi",
    "body": "non et quaerat ex quae ad maiores\nmaiores recusandae totam aut blanditiis mollitia quas illo\nut voluptatibus voluptatem\nsimilique nostrum eum"
  },
  {
    "userId": 3,
    "id": 29,
    "title": "iusto eius quod necessitatibus culpa ea",
    "body": "odit magnam ut saepe sed non qui\ntempora atque nihil\naccusamus illum doloribus illo dolor\neligendi repudiandae odit magni similique sed cum maiores"
  },
  {
    "userId": 3,
    "id": 30,
    "title": "a quo magni similique perferendis",
    "body": "alias dolor cumque\nimpedit blanditiis non eveniet odio maxime\nblanditiis amet eius quis tempora quia autem rem\na provident perspiciatis quia"
  }
]
INFO     QA_Automation:helpers.py:139 ✓ [API] JSON válido para GET /posts?userId=3
INFO     QA_Automation:test_api_endpoints.py:319 ✓ Se obtuvieron 10 posts del usuario 3
INFO     QA_Automation:test_api_endpoints.py:326 ✓ Todos los posts pertenecen al usuario 3
INFO     QA_Automation:helpers.py:172 [API] PASÓ | Método: GET | Endpoint: /posts?userId=3 | Status: 200 | Duración: 0.56s
INFO     QA_Automation:test_api_endpoints.py:328 ✅ Posts del usuario 3 - PASÓ
INFO     QA_Automation:conftest.py:57 ✅ PASÓ: test_api_get_posts_por_usuario[3]
DEBUG    QA_Automation:conftest.py:47 ⏹ Finalizando test: test_api_get_posts_por_usuario[3]
INFO     QA_Automation:conftest.py:108 ⏹ Finalizado: test_api_get_posts_por_usuario[3]
INFO     QA_Automation:conftest.py:109 ============================================================

DEBUG    QA_Automation:conftest.py:43 ▶ Configurando test: test_api_get_posts_por_usuario[4]
INFO     QA_Automation:conftest.py:102 
============================================================
INFO     QA_Automation:conftest.py:103 ▶ Iniciando: test_api_get_posts_por_usuario[4]
INFO     QA_Automation:conftest.py:104 ============================================================
INFO     QA_Automation:test_api_endpoints.py:302 
[API TEST PARAMETRIZADA] GET - Posts del Usuario 4
INFO     QA_Automation:test_api_endpoints.py:306 🌐 Obteniendo posts del usuario 4...
DEBUG    urllib3.connectionpool:connectionpool.py:1062 Starting new HTTPS connection (1): jsonplaceholder.typicode.com:443
DEBUG    urllib3.connectionpool:connectionpool.py:544 https://jsonplaceholder.typicode.com:443 "GET /posts?userId=4 HTTP/1.1" 200 None
INFO     QA_Automation:helpers.py:127 [API] Validando respuesta para: GET /posts?userId=4
DEBUG    QA_Automation:helpers.py:128 [API] Status Code: 200
INFO     QA_Automation:helpers.py:133 ✓ [API] Status code válido: 200
DEBUG    QA_Automation:helpers.py:138 [API] Respuesta JSON: [
  {
    "userId": 4,
    "id": 31,
    "title": "ullam ut quidem id aut vel consequuntur",
    "body": "debitis eius sed quibusdam non quis consectetur vitae\nimpedit ut qui consequatur sed aut in\nquidem sit nostrum et maiores adipisci atque\nquaerat voluptatem adipisci repudiandae"
  },
  {
    "userId": 4,
    "id": 32,
    "title": "doloremque illum aliquid sunt",
    "body": "deserunt eos nobis asperiores et hic\nest debitis repellat molestiae optio\nnihil ratione ut eos beatae quibusdam distinctio maiores\nearum voluptates et aut adipisci ea maiores voluptas maxime"
  },
  {
    "userId": 4,
    "id": 33,
    "title": "qui explicabo molestiae dolorem",
    "body": "rerum ut et numquam laborum odit est sit\nid qui sint in\nquasi tenetur tempore aperiam et quaerat qui in\nrerum officiis sequi cumque quod"
  },
  {
    "userId": 4,
    "id": 34,
    "title": "magnam ut rerum iure",
    "body": "ea velit perferendis earum ut voluptatem voluptate itaque iusto\ntotam pariatur in\nnemo voluptatem voluptatem autem magni tempora minima in\nest distinctio qui assumenda accusamus dignissimos officia nesciunt nobis"
  },
  {
    "userId": 4,
    "id": 35,
    "title": "id nihil consequatur molestias animi provident",
    "body": "nisi error delectus possimus ut eligendi vitae\nplaceat eos harum cupiditate facilis reprehenderit voluptatem beatae\nmodi ducimus quo illum voluptas eligendi\net nobis quia fugit"
  },
  {
    "userId": 4,
    "id": 36,
    "title": "fuga nam accusamus voluptas reiciendis itaque",
    "body": "ad mollitia et omnis minus architecto odit\nvoluptas doloremque maxime aut non ipsa qui alias veniam\nblanditiis culpa aut quia nihil cumque facere et occaecati\nqui aspernatur quia eaque ut aperiam inventore"
  },
  {
    "userId": 4,
    "id": 37,
    "title": "provident vel ut sit ratione est",
    "body": "debitis et eaque non officia sed nesciunt pariatur vel\nvoluptatem iste vero et ea\nnumquam aut expedita ipsum nulla in\nvoluptates omnis consequatur aut enim officiis in quam qui"
  },
  {
    "userId": 4,
    "id": 38,
    "title": "explicabo et eos deleniti nostrum ab id repellendus",
    "body": "animi esse sit aut sit nesciunt assumenda eum voluptas\nquia voluptatibus provident quia necessitatibus ea\nrerum repudiandae quia voluptatem delectus fugit aut id quia\nratione optio eos iusto veniam iure"
  },
  {
    "userId": 4,
    "id": 39,
    "title": "eos dolorem iste accusantium est eaque quam",
    "body": "corporis rerum ducimus vel eum accusantium\nmaxime aspernatur a porro possimus iste omnis\nest in deleniti asperiores fuga aut\nvoluptas sapiente vel dolore minus voluptatem incidunt ex"
  },
  {
    "userId": 4,
    "id": 40,
    "title": "enim quo cumque",
    "body": "ut voluptatum aliquid illo tenetur nemo sequi quo facilis\nipsum rem optio mollitia quas\nvoluptatem eum voluptas qui\nunde omnis voluptatem iure quasi maxime voluptas nam"
  }
]
INFO     QA_Automation:helpers.py:139 ✓ [API] JSON válido para GET /posts?userId=4
INFO     QA_Automation:test_api_endpoints.py:319 ✓ Se obtuvieron 10 posts del usuario 4
INFO     QA_Automation:test_api_endpoints.py:326 ✓ Todos los posts pertenecen al usuario 4
INFO     QA_Automation:helpers.py:172 [API] PASÓ | Método: GET | Endpoint: /posts?userId=4 | Status: 200 | Duración: 0.57s
INFO     QA_Automation:test_api_endpoints.py:328 ✅ Posts del usuario 4 - PASÓ
INFO     QA_Automation:conftest.py:57 ✅ PASÓ: test_api_get_posts_por_usuario[4]
DEBUG    QA_Automation:conftest.py:47 ⏹ Finalizando test: test_api_get_posts_por_usuario[4]
INFO     QA_Automation:conftest.py:108 ⏹ Finalizado: test_api_get_posts_por_usuario[4]
INFO     QA_Automation:conftest.py:109 ============================================================

DEBUG    QA_Automation:conftest.py:43 ▶ Configurando test: test_api_get_posts_por_usuario[5]
INFO     QA_Automation:conftest.py:102 
============================================================
INFO     QA_Automation:conftest.py:103 ▶ Iniciando: test_api_get_posts_por_usuario[5]
INFO     QA_Automation:conftest.py:104 ============================================================
INFO     QA_Automation:test_api_endpoints.py:302 
[API TEST PARAMETRIZADA] GET - Posts del Usuario 5
INFO     QA_Automation:test_api_endpoints.py:306 🌐 Obteniendo posts del usuario 5...
DEBUG    urllib3.connectionpool:connectionpool.py:1062 Starting new HTTPS connection (1): jsonplaceholder.typicode.com:443
DEBUG    urllib3.connectionpool:connectionpool.py:544 https://jsonplaceholder.typicode.com:443 "GET /posts?userId=5 HTTP/1.1" 200 None
INFO     QA_Automation:helpers.py:127 [API] Validando respuesta para: GET /posts?userId=5
DEBUG    QA_Automation:helpers.py:128 [API] Status Code: 200
INFO     QA_Automation:helpers.py:133 ✓ [API] Status code válido: 200
DEBUG    QA_Automation:helpers.py:138 [API] Respuesta JSON: [
  {
    "userId": 5,
    "id": 41,
    "title": "non est facere",
    "body": "molestias id nostrum\nexcepturi molestiae dolore omnis repellendus quaerat saepe\nconsectetur iste quaerat tenetur asperiores accusamus ex ut\nnam quidem est ducimus sunt debitis saepe"
  },
  {
    "userId": 5,
    "id": 42,
    "title": "commodi ullam sint et excepturi error explicabo praesentium voluptas",
    "body": "odio fugit voluptatum ducimus earum autem est incidunt voluptatem\nodit reiciendis aliquam sunt sequi nulla dolorem\nnon facere repellendus voluptates quia\nratione harum vitae ut"
  },
  {
    "userId": 5,
    "id": 43,
    "title": "eligendi iste nostrum consequuntur adipisci praesentium sit beatae perferendis",
    "body": "similique fugit est\nillum et dolorum harum et voluptate eaque quidem\nexercitationem quos nam commodi possimus cum odio nihil nulla\ndolorum exercitationem magnam ex et a et distinctio debitis"
  },
  {
    "userId": 5,
    "id": 44,
    "title": "optio dolor molestias sit",
    "body": "temporibus est consectetur dolore\net libero debitis vel velit laboriosam quia\nipsum quibusdam qui itaque fuga rem aut\nea et iure quam sed maxime ut distinctio quae"
  },
  {
    "userId": 5,
    "id": 45,
    "title": "ut numquam possimus omnis eius suscipit laudantium iure",
    "body": "est natus reiciendis nihil possimus aut provident\nex et dolor\nrepellat pariatur est\nnobis rerum repellendus dolorem autem"
  },
  {
    "userId": 5,
    "id": 46,
    "title": "aut quo modi neque nostrum ducimus",
    "body": "voluptatem quisquam iste\nvoluptatibus natus officiis facilis dolorem\nquis quas ipsam\nvel et voluptatum in aliquid"
  },
  {
    "userId": 5,
    "id": 47,
    "title": "quibusdam cumque rem aut deserunt",
    "body": "voluptatem assumenda ut qui ut cupiditate aut impedit veniam\noccaecati nemo illum voluptatem laudantium\nmolestiae beatae rerum ea iure soluta nostrum\neligendi et voluptate"
  },
  {
    "userId": 5,
    "id": 48,
    "title": "ut voluptatem illum ea doloribus itaque eos",
    "body": "voluptates quo voluptatem facilis iure occaecati\nvel assumenda rerum officia et\nillum perspiciatis ab deleniti\nlaudantium repellat ad ut et autem reprehenderit"
  },
  {
    "userId": 5,
    "id": 49,
    "title": "laborum non sunt aut ut assumenda perspiciatis voluptas",
    "body": "inventore ab sint\nnatus fugit id nulla sequi architecto nihil quaerat\neos tenetur in in eum veritatis non\nquibusdam officiis aspernatur cumque aut commodi aut"
  },
  {
    "userId": 5,
    "id": 50,
    "title": "repellendus qui recusandae incidunt voluptates tenetur qui omnis exercitationem",
    "body": "error suscipit maxime adipisci consequuntur recusandae\nvoluptas eligendi et est et voluptates\nquia distinctio ab amet quaerat molestiae et vitae\nadipisci impedit sequi nesciunt quis consectetur"
  }
]
INFO     QA_Automation:helpers.py:139 ✓ [API] JSON válido para GET /posts?userId=5
INFO     QA_Automation:test_api_endpoints.py:319 ✓ Se obtuvieron 10 posts del usuario 5
INFO     QA_Automation:test_api_endpoints.py:326 ✓ Todos los posts pertenecen al usuario 5
INFO     QA_Automation:helpers.py:172 [API] PASÓ | Método: GET | Endpoint: /posts?userId=5 | Status: 200 | Duración: 0.57s
INFO     QA_Automation:test_api_endpoints.py:328 ✅ Posts del usuario 5 - PASÓ
INFO     QA_Automation:conftest.py:57 ✅ PASÓ: test_api_get_posts_por_usuario[5]
DEBUG    QA_Automation:conftest.py:47 ⏹ Finalizando test: test_api_get_posts_por_usuario[5]
INFO     QA_Automation:conftest.py:108 ⏹ Finalizado: test_api_get_posts_por_usuario[5]
INFO     QA_Automation:conftest.py:109 ============================================================

DEBUG    QA_Automation:conftest.py:43 ▶ Configurando test: test_01_login_exitoso
INFO     QA_Automation:test_saucedemo.py:13 ================================================================================
INFO     QA_Automation:test_saucedemo.py:14 🚀 INICIANDO SUITE DE PRUEBAS DE SAUCEDEMO
INFO     QA_Automation:test_saucedemo.py:15 ================================================================================
INFO     WDM:logger.py:11 ====== WebDriver manager ======
INFO     WDM:logger.py:11 Get LATEST chromedriver version for google-chrome
DEBUG    urllib3.connectionpool:connectionpool.py:1062 Starting new HTTPS connection (1): googlechromelabs.github.io:443
DEBUG    urllib3.connectionpool:connectionpool.py:544 https://googlechromelabs.github.io:443 "GET /chrome-for-testing/latest-patch-versions-per-build.json HTTP/1.1" 200 17257
INFO     WDM:logger.py:11 Get LATEST chromedriver version for google-chrome
DEBUG    urllib3.connectionpool:connectionpool.py:1062 Starting new HTTPS connection (1): googlechromelabs.github.io:443
DEBUG    urllib3.connectionpool:connectionpool.py:544 https://googlechromelabs.github.io:443 "GET /chrome-for-testing/latest-patch-versions-per-build.json HTTP/1.1" 200 17257
INFO     WDM:logger.py:11 Driver [C:\Users\carop\.wdm\drivers\chromedriver\win64\149.0.7827.155\chromedriver-win32/chromedriver.exe] found in cache
DEBUG    selenium.webdriver.common.driver_finder:driver_finder.py:60 Skipping Selenium Manager; path to chrome driver specified in Service class: C:\Users\carop\.wdm\drivers\chromedriver\win64\149.0.7827.155\chromedriver-win32/chromedriver.exe
DEBUG    selenium.webdriver.common.service:service.py:234 Started executable: `C:\Users\carop\.wdm\drivers\chromedriver\win64\149.0.7827.155\chromedriver-win32/chromedriver.exe` in a child process with pid: 3244 using 0 to output -3
DEBUG    selenium.webdriver.remote.remote_connection:remote_connection.py:406 POST http://localhost:52802/session {'capabilities': {'firstMatch': [{}], 'alwaysMatch': {'browserName': 'chrome', 'pageLoadStrategy': <PageLoadStrategy.normal: 'normal'>, 'goog:chromeOptions': {'extensions': [], 'args': ['--start-maximized']}}}}
DEBUG    urllib3.connectionpool:connectionpool.py:241 Starting new HTTP connection (1): localhost:52802
DEBUG    urllib3.connectionpool:connectionpool.py:544 http://localhost:52802 "POST /session HTTP/1.1" 200 0
DEBUG    selenium.webdriver.remote.remote_connection:remote_connection.py:439 Remote response: status=200 | data={"value":{"capabilities":{"acceptInsecureCerts":false,"browserName":"chrome","browserVersion":"149.0.7827.115","chrome":{"chromedriverVersion":"149.0.7827.155 (07b52360cc15066f987c910ab34dfbcd4a8778d2-refs/branch-heads/7827@{#3246})","userDataDir":"C:\\Users\\carop\\AppData\\Local\\Temp\\scoped_dir3244_1469093033"},"fedcm:accounts":true,"goog:chromeOptions":{"debuggerAddress":"localhost:52805"},"goog:processID":12528,"networkConnectionEnabled":false,"pageLoadStrategy":"normal","platformName":"windows","proxy":{},"setWindowRect":true,"strictFileInteractability":false,"timeouts":{"implicit":0,"pageLoad":300000,"script":30000},"unhandledPromptBehavior":"dismiss and notify","webauthn:extension:credBlob":true,"webauthn:extension:largeBlob":true,"webauthn:extension:minPinLength":true,"webauthn:extension:prf":true,"webauthn:virtualAuthenticators":true},"sessionId":"05aa7d8badde4ea511970f4d2a7a51fe"}} | headers=HTTPHeaderDict({'Content-Length': '906', 'Content-Type': 'application/json; charset=utf-8', 'cache-control': 'no-cache'})
DEBUG    selenium.webdriver.remote.remote_connection:remote_connection.py:468 Finished Request
INFO     QA_Automation:test_saucedemo.py:23 ✓ WebDriver Chrome inicializado correctamente
INFO     QA_Automation:conftest.py:102 
============================================================
INFO     QA_Automation:conftest.py:103 ▶ Iniciando: test_01_login_exitoso
INFO     QA_Automation:conftest.py:104 ============================================================
INFO     QA_Automation:test_saucedemo.py:44 
============================================================
INFO     QA_Automation:test_saucedemo.py:45 [TEST 01] Iniciando prueba de LOGIN EXITOSO
INFO     QA_Automation:test_saucedemo.py:46 ============================================================
INFO     QA_Automation:test_saucedemo.py:49 🌐 Navegando a: https://www.saucedemo.com/
DEBUG    selenium.webdriver.remote.remote_connection:remote_connection.py:406 POST http://localhost:52802/session/05aa7d8badde4ea511970f4d2a7a51fe/url {'url': 'https://www.saucedemo.com/'}
DEBUG    urllib3.connectionpool:connectionpool.py:544 http://localhost:52802 "POST /session/05aa7d8badde4ea511970f4d2a7a51fe/url HTTP/1.1" 200 0
DEBUG    selenium.webdriver.remote.remote_connection:remote_connection.py:439 Remote response: status=200 | data={"value":null} | headers=HTTPHeaderDict({'Content-Length': '14', 'Content-Type': 'application/json; charset=utf-8', 'cache-control': 'no-cache'})
DEBUG    selenium.webdriver.remote.remote_connection:remote_connection.py:468 Finished Request
DEBUG    QA_Automation:test_saucedemo.py:51 ✓ Página de login cargada
INFO     QA_Automation:test_saucedemo.py:54 📝 Ingresando credenciales...
DEBUG    QA_Automation:helpers.py:82 Esperando elemento con locator: ('id', 'user-name')
DEBUG    selenium.webdriver.remote.remote_connection:remote_connection.py:406 POST http://localhost:52802/session/05aa7d8badde4ea511970f4d2a7a51fe/element {'using': 'css selector', 'value': '[id="user-name"]'}
DEBUG    urllib3.connectionpool:connectionpool.py:544 http://localhost:52802 "POST /session/05aa7d8badde4ea511970f4d2a7a51fe/element HTTP/1.1" 200 0
DEBUG    selenium.webdriver.remote.remote_connection:remote_connection.py:439 Remote response: status=200 | data={"value":{"element-6066-11e4-a52e-4f735466cecf":"f.D2E1742B05601C0343288E66F2F0E5EB.d.0DF479CC9872B7928FD358323B6DEBD8.e.2"}} | headers=HTTPHeaderDict({'Content-Length': '125', 'Content-Type': 'application/json; charset=utf-8', 'cache-control': 'no-cache'})
DEBUG    selenium.webdriver.remote.remote_connection:remote_connection.py:468 Finished Request
DEBUG    selenium.webdriver.remote.remote_connection:remote_connection.py:406 POST http://localhost:52802/session/05aa7d8badde4ea511970f4d2a7a51fe/execute/sync {'script': '/* isDisplayed */return ((function () {\n    var tagNameDescriptor = Object.getOwnPropertyDescriptor(...', 'args': [{'element-6066-11e4-a52e-4f735466cecf': 'f.D2E1742B05601C0343288E66F2F0E5EB.d.0DF479CC9872B7928FD358323B6DEBD8.e.2'}]}
DEBUG    urllib3.connectionpool:connectionpool.py:544 http://localhost:52802 "POST /session/05aa7d8badde4ea511970f4d2a7a51fe/execute/sync HTTP/1.1" 200 0
DEBUG    selenium.webdriver.remote.remote_connection:remote_connection.py:439 Remote response: status=200 | data={"value":true} | headers=HTTPHeaderDict({'Content-Length': '14', 'Content-Type': 'application/json; charset=utf-8', 'cache-control': 'no-cache'})
DEBUG    selenium.webdriver.remote.remote_connection:remote_connection.py:468 Finished Request
INFO     QA_Automation:helpers.py:84 ✓ Elemento encontrado y visible: ('id', 'user-name')
DEBUG    selenium.webdriver.remote.remote_connection:remote_connection.py:406 POST http://localhost:52802/session/05aa7d8badde4ea511970f4d2a7a51fe/element/f.D2E1742B05601C0343288E66F2F0E5EB.d.0DF479CC9872B7928FD358323B6DEBD8.e.2/value {'text': 'standard_user', 'value': ['s', 't', 'a', 'n', 'd', 'a', 'r', 'd', '_', 'u', 's', 'e', 'r']}
DEBUG    urllib3.connectionpool:connectionpool.py:544 http://localhost:52802 "POST /session/05aa7d8badde4ea511970f4d2a7a51fe/element/f.D2E1742B05601C0343288E66F2F0E5EB.d.0DF479CC9872B7928FD358323B6DEBD8.e.2/value HTTP/1.1" 200 0
DEBUG    selenium.webdriver.remote.remote_connection:remote_connection.py:439 Remote response: status=200 | data={"value":null} | headers=HTTPHeaderDict({'Content-Length': '14', 'Content-Type': 'application/json; charset=utf-8', 'cache-control': 'no-cache'})
DEBUG    selenium.webdriver.remote.remote_connection:remote_connection.py:468 Finished Request
DEBUG    QA_Automation:test_saucedemo.py:56 ✓ Usuario ingresado: standard_user
DEBUG    QA_Automation:helpers.py:82 Esperando elemento con locator: ('id', 'password')
DEBUG    selenium.webdriver.remote.remote_connection:remote_connection.py:406 POST http://localhost:52802/session/05aa7d8badde4ea511970f4d2a7a51fe/element {'using': 'css selector', 'value': '[id="password"]'}
DEBUG    urllib3.connectionpool:connectionpool.py:544 http://localhost:52802 "POST /session/05aa7d8badde4ea511970f4d2a7a51fe/element HTTP/1.1" 200 0
DEBUG    selenium.webdriver.remote.remote_connection:remote_connection.py:439 Remote response: status=200 | data={"value":{"element-6066-11e4-a52e-4f735466cecf":"f.D2E1742B05601C0343288E66F2F0E5EB.d.0DF479CC9872B7928FD358323B6DEBD8.e.3"}} | headers=HTTPHeaderDict({'Content-Length': '125', 'Content-Type': 'application/json; charset=utf-8', 'cache-control': 'no-cache'})
DEBUG    selenium.webdriver.remote.remote_connection:remote_connection.py:468 Finished Request
DEBUG    selenium.webdriver.remote.remote_connection:remote_connection.py:406 POST http://localhost:52802/session/05aa7d8badde4ea511970f4d2a7a51fe/execute/sync {'script': '/* isDisplayed */return ((function () {\n    var tagNameDescriptor = Object.getOwnPropertyDescriptor(...', 'args': [{'element-6066-11e4-a52e-4f735466cecf': 'f.D2E1742B05601C0343288E66F2F0E5EB.d.0DF479CC9872B7928FD358323B6DEBD8.e.3'}]}
DEBUG    urllib3.connectionpool:connectionpool.py:544 http://localhost:52802 "POST /session/05aa7d8badde4ea511970f4d2a7a51fe/execute/sync HTTP/1.1" 200 0
DEBUG    selenium.webdriver.remote.remote_connection:remote_connection.py:439 Remote response: status=200 | data={"value":true} | headers=HTTPHeaderDict({'Content-Length': '14', 'Content-Type': 'application/json; charset=utf-8', 'cache-control': 'no-cache'})
DEBUG    selenium.webdriver.remote.remote_connection:remote_connection.py:468 Finished Request
INFO     QA_Automation:helpers.py:84 ✓ Elemento encontrado y visible: ('id', 'password')
DEBUG    selenium.webdriver.remote.remote_connection:remote_connection.py:406 POST http://localhost:52802/session/05aa7d8badde4ea511970f4d2a7a51fe/element/f.D2E1742B05601C0343288E66F2F0E5EB.d.0DF479CC9872B7928FD358323B6DEBD8.e.3/value {'text': 'secret_sauce', 'value': ['s', 'e', 'c', 'r', 'e', 't', '_', 's', 'a', 'u', 'c', 'e']}
DEBUG    urllib3.connectionpool:connectionpool.py:544 http://localhost:52802 "POST /session/05aa7d8badde4ea511970f4d2a7a51fe/element/f.D2E1742B05601C0343288E66F2F0E5EB.d.0DF479CC9872B7928FD358323B6DEBD8.e.3/value HTTP/1.1" 200 0
DEBUG    selenium.webdriver.remote.remote_connection:remote_connection.py:439 Remote response: status=200 | data={"value":null} | headers=HTTPHeaderDict({'Content-Length': '14', 'Content-Type': 'application/json; charset=utf-8', 'cache-control': 'no-cache'})
DEBUG    selenium.webdriver.remote.remote_connection:remote_connection.py:468 Finished Request
DEBUG    QA_Automation:test_saucedemo.py:58 ✓ Contraseña ingresada
DEBUG    QA_Automation:helpers.py:82 Esperando elemento con locator: ('id', 'login-button')
DEBUG    selenium.webdriver.remote.remote_connection:remote_connection.py:406 POST http://localhost:52802/session/05aa7d8badde4ea511970f4d2a7a51fe/element {'using': 'css selector', 'value': '[id="login-button"]'}
DEBUG    urllib3.connectionpool:connectionpool.py:544 http://localhost:52802 "POST /session/05aa7d8badde4ea511970f4d2a7a51fe/element HTTP/1.1" 200 0
DEBUG    selenium.webdriver.remote.remote_connection:remote_connection.py:439 Remote response: status=200 | data={"value":{"element-6066-11e4-a52e-4f735466cecf":"f.D2E1742B05601C0343288E66F2F0E5EB.d.0DF479CC9872B7928FD358323B6DEBD8.e.4"}} | headers=HTTPHeaderDict({'Content-Length': '125', 'Content-Type': 'application/json; charset=utf-8', 'cache-control': 'no-cache'})
DEBUG    selenium.webdriver.remote.remote_connection:remote_connection.py:468 Finished Request
DEBUG    selenium.webdriver.remote.remote_connection:remote_connection.py:406 POST http://localhost:52802/session/05aa7d8badde4ea511970f4d2a7a51fe/execute/sync {'script': '/* isDisplayed */return ((function () {\n    var tagNameDescriptor = Object.getOwnPropertyDescriptor(...', 'args': [{'element-6066-11e4-a52e-4f735466cecf': 'f.D2E1742B05601C0343288E66F2F0E5EB.d.0DF479CC9872B7928FD358323B6DEBD8.e.4'}]}
DEBUG    urllib3.connectionpool:connectionpool.py:544 http://localhost:52802 "POST /session/05aa7d8badde4ea511970f4d2a7a51fe/execute/sync HTTP/1.1" 200 0
DEBUG    selenium.webdriver.remote.remote_connection:remote_connection.py:439 Remote response: status=200 | data={"value":true} | headers=HTTPHeaderDict({'Content-Length': '14', 'Content-Type': 'application/json; charset=utf-8', 'cache-control': 'no-cache'})
DEBUG    selenium.webdriver.remote.remote_connection:remote_connection.py:468 Finished Request
INFO     QA_Automation:helpers.py:84 ✓ Elemento encontrado y visible: ('id', 'login-button')
DEBUG    selenium.webdriver.remote.remote_connection:remote_connection.py:406 POST http://localhost:52802/session/05aa7d8badde4ea511970f4d2a7a51fe/element/f.D2E1742B05601C0343288E66F2F0E5EB.d.0DF479CC9872B7928FD358323B6DEBD8.e.4/click {}
DEBUG    urllib3.connectionpool:connectionpool.py:544 http://localhost:52802 "POST /session/05aa7d8badde4ea511970f4d2a7a51fe/element/f.D2E1742B05601C0343288E66F2F0E5EB.d.0DF479CC9872B7928FD358323B6DEBD8.e.4/click HTTP/1.1" 200 0
DEBUG    selenium.webdriver.remote.remote_connection:remote_connection.py:439 Remote response: status=200 | data={"value":null} | headers=HTTPHeaderDict({'Content-Length': '14', 'Content-Type': 'application/json; charset=utf-8', 'cache-control': 'no-cache'})
DEBUG    selenium.webdriver.remote.remote_connection:remote_connection.py:468 Finished Request
INFO     QA_Automation:test_saucedemo.py:60 🔐 Botón de login clickeado
INFO     QA_Automation:test_saucedemo.py:63 ✔ Validando login exitoso...
DEBUG    selenium.webdriver.remote.remote_connection:remote_connection.py:406 GET http://localhost:52802/session/05aa7d8badde4ea511970f4d2a7a51fe/url {}
DEBUG    urllib3.connectionpool:connectionpool.py:544 http://localhost:52802 "GET /session/05aa7d8badde4ea511970f4d2a7a51fe/url HTTP/1.1" 200 0
DEBUG    selenium.webdriver.remote.remote_connection:remote_connection.py:439 Remote response: status=200 | data={"value":"https://www.saucedemo.com/inventory.html"} | headers=HTTPHeaderDict({'Content-Length': '52', 'Content-Type': 'application/json; charset=utf-8', 'cache-control': 'no-cache'})
DEBUG    selenium.webdriver.remote.remote_connection:remote_connection.py:468 Finished Request
DEBUG    selenium.webdriver.remote.remote_connection:remote_connection.py:406 GET http://localhost:52802/session/05aa7d8badde4ea511970f4d2a7a51fe/url {}
DEBUG    urllib3.connectionpool:connectionpool.py:544 http://localhost:52802 "GET /session/05aa7d8badde4ea511970f4d2a7a51fe/url HTTP/1.1" 200 0
DEBUG    selenium.webdriver.remote.remote_connection:remote_connection.py:439 Remote response: status=200 | data={"value":"https://www.saucedemo.com/inventory.html"} | headers=HTTPHeaderDict({'Content-Length': '52', 'Content-Type': 'application/json; charset=utf-8', 'cache-control': 'no-cache'})
DEBUG    selenium.webdriver.remote.remote_connection:remote_connection.py:468 Finished Request
DEBUG    QA_Automation:test_saucedemo.py:65 ✓ URL correcta: https://www.saucedemo.com/inventory.html
DEBUG    QA_Automation:helpers.py:82 Esperando elemento con locator: ('class name', 'app_logo')
DEBUG    selenium.webdriver.remote.remote_connection:remote_connection.py:406 POST http://localhost:52802/session/05aa7d8badde4ea511970f4d2a7a51fe/element {'using': 'css selector', 'value': '.app_logo'}
DEBUG    urllib3.connectionpool:connectionpool.py:544 http://localhost:52802 "POST /session/05aa7d8badde4ea511970f4d2a7a51fe/element HTTP/1.1" 200 0
DEBUG    selenium.webdriver.remote.remote_connection:remote_connection.py:439 Remote response: status=200 | data={"value":{"element-6066-11e4-a52e-4f735466cecf":"f.D2E1742B05601C0343288E66F2F0E5EB.d.0DF479CC9872B7928FD358323B6DEBD8.e.32"}} | headers=HTTPHeaderDict({'Content-Length': '126', 'Content-Type': 'application/json; charset=utf-8', 'cache-control': 'no-cache'})
DEBUG    selenium.webdriver.remote.remote_connection:remote_connection.py:468 Finished Request
DEBUG    selenium.webdriver.remote.remote_connection:remote_connection.py:406 POST http://localhost:52802/session/05aa7d8badde4ea511970f4d2a7a51fe/execute/sync {'script': '/* isDisplayed */return ((function () {\n    var tagNameDescriptor = Object.getOwnPropertyDescriptor(...', 'args': [{'element-6066-11e4-a52e-4f735466cecf': 'f.D2E1742B05601C0343288E66F2F0E5EB.d.0DF479CC9872B7928FD358323B6DEBD8.e.32'}]}
DEBUG    urllib3.connectionpool:connectionpool.py:544 http://localhost:52802 "POST /session/05aa7d8badde4ea511970f4d2a7a51fe/execute/sync HTTP/1.1" 200 0
DEBUG    selenium.webdriver.remote.remote_connection:remote_connection.py:439 Remote response: status=200 | data={"value":true} | headers=HTTPHeaderDict({'Content-Length': '14', 'Content-Type': 'application/json; charset=utf-8', 'cache-control': 'no-cache'})
DEBUG    selenium.webdriver.remote.remote_connection:remote_connection.py:468 Finished Request
INFO     QA_Automation:helpers.py:84 ✓ Elemento encontrado y visible: ('class name', 'app_logo')
DEBUG    selenium.webdriver.remote.remote_connection:remote_connection.py:406 GET http://localhost:52802/session/05aa7d8badde4ea511970f4d2a7a51fe/element/f.D2E1742B05601C0343288E66F2F0E5EB.d.0DF479CC9872B7928FD358323B6DEBD8.e.32/text {}
DEBUG    urllib3.connectionpool:connectionpool.py:544 http://localhost:52802 "GET /session/05aa7d8badde4ea511970f4d2a7a51fe/element/f.D2E1742B05601C0343288E66F2F0E5EB.d.0DF479CC9872B7928FD358323B6DEBD8.e.32/text HTTP/1.1" 200 0
DEBUG    selenium.webdriver.remote.remote_connection:remote_connection.py:439 Remote response: status=200 | data={"value":"Swag Labs"} | headers=HTTPHeaderDict({'Content-Length': '21', 'Content-Type': 'application/json; charset=utf-8', 'cache-control': 'no-cache'})
DEBUG    selenium.webdriver.remote.remote_connection:remote_connection.py:468 Finished Request
DEBUG    QA_Automation:test_saucedemo.py:69 ✓ Logo verificado: Swag Labs
DEBUG    QA_Automation:helpers.py:82 Esperando elemento con locator: ('class name', 'title')
DEBUG    selenium.webdriver.remote.remote_connection:remote_connection.py:406 POST http://localhost:52802/session/05aa7d8badde4ea511970f4d2a7a51fe/element {'using': 'css selector', 'value': '.title'}
DEBUG    urllib3.connectionpool:connectionpool.py:544 http://localhost:52802 "POST /session/05aa7d8badde4ea511970f4d2a7a51fe/element HTTP/1.1" 200 0
DEBUG    selenium.webdriver.remote.remote_connection:remote_connection.py:439 Remote response: status=200 | data={"value":{"element-6066-11e4-a52e-4f735466cecf":"f.D2E1742B05601C0343288E66F2F0E5EB.d.0DF479CC9872B7928FD358323B6DEBD8.e.33"}} | headers=HTTPHeaderDict({'Content-Length': '126', 'Content-Type': 'application/json; charset=utf-8', 'cache-control': 'no-cache'})
DEBUG    selenium.webdriver.remote.remote_connection:remote_connection.py:468 Finished Request
DEBUG    selenium.webdriver.remote.remote_connection:remote_connection.py:406 POST http://localhost:52802/session/05aa7d8badde4ea511970f4d2a7a51fe/execute/sync {'script': '/* isDisplayed */return ((function () {\n    var tagNameDescriptor = Object.getOwnPropertyDescriptor(...', 'args': [{'element-6066-11e4-a52e-4f735466cecf': 'f.D2E1742B05601C0343288E66F2F0E5EB.d.0DF479CC9872B7928FD358323B6DEBD8.e.33'}]}
DEBUG    urllib3.connectionpool:connectionpool.py:544 http://localhost:52802 "POST /session/05aa7d8badde4ea511970f4d2a7a51fe/execute/sync HTTP/1.1" 200 0
DEBUG    selenium.webdriver.remote.remote_connection:remote_connection.py:439 Remote response: status=200 | data={"value":true} | headers=HTTPHeaderDict({'Content-Length': '14', 'Content-Type': 'application/json; charset=utf-8', 'cache-control': 'no-cache'})
DEBUG    selenium.webdriver.remote.remote_connection:remote_connection.py:468 Finished Request
INFO     QA_Automation:helpers.py:84 ✓ Elemento encontrado y visible: ('class name', 'title')
DEBUG    selenium.webdriver.remote.remote_connection:remote_connection.py:406 GET http://localhost:52802/session/05aa7d8badde4ea511970f4d2a7a51fe/element/f.D2E1742B05601C0343288E66F2F0E5EB.d.0DF479CC9872B7928FD358323B6DEBD8.e.33/text {}
DEBUG    urllib3.connectionpool:connectionpool.py:544 http://localhost:52802 "GET /session/05aa7d8badde4ea511970f4d2a7a51fe/element/f.D2E1742B05601C0343288E66F2F0E5EB.d.0DF479CC9872B7928FD358323B6DEBD8.e.33/text HTTP/1.1" 200 0
DEBUG    selenium.webdriver.remote.remote_connection:remote_connection.py:439 Remote response: status=200 | data={"value":"Products"} | headers=HTTPHeaderDict({'Content-Length': '20', 'Content-Type': 'application/json; charset=utf-8', 'cache-control': 'no-cache'})
DEBUG    selenium.webdriver.remote.remote_connection:remote_connection.py:468 Finished Request
DEBUG    QA_Automation:test_saucedemo.py:73 ✓ Título verificado: Products
INFO     QA_Automation:test_saucedemo.py:74 ✅ [TEST 01] LOGIN EXITOSO - PASÓ
INFO     QA_Automation:conftest.py:57 ✅ PASÓ: test_01_login_exitoso
DEBUG    QA_Automation:conftest.py:47 ⏹ Finalizando test: test_01_login_exitoso
INFO     QA_Automation:conftest.py:108 ⏹ Finalizado: test_01_login_exitoso
INFO     QA_Automation:conftest.py:109 ============================================================

DEBUG    QA_Automation:conftest.py:43 ▶ Configurando test: test_02_verificacion_catalogo
INFO     QA_Automation:conftest.py:102 
============================================================
INFO     QA_Automation:conftest.py:103 ▶ Iniciando: test_02_verificacion_catalogo
INFO     QA_Automation:conftest.py:104 ============================================================
INFO     QA_Automation:test_saucedemo.py:83 
============================================================
INFO     QA_Automation:test_saucedemo.py:84 [TEST 02] Iniciando prueba de VERIFICACIÓN DE CATÁLOGO
INFO     QA_Automation:test_saucedemo.py:85 ============================================================
INFO     QA_Automation:test_saucedemo.py:88 🔍 Verificando componentes de interfaz...
DEBUG    QA_Automation:helpers.py:82 Esperando elemento con locator: ('id', 'react-burger-menu-btn')
DEBUG    selenium.webdriver.remote.remote_connection:remote_connection.py:406 POST http://localhost:52802/session/05aa7d8badde4ea511970f4d2a7a51fe/element {'using': 'css selector', 'value': '[id="react-burger-menu-btn"]'}
DEBUG    urllib3.connectionpool:connectionpool.py:544 http://localhost:52802 "POST /session/05aa7d8badde4ea511970f4d2a7a51fe/element HTTP/1.1" 200 0
DEBUG    selenium.webdriver.remote.remote_connection:remote_connection.py:439 Remote response: status=200 | data={"value":{"element-6066-11e4-a52e-4f735466cecf":"f.D2E1742B05601C0343288E66F2F0E5EB.d.0DF479CC9872B7928FD358323B6DEBD8.e.34"}} | headers=HTTPHeaderDict({'Content-Length': '126', 'Content-Type': 'application/json; charset=utf-8', 'cache-control': 'no-cache'})
DEBUG    selenium.webdriver.remote.remote_connection:remote_connection.py:468 Finished Request
DEBUG    selenium.webdriver.remote.remote_connection:remote_connection.py:406 POST http://localhost:52802/session/05aa7d8badde4ea511970f4d2a7a51fe/execute/sync {'script': '/* isDisplayed */return ((function () {\n    var tagNameDescriptor = Object.getOwnPropertyDescriptor(...', 'args': [{'element-6066-11e4-a52e-4f735466cecf': 'f.D2E1742B05601C0343288E66F2F0E5EB.d.0DF479CC9872B7928FD358323B6DEBD8.e.34'}]}
DEBUG    urllib3.connectionpool:connectionpool.py:544 http://localhost:52802 "POST /session/05aa7d8badde4ea511970f4d2a7a51fe/execute/sync HTTP/1.1" 200 0
DEBUG    selenium.webdriver.remote.remote_connection:remote_connection.py:439 Remote response: status=200 | data={"value":true} | headers=HTTPHeaderDict({'Content-Length': '14', 'Content-Type': 'application/json; charset=utf-8', 'cache-control': 'no-cache'})
DEBUG    selenium.webdriver.remote.remote_connection:remote_connection.py:468 Finished Request
INFO     QA_Automation:helpers.py:84 ✓ Elemento encontrado y visible: ('id', 'react-burger-menu-btn')
DEBUG    selenium.webdriver.remote.remote_connection:remote_connection.py:406 POST http://localhost:52802/session/05aa7d8badde4ea511970f4d2a7a51fe/execute/sync {'script': '/* isDisplayed */return ((function () {\n    var tagNameDescriptor = Object.getOwnPropertyDescriptor(...', 'args': [{'element-6066-11e4-a52e-4f735466cecf': 'f.D2E1742B05601C0343288E66F2F0E5EB.d.0DF479CC9872B7928FD358323B6DEBD8.e.34'}]}
DEBUG    urllib3.connectionpool:connectionpool.py:544 http://localhost:52802 "POST /session/05aa7d8badde4ea511970f4d2a7a51fe/execute/sync HTTP/1.1" 200 0
DEBUG    selenium.webdriver.remote.remote_connection:remote_connection.py:439 Remote response: status=200 | data={"value":true} | headers=HTTPHeaderDict({'Content-Length': '14', 'Content-Type': 'application/json; charset=utf-8', 'cache-control': 'no-cache'})
DEBUG    selenium.webdriver.remote.remote_connection:remote_connection.py:468 Finished Request
DEBUG    QA_Automation:test_saucedemo.py:90 ✓ Menú lateral visible
DEBUG    QA_Automation:helpers.py:82 Esperando elemento con locator: ('class name', 'product_sort_container')
DEBUG    selenium.webdriver.remote.remote_connection:remote_connection.py:406 POST http://localhost:52802/session/05aa7d8badde4ea511970f4d2a7a51fe/element {'using': 'css selector', 'value': '.product_sort_container'}
DEBUG    urllib3.connectionpool:connectionpool.py:544 http://localhost:52802 "POST /session/05aa7d8badde4ea511970f4d2a7a51fe/element HTTP/1.1" 200 0
DEBUG    selenium.webdriver.remote.remote_connection:remote_connection.py:439 Remote response: status=200 | data={"value":{"element-6066-11e4-a52e-4f735466cecf":"f.D2E1742B05601C0343288E66F2F0E5EB.d.0DF479CC9872B7928FD358323B6DEBD8.e.12"}} | headers=HTTPHeaderDict({'Content-Length': '126', 'Content-Type': 'application/json; charset=utf-8', 'cache-control': 'no-cache'})
DEBUG    selenium.webdriver.remote.remote_connection:remote_connection.py:468 Finished Request
DEBUG    selenium.webdriver.remote.remote_connection:remote_connection.py:406 POST http://localhost:52802/session/05aa7d8badde4ea511970f4d2a7a51fe/execute/sync {'script': '/* isDisplayed */return ((function () {\n    var tagNameDescriptor = Object.getOwnPropertyDescriptor(...', 'args': [{'element-6066-11e4-a52e-4f735466cecf': 'f.D2E1742B05601C0343288E66F2F0E5EB.d.0DF479CC9872B7928FD358323B6DEBD8.e.12'}]}
DEBUG    urllib3.connectionpool:connectionpool.py:544 http://localhost:52802 "POST /session/05aa7d8badde4ea511970f4d2a7a51fe/execute/sync HTTP/1.1" 200 0
DEBUG    selenium.webdriver.remote.remote_connection:remote_connection.py:439 Remote response: status=200 | data={"value":true} | headers=HTTPHeaderDict({'Content-Length': '14', 'Content-Type': 'application/json; charset=utf-8', 'cache-control': 'no-cache'})
DEBUG    selenium.webdriver.remote.remote_connection:remote_connection.py:468 Finished Request
INFO     QA_Automation:helpers.py:84 ✓ Elemento encontrado y visible: ('class name', 'product_sort_container')
DEBUG    selenium.webdriver.remote.remote_connection:remote_connection.py:406 POST http://localhost:52802/session/05aa7d8badde4ea511970f4d2a7a51fe/execute/sync {'script': '/* isDisplayed */return ((function () {\n    var tagNameDescriptor = Object.getOwnPropertyDescriptor(...', 'args': [{'element-6066-11e4-a52e-4f735466cecf': 'f.D2E1742B05601C0343288E66F2F0E5EB.d.0DF479CC9872B7928FD358323B6DEBD8.e.12'}]}
DEBUG    urllib3.connectionpool:connectionpool.py:544 http://localhost:52802 "POST /session/05aa7d8badde4ea511970f4d2a7a51fe/execute/sync HTTP/1.1" 200 0
DEBUG    selenium.webdriver.remote.remote_connection:remote_connection.py:439 Remote response: status=200 | data={"value":true} | headers=HTTPHeaderDict({'Content-Length': '14', 'Content-Type': 'application/json; charset=utf-8', 'cache-control': 'no-cache'})
DEBUG    selenium.webdriver.remote.remote_connection:remote_connection.py:468 Finished Request
DEBUG    QA_Automation:test_saucedemo.py:92 ✓ Filtro de productos visible
INFO     QA_Automation:test_saucedemo.py:95 📦 Buscando productos en el catálogo...
DEBUG    QA_Automation:helpers.py:93 Esperando lista de elementos con locator: ('class name', 'inventory_item')
DEBUG    selenium.webdriver.remote.remote_connection:remote_connection.py:406 POST http://localhost:52802/session/05aa7d8badde4ea511970f4d2a7a51fe/elements {'using': 'css selector', 'value': '.inventory_item'}
DEBUG    urllib3.connectionpool:connectionpool.py:544 http://localhost:52802 "POST /session/05aa7d8badde4ea511970f4d2a7a51fe/elements HTTP/1.1" 200 0
DEBUG    selenium.webdriver.remote.remote_connection:remote_connection.py:439 Remote response: status=200 | data={"value":[{"element-6066-11e4-a52e-4f735466cecf":"f.D2E1742B05601C0343288E66F2F0E5EB.d.0DF479CC9872B7928FD358323B6DEBD8.e.36"},{"element-6066-11e4-a52e-4f735466cecf":"f.D2E1742B05601C0343288E66F2F0E5EB.d.0DF479CC9872B7928FD358323B6DEBD8.e.37"},{"element-6066-11e4-a52e-4f735466cecf":"f.D2E1742B05601C0343288E66F2F0E5EB.d.0DF479CC9872B7928FD358323B6DEBD8.e.38"},{"element-6066-11e4-a52e-4f735466cecf":"f.D2E1742B05601C0343288E66F2F0E5EB.d.0DF479CC9872B7928FD358323B6DEBD8.e.39"},{"element-6066-11e4-a52e-4f735466cecf":"f.D2E1742B05601C0343288E66F2F0E5EB.d.0DF479CC9872B7928FD358323B6DEBD8.e.40"},{"element-6066-11e4-a52e-4f735466cecf":"f.D2E1742B05601C0343288E66F2F0E5EB.d.0DF479CC9872B7928FD358323B6DEBD8.e.41"}]} | headers=HTTPHeaderDict({'Content-Length': '713', 'Content-Type': 'application/json; charset=utf-8', 'cache-control': 'no-cache'})
DEBUG    selenium.webdriver.remote.remote_connection:remote_connection.py:468 Finished Request
INFO     QA_Automation:helpers.py:95 ✓ 6 elementos encontrados con locator: ('class name', 'inventory_item')
INFO     QA_Automation:test_saucedemo.py:98 ✓ 6 productos encontrados
INFO     QA_Automation:test_saucedemo.py:101 💰 Extrayendo información del primer producto...
DEBUG    QA_Automation:helpers.py:82 Esperando elemento con locator: ('xpath', "(//div[@class='inventory_item_name '])[1]")
DEBUG    selenium.webdriver.remote.remote_connection:remote_connection.py:406 POST http://localhost:52802/session/05aa7d8badde4ea511970f4d2a7a51fe/element {'using': 'xpath', 'value': "(//div[@class='inventory_item_name '])[1]"}
DEBUG    urllib3.connectionpool:connectionpool.py:544 http://localhost:52802 "POST /session/05aa7d8badde4ea511970f4d2a7a51fe/element HTTP/1.1" 200 0
DEBUG    selenium.webdriver.remote.remote_connection:remote_connection.py:439 Remote response: status=200 | data={"value":{"element-6066-11e4-a52e-4f735466cecf":"f.D2E1742B05601C0343288E66F2F0E5EB.d.0DF479CC9872B7928FD358323B6DEBD8.e.42"}} | headers=HTTPHeaderDict({'Content-Length': '126', 'Content-Type': 'application/json; charset=utf-8', 'cache-control': 'no-cache'})
DEBUG    selenium.webdriver.remote.remote_connection:remote_connection.py:468 Finished Request
DEBUG    selenium.webdriver.remote.remote_connection:remote_connection.py:406 POST http://localhost:52802/session/05aa7d8badde4ea511970f4d2a7a51fe/execute/sync {'script': '/* isDisplayed */return ((function () {\n    var tagNameDescriptor = Object.getOwnPropertyDescriptor(...', 'args': [{'element-6066-11e4-a52e-4f735466cecf': 'f.D2E1742B05601C0343288E66F2F0E5EB.d.0DF479CC9872B7928FD358323B6DEBD8.e.42'}]}
DEBUG    urllib3.connectionpool:connectionpool.py:544 http://localhost:52802 "POST /session/05aa7d8badde4ea511970f4d2a7a51fe/execute/sync HTTP/1.1" 200 0
DEBUG    selenium.webdriver.remote.remote_connection:remote_connection.py:439 Remote response: status=200 | data={"value":true} | headers=HTTPHeaderDict({'Content-Length': '14', 'Content-Type': 'application/json; charset=utf-8', 'cache-control': 'no-cache'})
DEBUG    selenium.webdriver.remote.remote_connection:remote_connection.py:468 Finished Request
INFO     QA_Automation:helpers.py:84 ✓ Elemento encontrado y visible: ('xpath', "(//div[@class='inventory_item_name '])[1]")
DEBUG    selenium.webdriver.remote.remote_connection:remote_connection.py:406 GET http://localhost:52802/session/05aa7d8badde4ea511970f4d2a7a51fe/element/f.D2E1742B05601C0343288E66F2F0E5EB.d.0DF479CC9872B7928FD358323B6DEBD8.e.42/text {}
DEBUG    urllib3.connectionpool:connectionpool.py:544 http://localhost:52802 "GET /session/05aa7d8badde4ea511970f4d2a7a51fe/element/f.D2E1742B05601C0343288E66F2F0E5EB.d.0DF479CC9872B7928FD358323B6DEBD8.e.42/text HTTP/1.1" 200 0
DEBUG    selenium.webdriver.remote.remote_connection:remote_connection.py:439 Remote response: status=200 | data={"value":"Sauce Labs Backpack"} | headers=HTTPHeaderDict({'Content-Length': '31', 'Content-Type': 'application/json; charset=utf-8', 'cache-control': 'no-cache'})
DEBUG    selenium.webdriver.remote.remote_connection:remote_connection.py:468 Finished Request
DEBUG    QA_Automation:helpers.py:82 Esperando elemento con locator: ('xpath', "(//div[@class='inventory_item_price'])[1]")
DEBUG    selenium.webdriver.remote.remote_connection:remote_connection.py:406 POST http://localhost:52802/session/05aa7d8badde4ea511970f4d2a7a51fe/element {'using': 'xpath', 'value': "(//div[@class='inventory_item_price'])[1]"}
DEBUG    urllib3.connectionpool:connectionpool.py:544 http://localhost:52802 "POST /session/05aa7d8badde4ea511970f4d2a7a51fe/element HTTP/1.1" 200 0
DEBUG    selenium.webdriver.remote.remote_connection:remote_connection.py:439 Remote response: status=200 | data={"value":{"element-6066-11e4-a52e-4f735466cecf":"f.D2E1742B05601C0343288E66F2F0E5EB.d.0DF479CC9872B7928FD358323B6DEBD8.e.43"}} | headers=HTTPHeaderDict({'Content-Length': '126', 'Content-Type': 'application/json; charset=utf-8', 'cache-control': 'no-cache'})
DEBUG    selenium.webdriver.remote.remote_connection:remote_connection.py:468 Finished Request
DEBUG    selenium.webdriver.remote.remote_connection:remote_connection.py:406 POST http://localhost:52802/session/05aa7d8badde4ea511970f4d2a7a51fe/execute/sync {'script': '/* isDisplayed */return ((function () {\n    var tagNameDescriptor = Object.getOwnPropertyDescriptor(...', 'args': [{'element-6066-11e4-a52e-4f735466cecf': 'f.D2E1742B05601C0343288E66F2F0E5EB.d.0DF479CC9872B7928FD358323B6DEBD8.e.43'}]}
DEBUG    urllib3.connectionpool:connectionpool.py:544 http://localhost:52802 "POST /session/05aa7d8badde4ea511970f4d2a7a51fe/execute/sync HTTP/1.1" 200 0
DEBUG    selenium.webdriver.remote.remote_connection:remote_connection.py:439 Remote response: status=200 | data={"value":true} | headers=HTTPHeaderDict({'Content-Length': '14', 'Content-Type': 'application/json; charset=utf-8', 'cache-control': 'no-cache'})
DEBUG    selenium.webdriver.remote.remote_connection:remote_connection.py:468 Finished Request
INFO     QA_Automation:helpers.py:84 ✓ Elemento encontrado y visible: ('xpath', "(//div[@class='inventory_item_price'])[1]")
DEBUG    selenium.webdriver.remote.remote_connection:remote_connection.py:406 GET http://localhost:52802/session/05aa7d8badde4ea511970f4d2a7a51fe/element/f.D2E1742B05601C0343288E66F2F0E5EB.d.0DF479CC9872B7928FD358323B6DEBD8.e.43/text {}
DEBUG    urllib3.connectionpool:connectionpool.py:544 http://localhost:52802 "GET /session/05aa7d8badde4ea511970f4d2a7a51fe/element/f.D2E1742B05601C0343288E66F2F0E5EB.d.0DF479CC9872B7928FD358323B6DEBD8.e.43/text HTTP/1.1" 200 0
DEBUG    selenium.webdriver.remote.remote_connection:remote_connection.py:439 Remote response: status=200 | data={"value":"$29.99"} | headers=HTTPHeaderDict({'Content-Length': '18', 'Content-Type': 'application/json; charset=utf-8', 'cache-control': 'no-cache'})
DEBUG    selenium.webdriver.remote.remote_connection:remote_connection.py:468 Finished Request
INFO     QA_Automation:test_saucedemo.py:108 📝 Primer Producto: Sauce Labs Backpack | Precio: $29.99
INFO     QA_Automation:test_saucedemo.py:111 ✅ [TEST 02] VERIFICACIÓN DE CATÁLOGO - PASÓ
INFO     QA_Automation:conftest.py:57 ✅ PASÓ: test_02_verificacion_catalogo
DEBUG    QA_Automation:conftest.py:47 ⏹ Finalizando test: test_02_verificacion_catalogo
INFO     QA_Automation:conftest.py:108 ⏹ Finalizado: test_02_verificacion_catalogo
INFO     QA_Automation:conftest.py:109 ============================================================

DEBUG    QA_Automation:conftest.py:43 ▶ Configurando test: test_03_interaccion_carrito
INFO     QA_Automation:conftest.py:102 
============================================================
INFO     QA_Automation:conftest.py:103 ▶ Iniciando: test_03_interaccion_carrito
INFO     QA_Automation:conftest.py:104 ============================================================
INFO     QA_Automation:test_saucedemo.py:120 
============================================================
INFO     QA_Automation:test_saucedemo.py:121 [TEST 03] Iniciando prueba de INTERACCIÓN CON CARRITO
INFO     QA_Automation:test_saucedemo.py:122 ============================================================
INFO     QA_Automation:test_saucedemo.py:125 🛒 Añadiendo primer producto al carrito...
DEBUG    QA_Automation:helpers.py:82 Esperando elemento con locator: ('xpath', "(//button[contains(@class, 'btn_inventory')])[1]")
DEBUG    selenium.webdriver.remote.remote_connection:remote_connection.py:406 POST http://localhost:52802/session/05aa7d8badde4ea511970f4d2a7a51fe/element {'using': 'xpath', 'value': "(//button[contains(@class, 'btn_inventory')])[1]"}
DEBUG    urllib3.connectionpool:connectionpool.py:544 http://localhost:52802 "POST /session/05aa7d8badde4ea511970f4d2a7a51fe/element HTTP/1.1" 200 0
DEBUG    selenium.webdriver.remote.remote_connection:remote_connection.py:439 Remote response: status=200 | data={"value":{"element-6066-11e4-a52e-4f735466cecf":"f.D2E1742B05601C0343288E66F2F0E5EB.d.0DF479CC9872B7928FD358323B6DEBD8.e.45"}} | headers=HTTPHeaderDict({'Content-Length': '126', 'Content-Type': 'application/json; charset=utf-8', 'cache-control': 'no-cache'})
DEBUG    selenium.webdriver.remote.remote_connection:remote_connection.py:468 Finished Request
DEBUG    selenium.webdriver.remote.remote_connection:remote_connection.py:406 POST http://localhost:52802/session/05aa7d8badde4ea511970f4d2a7a51fe/execute/sync {'script': '/* isDisplayed */return ((function () {\n    var tagNameDescriptor = Object.getOwnPropertyDescriptor(...', 'args': [{'element-6066-11e4-a52e-4f735466cecf': 'f.D2E1742B05601C0343288E66F2F0E5EB.d.0DF479CC9872B7928FD358323B6DEBD8.e.45'}]}
DEBUG    urllib3.connectionpool:connectionpool.py:544 http://localhost:52802 "POST /session/05aa7d8badde4ea511970f4d2a7a51fe/execute/sync HTTP/1.1" 200 0
DEBUG    selenium.webdriver.remote.remote_connection:remote_connection.py:439 Remote response: status=200 | data={"value":true} | headers=HTTPHeaderDict({'Content-Length': '14', 'Content-Type': 'application/json; charset=utf-8', 'cache-control': 'no-cache'})
DEBUG    selenium.webdriver.remote.remote_connection:remote_connection.py:468 Finished Request
INFO     QA_Automation:helpers.py:84 ✓ Elemento encontrado y visible: ('xpath', "(//button[contains(@class, 'btn_inventory')])[1]")
DEBUG    selenium.webdriver.remote.remote_connection:remote_connection.py:406 POST http://localhost:52802/session/05aa7d8badde4ea511970f4d2a7a51fe/element/f.D2E1742B05601C0343288E66F2F0E5EB.d.0DF479CC9872B7928FD358323B6DEBD8.e.45/click {}
DEBUG    urllib3.connectionpool:connectionpool.py:544 http://localhost:52802 "POST /session/05aa7d8badde4ea511970f4d2a7a51fe/element/f.D2E1742B05601C0343288E66F2F0E5EB.d.0DF479CC9872B7928FD358323B6DEBD8.e.45/click HTTP/1.1" 200 0
DEBUG    selenium.webdriver.remote.remote_connection:remote_connection.py:439 Remote response: status=200 | data={"value":null} | headers=HTTPHeaderDict({'Content-Length': '14', 'Content-Type': 'application/json; charset=utf-8', 'cache-control': 'no-cache'})
DEBUG    selenium.webdriver.remote.remote_connection:remote_connection.py:468 Finished Request
DEBUG    QA_Automation:test_saucedemo.py:127 ✓ Botón 'Add to Cart' clickeado
INFO     QA_Automation:test_saucedemo.py:130 📊 Verificando contador del carrito...
DEBUG    QA_Automation:helpers.py:82 Esperando elemento con locator: ('class name', 'shopping_cart_badge')
DEBUG    selenium.webdriver.remote.remote_connection:remote_connection.py:406 POST http://localhost:52802/session/05aa7d8badde4ea511970f4d2a7a51fe/element {'using': 'css selector', 'value': '.shopping_cart_badge'}
DEBUG    urllib3.connectionpool:connectionpool.py:544 http://localhost:52802 "POST /session/05aa7d8badde4ea511970f4d2a7a51fe/element HTTP/1.1" 404 0
DEBUG    selenium.webdriver.remote.remote_connection:remote_connection.py:439 Remote response: status=404 | data={"value":{"error":"no such element","message":"no such element: Unable to locate element: {\"method\":\"css selector\",\"selector\":\".shopping_cart_badge\"}\n  (Session info: chrome=149.0.7827.115)","stacktrace":"\tchromedriver!GetHandleVerifier [0x12da543+103f3]\n\tchromedriver!GetHandleVerifier [0x12da584+10434]\n\tchromedriver!(No symbol) [0x10da700]\n\tchromedriver!(No symbol) [0x1123bab]\n\tchromedriver!(No symbol) [0x1123dcb]\n\tchromedriver!(No symbol) [0x1165b32]\n\tchromedriver!(No symbol) [0x1146114]\n\tchromedriver!(No symbol) [0x116339a]\n\tchromedriver!(No symbol) [0x1145e66]\n\tchromedriver!(No symbol) [0x1119159]\n\tchromedriver!(No symbol) [0x1119f24]\n\tchromedriver!GetHandleVerifier [0x1564bba+29aa6a]\n\tchromedriver!GetHandleVerifier [0x1560119+295fc9]\n\tchromedriver!GetHandleVerifier [0x158103e+2b6eee]\n\tchromedriver!GetHandleVerifier [0x12f37f6+296a6]\n\tchromedriver!GetHandleVerifier [0x12fa91d+307cd]\n\tchromedriver!GetHandleVerifier [0x12e2d18+18bc8]\n\tchromedriver!GetHandleVerifier [0x12e2ec5+18d75]\n\tchromedriver!GetHandleVerifier [0x12cc05f+1f0f]\n\tKERNEL32!BaseThreadInitThunk [0x75e45d49+19]\n\tntdll!RtlInitializeExceptionChain [0x76eae12b+6b]\n\tntdll!RtlGetAppContainerNamedObjectPath [0x76eae0b1+231]\n"}} | headers=HTTPHeaderDict({'Content-Length': '1260', 'Content-Type': 'application/json; charset=utf-8', 'cache-control': 'no-cache'})
DEBUG    selenium.webdriver.remote.remote_connection:remote_connection.py:468 Finished Request
DEBUG    selenium.webdriver.remote.remote_connection:remote_connection.py:406 POST http://localhost:52802/session/05aa7d8badde4ea511970f4d2a7a51fe/element {'using': 'css selector', 'value': '.shopping_cart_badge'}
DEBUG    urllib3.connectionpool:connectionpool.py:544 http://localhost:52802 "POST /session/05aa7d8badde4ea511970f4d2a7a51fe/element HTTP/1.1" 404 0
DEBUG    selenium.webdriver.remote.remote_connection:remote_connection.py:439 Remote response: status=404 | data={"value":{"error":"no such element","message":"no such element: Unable to locate element: {\"method\":\"css selector\",\"selector\":\".shopping_cart_badge\"}\n  (Session info: chrome=149.0.7827.115)","stacktrace":"\tchromedriver!GetHandleVerifier [0x12da543+103f3]\n\tchromedriver!GetHandleVerifier [0x12da584+10434]\n\tchromedriver!(No symbol) [0x10da700]\n\tchromedriver!(No symbol) [0x1123bab]\n\tchromedriver!(No symbol) [0x1123dcb]\n\tchromedriver!(No symbol) [0x1165b32]\n\tchromedriver!(No symbol) [0x1146114]\n\tchromedriver!(No symbol) [0x116339a]\n\tchromedriver!(No symbol) [0x1145e66]\n\tchromedriver!(No symbol) [0x1119159]\n\tchromedriver!(No symbol) [0x1119f24]\n\tchromedriver!GetHandleVerifier [0x1564bba+29aa6a]\n\tchromedriver!GetHandleVerifier [0x1560119+295fc9]\n\tchromedriver!GetHandleVerifier [0x158103e+2b6eee]\n\tchromedriver!GetHandleVerifier [0x12f37f6+296a6]\n\tchromedriver!GetHandleVerifier [0x12fa91d+307cd]\n\tchromedriver!GetHandleVerifier [0x12e2d18+18bc8]\n\tchromedriver!GetHandleVerifier [0x12e2ec5+18d75]\n\tchromedriver!GetHandleVerifier [0x12cc05f+1f0f]\n\tKERNEL32!BaseThreadInitThunk [0x75e45d49+19]\n\tntdll!RtlInitializeExceptionChain [0x76eae12b+6b]\n\tntdll!RtlGetAppContainerNamedObjectPath [0x76eae0b1+231]\n"}} | headers=HTTPHeaderDict({'Content-Length': '1260', 'Content-Type': 'application/json; charset=utf-8', 'cache-control': 'no-cache'})
DEBUG    selenium.webdriver.remote.remote_connection:remote_connection.py:468 Finished Request
DEBUG    selenium.webdriver.remote.remote_connection:remote_connection.py:406 POST http://localhost:52802/session/05aa7d8badde4ea511970f4d2a7a51fe/element {'using': 'css selector', 'value': '.shopping_cart_badge'}
DEBUG    urllib3.connectionpool:connectionpool.py:544 http://localhost:52802 "POST /session/05aa7d8badde4ea511970f4d2a7a51fe/element HTTP/1.1" 404 0
DEBUG    selenium.webdriver.remote.remote_connection:remote_connection.py:439 Remote response: status=404 | data={"value":{"error":"no such element","message":"no such element: Unable to locate element: {\"method\":\"css selector\",\"selector\":\".shopping_cart_badge\"}\n  (Session info: chrome=149.0.7827.115)","stacktrace":"\tchromedriver!GetHandleVerifier [0x12da543+103f3]\n\tchromedriver!GetHandleVerifier [0x12da584+10434]\n\tchromedriver!(No symbol) [0x10da700]\n\tchromedriver!(No symbol) [0x1123bab]\n\tchromedriver!(No symbol) [0x1123dcb]\n\tchromedriver!(No symbol) [0x1165b32]\n\tchromedriver!(No symbol) [0x1146114]\n\tchromedriver!(No symbol) [0x116339a]\n\tchromedriver!(No symbol) [0x1145e66]\n\tchromedriver!(No symbol) [0x1119159]\n\tchromedriver!(No symbol) [0x1119f24]\n\tchromedriver!GetHandleVerifier [0x1564bba+29aa6a]\n\tchromedriver!GetHandleVerifier [0x1560119+295fc9]\n\tchromedriver!GetHandleVerifier [0x158103e+2b6eee]\n\tchromedriver!GetHandleVerifier [0x12f37f6+296a6]\n\tchromedriver!GetHandleVerifier [0x12fa91d+307cd]\n\tchromedriver!GetHandleVerifier [0x12e2d18+18bc8]\n\tchromedriver!GetHandleVerifier [0x12e2ec5+18d75]\n\tchromedriver!GetHandleVerifier [0x12cc05f+1f0f]\n\tKERNEL32!BaseThreadInitThunk [0x75e45d49+19]\n\tntdll!RtlInitializeExceptionChain [0x76eae12b+6b]\n\tntdll!RtlGetAppContainerNamedObjectPath [0x76eae0b1+231]\n"}} | headers=HTTPHeaderDict({'Content-Length': '1260', 'Content-Type': 'application/json; charset=utf-8', 'cache-control': 'no-cache'})
DEBUG    selenium.webdriver.remote.remote_connection:remote_connection.py:468 Finished Request
DEBUG    selenium.webdriver.remote.remote_connection:remote_connection.py:406 POST http://localhost:52802/session/05aa7d8badde4ea511970f4d2a7a51fe/element {'using': 'css selector', 'value': '.shopping_cart_badge'}
DEBUG    urllib3.connectionpool:connectionpool.py:544 http://localhost:52802 "POST /session/05aa7d8badde4ea511970f4d2a7a51fe/element HTTP/1.1" 404 0
DEBUG    selenium.webdriver.remote.remote_connection:remote_connection.py:439 Remote response: status=404 | data={"value":{"error":"no such element","message":"no such element: Unable to locate element: {\"method\":\"css selector\",\"selector\":\".shopping_cart_badge\"}\n  (Session info: chrome=149.0.7827.115)","stacktrace":"\tchromedriver!GetHandleVerifier [0x12da543+103f3]\n\tchromedriver!GetHandleVerifier [0x12da584+10434]\n\tchromedriver!(No symbol) [0x10da700]\n\tchromedriver!(No symbol) [0x1123bab]\n\tchromedriver!(No symbol) [0x1123dcb]\n\tchromedriver!(No symbol) [0x1165b32]\n\tchromedriver!(No symbol) [0x1146114]\n\tchromedriver!(No symbol) [0x116339a]\n\tchromedriver!(No symbol) [0x1145e66]\n\tchromedriver!(No symbol) [0x1119159]\n\tchromedriver!(No symbol) [0x1119f24]\n\tchromedriver!GetHandleVerifier [0x1564bba+29aa6a]\n\tchromedriver!GetHandleVerifier [0x1560119+295fc9]\n\tchromedriver!GetHandleVerifier [0x158103e+2b6eee]\n\tchromedriver!GetHandleVerifier [0x12f37f6+296a6]\n\tchromedriver!GetHandleVerifier [0x12fa91d+307cd]\n\tchromedriver!GetHandleVerifier [0x12e2d18+18bc8]\n\tchromedriver!GetHandleVerifier [0x12e2ec5+18d75]\n\tchromedriver!GetHandleVerifier [0x12cc05f+1f0f]\n\tKERNEL32!BaseThreadInitThunk [0x75e45d49+19]\n\tntdll!RtlInitializeExceptionChain [0x76eae12b+6b]\n\tntdll!RtlGetAppContainerNamedObjectPath [0x76eae0b1+231]\n"}} | headers=HTTPHeaderDict({'Content-Length': '1260', 'Content-Type': 'application/json; charset=utf-8', 'cache-control': 'no-cache'})
DEBUG    selenium.webdriver.remote.remote_connection:remote_connection.py:468 Finished Request
DEBUG    selenium.webdriver.remote.remote_connection:remote_connection.py:406 POST http://localhost:52802/session/05aa7d8badde4ea511970f4d2a7a51fe/element {'using': 'css selector', 'value': '.shopping_cart_badge'}
DEBUG    urllib3.connectionpool:connectionpool.py:544 http://localhost:52802 "POST /session/05aa7d8badde4ea511970f4d2a7a51fe/element HTTP/1.1" 404 0
DEBUG    selenium.webdriver.remote.remote_connection:remote_connection.py:439 Remote response: status=404 | data={"value":{"error":"no such element","message":"no such element: Unable to locate element: {\"method\":\"css selector\",\"selector\":\".shopping_cart_badge\"}\n  (Session info: chrome=149.0.7827.115)","stacktrace":"\tchromedriver!GetHandleVerifier [0x12da543+103f3]\n\tchromedriver!GetHandleVerifier [0x12da584+10434]\n\tchromedriver!(No symbol) [0x10da700]\n\tchromedriver!(No symbol) [0x1123bab]\n\tchromedriver!(No symbol) [0x1123dcb]\n\tchromedriver!(No symbol) [0x1165b32]\n\tchromedriver!(No symbol) [0x1146114]\n\tchromedriver!(No symbol) [0x116339a]\n\tchromedriver!(No symbol) [0x1145e66]\n\tchromedriver!(No symbol) [0x1119159]\n\tchromedriver!(No symbol) [0x1119f24]\n\tchromedriver!GetHandleVerifier [0x1564bba+29aa6a]\n\tchromedriver!GetHandleVerifier [0x1560119+295fc9]\n\tchromedriver!GetHandleVerifier [0x158103e+2b6eee]\n\tchromedriver!GetHandleVerifier [0x12f37f6+296a6]\n\tchromedriver!GetHandleVerifier [0x12fa91d+307cd]\n\tchromedriver!GetHandleVerifier [0x12e2d18+18bc8]\n\tchromedriver!GetHandleVerifier [0x12e2ec5+18d75]\n\tchromedriver!GetHandleVerifier [0x12cc05f+1f0f]\n\tKERNEL32!BaseThreadInitThunk [0x75e45d49+19]\n\tntdll!RtlInitializeExceptionChain [0x76eae12b+6b]\n\tntdll!RtlGetAppContainerNamedObjectPath [0x76eae0b1+231]\n"}} | headers=HTTPHeaderDict({'Content-Length': '1260', 'Content-Type': 'application/json; charset=utf-8', 'cache-control': 'no-cache'})
DEBUG    selenium.webdriver.remote.remote_connection:remote_connection.py:468 Finished Request
DEBUG    selenium.webdriver.remote.remote_connection:remote_connection.py:406 POST http://localhost:52802/session/05aa7d8badde4ea511970f4d2a7a51fe/element {'using': 'css selector', 'value': '.shopping_cart_badge'}
DEBUG    urllib3.connectionpool:connectionpool.py:544 http://localhost:52802 "POST /session/05aa7d8badde4ea511970f4d2a7a51fe/element HTTP/1.1" 404 0
DEBUG    selenium.webdriver.remote.remote_connection:remote_connection.py:439 Remote response: status=404 | data={"value":{"error":"no such element","message":"no such element: Unable to locate element: {\"method\":\"css selector\",\"selector\":\".shopping_cart_badge\"}\n  (Session info: chrome=149.0.7827.115)","stacktrace":"\tchromedriver!GetHandleVerifier [0x12da543+103f3]\n\tchromedriver!GetHandleVerifier [0x12da584+10434]\n\tchromedriver!(No symbol) [0x10da700]\n\tchromedriver!(No symbol) [0x1123bab]\n\tchromedriver!(No symbol) [0x1123dcb]\n\tchromedriver!(No symbol) [0x1165b32]\n\tchromedriver!(No symbol) [0x1146114]\n\tchromedriver!(No symbol) [0x116339a]\n\tchromedriver!(No symbol) [0x1145e66]\n\tchromedriver!(No symbol) [0x1119159]\n\tchromedriver!(No symbol) [0x1119f24]\n\tchromedriver!GetHandleVerifier [0x1564bba+29aa6a]\n\tchromedriver!GetHandleVerifier [0x1560119+295fc9]\n\tchromedriver!GetHandleVerifier [0x158103e+2b6eee]\n\tchromedriver!GetHandleVerifier [0x12f37f6+296a6]\n\tchromedriver!GetHandleVerifier [0x12fa91d+307cd]\n\tchromedriver!GetHandleVerifier [0x12e2d18+18bc8]\n\tchromedriver!GetHandleVerifier [0x12e2ec5+18d75]\n\tchromedriver!GetHandleVerifier [0x12cc05f+1f0f]\n\tKERNEL32!BaseThreadInitThunk [0x75e45d49+19]\n\tntdll!RtlInitializeExceptionChain [0x76eae12b+6b]\n\tntdll!RtlGetAppContainerNamedObjectPath [0x76eae0b1+231]\n"}} | headers=HTTPHeaderDict({'Content-Length': '1260', 'Content-Type': 'application/json; charset=utf-8', 'cache-control': 'no-cache'})
DEBUG    selenium.webdriver.remote.remote_connection:remote_connection.py:468 Finished Request
DEBUG    selenium.webdriver.remote.remote_connection:remote_connection.py:406 POST http://localhost:52802/session/05aa7d8badde4ea511970f4d2a7a51fe/element {'using': 'css selector', 'value': '.shopping_cart_badge'}
DEBUG    urllib3.connectionpool:connectionpool.py:544 http://localhost:52802 "POST /session/05aa7d8badde4ea511970f4d2a7a51fe/element HTTP/1.1" 404 0
DEBUG    selenium.webdriver.remote.remote_connection:remote_connection.py:439 Remote response: status=404 | data={"value":{"error":"no such element","message":"no such element: Unable to locate element: {\"method\":\"css selector\",\"selector\":\".shopping_cart_badge\"}\n  (Session info: chrome=149.0.7827.115)","stacktrace":"\tchromedriver!GetHandleVerifier [0x12da543+103f3]\n\tchromedriver!GetHandleVerifier [0x12da584+10434]\n\tchromedriver!(No symbol) [0x10da700]\n\tchromedriver!(No symbol) [0x1123bab]\n\tchromedriver!(No symbol) [0x1123dcb]\n\tchromedriver!(No symbol) [0x1165b32]\n\tchromedriver!(No symbol) [0x1146114]\n\tchromedriver!(No symbol) [0x116339a]\n\tchromedriver!(No symbol) [0x1145e66]\n\tchromedriver!(No symbol) [0x1119159]\n\tchromedriver!(No symbol) [0x1119f24]\n\tchromedriver!GetHandleVerifier [0x1564bba+29aa6a]\n\tchromedriver!GetHandleVerifier [0x1560119+295fc9]\n\tchromedriver!GetHandleVerifier [0x158103e+2b6eee]\n\tchromedriver!GetHandleVerifier [0x12f37f6+296a6]\n\tchromedriver!GetHandleVerifier [0x12fa91d+307cd]\n\tchromedriver!GetHandleVerifier [0x12e2d18+18bc8]\n\tchromedriver!GetHandleVerifier [0x12e2ec5+18d75]\n\tchromedriver!GetHandleVerifier [0x12cc05f+1f0f]\n\tKERNEL32!BaseThreadInitThunk [0x75e45d49+19]\n\tntdll!RtlInitializeExceptionChain [0x76eae12b+6b]\n\tntdll!RtlGetAppContainerNamedObjectPath [0x76eae0b1+231]\n"}} | headers=HTTPHeaderDict({'Content-Length': '1260', 'Content-Type': 'application/json; charset=utf-8', 'cache-control': 'no-cache'})
DEBUG    selenium.webdriver.remote.remote_connection:remote_connection.py:468 Finished Request
DEBUG    selenium.webdriver.remote.remote_connection:remote_connection.py:406 POST http://localhost:52802/session/05aa7d8badde4ea511970f4d2a7a51fe/element {'using': 'css selector', 'value': '.shopping_cart_badge'}
DEBUG    urllib3.connectionpool:connectionpool.py:544 http://localhost:52802 "POST /session/05aa7d8badde4ea511970f4d2a7a51fe/element HTTP/1.1" 404 0
DEBUG    selenium.webdriver.remote.remote_connection:remote_connection.py:439 Remote response: status=404 | data={"value":{"error":"no such element","message":"no such element: Unable to locate element: {\"method\":\"css selector\",\"selector\":\".shopping_cart_badge\"}\n  (Session info: chrome=149.0.7827.115)","stacktrace":"\tchromedriver!GetHandleVerifier [0x12da543+103f3]\n\tchromedriver!GetHandleVerifier [0x12da584+10434]\n\tchromedriver!(No symbol) [0x10da700]\n\tchromedriver!(No symbol) [0x1123bab]\n\tchromedriver!(No symbol) [0x1123dcb]\n\tchromedriver!(No symbol) [0x1165b32]\n\tchromedriver!(No symbol) [0x1146114]\n\tchromedriver!(No symbol) [0x116339a]\n\tchromedriver!(No symbol) [0x1145e66]\n\tchromedriver!(No symbol) [0x1119159]\n\tchromedriver!(No symbol) [0x1119f24]\n\tchromedriver!GetHandleVerifier [0x1564bba+29aa6a]\n\tchromedriver!GetHandleVerifier [0x1560119+295fc9]\n\tchromedriver!GetHandleVerifier [0x158103e+2b6eee]\n\tchromedriver!GetHandleVerifier [0x12f37f6+296a6]\n\tchromedriver!GetHandleVerifier [0x12fa91d+307cd]\n\tchromedriver!GetHandleVerifier [0x12e2d18+18bc8]\n\tchromedriver!GetHandleVerifier [0x12e2ec5+18d75]\n\tchromedriver!GetHandleVerifier [0x12cc05f+1f0f]\n\tKERNEL32!BaseThreadInitThunk [0x75e45d49+19]\n\tntdll!RtlInitializeExceptionChain [0x76eae12b+6b]\n\tntdll!RtlGetAppContainerNamedObjectPath [0x76eae0b1+231]\n"}} | headers=HTTPHeaderDict({'Content-Length': '1260', 'Content-Type': 'application/json; charset=utf-8', 'cache-control': 'no-cache'})
DEBUG    selenium.webdriver.remote.remote_connection:remote_connection.py:468 Finished Request
DEBUG    selenium.webdriver.remote.remote_connection:remote_connection.py:406 POST http://localhost:52802/session/05aa7d8badde4ea511970f4d2a7a51fe/element {'using': 'css selector', 'value': '.shopping_cart_badge'}
DEBUG    urllib3.connectionpool:connectionpool.py:544 http://localhost:52802 "POST /session/05aa7d8badde4ea511970f4d2a7a51fe/element HTTP/1.1" 404 0
DEBUG    selenium.webdriver.remote.remote_connection:remote_connection.py:439 Remote response: status=404 | data={"value":{"error":"no such element","message":"no such element: Unable to locate element: {\"method\":\"css selector\",\"selector\":\".shopping_cart_badge\"}\n  (Session info: chrome=149.0.7827.115)","stacktrace":"\tchromedriver!GetHandleVerifier [0x12da543+103f3]\n\tchromedriver!GetHandleVerifier [0x12da584+10434]\n\tchromedriver!(No symbol) [0x10da700]\n\tchromedriver!(No symbol) [0x1123bab]\n\tchromedriver!(No symbol) [0x1123dcb]\n\tchromedriver!(No symbol) [0x1165b32]\n\tchromedriver!(No symbol) [0x1146114]\n\tchromedriver!(No symbol) [0x116339a]\n\tchromedriver!(No symbol) [0x1145e66]\n\tchromedriver!(No symbol) [0x1119159]\n\tchromedriver!(No symbol) [0x1119f24]\n\tchromedriver!GetHandleVerifier [0x1564bba+29aa6a]\n\tchromedriver!GetHandleVerifier [0x1560119+295fc9]\n\tchromedriver!GetHandleVerifier [0x158103e+2b6eee]\n\tchromedriver!GetHandleVerifier [0x12f37f6+296a6]\n\tchromedriver!GetHandleVerifier [0x12fa91d+307cd]\n\tchromedriver!GetHandleVerifier [0x12e2d18+18bc8]\n\tchromedriver!GetHandleVerifier [0x12e2ec5+18d75]\n\tchromedriver!GetHandleVerifier [0x12cc05f+1f0f]\n\tKERNEL32!BaseThreadInitThunk [0x75e45d49+19]\n\tntdll!RtlInitializeExceptionChain [0x76eae12b+6b]\n\tntdll!RtlGetAppContainerNamedObjectPath [0x76eae0b1+231]\n"}} | headers=HTTPHeaderDict({'Content-Length': '1260', 'Content-Type': 'application/json; charset=utf-8', 'cache-control': 'no-cache'})
DEBUG    selenium.webdriver.remote.remote_connection:remote_connection.py:468 Finished Request
DEBUG    selenium.webdriver.remote.remote_connection:remote_connection.py:406 POST http://localhost:52802/session/05aa7d8badde4ea511970f4d2a7a51fe/element {'using': 'css selector', 'value': '.shopping_cart_badge'}
DEBUG    urllib3.connectionpool:connectionpool.py:544 http://localhost:52802 "POST /session/05aa7d8badde4ea511970f4d2a7a51fe/element HTTP/1.1" 404 0
DEBUG    selenium.webdriver.remote.remote_connection:remote_connection.py:439 Remote response: status=404 | data={"value":{"error":"no such element","message":"no such element: Unable to locate element: {\"method\":\"css selector\",\"selector\":\".shopping_cart_badge\"}\n  (Session info: chrome=149.0.7827.115)","stacktrace":"\tchromedriver!GetHandleVerifier [0x12da543+103f3]\n\tchromedriver!GetHandleVerifier [0x12da584+10434]\n\tchromedriver!(No symbol) [0x10da700]\n\tchromedriver!(No symbol) [0x1123bab]\n\tchromedriver!(No symbol) [0x1123dcb]\n\tchromedriver!(No symbol) [0x1165b32]\n\tchromedriver!(No symbol) [0x1146114]\n\tchromedriver!(No symbol) [0x116339a]\n\tchromedriver!(No symbol) [0x1145e66]\n\tchromedriver!(No symbol) [0x1119159]\n\tchromedriver!(No symbol) [0x1119f24]\n\tchromedriver!GetHandleVerifier [0x1564bba+29aa6a]\n\tchromedriver!GetHandleVerifier [0x1560119+295fc9]\n\tchromedriver!GetHandleVerifier [0x158103e+2b6eee]\n\tchromedriver!GetHandleVerifier [0x12f37f6+296a6]\n\tchromedriver!GetHandleVerifier [0x12fa91d+307cd]\n\tchromedriver!GetHandleVerifier [0x12e2d18+18bc8]\n\tchromedriver!GetHandleVerifier [0x12e2ec5+18d75]\n\tchromedriver!GetHandleVerifier [0x12cc05f+1f0f]\n\tKERNEL32!BaseThreadInitThunk [0x75e45d49+19]\n\tntdll!RtlInitializeExceptionChain [0x76eae12b+6b]\n\tntdll!RtlGetAppContainerNamedObjectPath [0x76eae0b1+231]\n"}} | headers=HTTPHeaderDict({'Content-Length': '1260', 'Content-Type': 'application/json; charset=utf-8', 'cache-control': 'no-cache'})
DEBUG    selenium.webdriver.remote.remote_connection:remote_connection.py:468 Finished Request
DEBUG    selenium.webdriver.remote.remote_connection:remote_connection.py:406 POST http://localhost:52802/session/05aa7d8badde4ea511970f4d2a7a51fe/element {'using': 'css selector', 'value': '.shopping_cart_badge'}
DEBUG    urllib3.connectionpool:connectionpool.py:544 http://localhost:52802 "POST /session/05aa7d8badde4ea511970f4d2a7a51fe/element HTTP/1.1" 404 0
DEBUG    selenium.webdriver.remote.remote_connection:remote_connection.py:439 Remote response: status=404 | data={"value":{"error":"no such element","message":"no such element: Unable to locate element: {\"method\":\"css selector\",\"selector\":\".shopping_cart_badge\"}\n  (Session info: chrome=149.0.7827.115)","stacktrace":"\tchromedriver!GetHandleVerifier [0x12da543+103f3]\n\tchromedriver!GetHandleVerifier [0x12da584+10434]\n\tchromedriver!(No symbol) [0x10da700]\n\tchromedriver!(No symbol) [0x1123bab]\n\tchromedriver!(No symbol) [0x1123dcb]\n\tchromedriver!(No symbol) [0x1165b32]\n\tchromedriver!(No symbol) [0x1146114]\n\tchromedriver!(No symbol) [0x116339a]\n\tchromedriver!(No symbol) [0x1145e66]\n\tchromedriver!(No symbol) [0x1119159]\n\tchromedriver!(No symbol) [0x1119f24]\n\tchromedriver!GetHandleVerifier [0x1564bba+29aa6a]\n\tchromedriver!GetHandleVerifier [0x1560119+295fc9]\n\tchromedriver!GetHandleVerifier [0x158103e+2b6eee]\n\tchromedriver!GetHandleVerifier [0x12f37f6+296a6]\n\tchromedriver!GetHandleVerifier [0x12fa91d+307cd]\n\tchromedriver!GetHandleVerifier [0x12e2d18+18bc8]\n\tchromedriver!GetHandleVerifier [0x12e2ec5+18d75]\n\tchromedriver!GetHandleVerifier [0x12cc05f+1f0f]\n\tKERNEL32!BaseThreadInitThunk [0x75e45d49+19]\n\tntdll!RtlInitializeExceptionChain [0x76eae12b+6b]\n\tntdll!RtlGetAppContainerNamedObjectPath [0x76eae0b1+231]\n"}} | headers=HTTPHeaderDict({'Content-Length': '1260', 'Content-Type': 'application/json; charset=utf-8', 'cache-control': 'no-cache'})
DEBUG    selenium.webdriver.remote.remote_connection:remote_connection.py:468 Finished Request
DEBUG    selenium.webdriver.remote.remote_connection:remote_connection.py:406 POST http://localhost:52802/session/05aa7d8badde4ea511970f4d2a7a51fe/element {'using': 'css selector', 'value': '.shopping_cart_badge'}
DEBUG    urllib3.connectionpool:connectionpool.py:544 http://localhost:52802 "POST /session/05aa7d8badde4ea511970f4d2a7a51fe/element HTTP/1.1" 404 0
DEBUG    selenium.webdriver.remote.remote_connection:remote_connection.py:439 Remote response: status=404 | data={"value":{"error":"no such element","message":"no such element: Unable to locate element: {\"method\":\"css selector\",\"selector\":\".shopping_cart_badge\"}\n  (Session info: chrome=149.0.7827.115)","stacktrace":"\tchromedriver!GetHandleVerifier [0x12da543+103f3]\n\tchromedriver!GetHandleVerifier [0x12da584+10434]\n\tchromedriver!(No symbol) [0x10da700]\n\tchromedriver!(No symbol) [0x1123bab]\n\tchromedriver!(No symbol) [0x1123dcb]\n\tchromedriver!(No symbol) [0x1165b32]\n\tchromedriver!(No symbol) [0x1146114]\n\tchromedriver!(No symbol) [0x116339a]\n\tchromedriver!(No symbol) [0x1145e66]\n\tchromedriver!(No symbol) [0x1119159]\n\tchromedriver!(No symbol) [0x1119f24]\n\tchromedriver!GetHandleVerifier [0x1564bba+29aa6a]\n\tchromedriver!GetHandleVerifier [0x1560119+295fc9]\n\tchromedriver!GetHandleVerifier [0x158103e+2b6eee]\n\tchromedriver!GetHandleVerifier [0x12f37f6+296a6]\n\tchromedriver!GetHandleVerifier [0x12fa91d+307cd]\n\tchromedriver!GetHandleVerifier [0x12e2d18+18bc8]\n\tchromedriver!GetHandleVerifier [0x12e2ec5+18d75]\n\tchromedriver!GetHandleVerifier [0x12cc05f+1f0f]\n\tKERNEL32!BaseThreadInitThunk [0x75e45d49+19]\n\tntdll!RtlInitializeExceptionChain [0x76eae12b+6b]\n\tntdll!RtlGetAppContainerNamedObjectPath [0x76eae0b1+231]\n"}} | headers=HTTPHeaderDict({'Content-Length': '1260', 'Content-Type': 'application/json; charset=utf-8', 'cache-control': 'no-cache'})
DEBUG    selenium.webdriver.remote.remote_connection:remote_connection.py:468 Finished Request
DEBUG    selenium.webdriver.remote.remote_connection:remote_connection.py:406 POST http://localhost:52802/session/05aa7d8badde4ea511970f4d2a7a51fe/element {'using': 'css selector', 'value': '.shopping_cart_badge'}
DEBUG    urllib3.connectionpool:connectionpool.py:544 http://localhost:52802 "POST /session/05aa7d8badde4ea511970f4d2a7a51fe/element HTTP/1.1" 404 0
DEBUG    selenium.webdriver.remote.remote_connection:remote_connection.py:439 Remote response: status=404 | data={"value":{"error":"no such element","message":"no such element: Unable to locate element: {\"method\":\"css selector\",\"selector\":\".shopping_cart_badge\"}\n  (Session info: chrome=149.0.7827.115)","stacktrace":"\tchromedriver!GetHandleVerifier [0x12da543+103f3]\n\tchromedriver!GetHandleVerifier [0x12da584+10434]\n\tchromedriver!(No symbol) [0x10da700]\n\tchromedriver!(No symbol) [0x1123bab]\n\tchromedriver!(No symbol) [0x1123dcb]\n\tchromedriver!(No symbol) [0x1165b32]\n\tchromedriver!(No symbol) [0x1146114]\n\tchromedriver!(No symbol) [0x116339a]\n\tchromedriver!(No symbol) [0x1145e66]\n\tchromedriver!(No symbol) [0x1119159]\n\tchromedriver!(No symbol) [0x1119f24]\n\tchromedriver!GetHandleVerifier [0x1564bba+29aa6a]\n\tchromedriver!GetHandleVerifier [0x1560119+295fc9]\n\tchromedriver!GetHandleVerifier [0x158103e+2b6eee]\n\tchromedriver!GetHandleVerifier [0x12f37f6+296a6]\n\tchromedriver!GetHandleVerifier [0x12fa91d+307cd]\n\tchromedriver!GetHandleVerifier [0x12e2d18+18bc8]\n\tchromedriver!GetHandleVerifier [0x12e2ec5+18d75]\n\tchromedriver!GetHandleVerifier [0x12cc05f+1f0f]\n\tKERNEL32!BaseThreadInitThunk [0x75e45d49+19]\n\tntdll!RtlInitializeExceptionChain [0x76eae12b+6b]\n\tntdll!RtlGetAppContainerNamedObjectPath [0x76eae0b1+231]\n"}} | headers=HTTPHeaderDict({'Content-Length': '1260', 'Content-Type': 'application/json; charset=utf-8', 'cache-control': 'no-cache'})
DEBUG    selenium.webdriver.remote.remote_connection:remote_connection.py:468 Finished Request
DEBUG    selenium.webdriver.remote.remote_connection:remote_connection.py:406 POST http://localhost:52802/session/05aa7d8badde4ea511970f4d2a7a51fe/element {'using': 'css selector', 'value': '.shopping_cart_badge'}
DEBUG    urllib3.connectionpool:connectionpool.py:544 http://localhost:52802 "POST /session/05aa7d8badde4ea511970f4d2a7a51fe/element HTTP/1.1" 404 0
DEBUG    selenium.webdriver.remote.remote_connection:remote_connection.py:439 Remote response: status=404 | data={"value":{"error":"no such element","message":"no such element: Unable to locate element: {\"method\":\"css selector\",\"selector\":\".shopping_cart_badge\"}\n  (Session info: chrome=149.0.7827.115)","stacktrace":"\tchromedriver!GetHandleVerifier [0x12da543+103f3]\n\tchromedriver!GetHandleVerifier [0x12da584+10434]\n\tchromedriver!(No symbol) [0x10da700]\n\tchromedriver!(No symbol) [0x1123bab]\n\tchromedriver!(No symbol) [0x1123dcb]\n\tchromedriver!(No symbol) [0x1165b32]\n\tchromedriver!(No symbol) [0x1146114]\n\tchromedriver!(No symbol) [0x116339a]\n\tchromedriver!(No symbol) [0x1145e66]\n\tchromedriver!(No symbol) [0x1119159]\n\tchromedriver!(No symbol) [0x1119f24]\n\tchromedriver!GetHandleVerifier [0x1564bba+29aa6a]\n\tchromedriver!GetHandleVerifier [0x1560119+295fc9]\n\tchromedriver!GetHandleVerifier [0x158103e+2b6eee]\n\tchromedriver!GetHandleVerifier [0x12f37f6+296a6]\n\tchromedriver!GetHandleVerifier [0x12fa91d+307cd]\n\tchromedriver!GetHandleVerifier [0x12e2d18+18bc8]\n\tchromedriver!GetHandleVerifier [0x12e2ec5+18d75]\n\tchromedriver!GetHandleVerifier [0x12cc05f+1f0f]\n\tKERNEL32!BaseThreadInitThunk [0x75e45d49+19]\n\tntdll!RtlInitializeExceptionChain [0x76eae12b+6b]\n\tntdll!RtlGetAppContainerNamedObjectPath [0x76eae0b1+231]\n"}} | headers=HTTPHeaderDict({'Content-Length': '1260', 'Content-Type': 'application/json; charset=utf-8', 'cache-control': 'no-cache'})
DEBUG    selenium.webdriver.remote.remote_connection:remote_connection.py:468 Finished Request
DEBUG    selenium.webdriver.remote.remote_connection:remote_connection.py:406 POST http://localhost:52802/session/05aa7d8badde4ea511970f4d2a7a51fe/element {'using': 'css selector', 'value': '.shopping_cart_badge'}
DEBUG    urllib3.connectionpool:connectionpool.py:544 http://localhost:52802 "POST /session/05aa7d8badde4ea511970f4d2a7a51fe/element HTTP/1.1" 404 0
DEBUG    selenium.webdriver.remote.remote_connection:remote_connection.py:439 Remote response: status=404 | data={"value":{"error":"no such element","message":"no such element: Unable to locate element: {\"method\":\"css selector\",\"selector\":\".shopping_cart_badge\"}\n  (Session info: chrome=149.0.7827.115)","stacktrace":"\tchromedriver!GetHandleVerifier [0x12da543+103f3]\n\tchromedriver!GetHandleVerifier [0x12da584+10434]\n\tchromedriver!(No symbol) [0x10da700]\n\tchromedriver!(No symbol) [0x1123bab]\n\tchromedriver!(No symbol) [0x1123dcb]\n\tchromedriver!(No symbol) [0x1165b32]\n\tchromedriver!(No symbol) [0x1146114]\n\tchromedriver!(No symbol) [0x116339a]\n\tchromedriver!(No symbol) [0x1145e66]\n\tchromedriver!(No symbol) [0x1119159]\n\tchromedriver!(No symbol) [0x1119f24]\n\tchromedriver!GetHandleVerifier [0x1564bba+29aa6a]\n\tchromedriver!GetHandleVerifier [0x1560119+295fc9]\n\tchromedriver!GetHandleVerifier [0x158103e+2b6eee]\n\tchromedriver!GetHandleVerifier [0x12f37f6+296a6]\n\tchromedriver!GetHandleVerifier [0x12fa91d+307cd]\n\tchromedriver!GetHandleVerifier [0x12e2d18+18bc8]\n\tchromedriver!GetHandleVerifier [0x12e2ec5+18d75]\n\tchromedriver!GetHandleVerifier [0x12cc05f+1f0f]\n\tKERNEL32!BaseThreadInitThunk [0x75e45d49+19]\n\tntdll!RtlInitializeExceptionChain [0x76eae12b+6b]\n\tntdll!RtlGetAppContainerNamedObjectPath [0x76eae0b1+231]\n"}} | headers=HTTPHeaderDict({'Content-Length': '1260', 'Content-Type': 'application/json; charset=utf-8', 'cache-control': 'no-cache'})
DEBUG    selenium.webdriver.remote.remote_connection:remote_connection.py:468 Finished Request
DEBUG    selenium.webdriver.remote.remote_connection:remote_connection.py:406 POST http://localhost:52802/session/05aa7d8badde4ea511970f4d2a7a51fe/element {'using': 'css selector', 'value': '.shopping_cart_badge'}
DEBUG    urllib3.connectionpool:connectionpool.py:544 http://localhost:52802 "POST /session/05aa7d8badde4ea511970f4d2a7a51fe/element HTTP/1.1" 404 0
DEBUG    selenium.webdriver.remote.remote_connection:remote_connection.py:439 Remote response: status=404 | data={"value":{"error":"no such element","message":"no such element: Unable to locate element: {\"method\":\"css selector\",\"selector\":\".shopping_cart_badge\"}\n  (Session info: chrome=149.0.7827.115)","stacktrace":"\tchromedriver!GetHandleVerifier [0x12da543+103f3]\n\tchromedriver!GetHandleVerifier [0x12da584+10434]\n\tchromedriver!(No symbol) [0x10da700]\n\tchromedriver!(No symbol) [0x1123bab]\n\tchromedriver!(No symbol) [0x1123dcb]\n\tchromedriver!(No symbol) [0x1165b32]\n\tchromedriver!(No symbol) [0x1146114]\n\tchromedriver!(No symbol) [0x116339a]\n\tchromedriver!(No symbol) [0x1145e66]\n\tchromedriver!(No symbol) [0x1119159]\n\tchromedriver!(No symbol) [0x1119f24]\n\tchromedriver!GetHandleVerifier [0x1564bba+29aa6a]\n\tchromedriver!GetHandleVerifier [0x1560119+295fc9]\n\tchromedriver!GetHandleVerifier [0x158103e+2b6eee]\n\tchromedriver!GetHandleVerifier [0x12f37f6+296a6]\n\tchromedriver!GetHandleVerifier [0x12fa91d+307cd]\n\tchromedriver!GetHandleVerifier [0x12e2d18+18bc8]\n\tchromedriver!GetHandleVerifier [0x12e2ec5+18d75]\n\tchromedriver!GetHandleVerifier [0x12cc05f+1f0f]\n\tKERNEL32!BaseThreadInitThunk [0x75e45d49+19]\n\tntdll!RtlInitializeExceptionChain [0x76eae12b+6b]\n\tntdll!RtlGetAppContainerNamedObjectPath [0x76eae0b1+231]\n"}} | headers=HTTPHeaderDict({'Content-Length': '1260', 'Content-Type': 'application/json; charset=utf-8', 'cache-control': 'no-cache'})
DEBUG    selenium.webdriver.remote.remote_connection:remote_connection.py:468 Finished Request
DEBUG    selenium.webdriver.remote.remote_connection:remote_connection.py:406 POST http://localhost:52802/session/05aa7d8badde4ea511970f4d2a7a51fe/element {'using': 'css selector', 'value': '.shopping_cart_badge'}
DEBUG    urllib3.connectionpool:connectionpool.py:544 http://localhost:52802 "POST /session/05aa7d8badde4ea511970f4d2a7a51fe/element HTTP/1.1" 404 0
DEBUG    selenium.webdriver.remote.remote_connection:remote_connection.py:439 Remote response: status=404 | data={"value":{"error":"no such element","message":"no such element: Unable to locate element: {\"method\":\"css selector\",\"selector\":\".shopping_cart_badge\"}\n  (Session info: chrome=149.0.7827.115)","stacktrace":"\tchromedriver!GetHandleVerifier [0x12da543+103f3]\n\tchromedriver!GetHandleVerifier [0x12da584+10434]\n\tchromedriver!(No symbol) [0x10da700]\n\tchromedriver!(No symbol) [0x1123bab]\n\tchromedriver!(No symbol) [0x1123dcb]\n\tchromedriver!(No symbol) [0x1165b32]\n\tchromedriver!(No symbol) [0x1146114]\n\tchromedriver!(No symbol) [0x116339a]\n\tchromedriver!(No symbol) [0x1145e66]\n\tchromedriver!(No symbol) [0x1119159]\n\tchromedriver!(No symbol) [0x1119f24]\n\tchromedriver!GetHandleVerifier [0x1564bba+29aa6a]\n\tchromedriver!GetHandleVerifier [0x1560119+295fc9]\n\tchromedriver!GetHandleVerifier [0x158103e+2b6eee]\n\tchromedriver!GetHandleVerifier [0x12f37f6+296a6]\n\tchromedriver!GetHandleVerifier [0x12fa91d+307cd]\n\tchromedriver!GetHandleVerifier [0x12e2d18+18bc8]\n\tchromedriver!GetHandleVerifier [0x12e2ec5+18d75]\n\tchromedriver!GetHandleVerifier [0x12cc05f+1f0f]\n\tKERNEL32!BaseThreadInitThunk [0x75e45d49+19]\n\tntdll!RtlInitializeExceptionChain [0x76eae12b+6b]\n\tntdll!RtlGetAppContainerNamedObjectPath [0x76eae0b1+231]\n"}} | headers=HTTPHeaderDict({'Content-Length': '1260', 'Content-Type': 'application/json; charset=utf-8', 'cache-control': 'no-cache'})
DEBUG    selenium.webdriver.remote.remote_connection:remote_connection.py:468 Finished Request
DEBUG    selenium.webdriver.remote.remote_connection:remote_connection.py:406 POST http://localhost:52802/session/05aa7d8badde4ea511970f4d2a7a51fe/element {'using': 'css selector', 'value': '.shopping_cart_badge'}
DEBUG    urllib3.connectionpool:connectionpool.py:544 http://localhost:52802 "POST /session/05aa7d8badde4ea511970f4d2a7a51fe/element HTTP/1.1" 404 0
DEBUG    selenium.webdriver.remote.remote_connection:remote_connection.py:439 Remote response: status=404 | data={"value":{"error":"no such element","message":"no such element: Unable to locate element: {\"method\":\"css selector\",\"selector\":\".shopping_cart_badge\"}\n  (Session info: chrome=149.0.7827.115)","stacktrace":"\tchromedriver!GetHandleVerifier [0x12da543+103f3]\n\tchromedriver!GetHandleVerifier [0x12da584+10434]\n\tchromedriver!(No symbol) [0x10da700]\n\tchromedriver!(No symbol) [0x1123bab]\n\tchromedriver!(No symbol) [0x1123dcb]\n\tchromedriver!(No symbol) [0x1165b32]\n\tchromedriver!(No symbol) [0x1146114]\n\tchromedriver!(No symbol) [0x116339a]\n\tchromedriver!(No symbol) [0x1145e66]\n\tchromedriver!(No symbol) [0x1119159]\n\tchromedriver!(No symbol) [0x1119f24]\n\tchromedriver!GetHandleVerifier [0x1564bba+29aa6a]\n\tchromedriver!GetHandleVerifier [0x1560119+295fc9]\n\tchromedriver!GetHandleVerifier [0x158103e+2b6eee]\n\tchromedriver!GetHandleVerifier [0x12f37f6+296a6]\n\tchromedriver!GetHandleVerifier [0x12fa91d+307cd]\n\tchromedriver!GetHandleVerifier [0x12e2d18+18bc8]\n\tchromedriver!GetHandleVerifier [0x12e2ec5+18d75]\n\tchromedriver!GetHandleVerifier [0x12cc05f+1f0f]\n\tKERNEL32!BaseThreadInitThunk [0x75e45d49+19]\n\tntdll!RtlInitializeExceptionChain [0x76eae12b+6b]\n\tntdll!RtlGetAppContainerNamedObjectPath [0x76eae0b1+231]\n"}} | headers=HTTPHeaderDict({'Content-Length': '1260', 'Content-Type': 'application/json; charset=utf-8', 'cache-control': 'no-cache'})
DEBUG    selenium.webdriver.remote.remote_connection:remote_connection.py:468 Finished Request
DEBUG    selenium.webdriver.remote.remote_connection:remote_connection.py:406 POST http://localhost:52802/session/05aa7d8badde4ea511970f4d2a7a51fe/element {'using': 'css selector', 'value': '.shopping_cart_badge'}
DEBUG    urllib3.connectionpool:connectionpool.py:544 http://localhost:52802 "POST /session/05aa7d8badde4ea511970f4d2a7a51fe/element HTTP/1.1" 404 0
DEBUG    selenium.webdriver.remote.remote_connection:remote_connection.py:439 Remote response: status=404 | data={"value":{"error":"no such element","message":"no such element: Unable to locate element: {\"method\":\"css selector\",\"selector\":\".shopping_cart_badge\"}\n  (Session info: chrome=149.0.7827.115)","stacktrace":"\tchromedriver!GetHandleVerifier [0x12da543+103f3]\n\tchromedriver!GetHandleVerifier [0x12da584+10434]\n\tchromedriver!(No symbol) [0x10da700]\n\tchromedriver!(No symbol) [0x1123bab]\n\tchromedriver!(No symbol) [0x1123dcb]\n\tchromedriver!(No symbol) [0x1165b32]\n\tchromedriver!(No symbol) [0x1146114]\n\tchromedriver!(No symbol) [0x116339a]\n\tchromedriver!(No symbol) [0x1145e66]\n\tchromedriver!(No symbol) [0x1119159]\n\tchromedriver!(No symbol) [0x1119f24]\n\tchromedriver!GetHandleVerifier [0x1564bba+29aa6a]\n\tchromedriver!GetHandleVerifier [0x1560119+295fc9]\n\tchromedriver!GetHandleVerifier [0x158103e+2b6eee]\n\tchromedriver!GetHandleVerifier [0x12f37f6+296a6]\n\tchromedriver!GetHandleVerifier [0x12fa91d+307cd]\n\tchromedriver!GetHandleVerifier [0x12e2d18+18bc8]\n\tchromedriver!GetHandleVerifier [0x12e2ec5+18d75]\n\tchromedriver!GetHandleVerifier [0x12cc05f+1f0f]\n\tKERNEL32!BaseThreadInitThunk [0x75e45d49+19]\n\tntdll!RtlInitializeExceptionChain [0x76eae12b+6b]\n\tntdll!RtlGetAppContainerNamedObjectPath [0x76eae0b1+231]\n"}} | headers=HTTPHeaderDict({'Content-Length': '1260', 'Content-Type': 'application/json; charset=utf-8', 'cache-control': 'no-cache'})
DEBUG    selenium.webdriver.remote.remote_connection:remote_connection.py:468 Finished Request
DEBUG    selenium.webdriver.remote.remote_connection:remote_connection.py:406 POST http://localhost:52802/session/05aa7d8badde4ea511970f4d2a7a51fe/element {'using': 'css selector', 'value': '.shopping_cart_badge'}
DEBUG    urllib3.connectionpool:connectionpool.py:544 http://localhost:52802 "POST /session/05aa7d8badde4ea511970f4d2a7a51fe/element HTTP/1.1" 404 0
DEBUG    selenium.webdriver.remote.remote_connection:remote_connection.py:439 Remote response: status=404 | data={"value":{"error":"no such element","message":"no such element: Unable to locate element: {\"method\":\"css selector\",\"selector\":\".shopping_cart_badge\"}\n  (Session info: chrome=149.0.7827.115)","stacktrace":"\tchromedriver!GetHandleVerifier [0x12da543+103f3]\n\tchromedriver!GetHandleVerifier [0x12da584+10434]\n\tchromedriver!(No symbol) [0x10da700]\n\tchromedriver!(No symbol) [0x1123bab]\n\tchromedriver!(No symbol) [0x1123dcb]\n\tchromedriver!(No symbol) [0x1165b32]\n\tchromedriver!(No symbol) [0x1146114]\n\tchromedriver!(No symbol) [0x116339a]\n\tchromedriver!(No symbol) [0x1145e66]\n\tchromedriver!(No symbol) [0x1119159]\n\tchromedriver!(No symbol) [0x1119f24]\n\tchromedriver!GetHandleVerifier [0x1564bba+29aa6a]\n\tchromedriver!GetHandleVerifier [0x1560119+295fc9]\n\tchromedriver!GetHandleVerifier [0x158103e+2b6eee]\n\tchromedriver!GetHandleVerifier [0x12f37f6+296a6]\n\tchromedriver!GetHandleVerifier [0x12fa91d+307cd]\n\tchromedriver!GetHandleVerifier [0x12e2d18+18bc8]\n\tchromedriver!GetHandleVerifier [0x12e2ec5+18d75]\n\tchromedriver!GetHandleVerifier [0x12cc05f+1f0f]\n\tKERNEL32!BaseThreadInitThunk [0x75e45d49+19]\n\tntdll!RtlInitializeExceptionChain [0x76eae12b+6b]\n\tntdll!RtlGetAppContainerNamedObjectPath [0x76eae0b1+231]\n"}} | headers=HTTPHeaderDict({'Content-Length': '1260', 'Content-Type': 'application/json; charset=utf-8', 'cache-control': 'no-cache'})
DEBUG    selenium.webdriver.remote.remote_connection:remote_connection.py:468 Finished Request
DEBUG    selenium.webdriver.remote.remote_connection:remote_connection.py:406 POST http://localhost:52802/session/05aa7d8badde4ea511970f4d2a7a51fe/element {'using': 'css selector', 'value': '.shopping_cart_badge'}
DEBUG    urllib3.connectionpool:connectionpool.py:544 http://localhost:52802 "POST /session/05aa7d8badde4ea511970f4d2a7a51fe/element HTTP/1.1" 404 0
DEBUG    selenium.webdriver.remote.remote_connection:remote_connection.py:439 Remote response: status=404 | data={"value":{"error":"no such element","message":"no such element: Unable to locate element: {\"method\":\"css selector\",\"selector\":\".shopping_cart_badge\"}\n  (Session info: chrome=149.0.7827.115)","stacktrace":"\tchromedriver!GetHandleVerifier [0x12da543+103f3]\n\tchromedriver!GetHandleVerifier [0x12da584+10434]\n\tchromedriver!(No symbol) [0x10da700]\n\tchromedriver!(No symbol) [0x1123bab]\n\tchromedriver!(No symbol) [0x1123dcb]\n\tchromedriver!(No symbol) [0x1165b32]\n\tchromedriver!(No symbol) [0x1146114]\n\tchromedriver!(No symbol) [0x116339a]\n\tchromedriver!(No symbol) [0x1145e66]\n\tchromedriver!(No symbol) [0x1119159]\n\tchromedriver!(No symbol) [0x1119f24]\n\tchromedriver!GetHandleVerifier [0x1564bba+29aa6a]\n\tchromedriver!GetHandleVerifier [0x1560119+295fc9]\n\tchromedriver!GetHandleVerifier [0x158103e+2b6eee]\n\tchromedriver!GetHandleVerifier [0x12f37f6+296a6]\n\tchromedriver!GetHandleVerifier [0x12fa91d+307cd]\n\tchromedriver!GetHandleVerifier [0x12e2d18+18bc8]\n\tchromedriver!GetHandleVerifier [0x12e2ec5+18d75]\n\tchromedriver!GetHandleVerifier [0x12cc05f+1f0f]\n\tKERNEL32!BaseThreadInitThunk [0x75e45d49+19]\n\tntdll!RtlInitializeExceptionChain [0x76eae12b+6b]\n\tntdll!RtlGetAppContainerNamedObjectPath [0x76eae0b1+231]\n"}} | headers=HTTPHeaderDict({'Content-Length': '1260', 'Content-Type': 'application/json; charset=utf-8', 'cache-control': 'no-cache'})
DEBUG    selenium.webdriver.remote.remote_connection:remote_connection.py:468 Finished Request
ERROR    QA_Automation:helpers.py:87 ✗ Error esperando elemento ('class name', 'shopping_cart_badge'): Message: 
Stacktrace:
	chromedriver!GetHandleVerifier [0x12da543+103f3]
	chromedriver!GetHandleVerifier [0x12da584+10434]
	chromedriver!(No symbol) [0x10da700]
	chromedriver!(No symbol) [0x1123bab]
	chromedriver!(No symbol) [0x1123dcb]
	chromedriver!(No symbol) [0x1165b32]
	chromedriver!(No symbol) [0x1146114]
	chromedriver!(No symbol) [0x116339a]
	chromedriver!(No symbol) [0x1145e66]
	chromedriver!(No symbol) [0x1119159]
	chromedriver!(No symbol) [0x1119f24]
	chromedriver!GetHandleVerifier [0x1564bba+29aa6a]
	chromedriver!GetHandleVerifier [0x1560119+295fc9]
	chromedriver!GetHandleVerifier [0x158103e+2b6eee]
	chromedriver!GetHandleVerifier [0x12f37f6+296a6]
	chromedriver!GetHandleVerifier [0x12fa91d+307cd]
	chromedriver!GetHandleVerifier [0x12e2d18+18bc8]
	chromedriver!GetHandleVerifier [0x12e2ec5+18d75]
	chromedriver!GetHandleVerifier [0x12cc05f+1f0f]
	KERNEL32!BaseThreadInitThunk [0x75e45d49+19]
	ntdll!RtlInitializeExceptionChain [0x76eae12b+6b]
	ntdll!RtlGetAppContainerNamedObjectPath [0x76eae0b1+231]

ERROR    QA_Automation:test_saucedemo.py:150 ❌ [TEST 03] INTERACCIÓN CON CARRITO - FALLÓ: Message: 
Stacktrace:
	chromedriver!GetHandleVerifier [0x12da543+103f3]
	chromedriver!GetHandleVerifier [0x12da584+10434]
	chromedriver!(No symbol) [0x10da700]
	chromedriver!(No symbol) [0x1123bab]
	chromedriver!(No symbol) [0x1123dcb]
	chromedriver!(No symbol) [0x1165b32]
	chromedriver!(No symbol) [0x1146114]
	chromedriver!(No symbol) [0x116339a]
	chromedriver!(No symbol) [0x1145e66]
	chromedriver!(No symbol) [0x1119159]
	chromedriver!(No symbol) [0x1119f24]
	chromedriver!GetHandleVerifier [0x1564bba+29aa6a]
	chromedriver!GetHandleVerifier [0x1560119+295fc9]
	chromedriver!GetHandleVerifier [0x158103e+2b6eee]
	chromedriver!GetHandleVerifier [0x12f37f6+296a6]
	chromedriver!GetHandleVerifier [0x12fa91d+307cd]
	chromedriver!GetHandleVerifier [0x12e2d18+18bc8]
	chromedriver!GetHandleVerifier [0x12e2ec5+18d75]
	chromedriver!GetHandleVerifier [0x12cc05f+1f0f]
	KERNEL32!BaseThreadInitThunk [0x75e45d49+19]
	ntdll!RtlInitializeExceptionChain [0x76eae12b+6b]
	ntdll!RtlGetAppContainerNamedObjectPath [0x76eae0b1+231]

DEBUG    selenium.webdriver.remote.remote_connection:remote_connection.py:406 GET http://localhost:52802/session/05aa7d8badde4ea511970f4d2a7a51fe/screenshot {}
DEBUG    urllib3.connectionpool:connectionpool.py:544 http://localhost:52802 "GET /session/05aa7d8badde4ea511970f4d2a7a51fe/screenshot HTTP/1.1" 200 0
DEBUG    selenium.webdriver.remote.remote_connection:remote_connection.py:439 Remote response: status=200 | data={"value":"iVBORw0KGgoAAAANSUhEUgAAB4AAAANKCAIAAADk/MRQAAAQAElEQVR4nOy9CWAUVdb3fauq9ySdkJCFJQQFgkaiss0QhCEKksEBN9BxNI4oCjNBZxB9B5H3AfF5BZ1PkBkFNxh1xBVwg0GDojAgQdkUwhYSyAYJCVl67+ruqvrOvdXd6ewJSTDA+dmG6lpu36rq5J7zr3PP0SiKQhAEQRAEQRAEQRAEQRAEQRCkGVJTU8l5wRMEQRAEQRAEQRAEQRAEQRAE6QJQgEYQBEEQBEEQBEEQBEEQBEG6BBSgEQRBEARBEARBEARBEARBkC4BBWgEQRAEQRAEQRAEQRAEQRCkS0ABGkEQBEEQBEEQBEEQBEEQBOkSNNXV1QRBEARBEARBEARBEARBEARB2knfvn0HDx58/Pjx0tLSJnfgFEUhCIIgCIIgCIIgCIIgCIIgCNIMqampjVcOGTIkIyNDXc7Ozs7NzW28D6bgQBAEQRAEQRAEQRAEQRAEQdqHyWS68cYbg29hGdY03g0FaARBEARBEARBEARBEARBEKR93HnnnTqdLvgWlmFN491QgEYQBEEQBEEQBEEQBEEQBEHawZgxY+Lj4xushDWwvsFKFKARBEEQBEEQBEEQBEEQBEGQthITEzN06NAmN8F62Bq6BgVoBEEQBEEQBEEQBEEQBEEQpK3cdtttock3QoH1sDV0DQrQCIIgCIIgCIIgCIIgCIIgSJsYMWJEjx49WtgBtsI+wbcoQCMIgiAIgiAIgiAIgiAIgiBdgoYgCIIgCIIgCIIgCIIgCIIgSBvYu3cv/IyMjGxuB4vFou6jwimKQhAEQRAEQRAEQRAEQRAEQRCkGVJTU8l5gSk4EARBEARBEARBEARBEARBkC4BBWgEQRAEQRAEQRAEQRAEQRCkS0ABGkEQBEEQBEEQBEEQBEEQBOkSUIBGEARBEARBEARBEARBEARBugQUoBEEQRAEQRAEQRAEQRAEQZAuAQVoBEEQBEEQBEEQBEEQBEEQpEtAARpBEARBEARBEARBEARBEATpElCARhAEQRAEQRAEQRAEQRAEQboEFKARBEEQBEEQBEEQBEEQBEGQLgEFaARBEARBEARBEARBEARBEKRLQAEaQRAEQRAEQRAEQRAEQRAE6RJQgEYQBEEQBEEQBEEQBEEQBEG6BBSgEQRBEARBEARBEARBEARBkC4BBWgEQRAEQRAEQRAEQRAEQRCkS0ABGkEQBEEQBEEQBEEQBEEQBOkSUIBGEARBEARBEARBEARBEARBugQUoBEEQRAEQRAEQRAEQRAEQZAuAQVoBEEQBEEQBEEQBEEQBEEQpEtAARpBEARBEARBEARBEARBEATpElCARhAEQRAEQRAEQRAEQRAEQboEFKARBEEQBEEQBEEQBEEQBEGQLgEFaARBEARBEARBEARBEARBEKRLQAEaQRAEQRAEQRAEQRAEQRAE6RJQgEYQBEEQBEEQBEEQBEEQBEG6BBSgEQRBEARBEARBEARBEARBkC4BBWgEQRAEQRAEQRAEQRAEQRCkS0ABGkEQBEEQBEEQBEEQBEEQBOkSUIBGEARBEARBEARBEARBEARBugQUoBEEQRAEQRAEQRAEQRAEQZAuAQVoBEEQBEEQBEEQBEEQBEEQpEtAARpBEARBEARBEARBEARBEATpElCARhAEQRAEQRAEQRAEQRAEQboEFKARBEEQBEEQBEEQBEEQBEGQLgEFaARBEARBEARBEARBEARBEKRLQAEaQRAEQRAEQRAEQRAEQRAE6RJQgEYQBEEQBEEQBEEQBEEQBEG6BBSgEQRBEARBEARBEARBEARBkC4BBWgEQRAEQRAEQRAEQRAEQRCkS0ABGkEQBEEQBEEQBEEQBEEQBOkSUIBGEARBEARBEARBEARBEARBugQNQRDkAiKKosfjkSRJlmWCIAiCIEiL8DwvCIJOp9Pr9eSSBi0EBEEQBGk7l4+FgCCXBihAI8iFwOP1uT1eRSEKvOE0RKNhsw/gnVR/x4vuV1JmryAcIUKbd24Aj3MygKhwI0EQBEEYCsPr9YIy63K5jEbjpedkOhwOi8Xi8/ngTMn5Ul+z5ogitPFA9Qo3v1U+707xPMesgqbfNoDTCqC/V1RW5h0//t227zyiJzIyUmHdczjsttpqS22t2+2GfaxWK2j0sJ7jOI1GA9IDfCVAg4C38BOagq+KEgB675F9GkHDC7zJaAoPDzMaTT179hw2bOiIkSP79e0XbogIOVlFluusMvgAhefIeQENhV426Bzhmm9KUeCZg9tFgVMIi4xg1pJGEQy8oOdgQVJ0gmDUanrFEARBEETlcrAQEOQSAwVoBOlyQHp2e3wEQRAEQZD2wDH0DHAywcMEoTYsLIxcKtTU1ICiSi4/GuixcHN5QegRFRUXHx9pjswvyAdZITwiwmQyCTwXpteGmUzVDJ1OFxTrVd0ZjlUb8YvOIP4GgbUanq2RQaEQRY0kySBSwHoD+1KFdoN91+qEe5nGCJz/I4G2A2dBe8oEdIFJ6pxCH+cr9PSgP/BOYWdHEARBkCCXvIWAIJceKEAjSNfCYp9RfUYQBEGQDqHVajUajd1udzgcl4aHCSdyearPhAkHoW95jgYv6w2G+Pj4gQMHlp8tB73Y6/EoRoMAoqxeDxItU5BFWACVoUGiEpmhRkarem5QgOZkTmJKsiCANCGFhYVTwsJ1OlCf+QbdCNXFOTpt7QKJvqrADN0B+Zn2Cq4HnU8G3YNzoV2Sqa7uQ8cNQRCkSS49CwFBLklwwjuCdC1uj5cgCIIgCNJhQC4E8RB0RhAiycWPxWIhlysscI0PvmiwL0vSERERfnXK1b179/b6vFXV1efOVdnsNqvNBpoC6Mk6nU5VGWiYMMc1jHduKp0IVaVlfwo0woFIoYmNjY2JidHpdXz9PnBMjQ6+Lhj0LJigDv2EXiiyX/pmL4VJ4jJRJFnBaAYEQZBmucQsBAS5JMEH6QjSteCUSQRBEATpLMDDNBqNIEdeAqkefb7LTVJUgtJug9BjkAw0Wg3IrTqtLiE+YcyYsW63WFJcXF1VJWgEvcCpggLIzR6PR512HVSf1Ywc6jJheq66p1+NFnhV3hYEHr4zSUlJ11xzTb9+/cJMYVTFDu2cQkIzXisXyIAD2ZmevuTz0Zhu6INMJIWTaRJqehqsj1SLltGgRBAEaZFLyUJAkEsSFKARpAuhc0Vb2t5yyb6LAr5+nBDXnp0bcCHjjRAEQZCLFa1WC9IhjLAXtYepZpMgnYRaf88PyJdtblgVc+sOrR9EzOKCSacAgrBaik/9xPpV+ohWo1EIB7cVlqOiohL79h09evROWT529CitQ6j41IQbapINptb600BDU0EdXz0RuBSwRg2R9ni9bDdF3QS684gRI64fen1cbJwpzMQTXvbW64aaCSRw8oG46aauTMuo0dwtwMoS0msiS7LX57Pb7fB9MBiNvMArshqXDcK5RtBqJJ+k0QiyDwP6EARBWufSsBAQ5FIFBWgE6UI8Hg/hWv4tuwRU13adAqrMCIIgSEfR6XQwwl7U7iW1EC5fuJbWc0p8fDzoyBLVkfm8vDxbrZ2wSGe4aKr6LDGCGZ9Dm/B6QdGlgI4ryTKv04DOKwhKRIQ5IT6+T9++PWNijEajwAuK3C1iiv2x2/5HASz/h8IEaCpjC5wGdHlFUkAOxxQcCIIgrXMJWAgIcqmCAjSCdCHgHREN/pYhCIIgSGei1WpdLhe5mKEWAtI0NCd0TM+Y64deHxER0Ssh4cihn0tLS9UsHF4W1KxWHWwy7zNcWDX8mbVE46O1Gi3P0zVOp8vtcouiR2/waTQCqL2hMc6/FLKqpLNM2DQ2HLRmFgHN8QKsYPmuiY9oiSQTBEEQpDUuAQsBQS5VUBpDkC4EvCMs9IkgCIIgnQvL4XBx63EXe/+7FF4QdDwfHR2jvUobHd2jV1zswYM/FxYW1tbWWiwWuHRehhoE3eBK6nQ6k8kEK91ut89DM6HBLhqNBtaUl5dXVFTYbDaj0agRNBxNCvLLm2mSLLFig8G8HRxLGcIJPJWetVr24vWKD3NAIwiCtM4lYCEgyKUKCtAIgiAIgiDIxQTHYUKnixqlcRYOjqWhUJd9Xi8TZPnIyMjw8PDYmB7x8XE//Pjj4cOHdXodKMge0cPxHGjQoDKE1nKEQ6666qrU1FRQnA8dOpR7+LBHpvmjNRpBq9U6HI6DBw/GxcXq9XoQd0GDFlg3mv46KS1lDeuIGMzVbx/0Z1lR021Dd3hFVjsE74nA05dWoGsIryUIgiBIa6CFgCDdFhSgEQRBEARBEARpXJNQPu9CiSyetwkVgJb2o7mbSb2tUr0ShTyvCS4TQcNFRfYfeGWt3VpWcVYiNF2Fw+EkGp73eNxu0WDgJEnyeDwgOpvN5mGMqKiohISEktKSyupqjU7rcDo1Gq0oiidOnNDrdZIsDxo40GyOMhnD4cP0Wi2cJ1W9Q2o5cgrh64XQ1TsdmSjS+arQAvHneqbSuMRJMq+AyKzRchqjzGl9kkarEfRa3qCVdYKiAw1aJqCyS14f0YUTBEEQBEGQixNMD4AgCIIgCIIgSDchVLamcrhWp9MbDHq9Ad7b7LZai8XpdPokSY2jVmsSsl05NR90z549QYC+4oorhg4dKgi86BYlnwTqs81mq6io2LN37382/eeHH348c+YMS+ghqQk9ftEMFyB3c6D2s7TWMk39LAggQ9PAbY2Gh/OS5ZKSUoIgCIIgCHLRggI0giAIgiAIgiDdFFmWOcKBlAxac21NbXVVdW1tjd1mc7tcosdDw4iZAA3aLajMO3fu3LNnDwjNHo9nwICBMTE9FaL4fF7Y5KUxzlTnLSs7s3fv3l27dp0qLLTb7D7JB0I2aL7kF4HFQyss2hxOhOMJL/hrD4L0DH0WRc/Jk4U7d3xPEARBEARBLlowBQeCIAiCIAiCIN0UmcHzAvwnMdxukZbpEwTQbbUcTxVqjibicDqdJSUlmzdvhjXh4eFut0un04G+K7G6hXq9HpZ1ep3PJ508efLcuSrJp2g1miuuuCIsPJym+1B+gTBoNd6bCtAgoyucRoDz4kCGhr7QuGzZm3fs6O6c3cePHicIgiAIgiAXLShAIwiCIAiCIAjSTVDqL1OhGaRnkJJNRpPRaPR4PT7Jx2oPKrCFD0zoBAEaFFv4efjwYZfL1bdvX0mW1CQbGo0WJGnCMlPDgRoq8XJ2uz03Nzc2NrZnz546qk2T0BzQFxwmftP8G4TjYJGmffZ5ncePHd2x/b/lZ8rCwswEQRAEQRDkogUFaARBEARBEAS5VOBAZq0TUhVWSrBuIy3uF7KVQX5pghULAyUKQ94SGdRn6HVYWFhUVFR4eDgo0VqN1uFwgJQM5yZLINryagJo9Sdw6tSpM2fO6PQ6pyiC+gwStlZHf8qy4na5tRRwgvhaS+2J/PzExES9Xh8ZFakJFaBpLcTQeoydd6E4IrME1tBfDwMWWJ4Qn05vIJwML6fTbrVV5x48kbEg1gAAEABJREFU8P3OHQ67w6Az6nVGgiAIgiAIctGCAjSCIAiCIAiCIN0UNdtGhDmid5/eMTExLpcTxGLRLdoddtHldtrsIEarWTg0Gg3IuKBHq9k5vF4vaNAcFbhpNT9BI1DBmkrWEucDqZpzOV1nz5aXnj4NzYZHhINUTS4EVF6Hbni8XpfL5Xa7JZnwGo0al+3xuJ0Oa3HxyQMH9h78eT9o7eHGcJMxTKPREQRBEARBkIsWFKARBEEQBEEQBOmmcDQYmTcZTfFx8dEx0WfPeg16Q6TZHOGOcDmd1byglh+EnwJDq9WqArRCFEGjgX9YhDSNZ/Z6fbJMRWhJkARBUrRcdXVNJatYGMjGfIGA3oFWDvIzqOeEF4y8SfR4rHZH5bnKwpP5ubk/l5WV6nUavU6n1epBgff5ZIIgCIIgCHLRggI0giAIgiAIgiDdEoUmrABBWa/XxcbG9kvsZ6mtpaHNLCU0z/FSJM37DDuAngsLGgYI1rSsH8s+QhdoEhIJFmAHEKIFXg2Splk4QMKm2TwkH60BeGFOiKXyoDUPCT01GvXs9YpirdVmKy4pzTtxPP/EcdHt6NEjEk4EpHboJ5XSUX9GEARBEORiBgVoBEEQBEEQBEF+WUIzLHOhbyVJ1mo0HOFie8Ze0f+KkpKS8rIyUVYMBgPspzfojSaTrAZBe0Q1wFmmei1TeBVZTYGt8IrMcSA0c6BZs5BqXpB4XuMxeDxeUIABj5E0yLPcUkw011zfW9lV3VthxQZpvUGP6K6sqjpTVlZ4qvDw0WNOp10j8KA+a1ntRVli4doCr9Wh14YgCIIgyEUMmjIIgiAIgiAIgjSEpq1oXoNlEcakU5Blpf5biYmznNoBXuZlD9FrDREmZUDSAEuVxVZts9ntNrddknyi5FF4jtcKxMdLROEE3geKtSSD7CtwvOLzxzXDGppLmuMkH10FArAiyF6NoNFECQKci1erF2Ad7ANtgj6t4TSyt9nTA/WYD9GVFdLSpaDnEbIzx8HpSTTgWvHwxKv4HNVni48f+vnw4cM+n89gCDPpw7SyrFE0Gpk3aLRUeidejvcQBEEQBEGQixYUoBEEQRAEQRAE6Z6AGiyAJA16t0ajiYyMvPrqq8+dO3fw4KHKykrCKW7JLYqi2+Xy+nwgJ0s+mmoDAMVXJjQBR7AhupLj1K2sYdCaKTRfByEg/io0SFqg8cmgD/My1zVZoRUWLw0fqtPpwsLC4Ix69OhhMBgEVoRQr9drtVqeLQdUeP8/BEEQBEEQ5KIFBWgEQRAEQRAEQbopqgIry4pGECIizJIsDx06zOv1SZLvbEWFT/LKEo2gVljyDSWAmscjNLOzKuaq+8BbkKi9PlCtKSBbs2QXCgi/Ag8atMJ1WU1C9dODAjS8jYqKAgHaZDJBD3RaHXSAsN7zrHgizReCAjSCIAiCIBc5KEAjCIIgCIIgCNJ9ASmWUOmWaDRCZGTkoEEDQY8FxfbgoYOFpaecThfIx7zAS5IUIkBTGVlpFAEtBSRpnmWCBvX5XNW5ysrKuPg4aBza5PzZNRTSNRo0i8KmC4IgaLVajUYDXRJFEZbV/tMMJDJHQ79pHDTvD4DmUYBGEARBEOQiBgVoBEEQBEEQBLl86KTMzRcKWZFpemaqzMqECccGg2HAwIExMTE9Y3vu/WnP0aNHa2prZDWhhs/Hclz4lWf1kCChKTjgf6fDCbJu3vG8mOgYk8nIDRggSbJOp+V5QStoNZymKzRo0JP9HWCCuNvttlqtNptN7T7xR2rzLE+1X33GFBwIgiAIglzsoACNIAhynvA0HInrzDJMCIIgCNKVKApROmnMarlEYScC+qtapTAgwvJaHUUP/xv0ET3Ce/XqdeTIkcLCU7DC6XR6PF4ApGgYnUHSDUq36omrb6kwzaKknS5XcXGxIAgOh6O6piapX7/4+PgePaI5heM1oHvTk1QVa56KwiTYVOhlbN+l4Dj4OHWR9VOCnx6PRw1/BqsC+gafq9FoZAZ0GJa1GvTaEARBEAS5iEFTBkEQBEEQBEGQiwNBoDUDQRvWarV6oyHMbIqJiVETKJ87d46WLHS5CZNxFZkGFNdXiut0YroDpwiy4Pa6T58u9fm8Fktt8uDBgwYOuuKKK3pG99SGaTleUKXmTk0J7dfBVX0ZpGcQzX0+X902f7ZqULV5kKrhf5qBBCOgEQRBEAS5mEEBGkEQ5DxRWNEjgiAIgiDIhYKvS8fB6bRao9GYkJDQr1+//Pz8qqoqptjyqtCsSs9q1UE+gBq8LLO1Xp8EIq9Go9HpdLBrWVmZw+k8W15utVlTrrqGxHHmiAg1WjmYuLnjBAVxWADd2eVy2Ww2kKHVYGf/TjQ/tSBo4KURmAAdGn+NIAiCIAhy0YECNIIgyHlyEWnP1pObXvr3B58UFVa46Vt91JAx4+5dMnVcPy25rNj68g2Zu+DfiWs/WDSedCJlr/1t2uISQhIf/eHvf+hHfiH2LO61fEsT6yN6Dblm6lO/nzo+QUcuDGc++M0Tr5wgZNBd6/97Zy9yUXAx9hlBLkt8kiTQwGQa4UyofCyAfBwWHsbxXFV1lSxJbreoprYICtBBbTeYf0PVoOEH7AkrfT6aPFrW6mqqaxwOBxwnEIGTmMBtMqlHks6CVTdUs1Gr5QftdrsqQIPW7A+3pgI0B8IziOOqAt1VRQgle+72txf/Z8ues1WiRIgQHpc0/A+/e+zx0b305LIiZ/YfnvwE/h39YtljaaQT6R6DS8D+aYDOHJ08Yfz0eVPSmjUISzZlLlm6tVY3KOPFTdOHm5vapfiTB3+9Lo+Q5EXL3vpTb/ILcb53sA0n2A7QlkAQBGkefJaOIEgHUTrp1d6Wu6jPF+zcLxwnNs4avGDpa8f96jMg1uZu/fzpX89+8v0Sglz62Mpyd7+S+eS0J/bYCYIglwXdZQDqMI07rPhAMuZpGmUWH6zlqVTLhRlN4aYwTqF1Bd0ul9fjVZjKTAL5mtWKfw1K+WkEjV6nMxoM0BRo0KLbDds9brG0pKTgZMHZc5Uuj0hzRXNEYT8785Rom0SSJdHjcbndsMDWM3GaqGUHWQYOHsRngeMEriu8NqnwtYVTbn7zg51nmPpM19grTm7/x8vTrv1/m05IBLnU8Vircz9Z9+Sv/7J0q7PpHT55H8RZunAi++nnD5NLjkv+BBEEQboRGAGNIEibaFBwz/+WyJ3nynL1H4m11DJ4geoEVpoVkSV6DN1VrRnfaLV/Z/CuWmoZHM3W8jzSM/c35SPtJtgrgZCuiWZqwOHlk9/PVRf1CcN/d1Uvg7vsm337KrygS+Y88f+9ce1LM4cIBLmU6HfN5DGxgTfusp0/7SuGZw9S1fv/WHLD6iV3GgiCIJc0MI6FaIc0ojYkCTIdJJv9o9+gtt4vSKBYIu2MRhM6YnIgOks+n5okWZYkDcfrNVqBcJHhEUad3qsVtbwgiv4gaFHyXwo1IFqrpXGeHCsDqGbeoD+1Ok5WvC63DLK1TwJrweKrOXr8eHRCr75XJmlMBqPeAO2rIchc+y8Pq1BYN+JLtL6h4vFJCk+8smxzOWqstRJHZGa88AqvEXSCoAM7QcPr9HqTTqeHNS3ctfNm7zt/WXzSQ5eE8H4DR4/ppXOX7fvkeBmssB5emvlR8g/3JhPkkqLXmPThwXla7rLc/+QX0mcPtZsyV44u/D/jLrOw927E1lU3ZO7AuGkEQS5xUIBGEAS5lNm6fYOVLQy5672v7+zvX+vMXfzMrNdKCKl859X9M1eOJMilxIiM+ctC76lk3/zK1Bm77UTa/sluz53pFyoRB4IgSNcDyjKIyGazOS4uLiEhQaCxzD4QoB0Oh9PpVDM4q/gr+wUILgfbgQPVZB2gU3M1NcUlJRUVFWFhYSBAc1znFiH0ZwLx+rxOh9ND47VpUhD1Sbwa/MzTJNCsBGEA0snkfPBtFf1XSF609K0/JfrXLj3+yuRnPjhBSPHmD7b+ftF4fER9SZH6p1nzQ1OQrazdPvuJpz9xErI/+z/ucY0eUevuvHf+J4VqhoolT11DLjm6yQkW5hYQBEGQSx4UoBEE8Yf0sno+re/K+6N4uip6V1G7wSlN+nrMPSO0+n3I5uCUWjrBlqZJ5GVFVgLhz1x7vEY6kZcdJzcVAsZ3gv/JseBx0paL3RlUFZ9WFyY+flv/utWmIYvunPjaP2i+4EMlZWQkRltc0gjht0zI0O/eIIKgUA1yA95uBEEuHVQd2WAwREVFxcfHg/SsBjtHRERYGV6vN6gsq4qzqucGs0KruZhhB9gNdoa3Op1O5nlLba3NZoM1LIc0TYRBOoWAfQGf6RFFi8Xicrtk/wQzjgvI5DT5s4Zl4OBUubyzU3BUn8lTo8NHTg+qz4B58KNPjfpgxm6aoOPEWTL+F0vpi1wQosY9eEP4J1/bCSmrqCak8e1OnLz21cnkEqYbnKBYtH3DGYIgCHLJgwI0giAULqCuKiH12ZvesYvzRvjl4mbmuAbEZK6eAh7Qn/1ZFVlqECWoF3OkfXI5S9/BN3lIe5tqngbl7OWumvIc0y+BkJOwcOashZDokC2jFpWNWtT0QbV573/2ymu7Dp2wsZm5Ef3HjP7DotsnD4kK3an5snuBUnh3zv2+YWy1ZN+bvWz+xl25tfbmWw7gLdu68Y3nv/bvrI8a8rubW6yT00W06WqE4C3b/N7SxdtZ1gtt+JDhM5c+MHVEUzurlSHfP1lo9RJaCKh36r1T5z/VxXWf4sMahT+36wTbdQfrYz20/OYXNhSD3hExcc3fF93iP8RfNWj8rO/WjvXs/XzJ3K9yaE9avHS/dJ8RBOlGgDgLdoter+/Zs2diYmJtba3H4wH1FtRko9EIwrTb7Xa5XMGyhMFM0Oqyqj6rAnQwCBrgdTonHOZy0030qbZMOjsGGVr2eLwgkYtukeU+8T+aZhlCQHmmSUIIM26C2Ug6k+jeMHbvhYWqcxWExIVsueWv35f9temDmhi5fvfo4+OSzaHXpvk6bC2VAq7Nfeudl1f8lMvqVTTTcgCxPOetj95+Vd2ZFk4c/efbZz448kIXTmzT1SCh3d7+/GtvvKVmvYgYcuftjy3NGNLEzv7KkBt3nmHDljZ80JVTnvrTzFu6tpJwhNkU8i60rLEQ3i915tq5Uwe1wwCz7/zXrLu+LoQl8+gle7LGNTjNX/4Otv8ErYc3zH//jU9ONlVOo8ka1PUNwkHXTF8+6w/1rJpGtaNPrJvWa13dW8zIgSDIJQYWIUSQy4QW6xExTTU4J7X5mkVdXciIthmcGNvkHry/Gg/XfGf8JXy4wBmxxXb1WU1y3QTBTnb89Bu03HWq/pjrx7F/c5/++xt7a1vfHxS3Xz/64BPZ+/zSHmAr3Jm99Oa/LW6mQE2bceY88WjGlHe3+HXAYMt/YclAGlCy6a7Z0zLX1e0s1vrr5Gxuw1l0Fu2+Go6cJ/42bUY2czYArz139/Ipjz74/BPd20MAABAASURBVPGG7krxt0+OZJUhmddKaCGgM/tee3nar1blWElnI9k3f5MtwoIw/I6RMaFb2neC7bqDDSj5YKqq5ArJi/6nCSW3uDLntYVTpqzb7u9J4NI1brn79BlBLgoajqetjjdcyKt7oPh/hFojdVtUQRkE6JiYGBCgo6KiYFmn0xkZ8NZsNoeFhcFKrVYbDHxWFWcq+gZ0Z0AVo2EBfoJgDbq16HYzSVpRH3ErwT5w53+hgo3AJ0PjLrcLfhIlOG0rEAXNZnT56yeSrsjNPXz8MPbvieX3vZ9rbb3kIEiK9w1uPHK9+eDIDo9c1j1Lr3t01tO7cwPVkv0tD174QeNaiCeyn7z28ScXB3emhRO3LF4OA+h264UrnNjuq2E5uOw3Tz4N+/vrPdpyP3l31uAFb+xtOHKVvb/0XlYZMjBsee0njn8wo4sqCdduf+t71uzgiROaG+Yke/FPyye/l0vazIlPHlPVZ5L06KZG6nP3uIMhtOEET3zy4OD/t7xp9blJrNtmz65nEJ746ZUpf5n1FkY6IwhyGYMR0AhyKRMsxwcuVQu70QigkBhcjvN7dKH7KIovuDPpEvyBP3KLXW05T4gaVay2AMuych55LqS2dKPjyIo39K0gaCXmCZPORj/2iZW7c2fvryJF70x5dMOQkdOfun3KmKTwpmNM3DnzVzDFLVixkNgO7t6eC9azbUvmyvTzL1AjFb727JPvq9qxtteY4cP7GWwH9+XkgobozV38v0sH/XP+eENdN57436U7baHd8BQf27Wz3E5qN81Y0vu/Sx8YdAGyUp7H1ajetxN+GpLHj0qOr6v+l/ePZS+PDD1Bad9r7/kdVH3iuKkDIkht3oZDeeCUVuxY+tL4LxYNJh1hb/bSJ/YHzyLQDRIz5v6590af7wm26w42wJkz+39fyaUfFHPnX18Onesd5MTGZxZ7PcFL56+TKeU1/m50nz4jyMVCMM0xg2vh+SmLDa4b5ZWum5/THiSfFJBlwa6htXw5Tgm+JYq/umBERMQVV1xx9uzZAwcOiKKoBjhrNBo4fdCjVYkZBGhVelY1XjUmOoj6cdAUu2Icp7bO0LA00DIdqgk8B+fpRK3zvFBqojBYcLloaLbFYmGfIguChmritEwkz1Jv8Oop0HqJgobv9BQcRHfnjEX/ObF4s43kbpw1+OvkO6fMnPPb4YNMTYfZinuWZaqSYqBiYXDksu568vHrv1sz9nzjc+Fp3z82VahmV+zwO6/pZagt3HQ4lwq7J1+Z/Hr/g1lpwT/s4v6lk99mA2iwG4FhrmLH05Nj3/vvXf1J13MeV6PieA4JDPp11f+K3rnv7dTQEySHPnj6sJqbO3xIavq1UeRswbatJXZaSfjNt/8w8tERpCMceu31pZsDb+q6EZG2bMbk0Ch4Ejf8XrVihLtw0+5cuODWY4eKyZB+bfgM657Fk9fl0aWIiWsX/qGBwdZN7mD7TvDwcv8Z+W+Kp/jwtp2V7Cl47PB7r+lFIvs3sCZOZNNJAIHvs/+7AbbH0+9tvzdoqAT74MjbsCdPhK9H0ripV0QEG+nXH4t2IAhySYECNIJcFtR3PhtQX/bk/NkhGoihwfjf7uCLIu0h5s6570e++9iMb8D2tefufiVz9yvE0P+WjEcXTW2YzkLcvfETFolTr2Lhw4X/mH/f8yWE7N+2VRp3y3kpv+KuNxYX0QXzsEU75k6M8zdi3/ryvZm7qoht02vbZ47P8Afnnvhs2fs2Gnb61/95+anB4cFGrLsXj/zHFmvJG8/v+sP5O7pt7/N5XY16U02lqk+WP0jVf9umFd/OHH9LIPr4bN5O1nJcxus/Tx+irltW8s5v/vbGCVL1yb68RYOTSQcoPrzp/QarDEP+OnfZU6nh532C7bqD9WAq8Cf0cQIoue+vHBlOmsTrqXfpvIX/+J/7nodPrN9y9+ozgiDdALBPQCCGBYPBEB0dnZKSUlNTc+zYMdB2YY2XATuoSq6a0FmVm6mgzJ5qB9fQzBsBBIE2a7c7QCb2sRYIM4S4jpeD4Ij6cdCm00nzfPi8PrUnLO8GE58Ff67q4CMBhXSB+RU9cc3fIxYveeY10DfdeZ+se/KTdfBsb9yf7n3s8YbJEDz/+XYLm0lTr2JhYOQim/fnkLHjyPng+eRD/9O+W2a9tSbd/zd5GTwFnEP/Dlt3fLDh3rR7/cG5eS+9vYlql0kPbFw4c0QwZYRk37zq3hm7qk58/sYnU5bcaSBdzPldDTagjPIPKCsrt8xYQNV/6463378n7cHA4+HiE4doy6TXn/5nfeBp9PwT6x78zSd5xLbtm5OPjriSdICynds2NVyX9MC6p2aOaRD+nDR52Sw1M3LZoNMs5Vobgzro44Qt9B6x1FXjTQ02d5M72L4T3PtDNlPMxy17ZUngq/iE35YgQ/40a+agpo4acud7m+7qr/4eLSv54Ob57HseWuwx2IczH+zZkwffnH6/emwZ5txAEOTSBQVoBLksUH0qQlpSjxVWto+jsTdNbSUoPHchsqIWXeya6HIhfPz0twrvqcrdteH5rzbQOBp34ebPn9y8uf+f/s/ri0JESf2op3++/gn4NzIiRHET+t8xKvn5kjxCCovPNlWgpnWqNmzdzpoat3R2UAcEwsc/8s91w4uoWR8bXJm3YUcZ/Tc6onLby09sC21H7Gciuc6OOLrt4HyuBpzgIyFTTYWYO2c88Nb+5XvBezm0T7xlot+fj++fKpATErFYquDczerKxAf++8EDpItw5/5j1TNRc5750+Dzu93tuoOhVG1d9bSqAg+5659Bx7sJTFPXhM7S1fb/69/mfjObXrqdP+0TM/yXrnv1GUGQX5xAwgpY1Ol0PXr0AEkXNGiHw3Hy5ElQoj0ej1qEkKbUcNPJIGqKZ/WooPQcFKBJ4Ek7HASHV1ZWOBx2iWbpkHgWce1PVaYm5DjfLjOTi9Y8tNlsTocTeseKECqq6EyLD/pfAs3DEchYTbqCqLRFf89+qjJvw9a338qms0nE8u3/WL79H73/sO5/Hx1Tpx7qfpf1xRiakigiLiLk8MSJ9ya+QcW702eKQT4j7ad2ywfqlJ3rH30pPeSJoClt+f/883clNONBv6AyeHLbB5X0337hVR+8u/SD0Ha8MXpSJUrbt/5E7hxFupjzuhrDnlgeOqDETlx6+4bN7+YSkrv1oOfBdP9j9X6J/cEQgqevFTVw7v79B931VtldpKsoemf2qog1c/4wwkQ6ii1n9jImszaXuqq73MF24SmuYpk3RmbcW3dG4eNHDSe7tpDKnK3lMwclNDpo0Nz3AuozJfEPS296e0oLxR4RBEEuA1CARpDLiJbdJepY1e3X5MFI18ESV3fpVTbEDLlp5tqbZorVeRvWLX5iWyHxFr72wmPxIcE7xBAepyW529+e/Z9tByvLrF7SSZTlqvl2B44e08C9MfQfM7p/vTVSWUk1W6jc9/62Zto7b0e3XZzH1UhN/12DsJ3o0b9LXL4XTr+q6mywz0LavIfSvnkzx7r76cE/JYMPM2ZQ6qDE5JH9e5k7o8RivfKPkqfi5JYXVi19vzxn8f8+Rs7zdrfnDoZQ/NXTmTY6ldg8+sUNdza7G+Xa4WMahJNHD5/Qm+w9U//Sdas+Iwjyi6OQ0LqCoEHHxcWppQX1ev3hw4eDCZ3VIGg1/0YDATqY3Uud7AVvaVJmwlVUVh47eqxP7z49o2P0Gh0owYJG409E1hE5OCQC2u6wi6IIvWB5OSRVgKYatIa+QIIGwZvjVcmadB362OR771ly7z2eihNbXnht2ftnPOTMB3c9G/Pf5+ryJ+gjYuJq897fsPi1PcdPVHdeMuLTeXvYv2OuH25u0KvE4bc0SH9UUVbB/m1iok+AQ2fgGXaXx5Cex9UYPzKtQdquuOvTB72bewJOp7qqrs8jZy67Zt8Th6s++UfGfz4ZNzUl9Ybk/slXpg5KCO+MAn31yz+6q3J3vTHjX5uKD70y5VkServPizMvLXvS6p881Ezqqm5zB9uDLlI17eqX6xQdYgvHDEodHld/Tb8+gwnZB1epuAYFaARBLlOwCCGCXKxwDV8KF1Ifz/9WnbXppxXfhfo4qp+D/DIo3AWR+fXRyffOeu/4YyykVMpb/FlO3Tap8LWFU1jpm05UnwGbRa2xExMT1+q+Z88cIt2D87gapohG/mFMPzXMtoROrgzS76YXD7605K/XDzFLeVu3fbD4zaczF04b/Mcbr3vhg70dLPbYAEEXN2jysucWjRc6crvbcwfPD75xThW9vrEn3K36jCCXPlw3rEnYAFBmOZo6TDV8OKPRFB0dc/XVKb/+9ajhw0fExMSAnqvOAwNJOnCIP945mPo5mJRDFa9pwLPP67RaT+afOHb0SHnZGYfTToOUeUJfnCLDXhwJeXGhbxvYZ42uHPSWh8Z8ktftcnp9IGPJLMk11Z/VWsvMJFNfJJCW+zzKWrQXNl78feMaNVC36JUV+0M2lnww5S+sAGwnqs+A06bKeHHRMa3uW3ymkHQT2n81IsMaDXOxvdXUDSdOF4as7XXv/13/w2MPjL8yXCzZ/n72K7NffvLmxzP6/3HajE9yO7lMMQ1NmP/1w2xKWYPb3TV0ozvYHvwFvWm5TlaggnisRZuy3mezrEypIxKaOkZoaA8GvuF2S+eaeQiCIBcPGAGNIBcrXL20zorfM1FYGRxOdcZIsKQec6haaZAW1sE4518Mdqc63b2vzfnHR9uKYeHKqcturpdW2Dx66r1rtrwFRnBJYTFJU8NLK7KXLj5Ja6oMmfLP9+4cHhcI5j2x7r7ffFJIzp+ISBM4mTSUNTR4pGmiY6AzoNXGTXnr53s7lAq5g5zP1WCOdH2fo6qYzTYlickNUgTqE8Y9NW/cU4TWRq84c/w/372z4pt9FT+9MuXvET8/M7mTNVNT6pjeZGvJed/u9tzBEPr9dsmi009n7qqy7npyap+QrM2NkT2NVolio1Kg3avPCHKp0z1rEtaHicGh7znBaAjrGaPhiMZkDDcY9Pv37y8rK7MzNBpNg2wboRUI1ShpkIGpNi1JIAXbqqt+2vtj317xEREmvVHH6yK8kpfXaOBa8KFxPFw9hZ4WKGz+Qkk+RRB0VqsF1Ofq2kq36JBkryxxGo2e53XwoRotr9XyAjyB42T4yfMKxyudXgG6Yv87L+w5AwvDfzv/3qSQDUL4LRMy9Ls3wHB2qKSMjFRjUaveevOVvV5WnmHei4+nxAQeEBb+44n7nj9Dzh/24BY+q4JGAbeiQcdH92LpKXr99bn1T3UoFXIHOZ+rYXHA4FVfg648oz6ZHtSnf/19df1Gz1w7eiYsic6q4oJt769757UTZZvXzbKGfbEuo3Wlvl2Yk1MHke0n6t3u86P340/MPLTsyU9sVZ/847HU0BlXAbrNHWwf+tEzn9q4/fkSkrvxL9dtrLdpzN0PdKwsJIIgyGUERkAjCIJcwlSD94kuAAAQAElEQVTt3LbpfXjtOFTRhr33nshl/058/Pd10h5t5FBhE3urA0hVWXF9lfBEQeMI5l5DVCckf9fOBnEf7tzXXl/6BLy+zvOvMfQfwkrxVOzedqJBM87Crbu2b961fWdJY7Gy82nf1VA5tO0/7vprnPt2qokgYmLiA+usJ3M20xPZd0LdWRselzT8wen/XKrmzTi+a6ebdDa2WkfDVe05wfbcwXrEjM/65yImbeSu+8vsPc1Hih3ct7OB3Fy97xvVjQ+5dN2rzwiCdD/UBBYmU1h8fNwVV1xx/fXXX3311XFxcREREWFhYQaDQafTqcX9SECAVhfU1ByhqZYlRklJyb79+/PyTpw9W253OLxeL+xLOgZ8kCTJLpfL6XBKPp/6ubRMIs3A4S9AyBa70lOjea6ohfDB4arWd5Zy96pD8sjpT6XG1E1PCf6hDoX3P4gtrmqwLW/PiUY790lWh76dP+1rEN4rHv7gCfa3+v0i/xp9v/7saWLZpz82/OttLao/sHYp7boaAbbuyWmQssF6bJ/aTL+66G977m5q52z+qVDdWW+KGZQ6ddGiJ+5kb2lRBNLZuG0W0klEpK38n0eHqDOu/nfx1kahvt3lDraXMzmbmrizuhG3vb6ms58HIAiCXMKgAI0gFw3qZMwGETB+h0lWp47SsGie5dEgCAJEDR+vanAnlt+3rjDEafGcWLfsLdUxSOwfSKbscfuN/kMHi+p2rfh22eLGHiPpNUg9zLnhte11Cp1Y9E7WprJGO8dMSBtO/5W2z372nRPBzAmSffObTy9mDnCtoX9gbfLUsSwAp/KdrPdDZpvCzmv+kvny0zNefnmn3DhdQ6fTrqsRQNo+/83t1qCQKlV9svKNrWxxROrwYGS0+8QHM+iJ/GXGZyE3RSo8cVpdsrs72/uq+Pbt19TM2rG9A2Juu06wXXewPkL/Py188U5apomGRL1W0vRe8EWasSrk0nkL//F3WoGQsMSg+u7ZZwRBuhscYUUCOdBvdTp9WHhYHMMQQM2wTEJinwmTg4NJmYMatLoboTK0nJeXd+DA/tLS03a73ev1KUqH4pG5gLRts9utVqtXFaCJEkgATdM/a1ghQljuutQncalp6rycve8/+Y+ikMe68Of33Q3q2JSaGIiH9Yp+jbLgeG7IGPf+m2/sbdx0Qv9r2cUTt294vza4FgyPpf+obLRzVNodg9nCT4unhhoqtdvn/uMV9gTdZgg+hLwy/Q8sq1XxpqXPHw95Oli7ff5zT9KB9cN9xEC6nHZdjSD7l83dHdLnyi2Pf6gmxRoy/tqgVSMe/OppeiIvLH4t9KacKfQ/23d5Ok0sVoFur9ugxigMiu0MLTXxDxv+OpGm87ZtyXz2gxMNHi13kzvYPspeW0krK5pHL/nvsy8uuW3yvemT/3r/i1+vzN54zxAz6QyCz2xq2/A0CEEQpPvRs2fPjIyMWbNmPfHEE/ATlmFN490wBQeCXESoTkhzJQIVdQooJtFAQuj14D2TX/r/NoGMm/vJff13DL/zml4G4ik+vG1nperY9Prr79ICO+tGDEomP+WBqf2PhRlbU9OvjSJnC7ZtLbGbE/qT8sIGQTfjx07V76A+6tY3p1z33/QJvXSkNvf9nwpJUxVs4ibMfWrrfc+DkFf0xm9mbBwzfHg/g+3g7u25qp6YOPOp0XWa8qDbn7j32yfft5HcjbMGf508flRyPKnbWT/qsawk0jHO7Ny1vekYotghtwyKOY+rEcS66+nB+1mf3WU7f9pXrJ5gxOQ5N9X5dXHjpt7y7r7NEjnx+X39d6k3JfRqpI2JIh1hb/bSJ+oyOdoO7svJtam3O+bBW8YFxNz2nWC77mBDTDQkKm8++G80JGrQikXjTU3sFXrpvtmnplmESzd13oTgpet2fUYQpHuhUDWZJSJj6UMCmZ3dbreP6bw+RrAUIQlRolXpGVTgYBA0yMB0H1m2Wa2HDh2Kio42mIx9+/QhPGfSGzXn+7BfYZK3LEtOB2BXO8ZzNChbEPxFCP1oOlQSrhV6T1009oPMHVVEynv+qYx/DWbjeOif39gH/jwssLMhdUwiy+NU+c7ND+eEjMsx/RJIcXmDmSJpd4wLf/9bOzz/e+Iv0z6lf3vJ2bwtW894qIXQMLdSzL0zZr72tzdOhBoqtXkbDuWpWZgG3TbzzjpFMvnx6ZPfAqtGyvvHMxmvJY6bOiCC1O0cfue99w4iHaNy3+ZdTc+y6nfVOHWGVjuvRpBAXcEBEe6y3P/kF6onaB47/d7ouqsxdfy4J45vJyTkpqgnyDYPunZ4xzJ0HXrt9aWbg+9qCzcdzrUGRts/h4yJuV8vfeukumg7qIqiVVsWv17oN08aJXYLxTxy0aa7Cn+zLo8UvTJ5Vf89j6WFqLTd4w626wTPbPPH4Jdve+1b/yWqLNm2wW2rHZU+pndnhEQkpI40kVwnEb9dOiPqgakJ+sYdRhAE6bZcddVVv/vd74Jvw8PDhzD+85//HDt2LHRPFKAR5CKAa3EbyzMYTD5Isz0TQrpflkbkl0E/bP6m6VWT386hocSV+z7ZFrJNiLnl4ddDc/D1u2XmvV8/SeOVJHvuT5vUZAckauqqx3otXvBKwxjT1JlrRm/L3AVmu6fi+Jb3j/vbvPfhB86+vnxrg52F/n99eknx/Kdp496ynbs31W2KGLfy/zxQr/C6IW3Z/8wv/t+lO22EuPO2bguZp5k08+uscR2ON8l97eWnX2tyy+gXywb5Ffn2XQ3GoNuW3PvT04uL6vdZSP7rE4+ND43oMYx7ad7U3Bc20OwlDW6Kdsiix/7Qj3SIZorL60bc+88l19S9b98JtusONoaGROWNXL7FatuSOYesbaznpk68s3DLJ7b6lw6uxv/MHSF01z4jyGUHVy+3cbssjY4E8nIk5Bl8Kw2BtAx70OQVCp0WpsrKIPJ6PB5vADkA2ExBGZqEZORQl9XqhR6vh9MIZ8rKDhw4EBPbk0Yn67SCWWDpmlWZmzS6KFwL3YSDQO2GfropoixJtI4ia4pX826oVaHV1vkGibg7Ed34Wf9cVv2XJw7XH8dVoiau/J+ZQ+r+SMLz7KmvLt9QIdUbl+PS56+JfePmdXkNmh5z3zN37nnyE1v9v71Rk1feYputlm4LJfGBTX89M/aVTRWNxkTzsEXr6yfiD7VqaI2+kBkqQ+58fblaPrEjnPhgxokPmtxy59zvV/rVwPZdDUb/px6bvGnVK7n1+0ySHnhvelpo6Qj92KfXnSi66+vCJm7KlY+uua0jOZqBsp3bNjWxutFoe/bYpvd31d/Hmbc5OEB70pfdTFpg0J0vrz19r1pNYSR5MVSD7h53sD0naIqIZ7VJrCe3vH8y9IBNr61bTK58YOOCmSM6ah4MefB3yW/BN0cq3Lxu8eamOowgCNI96dmzZ6j6HAqsP8cIrsF5+gjS3eGZR8I1kweQuiZ0KxcoM4jCM9KQQRkvHnzpxUXpwwdFBMI0InoNGTV33T/Xr0mvP90SlF9YmUGDlShCeL/rH924bO746Ij4JhoOH5/1/sa7xvmbhZ0H/2HNi+uXpfeObLIfUeOW/fOLdfdPHBIV8C4ihoy/bckPK5fcGdto58TJ61auX3PbuODO+qghd97/+vHnHhikJReI9l0NSnyPIX/6X7iqQ/zpibXhcJ03vvLWU4MbOlTm1Lk/vPL6klFD4gI3RR/Vf0zGkh/WvN64aE+HTyRmyPUPrHkpe+OU/vXXt/ME23UHG8FColg8UZPTciMmrvw7vSBm9f4a4GrM//qfja5Gt+ozglxmcAGbI2B5tONYvv6x7RKkeTWcmVA7hxVMbglVQfZ6aaQzR4gq4+r1erW6YLD8ILOaFFWPBm1akuivt7qDGiWt7glrTKYwaELy+QoK8nd9//3h3NyiouKqqiq7zebz+lTRmAteCzYhDd6FnmyDl1arBVEcPtXhcIqiKEkyS1utYSk4eBr2zDoN56HIik6rpclAuqj+o9D/3v+7/oe5j947uL//by/RmaNhtP3nz/9c1OCPpH7Y3B9fXPKnwf39KY8N/W+56/Uds9LiwiKaaNmUBn/SF13fP+RP+pIf/jn/zgR9kx0xj5r/4z//ScdEQ6AbV47762PrD/6fiXGNnhQyq2bJX68P7CyEx105ccn/zf76rv5Nt94FtO9qUGJiU/6w6cUl914ZyBkdoVo1jbXL8DEPvXf8/86988pe/qsHJ9h7+J8eW1/43B8GdXZMPBhXdEzsfNsjPFhNgVb0rV8luDvcwXYQNfFPLcyXOvnOtDU5HU/MDZL9RrBVIi5AijkEQZDOZPjw4W3fyikYJ4kgXUZ1dTWvM5KOQT28ECdPCfhefD1JWlHnNAZ/ozmuS6JlkK7GbAojCHIZkTP7D09+Qljs+WNpBEHaDIyw0dEXcWwY9N9ms5FfAI4onSNigULbdjeCZmY+3zjexsdy/iQbfBPWDkdU9ZYl3PCcrSjbt2/f9u3bz5w5A0JzbW2txWIB2VdNxxFM+qxW0GAn5c/FrFWVX/rJNOpb4YikyBGRkcmDBv06bdR1Q65P6Bnfs2fP8IgIrUbjD50ORGrDYXzzJwsfUGutKSkp3Prt19u2ba2prdEKOp3OaDCERUVGR0VEmCMiwsPDDQaj0WSEtdAdOFHo2WN/ySIIglxgTr7x6wXvFJOYO+e+v3JkMJ7AYy3KWbzi6ffLYXni2g8WjSdIN+JitxAQpJuTmpoaXJ41axYYLc3tabfbX3/99eBbTMGBIBcLSoOoHzWEh6hRRTwvK1SARt0ZQRAEQRCEwnGgI0dERERFRYHubDQawXZSU3DAT9VkCv0ZLEWorvEnkuaZBE7/5UW3+9SpU/CWSJx09RCtTqfRaDiTSY2n5lkzVBVXWpqQJkk++M/pdNXU1IiiGz6VBYfztPIgjYTWCjQaWmAh5pyanprIHIYMIcgvwt5tG4oJzZk+Z2SowqIzJ41bNCXt/TdzCCk8UU7GJxAEQZDLkBbU58ZbUYBGEARBEARBEOQSBATdyMjInj17njt3Ts377PP5YL3D4QChWRAEVXRWM3UE1WfCxGhYZusFjr0F2VjxcbW1tSdO5BGJuO0uH8jY/ZNiomNMYSaBFxQhmGBEaUGApvUHJcnlclmtVlEUVa2bhl3zVH4WNDQPBx/ML+1PS80pmGMNQX5BzmzbXPSHvyaFpMiQqjb8N4cuCMmDUH1GEARpAyhAI0h3R1GzHgbgQtaHvuUaHYUgCIIgCNIQTm52k3L+iTJaRgn+ULvQnk9p8lj/yvpVCdki59/E0nSAxBweHt6jRw+TyQRqr9FohLcSA5RoPlClUA12DhYkDBWjqRTMFGrCaxQ2F83n9pSUFNMc01pe4dT4Zc5oMGgEHafIamloxV8hmgt2yF9FUVGo/OzzekTRaXfKEg2s5uFDOJ7+zyl8oPCgiuIvvKhgdWkE+UUYMTJD//UGkeQ9/9SNLyUMfA7zzQAAEABJREFU/91VvWjm6trCTYdzrV66g/mmKZh/A0EQpC2gAI0g3R2lfqZ2zp8SWlG9IPWtrMhCfcdEwlQcCIIgCII0pMX0EBzPNOgu+NT6acRolHCbNehGx7Ln8tQ6outDS2IoLFuGajeBeaQRBNCdzWZzfHw8aNDl5eV6vT4sLMzj8RDWgJcVKwxq0GrhQTVCWc0QrdVqNbLMkmMIOpbrmWbwIB6X4CgpL3XuctbUVvtkj+TrHx3Zo2fPniA8yz4vr9XJ9EqCmkzzQdMIa47FRYO5JskKiM8uh8tut1tsGkLLzGk4jU7QaAVeoM8GFOLPJs2kaHaZlJAiHwiCXFBSZ669ed9dXxfColi+75Py+luTHnjvniEEQRAEaQMoQCMIgiAIgiAIcsnBcTqdLjw8PCEhATTo6upqq9UKqwWWaxmUaIfDQWhSZim0hnMwK3RwuX6THNWgXZyg09ZWVe/58UfZ63UOcwwcMACU48jIKINeJ3GExjMrVHsGcbvB3DVQlEHdBv3Z7XYH63mowdq08iErhxj4YMVfhrpdBR8RBOlMwsc89N7x9E2r1m38oCCvwkYfXxEhPC5+8J2/e/TxccnmzqnqiiAIcumDAjSCXGRQDyQ0I4ffO+KIUlczh25WZIIgCNLdSVv5wfcrCYIgSBdAg4kVUHWjo6P79OlTXl5+7tw5kI9B6iUsdFrDgppJoLBzMBeHXwJmSTmCNQnV5NFwLI2Y9kmySyRG3iO5fjrwE6jJokcEpVniSU99Tx7alGWaFRpaJjLLCa3m4fDHMoP0XFVVBT/VbgRRQ60FmoyDV6XnusQdMtp1CPKLYb5y8lPzJj9FEARBkPMHBWgEubgBPVrNEK0+fa/zT3jMwYEgCIIgyOUMNZB0Op3JZOrbt6/VarXZbCUlJcHMG2qcsRLAf0xAklYVZ9CvjUYjNOJjEDX7GYjIDqdP9BhNJpvXm3so1+5w2F2ua4de51Vkc3ikQWfU63UCR3VkmSj0CJZhG17w2S6Xq7a21uPxqIqz+lPNAUKLETL5mwQEcX8PUYBGEARBEORiBgVoBLm4CThMiio4swCeJnesp0cHJnTidM4O0bLGjxcXQRAEQVS4X+axuD+WWa/Xx8TEDBgwADTo6upqkKHVuOYGonNQiVYf52sYUVFRcXFxIEPDsVVVVSBe08hoSaLFA2nzVGIGQTn38GG31yOxHNpKPKdE0BIdBp2OpnGWVfWZ5oFWZBCgvSA92+12VV8OCtBqMmu6f6DcRxAaSS2jWYEgCIIgyEUMCtAIcmnA+YI5BlmsDN9Q/wzNTwZulkSQDsO36AxiHUgEQRAEUfGnC7vgqMoyyLtGozEhISE5OdnhcHgYoigSlgDa5/P5M5gpDQo/E5PJNHDgwJSUlIiIiHPnzh06dKioqAg0aMKyc4gej8wRnV4PZwYrc3Nz7U6H2+W67tqhiX0TzRFmOSLCZDCC7swyQVMF2ifLbkZtbS30Cj49mP2ZFjzUaGi5wsappwMVFxEEQRAEQS5SUIBGkMsRdSInK8mOIAiCIAhyKQPCrsFg4Hm+f//+sAxrDhw4UFZWBtKz+lZihB6ixkFHRUUNGTLk+uuvhwWLxRIWFgaHFBcXq6UIvZJX8iicwAsaQStoRIf96OEjstdntzqGjRg5aNAgGRqRJKPewFPxnQYxe7xeeNXU1KjlEHU6nSo2qwmg4S3vj6vm1YVgZDbBWWsIgiAIglzMoACNIJcFobVraAZCHqVnBEEQBEEuC0DM1Wq1wTzLACz/9NNPJ0+e9Hg8sBVkZRCg1eKEKmpMdHh4eK9evRISEqKjo2NiYmCHGkat3SZpeMnrA4FZI/l4VjjQpDeIHrE4/5TL5bG5XBqttn9SkkCVZfbZvMCUZho6XVtba7PZYEEVmtUsHCqsKYFlgqZZOVhEtpoVBAVoBEEQBEEuYlCARpDLDuUXmQSLIAiCIAhyIWFpL4KJNUDaNRgMkZGRqhgNCz179jx+/PjZs2dBgObrP5tXM2PA/iaTCWToqKgotWjh8OHDKyoqfj5y2CM6OaKF1kG65r1ejgY7yxrCe0WxuKjI4nICY0bfMDg5GVozGQxET0OwJZaCAyRsl8ulxjvDz6A4TphWzkKfOVaMkO4fqJCIAjSCIAiCIBcxKEAjyKWJonDntxU8NdIiXMN39VYodQtskaP/Bly60KYVf1pqns5PVasTNfjkbuhpNUzJiEI+giAIckmhEE5ufmODQZ8LtRkuWIqIBlJsS29ZlT91FcfOTavVh4fThBmJiUkREeaYmJjY2NhTp04VFhaeOXPG4/EEjqNzxeA4j9frcDnh5RLdesBo7H/FFanXXXvmXIXzdAknEEWSaRZpQrSCBrZLPp+Hh0aUivKyXTt3+kTR5xEFjkRHR0vhEbCD6BOdLmdtbS1I3gaDUYC+8KA+6wQexGgtuGY8B0o0fcEC7T7h1ZqIsoQCNIIgCIIgFzEoQCPIJQnXoh/Y4lbwz5ovrsc1rryn1EUMKZxf2eZ5QaaARyaryjI9igc3iu7szwfCKaA90+qJROYFAyfBx/qCTcndUtttcO5YZhBBEAS5tFBaev7L8aGPXhvUFYTR/MI8OlbkNgvQxP8QnAu8ARlX4DUGg0lReJ0OxOiwnj17Dhw4MC8v76effoKfDoeDxh1LIPcqElGqLbXlFWdrLBatXh9hjhC9HkOYaWBycumZM1aLxVJbK3Oc6PVpBEECndjnldgHSKBCE3Kuojxn106vx+3xuK5OSenTu7dRMjmcDqudHgqdYpUJ4WE8aM2gQRs0vEHg9LAMlhUToDVgLqlh0WBdSShAIwiCIAhyMYMCNIIgHYOrl11aYNo2R2N14OVVJNHn9YLXxLP5o7CKBAVoRZJlD/hpxvAYjc7ExGiCIAiCIAjSNdBMFhxNrqwxGA1anRARYYqIiEhISIiNjQ0PDwf75NChQ7CfVqsFrRlE4FpL7c8HD2o02n79+vXq3Ss8LBwU4R7RPa699tra2tqffv5JdIsCqM8+auhwoBsTmrhDkHki06fs5yoqcr7fVVtTU1tdM2LEiOjoaJvNXlRYZLfbg9mfVWjeDY5rnCNNqYMgCIIgCIJcvKAAjSCXL8xRqnur1rehsU9MIObbVKhQVkOlwDGC/WWfV/a4fT5aR97r9Ug+UfE5eRZRrXh9Wg2o0CzGWZFpzR/Zp8heUSFuiz2ut1HQ6WWCIAiCIAjStYDYq+O1soaXZR8I0CA3yyw1s9VqLSsrO3v2LFHjrDnF7XIdP3bcUmuJj4+78soB11xzTXxCvOTzmSPNV1zR//Tp08XFxSAcQ4OSLHEyxzRlmtbZy2KooR2ny3nw55+dDofVZrsmJcXpdB4+fBjEa9hTI2iCxQcFmvWZU+OdQwkRoNFKQhAEQRDkIgYFaAS5zAl1dc4ruoblf5Qln8slyh6RiA54qwH3S5Y52SMQLzhdEcYwj88tiT6f10mntYIO7fPJbtEILpdBL3PW2orCqF5JRKMlCIIgCIIgXQLLCM2kXJ5jkdACp5YWjImJ8cKTc48HBOhdu3bZbDaQg2lZDIXY7bbCQhesLykptVgsI0aOMEeYYU+93gDitU4H4rXESlmoZQhp2mawbgib6AWyss/rc9gdBfn5dpv9VMFJXuDPnSl3O10s/pkWGtRQm4ktcXzjqWAB8RkjoBEEQRAEubhBARpBLl/U0OXgW3/YjcIFcmEEf3L+pJC0kjyRg+E5Ct2Vl2Sv5LLba8BzEwjRsRmonMJJoqjIoiy7tUQ5U3gyDIRmj1O01YgOcLo0Lp/XbXUl9ksSNLzkcohilTGipy6yh8RB+zSrNM8qHUFjrOaRxDraJRk6Wm5Uac+x6BsiCIIgly10UhXX7UbCBimhaSdVRZcpxlRhZoUKDQYDaNAgK1933XUlJSX5+fmSLCs8raQMcrXX6/N4rHa7XRRFWZGvvOJKrVbrdDlhq1ar83i8am4xmQVN0zBoOJTwep0OWvbxXmjD5/GeKS2tra4xmoxatslg0FERnCbfEKgSzgf+8+fiIHWSMzsHjIBGEARBEOSiBgVoBLl8aRBOAy6PqjUrisBWcP4XFYTBp5KIIoGXRiviUD9I4uCt6PPZbG5vNSEiJ0mCxsDxetnnA3lZcnskWfR6HZzPF67X5x7Yr5FExV5rO2f1+OQql8sQFh0Zm6TXSuZwAx8eBR/h8zpkvc7nk3Qyr+G1hBM8vAbcLoHA53aVvMu1KGzLLX4u1iREEARBEJUmUxj/4tSrWEjH9EA9QvpcW+HZQK6mYw4PD4+Ojk5OTgYN2mKxlJwuhVOSJB+oxBqNxudTvD5v6elS5QelpqYmKjLSZrNZai3w9B1E40D2MioVgxgt+Xx+HRksKl7QsYBoELw9oihwnNZoAsEZ2qT6MwvD1vj/pytpVDbP+7M+c/7/mP6Mj7kRBEEQBLmIQQEaQZCW4BRV+5VYumdZLTHIw1uf2+20iQ6rz1nrctt0WoNOG06oo2ZzO50cVYyJ7PFwPo/HYa+pqY4JCzt6sODwTz/zgsbqdNc6XYKgCw+PTIjr6esZE5VgN+pdPBcuOQTZy0uc3i4ppshowRAucapEjH4XcjkhiZZqKzHHRhJrhVXUw4KeIAiCIF0HKL+gQffq1Wv48OHnzp2zWK12l1NmgMqs1rrweX2FRYWwNSIiAvRlt9styZJG0HACpz7TB/EZXhxN8cFrqDANj9AlraChMdcgUVM9mhXgYGmj1dBnQeBp6mgukIaDFSSk6TgIUeVs2iSAEdAIgiAIglzMoACNIIgfVoRQafAWHCCBrgSvyScrPhCjfT6f22kVfC7JaVFcVhDKBFnyuh0uj5VTQF6WOZCpfZJAeKfd5vN6tIoi2ewVZ0oFL7mi/9Xf79t3pqbGJ3MRgnDi8LF+V90We9VVNYXFRcdyiV646tphLpknsfHnKqpiPK6I3v05jV7plkFVCNJVSPmrpmUsJPN3rX84klSsn+lfThYIgiAI0kWA6ms0GkGD7t+//3XXXVdecfZYXh5NLybwPp8EArJGowU88GDd4RBFkYU40+BoNUQZTBVeVZwlH31ez6oSwi4C/ACFmqPGEYjQgppbGo6kCjUNeWYx0DzLvcHyQrN3bC8avi0x6Rk0aEmSCNL9EGsqLYI5zoxPiREEQRCkFXiCIAjSEqBBS/CSJY9HdFotNS67VRbtkr3KZym3lheLFovHWq2VnBrJ5rVUOkpOVxWcPJ17+Mzhw2LluerTp23nKnx2m+Xs2TOnik8cL7F5iNWjOGVB0hl+lX5TvyG/NlyRGnvdaENEr283fJW/+6cfNn9VXVRA3NbThSes1ef8dehRgL5Eqdi+cs6Cjw/RxcpvXpk/56MjdNFpraisbPJlEWHzkbUL5i/fXknaj2itbKZlqyi12rJ1x5vzF350RCRdy57nMhcW3fr2O0xxFgZmvbNmavnSSQu3dfRzrTnLFyxde6j5Zo5+PKiWQioAABAASURBVGfBym/O57r6CbmbXcf53/16dPhkEQS5xKAJyFgQdExMzNVXXz1s2LC+ffuqmrCGQZjEbDIZdTotKzEIorDP6/PCi5ZWpimjORbRTOVmySeJbjfo14TFVut0ujA40miE5ghLVxLIvqFhyTr4Bvjzbqgh1ZIaAN11U8FEC4yD1q4e3BjN/u0NsQEIyfts6ZwV2ypab67DI0KrI2MrlKz546j0NwrI+dNJg1pzVG5bvmD+2qOkI7T5drSZzuhVF3OBTL5209FvbNNcEPsNQRAEBWgEQdQA53qvAByvEF4G/8rtcFuqZGuVzmPXeG2K2w5atMvpMBqMisR7Xd7yolOVRXmuyhJLUdGZo0eKDh86su+HXdu+KTh29EDO3hNHCs6WWwvPVh8/e7rMVuuCY3gSEWXundTXa6u1lhSLDrvdZk3oGfPfb77du/vAf7/cUnz4YO2Z05999JEse+WOVSDkWnzRCKPmXw0ORzodV95Xaz/KOUsX3XnZH6/dQx2covfuS0kb1eTrb9/D9oodH328Ps9N2s+OZ0c10/J9a0pba1nMWfPix6te+Pgg6UoOLf/TvysnLF482RxYY07/++Jb3R89s6xjnoG4++MlH62e9+mRZvcoy1n70Vd5TnLehNzNruP87349OnyyCHIRwZ0v5CJEqU/9bfW2sjdc8MVGfV6nM5jNUb169RkyJPXaa1OjoiKDBQZpPLIkyaxRtYwz1aB9EkWWWDFDfzVBsBjUxB0AbISVZrM5NjYWfoISLahJNtT0G37UrBtMiYbD1RfH8j/ztCozGEJS1+UiO7ryJhgH71iZR7qeZv/21tkAhORvemP12ldWb2ldle3oiND6yNgKicmDSVRkBDl/OmlQaw5n/vqPPt5RRjpA229Hm+mEXnUxF8bkaz8d/sY2zQWx3xAEQVCARhCEEqo+s7o8BHwfjpN9iuR2Oi0uew3nsWt9Lr3PIXjtxOsEn0tnMIX16BnXb5C5R+/wiBjJ692354f9B/YfO378ZFFhPrxKivcdyt2Xe+S/e37ek1eYV1V11mu1S05TmCYuJiJtzJj+1w3t2b+Xo7rkxO7silMHiGS12qv3H8376uv/5h0/dij34GdffOHxORWBemDkfIGT4Zt/NVbfQ18NdkYuDEmPbDyXX8Be2569mpDb1wTeFrx+E+kIE14sCDS1ZiohyfO2Bd5uzEpq7WB9xus7s3dtfWYk6TrEDW+sLEqa/ewUc+jayIlzF1xdsvyN7I5EvOgnPn9kc/aRBUMDK0pWTRkw+s0Sct58+3jPgY9/QxAE6dZwHYNcbLQkQNffKoMNIHPBF4z5VGpWOL3OEBFu7peYNHTosJSUa/R6PdOgqfpMNWifD4wSlsqZ51RNW03RTAVollmD49XrBj9hpc/nMxqNPXv27NOnT+/evaOiokCDVosNagT2j1+P5v3XGx7R8xwVnVVJXOAVnpaBlrtMgN6z7t0ivZ4UfbG+uwRADpy7HkbbNZmxpON88+SAnk9ua25ro5GxY7RhWGy5P92SzrwdHaJo9eiBU1YVddn+oXTI5OuwfRWk0Sl08je287gIv9gIgvwCoACNIEg9wH+SOFB8FV5yc64qn+Wsz+3gZAlUaZkTJPZHQ63WbrXZnG4vb+zRMzF5QGragKFjh9yQHjuwDxdprPWJ5RZrld1T6ZRqZe60w3rGds4tu8G30ytcQmSPPnFxGTfdWFNR4ZU4t8d18IevHdWlkZGmPr1iontGVjsde06e3HUi70R5ecnZcsnj5bAIIdIN0McOTO5BupDKz9d+SUY+dH9yww2JM2ZmkC/fXdeh+CN9XPLAyLpE0gU/d2z2a1FBPkEQBLlUUO0MNTLZZAqLjYsdOHDgr3/96ysHXMn0Yo2aPYNFTtOYaFWgB4nZ6/WpcdDwjyzRTWrODa1Wqx6iys2wJjw8XFWfVdSI54DSz9Rn1mBQOlfUIoQs/4YaiN35SDnrP7OOfHrV3KSSletzSDfBNDA5qVOyKpfkHW95hwYjY7u59oFV/5iSqC63YVhstT/dkk67HR2j4HD7gvTbu399OmDyddS+Cmmp8Sl09BvbNVycX2wEQS44KEAjyGWMf/6pX9vl1JrsRNESnyI6HTXnfE6bRvZo6NRPmaPqs+BVBDbXVOIFPiIiIjzCLAgGhTd5hXBDdOI1I0ZPuGXijRN+kzZqaEpyX63sErxenYZLiIvuFR0VHRZ2Rd8+fXpE9TSZTFqN4HVVlxSeO1cdlZjc/1fjixxS/ulS0Wv/7cTf/G3+E2NuGm9xS+dqbfv3H+BpbBIK0OeLVLnpucyUawb0HDig5zVDb1yUXRQaRluevXB6Ot0Er5HT5tRNsMxZmJ4+Z4vVsn35HeNTek5ZXUQzY8xImbY6T8xf++SUPoMHzPpW3PHClJRblu+pXxipYn1WSsYz39QL1rXuee/xG4exTxk8dHjW6j1W0mHEii3P+NscljH9vfzQDxSLsudMG+o/r/FZq/a26/Oaa7lkzYz0lOdygsuT3jxi2b70xpEp7NqmT3/zgCWklbpGBg9NSU9XXwt3sm3WA6uy0uu691OgewdydpCUKeOaiDLSj0ofS3I27W4UA13+8T3p6fO2B98fWHJLOr1NwRXbn0lJz1wD96/03XsCHaC3Mv3xDYTkvXoX69jSHcH9fZWbFtH7C33rk5G1Jq/JqGv69Zj06hFCsmex87rnvZBIn7qzSxkwbek3NaGXtmTTomkD/N9GdsWaq6rV3CVqgGTd82bW8MB1bvj1bnlrCHlvZaZkzFh1tNsle0QQ5EKilgeEH3qD3myOjImJGTx48K9G/io+IV4hSjAcHEwSieVlZqUHqUZM1WfA61NLBQbza0BranA0rA/NyAHaNIjSsFNAflbDpqkarcZmK2pctRpcHcgDTbqC7R+vsQ6dNj79vntSxI3ZO5qvdNjIBmBrW/4zG/o3H8bT+qNkC+x4Lj1lxrvBuM+WxlP2MU2P2juXpqTf9RwMh18+zg6ZwXJt1SdkZKQ0N/TQpuZvqslfk5XhHx/veGZTOd0Sl5oxMoG0Miy23p+WTBrL3tXTM/wmDf3couaHqtDbwUy+Cl/9HVochUOvMz1WauJ2nM/XoNVe1TuFOiOk57ApAbuUGWDzsgk58tx97AvwXOBhSdN2bPP7t9UOaZ/JF6RZ+6rdV76ZU6j3jfXb6nnvBS5v3RVToVc+6AIEfnea+kXw7x76/c9cWN8paPCVrvtWtOUXDUEQhIECNIJcvoDnAz4Oz5IMqi/wdSSP21d92mev4hUvi3rmdZws8P7IaJmj2Q2pQyUxf8jr8blciuTTCDqt1qQxxRljr0q8auRVQ3+VOGjQVUOujE/QE43LHB2W2LdPvz69XXbrgD59eoaFWaorj/58wHb6pHSuyGM5O2TEr29/MMtjNBvNpuuGDLiiT1RlScmhH3MVD9m5fadX9mIC5vNEyl81bdT09ysnLt64L2fbdy/eH7Ula/g9q/NUq9eaPR38K3fG259uO7Jt44qJtrVZU+ZsV50G8WxpyZZX7xuW9QW59rbMjIFGWOesqPjp81n33DqvIPGuaXeP7aUfe+uNxryVK7eE+BnSkdWvZltGZUwIiZU5tOKuSc/mJP157a6c3bveuL/fgaWTHlh9fnMig9Rufjx9mTjjHdbzSWTTorv+8m2gGwWrfzsxa0v0/R9u3k23jilYeM/EWd+2VYNuoWWxoqSipm55z78eSluQf/OLX8Ceb/+x56YXpt3+lt86F7fPT8v6KurPa/fl7N63fu6vxJIKU9rTi1c9SidzVq7NmrawIO1t1r0XUvYv/H3WWubH5p08QszDR/ZtqluxQ2D9weONKh0lDLlWKNm4J5AN8NB3a/NKKn5aG5xJvWf75xVk2K+S4NaIxaUlZz3soFEP/33e3dCXuHGz/z5v/t/n3TbYv7tt3ZNTFvnu/2rr7n2fLr2LZM+756lvmkjWOfCuefOfGJdISMp99PD5s0fFBTblP/fAn79Ofobe6zUPX3t69T1/DNxr+Dbekz59a+SMVdlH4Nu4OD1vxbRh87Y15cI1e4nqY/1m3sRJKwrGPg1fb/rVit8a8vVuZWsdeW9OGf18/sR5L2Vd3Q0ivBAE+YVg8cdq3T8ZFGSDQd+jR4/ExMShjOgePahMzKwR0IVVxdmfdgNUY6KoMjT8ICFpT1h8tNcSAuzG1GdNg8wb/vwbtAdKMFU1If4IaBXS+YgbPv2CjLp7SgJJmnL3SOu7a7c3v29DG4C08mdW/Zv/oW3K0zD6b/vuuQz3O/fd/nKbps6INSUVFYHRtqXxlNLsqD3wtr/Pmz0Z+pl6NxvpHh4b3eiTQkbGloYeT0VF6Vd/veWuNbEzYHzctXb+zZXvTr9jfsj42MKwGNyl2f60YHhYvn182D3L80bN/27b7iOb18yO/Wr6xGmrmq56yG7HC/v7/XEV7Lxrzdzr9jye9uTntXUn2+IovPeZ4HXe9cbd5MOstOcONL4d7f4atNqr+ux5bsr0LXEL4FLkZH84lYBdOm8vrI4b++D8v09LISRx8kx6ef9+60DWdnN2bDP7t8MOaYfJF0rT9tX5XPnmTiH0G0tt9XWLJt74XtzjcMU2r312XGWIJU+K3rpv0osFE1+ED929a9Xd8WUlFQPu+vvz8zN7NXntwX677xXfrXAx9326au6A/FVZo270nyP9oOL61mDdt6Itv2gIgiAMDUEQ5HKDxdXYbLajR4+WlpT6JF9kZJjP6eqf2HvQoCsV2SeA7gs+kKBh0T6cj3pQtBAgzcvBwni8LqfHUWurqdTJHg8RNYJeZ+6hGE1Ep1P0Mabwnn3MMbxObwoz9QgvKikvt3p8DqdL9Ik6QqKM4eVnS1Kvu84oaPdu+z7Z4oiO6dkzMb5HQvwdDz7yzcfvlebnX6Hlqs+Ug88m8tK+ffvsNXZjrLHtz8saFAzk2rNzR2jQwa4JVWof4pblCw8lzv00++lU9n7S3E/7kuF3LF2y5f63J+krvvz8x9i73/7X/MkmujHzuZeKd09Z/tm2FeMy1MMriga+nfNSsBoekxGPiBnZp/80MPAJ92eNWDnvnY8rJt0f5//EV5YXpTz7r7SQXuSs+1Ic+eS/3n4khb4bN/fDhfl9Hlu3oeDhuQPIeVNRNPzTPc+MFUJ6vj77nzfdqgcHcsnSQ+NfKlh1ayTdGJu5OPu6iPQbn1v9xE1zkzvUciOqBz69fU0mDX0ik+f9a0Xe0Dnrvsh7cHYyETd99LFl4ksfPpJGj4q9/+3F+3tmlZCUlDj6/vCO3SR5Xtbk5FjYNmPFv8jCd8VSkSToi/PzSZ+74pruV0RUBKkorwDntv76lCmTEpdv31X0ZAqIzEW7v6sYNXsuWblpd8nTqeAJ5+/YbY2b/NvU+sfoB6RNHiBuJKstKemTJyWGbCnJu3bt6cXs9vW9e8WK0h1TVq7e+vyEKQ3OPjZ1Uoa59BVT7AESAAAQAElEQVSyMfE3kzIm1Nt0xDBt96f3sSBu/71e+96hh+EbWPHp0oVHMl7fs2oq+0bFTXtm12Dz8DueWTlj29NXNzjZZi9Rvb1+WjnrM0Pd1xs+bvPAe0Y+rn69W9kaIO+jGZNeqJz6xpYVN5kJglw8XLDszPU/qN6YqbD/fnEaJHpucGVa3toQVTNmR3BMg46MjEzslzhs2DC7zb5nzx673QYytJpnQ2FZof0NKoRVKOR4eEpf/7LADlarFRp1Op1qXg69Xg8/WTIzAT5Fw2KhWfwztSNoZABozbxqcEn+UGgWBU06HWf2ui/JhJduo+NOwm+njXhm3qcw3mU0/yyuvg3Q4p9Z+jf/UOyMD7NfGMG2Tpr74Q3XzErPOtRwFGuZlsdTSrOjdkLK5EkRxavIhr5pkyelt+GzWh56rGTS+l0LWe7dvg+//UplyrTV63YunTBRPbaFYTFA8/1p3vA4sGzBF1F/2rjrSfWipT/9xpbBWUNnrcie8XKj20RvR+XY53Z/+ns2BPe9f8XGtH63ZywJfkqLo3DRgX0Wkjb7kTRaEWPc/I9e1S/ZUwGGX1MFMtrxNWi1V/Up2bOnktxwf9YoaplMWPCvD8OW/7eyhBZ7HJOR7PmKvCleNy5jcqBPLdixTe/fDjukEc2afPVo0r46rys/tMlTaIxIfvvlxmdG0i9PYtaLr5YfmLbKb8kfee+dI3GPwCMNeqfixs1//fFto9+ojB81sJlf8CPFA9bsfzGdGc+JT7+R9qsnJ97z/NINv1811URaot2/aAiCXL5gBDSCXHaAF3Myv+D1V197dtEzq15ZufqNN99a/a+3Xn2V2O28y6aVRYWnFW/YTFRaAMfHCQqbFcopXknyuN2i1+VwVlVUnDhmKzl5Lj+3pvD4uYLjHkuVItl5zg4qtcYU1eeK5GuuHzkgccBVvfuFa3SWc+UGjWdocn/ic8fGm8ekjwrv1y/uul/95ra7Bw8blp9/pOpMscZkuvGOu3IPH/v5h70Oq9PHyz6ddPpM2cm8gnZl4OCUeq927dyuYzvyuReGr7dkk6sz7wtVH1Pn7ssvUAW4uN+vOrJt6c2+yopK9RU7GByc/JJgbLL+9j9ObijKpWVNHRjyNjZz5q36vWtW+7PdVa59J5tMenRGPUM57dnsbV8+NMDi/5RKS+zAZJJ/vGMh0PrbbxtblwIv5VfgEpZU0EAlaf+O7WTCuDSxMnhelfEDU0jRd9+0bUpgsy03ZuStExOCb8xjR6WQvPxiumx1WaEhfZ2JT5/2Wqz+kJQB16WSvBUPz3kvJ6/SKgopM55bOmPE+cfepqan649u20EnSpb854sjyePuenhKWt4X2fQCV+7fkWeekt52b9+cOSXk4cHVw0A3KKaqd9tJu29iXQoRfcqwZFJSxCZx/vj9NjI+faxYd18qEgamkpKvdzeOIWrTJcrbvc0yIGNsQkiDYuK1A8imnTmtbmV48tZlTVpweMIbW15H9Rm52OAuSCHBrmq3U2l71cHW9XK63X9mLByZNxoNMdExA668cvjw4QMHDtTrDapezLNig6o6TNRMHGq0siTJLD2H2hOe6cvQoMvlstvtIChrQmDt8CwZtJoNmvdHP0NHAtk3/PUSacM+0tlUfPrvb4SMu8arf11jp9yRRr78fJOzhSPq2QAt/5mlf/OvfjhrRMjR5oxH700k7aPl8ZTSjlG7FVoeeszTbgmp/HZ92lhCDhV1RqG5Fk6hYNc3lQN/Nya27gpXiv2uHEi2bNvRqBF6O4RbZ08LyeIlDJw9MyP4ruVROCF5SCT54i8zl286VGJxkrib5q6Yl9GM7NmOr0GrvapPXPK1sWTjU/esyD5UahWl2Alzlj47qdnvTKt2bAPaY4c0olmTr3U678o3gX7SbSODXx5h6G9GBK+AaLGSqHBd3Z6CjjjE5tPgJM54QFWf/ec44c/3J0vZW3YTBEGQzgIjoBHkcoPG4HzwwQe5h3LBxfH5vF63l+Mkk6yAeU9dIJ76Q8G9wafSsBQdks8neT1ej9urSHCQ4vE6qmrKXV6J6I1hZpE7HV5bGRkXbTCHa01xBlMP3hRtjPfGDHZWWGpHDEuKMBgs1cVazl1hqR487GpTz4jDR8tumDSp0uUIiw0/WVws2cTBN0SZ+yYMHD7i1PG8+MQk48E8m+j0ON2ff/HFtcOvN5oMBGkfJcX5hAwe2KwVaz2w6sk/L/y2Up+QGMlGAxGEwivrtif16tnomNiE+gmK9Tc9MjtpysoPc55enEb2rlyy1zxjbcOonIotz9z++Lt5xBwXyyxbnwUUzVTSIZrqG6O05BA4PAtGNdJcU0jzqS3b1HJjEuKaiVaOnQgy7sJXls9Mn3u1njiPLH/5C3L1/N/5c2skZr2zXv/sc0uWZK5dBFfQnDrt+Y8WZsQJJNJsJpLYUh7iJmXqoRmZ5nc37RYzR+V8fTQl85XEOJKevAAk6YcTdm/bIaTPbkex9L5JHS1z3/AbEoB9G4/OT9nScENyE6JKs5coFBowXpB/R9rqhkentL6VUbHlsxKLOWPKCFSfEQRpCC38RxStVmeONPfp0xdEZYfTYbPbiouLQXsmMhWM1T3BbOJY5DKNWZZlrxce3BM1m3Mwrlmojz/fM+/P/RxIPc1yfDAxW83poab1kJioLXV+Co7KjRsPkAF3u7Znb1JXCInJ5OPVn1ZOva+5kaDeX/gW/8w2bYGYIyNI+2h5PKW0Y9RuhZaHno6Pj83S7CkU5eeR/LzMUasabmjiuTK9Hcl3Dao/UOrDgnZDK6OwftzSnFXmWcvenX7HSvp2QMaCF57Pur7J8bHtX4NWe9UA/YRnN75tenzRv7NufAW+kOak8bNfe/7hkc2N0q3ZsfVplx3SiGZNvlbpxCvfBM1//4dOuz12zTsrN019fnKsXqzMXvKvI/opT4xttqWh1zb4Wg24Bmz1QwUl5CaCIAjSKaAAjSCXEQrzXiwWy949e0WPKPkk8ItE0aPXayTClZWdGTAwEXwhXyCAiCUnJLLkVWSf4vMoPlGgmTg4heOJpGgIX36m7GTRWXNsjMXp7NM3MaZnTGR0TEKfgUKv/poeUdqwHtFJA+LLK3w+8ofpmQVH9znc3lE39Uq6JvnE2eoD+35KuzLFWlWhv27gkKuGns497KqudHPSwCHXHy2qiIjtzYEQLinw8T/s2VNtqe1jSiBI+4iLTySkvALU3iaN5j0v/3nh9oEvbN0+w1/cXNyQlTKr3dE8KQ8/NHT5s+9umDeMvPOu5er5WaPqb6/8eNZj74r3rC1YmOYv231oeQozsruE2Lh+oG6vKnh9IvkFibt99owVmUumpPgnmSbd+vp7D9f54eahM15cP+NFIlpL8jYuvX1R1qQeG/fNSUkafA359+FDTpLceLajdOTnoyT1zqaylghpN99E7tmeYyHbdvS98Vn6MaMnJy3d8G1lwp5sMv6lsd2iWjr7Ng5cde6ljDbt3swlCt0lPiER3Npdm2c3mVml5a2Mvo++8xJ5MmP6A9fsWv9wcrerKY8gyC8MlYUFTqMI4eFhCQkJQ665pqKiwma1VVScZRHSSr19WegylYyJBDaVwqRnNcUzrATRWc37rKZ+Zj/ZssBEaD6oRQcEaH/UM6ttSKsbUkjncvTdVXuJPiFnyQs5dSvNJG/jVxX33d8Wra3FP7NikxaIKHkI0ZH20Mp42rm0Yei5oMTCE+WBD2dntyVlGb0d35ZWNEiaUfetaX0Ujps4/9OJ8+FBuKUgZ8m8GQt/T+IPtJZ+oS1jcUu9aoQQO3nB2skLCHFa8/asnDVz6aQFiadfbjotTDvt2HbaIZ1GV135Vhn559kj//3M9LQv1Lf6UbM/W5jeQoKdvEIQnUNWlMLzD5KaBL1vIum4u21RHQiCIKFgCg4EuYxQC6mfPn3a4xHBb7LZrNXVNdS9YZ7N0WPHPB4PK8muvqjL5PV4faLL63a5HXZ4o3g8WlFWXB6H3e7yiufs9uJqy+HS0yfKzuTmHTuZf6q86MyJn346e+qEtbJc9kqcxhgWERUTF08i9Mb4+GEZt14/7ncxfVKOHKsqOXXuTEF+5bFDBTu+1QmeWmdV0Yljrqpancb0x7/MvTUzs1fvPnqtDv5IFZeWFJd0ziTHywz92BuGkt0fbwydiVr+8fT09FkbrTTR3t5Kkpw+ISlgi1qz120l50HcHY9MJtmrX16++ksyOev+hm7hkQM7JDJiXEB9Bv05+4t25XRoH6a0m0eQDZ99ETrHsGjj0jkvZHew7GE7kPJXPTBjTcLc7/YcOJKz+8ieI+e2vjQ18ABF/HZ+SnrmGtYbvTkx9b75T1xNiqh3RuKuHZZEmpntuCdnE0m8eUTTE1HHjssg336+aEu2/qYbWWg5TQy9Y/uSdd+SCZMyukdlPfZt3Pz5htBikEVfLFywdFOj1CgtXKJQUsek6/PWBcstUpwHVi2Yv2av2OpWP5qBWe+smVq+dPR9TRQnRBDk8oZKwlQhFgSjydQzpmffxMRfjfwVEB0dAyJyXXFAKVCAkBbMoEeq+TOCEdChunNoBDTLu8EzyZkLpDvxh1X7M28Ewp/VDyCdSl72F0Xm+z/cvu3ItrrXgecyyN6P17dtvGzxz6xqgbxbrynpyPp1bSpCGHJIS+Np59LGoeeCkpI2xZz/3qdHQlaJe96aP+ffBxpPlqK3w/r56m9Dt1jBHAostzwK56/KTE95dhtdKegjk9NfeOxWIpWcrSSt0vpY3FKv6lOwelJ6+jy1EqbJnDxu/oIphBSWNJNQpb12bDvskE6lq658K1i3zbnjmbzbVx3Zs5v+7uw/cnrt3JEtxVXnr/+63q9n3qbPD5G0sXQW3YDrriZ5B0K+dVLOju0EQRCkvaAAjSDdB4UVrmvh1b62WCZD+qIxOZLssNn279v35mtvvP2vf+n1eo1GMBpNcfFxCQkJHp/XqZAfDuZanU5wmGRwf3j4x6347JK7xuuo9diqFZdNdtpcNWcrTucVnjqWfyr/dFV1rUeS9GG1Do/Ly9tFpayq9mxZ+ckTx0tPHT9bfMJZcUasdgoRUT0T4p219rAecZwpjAhKUfHpTzd9ebq8+kxF7Y8/HyguyOd1RBtpLj9TQZyO2tpzbiIYIqO1Wr1AaEIQyec5ejjX6/O29dzp1NjOebXvmnfg2C4i7p4FM2IPzHtg/qYCajSK5TlL/jx/k5h213iwQBNHjoglRz9fs7tSpJMWc5Y88NQ35zcrxpTx9J8T97y5eo/5/hkT/UEo3zybkZL5LvXjUoaOFcim9R/nOWnx7rz1Wbe/1aXuXGzmn++O3PL47S/mVKif+OX8O59c/XNcSlcFTDWmsuDHUpEcWf37+7L+Z8XyJave3bD9SLCAvH5Uxlhrzrw5y3ewC1+xe926PJLUl4WIXf3bqUlkw6fZjRxLccN774pJt05rJnGJflT6WOsXa780ZwYyVNLETVd0kAAAEABJREFU0Fu+2GBNmzyqOf05LimJ5G1eu+lQXZ33dpHQF9TwnLVv5uRVVlra0EDcHY9mRmfPemD5jnL2bSzInjPz8VVHYlP7kkan0/wlCmXUjAWpJctnZq3Ns6rf4VWP/XnhtyQpRd/61iDm9NfXzk89sHRSoB79N8+mp0x/98I9rkCQZuiW6ZcVwskhL4XjQ1/ty0xdj3rtNPgUuX6sceddGZpvWQ6+WA6NurecAm4SrYmh5bRGrTHMGB4TFXNFvyuGXTds8MDBYWDP0Ili9ANpsg41dbPij1xmkrSqSctsN16NgFYJdpJnz/xp7LR6pL8DPHw4HCdJisQqGzIR2qconStAH1n/WUn91MMU/cS7pwpH1tRTPJunxT+z9G9+7JGF9z2+5lClKFELZNXMh9Y425nGosXxtA3Exfcn5PuPV+3Or6i0tnxcW4ee5mnDsNiO/lCEtKzHUopee2j6+nwLu8Q73sy657nvGo1kDHo7rBseu2/hdrqzaM3ftOCuWQdig3u2OAoP/N24iIp/PwUfBDeLOPPXfppDhMT4ttyu1sfilnpVjwEZUyJK1jyVtVa1Wgs+Xvs9If0T/U8ceiUmkSPr1mYfKq200EzlrdmxDfdvhx3SMRraV+d/5RudQtsRiw4fryGWL59Kf2TREvjd+dfHm3azj2iW2LPvZN7xJjOenfBNmzHpxSORf3wik/YkccL4RLJlySzWSXqLZz6+Xh8qZrfzi40gyOUKCtAI0q3oNAFaLVQPbpDP4606d+7nAwfWvPHmP5av+GbLFkuNxeV2g5cTFh5mMprYLFCN3eM9VXa2sOQ09cZonLToc9t8jmrRUiFWl7mry701lZbTxWX5x/Jyd+cfO3j2bGW1zWPzkIiYHubIHmZzpMsr2T2eKnut0+MqO118+uTx8pPHz57KjwgzeWy20pPFPRMSwcuy26v27vuhoLigvLqy6GzFWbvjdGW1T9a5JV1lrdNqs52uKDdGhAtag95g5MDvpMUP5T0//KC6c205d6XzXu29eed9bFchDH1h8/pnk76bnpHSc+CAPmMyV5KHP9y8dAKb1jfyqbUrbqpclTmqD2xKm7FpxJovz3eeafLM+ZMFkvznGQFX1lqel19RUFABlm7s3W+/83DS9vmjrx3Qc3DK6BXi4i9emkq6EP24pfvXPEzez0xRP3HOd4OeXP/Zg+0tfNQBEtKfmJZCoodl3jHMCG9Pf/W3rCkp6Vkb1BgeU/o/P3xmsnX1HWlwU1JSMlefHb/0g8fUK58ye04G+fKVlQ0mOxa9u+xLMnbm/c1mk4i9ceoouN3pNwfTPdPE0KBop49t1ntMmf3cw6ml706/Iz3lj+ejt+onzl0xMfLrFzNHp4362/dtOMCUvmLzmizy7h1j2LcxI2tL0vwv32lqJnVLlyiUxKwPs18YemTOLUPZdzhzYdlv3/7U//VubWsIAx7+7NVbyWczbn8tH3SOH78tSbr5txfucQWCNEOnyaydSb0n5TQjV73XeQvQLAY4pKmW7Z9W2mrX+Sh1L6KWKax7CyYIz86S54mgE7TRUTG9E/pcfVXKr381atDAQRFgq6jhzCHpOGgaaJCLqY5cV0WQC8RBB5NyqGq1uhy4slQCZ0cQ+pLgpYDlQ6tv0P9Er69TVZ3dH68sTZx9R6MSAUJ65j3mos8+39MmubvFP7Pq3/zYbfPuGNVnMFggM17p8XTO4jTSLloeT1tHP3XO0snmnIWZGSlpi3a0vG9bh57mP6z1YbE9/WEkPbh+1+JhPy7KGHDNgJ7XjLpjRemUVRtXjGtSv2W3Y9y5VTPozn2GZcwqyvjy1ZBBtsVROOmh9z58MPbrBRlws3pemzHn+9isd55vWxaINozFLfSqQVP/XpOVkDNHtVoz5n+d8PCnzwUmcl398IoHhxa/n3Vj+qhJ79GZka3YsY32b4cd0iEa2VfnfeUbn0Kb0afe/fBNsaTvbx/NoAaw66e1sx7I6HPL8kPN/WoLN76+dm7khzOo8XztqDte3N/vwbX7F/r/RCQ/tnrFTWTTUxnsdzlrY+qrHz4UKtu3+4uNIMjlCde4WjSCIJ1FdXU1rzO2eXf4ZWzZ3te0dnjIIgujgQ58//33e/fuKT9TbrVaPB6PTq+31NZWV9dERpoFjaamugYcIoVXrDaHQcPNuv+u6fdNkwl4PG7JZfO5QGOulexWm8XqcrqrK6sqys/Ya896id6rCfcoOsEUbugRFRYWZjAYCgsLbbXntLJLK0p6wsfE9tTodb379kmM7+OqsTi13LCb070+5VR+8bsffvbB5q/hAdi461KujNaHCSRjyrTtOXttTntcQuyQUWOHTZgiE/6vs/+8ZQst2AEeWq8+fT78+KPExAuoITKE9vyBlDpDEDCzoKrOx2mtcIj6sNjIRr6EaKVxOnpzbGQHMjVUvDct5dm411vIWCeJlmqrqDHH9bhwCSFEeGri00dGm/UXOL3v0eXDp3zxu/Xbnr0+sMb6xT0jHy9+PHvXn+oKx/uvfMObUrLqjvSFZP6+T4MeUeXazFFzHPMvnTzFzX8bG9DMJWpivwor/RLHmfXt3tqAotWjJ+5/ojNyLyJdDQxw0dHR5KIF+m+z2VrYgecvujARnijn12elQZhzw+fNisCeqgc+5ryvDEd4rtljmQjON/dW7Z7T5aqtqTlx4sTuPbt37Npx/Phxr8cjM2eK1iwMoOFplg3Cag9qtVqNRgNmktlsjoiIMJlMOgasMRrD9DoDLGq1sEKv1Wg5TlB4DYjRNDsaRXQ6HR6v2+12OV2Oz9Z/TLonLf+ZbfPf/CZo23jaubR16LmgiBYaWKqPjG3DSNbqqNfCHVGttTZ+ULs+t11jMethG3c+Hzu2I9/JjtBFV74pxC+z+jwmrti/JjMYqXxo+fA7Vo5orUpKS8az2v+OuQwXhovdQkCQbk5qat203CeeeKLlnZctWxZcxiKECHJpQANn/BE4iuJ0OmvOVu7+4YcD+/dXVVWBFl1VWyOKokFvcNjtJaWlRoPRarXCziajEfyb6uoq0SvxRt2uXbsm3TQ6KlwniS7F4/A6rK6aKsuZ0rLyczW1TpvdJckyp+0Z3Tsptn9ybNLAfoNTwuN6qdkM4UNPHPv5VO6Pp4/l15SWn6pwcBp7ucPusLqlGvvQ8b+xWWw2i6O80pL9310e6CavnCg/M+zasX16xilh0fr4xH59+wwdMfyK5Kt9ggF8rdjYWGgZvFBo3GKp3f7f7Zn33RfqgiLtwGSOa8bIBjvyfOt6B5Byli07oL9nbUuanQAmdZfVj28GfY8On9r5UVZSRPRRESFrzAOv7UUO2j2hezVz5ROzXl369fj5099M/+4R6l3nvfnQnD0pz26+hKrkNf9tbEBbv5zgo8ae79b6VOzeljflYVSfEQRpDMfzoCWHh4f36dPnOvE6p9vpcDhKSkrg6T6I1Uq9uU/+CB9JksCGCSR9pkHQhEVwk5A4bl5Nw8FaYJPQJCZAq+UH1bgEjjXWje2flv/MtvlvfhO0bTztXDrBLup82mNEtTrqtXBHOmKtdd5Y3K7vzPncr458JztCF135pigvLSFkYFRoWMuAgYMIsYg0RXsLB7ZkPP9S1w1BkEsFFKAR5BKBY+5OWVnZnj17Tp06dfznXJCVYbVWp4Wt4MfodDqNRigqPgtKtMDzRqMxzGQC36mmpkb0ukGADjNoCwoKdv53x8QxIxSv222tclmrq8rPVJWerayyibJGo4/sEd/nipFp1/16lCYi0svzGp1R8YHbRfM1hoXrrxsx5prUa3mXt+p0+dHjx0pKC0tKCqyCUXTVuGyOE7t2V1mduw+dqnV5vTQ+iANp2RgV3St58BVDR1w94XecVqsQwavRwrloBU18fHxwaioI3998/c0f7vmD6rwh3Qpxy7trrCnPPtTOebWXMKNum2r+YknW/LgXsyYmGIhYueXVx5eXpTx7V9tm8ibc/ekXhoX/WrehYP7UsOz1haNXbJybOYAgF4DISS8VTLnQT0oQBLkI4DgNWCA6HQjGYJ/InOJTQCD27pRk0KAbhWz7kzqDGQNScjALR9CqYct8QH5WX/4gAkmWZIX9ZAnRvD6vVy0V7W1rJYxLig6OpwhyuZI08bbkF5b+dWaiYd791/YgpObw6heWfBN794fju330MoIgly4oQCPIBUVR6rkoHNeOaaRqaA04JGzyqcLLRHVpYI3H4zlTUgrSc8HJguqq6sLCQtHt1mo0dFqoj9OAdGwwKLIM+nJtbS0o0YKg0en1cJTd7qB11RUl0hwOh9iIdvPWnamJCeGCw2OxnT1XWV19zl5jlzidNrpnv2uuT/nVmJ5XXKXR6wnLeghnoOEVdd6pLFEVnNOG8wKJS46KGZjs9bic1mqfw1F8+HDpucr8Umtldc33e/ZJROa0oDbrjOE9Bl0/OmXoUHNcb0Wrl+nxvHqe4In17dtXDX+mZ+2TKs+edVhtkVFRjRM8dmLO5Y5MeG5wbPuSdl/EVK7beCRu2vwZmDQ3iCn99c2r4p9aPm9a+hwWvqYfkPHsR89ntf0SDbj12eduZUsZTz+XQZALhd4ci54ZclnBdWY6ab7tUboNcgA26Eb9tyxFtMIF350/VBeW639OmzssU70ZzDZqXBkMPaKikpL6saf4tfATjCvYCicFFhetGahIAjPw1MKC8Cmh5QfVZNBUfA4YgTTyWZJpjDXHy4EE0mr1QW9Af/ZJnVuE8CKh4+MpglyeJD385Xr93/7f8ntuWcne6yOvv/vtT5+ZgCHMCIL8cqAAjSAXkoZJ19vl96n7CkxxBr/Ew5ICWi2WkpKSkydPHjl4yOFwwpqKigpQlvVhJnDWvKLH4/MaDAY44kxZWVVVldFoBOnZZDK6XS6n0+n1eliflDCjwePhbS73kYKS73bkDB8Q7a221FiddtHj44zhffr2uXb49aPTw6PjJQGUYupl8swblBs4jUSQVX9KIHqNAM1C4wlJV3pEz/Da2sMHD739+WY4QqfwOl6b0LvfTZNuU5M50l5QD1MJXBnObDars1NZWXjZWmupOHs2KjKSa+R9Kp3nPnMdULIbHnu5JAuJzVy1LZMg9UnIePbtjGcJgiBId6dTNeiuEKDZMN9Jnaz3sZzCtX2oZhYKPHtXFJ5OIzMZY2JiBgwYYLfbrVbrkSNHmEFFdwMBmSP04TyYN2rQgJqFQxWgg3UIWe1F/8cz/Vli9aM59a0a/gzGntcDCrSHydCXZQQ0wfEUQc6TyOvvf339/a8TBEGQ7gIK0Ahy0cCxuoLwv8/nKzxVuOeHH8+cOQ2UlZW53SK4NZLPBwK0LCt6vR7cGDWBIDgyDqcT5GbYpNFowfUBLViv08MKL43WIT6J7uNyuVRv0OpwfvbtTiJeF80TRdLw+h7hCX2uuvE3g0b+Wq8J52W+PRE4NMmGwnE+jaCYdHqjdu+GYzI4YD5JJysmjT48PFUfhrAAABAASURBVBz8sYYTVxngncFWkM7Vs4CfIJcXFRUlJycTBEEQBEGQC42iWiw8y2PGaaiaDOYWPND3eOHRv8dmt8EeTOSm/8POYFmpqZ/VnyoN5HU1SlptGaRrmQjwVgLx2SeBnUaFZ/oPVaAJgiAIgiDIRQsK0AhyIaG5/tq+d3DmpkIU+F+0u0tKS0+dPHk8L6/w1Cmrw15dVeUWRfBOQKTlZOrkgMejVldXWOkbQSN4RNHucNhtNhBwYaWRN4SZw2GlWgte4WQ1UyE4TiaTCX56Zbm41r3n+Okx1w4Kj+zRP/n6QWk3RA+60qfVKT5QucHvamtuCVbVXiOzZBTgWFXV2r7I/lrW6BTJa9TrtBpdPfU5EAfE8WoIkAD9UTM+M09Mcjgc+/fvnzBhQqfGaiEIgiAIgrQGM5ZowWcWxqwReK2i0en0cbFxQ4akgl4sS3Jubi6NA1C8nCJz1CTzp37WM8DmUad8NdG2QlNGS4rEUn3IPln2esFSE92im0UeqBAEQRAEQZCLFxSgEaT7AuIsTSYoS06qvR7I+fb7yspK0GGplyMrDo8bvBGmxVKPiIeXwAl6rUFvAIfHp8gCL3i8nuqaGqfDaTQaNRqvVktTP7PCNnLdXE5W98br9VosFrqBcJLO+PPJssQr+9w8dvz14yaH9YwBkVhH54ZKcrsEdCqd0/+1Ek1PUZp3qux0GSjYgt7ghd5KEkjMhEUSsZ1B2K7nmIWHh0dERNTU1Kg7QNd+/vlngiAIgiAIcsFhErDMYgloShCNRhsWHgZ2WlJSP9VaA1Pq+PHjYHrRuGjFX7QD0IFQzQRotW5HAy1ZzYSmsHIa8K9XptHPHo8IWjYI0D6fx+ej8dXeyzYFB4IgCIIglwQoQCNId4Am/6M+CuElNnkTnI7S0tIzZ844nU4QnU+dKqyqOue2OqlXoijg+YArIrqcXp9PS+sJ8lpBA/9ptVoWHcy5XC6nyymKIrgrIPKCjGu11PCCotPDLgL1akSXT/LQ7IQ01AbalIOTQ6FNTvbZFOXb/ceNfQaPnhwuEYXWyaFqt+ozCW08Ky6QFpmGcEtSQd4JQZKMOi30H/rh8fpi4hJ8tIyhQIsNyixdRyAvJEjOGo7Xa3V6jdZgNMbGxfokqaysDE4KzqgTA4E6UnUQQRAEQbohLUwV4gjLTxwonwALMO5TbVTgYZylBR6Iv/qCJEmqZkqL6imKOieJBIZpJaRmA2EPiemTZJ4+VFbYg3EwK9SpXOousuILLRisFjIOdkppsXAvT+Rmaw3DE3dOaOlk6xstofYDrWzY5sfqXCBBsxoKDU/kBZ4TtDpB4WRzFHTw+tRr3Q6nVxTzT+S73G6f7ONpXIDAaQS90agz6MFKo7meqTWlFj9UaI4xmh5aLd7IUYNMkn0SrSwNgAot+9ySz+sFGdoryl4PQRAEQRAEuWhBARpBugN0iiaddOnxWWotx44d27Vr1/Hjx8PDw3w+X01tLXgfdBanTCuny7IEiywsxk1FYy2VjvU6DtwUEaRl0eP1epxOF3g1RqMpNq6H0+EA0dYneTUamnhQhg/xgDAtUs2X+Yzg9alzO8HDpEE6Oh11NTloNGLYiDQd+Ess+3Swq+04LcUvQIOr5pWlgpMFGp6Pj41lEUAS+G1XXjnAUmtVq/Qokk+WvNC+FvxdLbh00F9NuCmsb+8+/fr1KzlzGs61d+/eoKwbDEae5zpNg1Yum2KBCIIgyOVBCwI0yMM8U58VpgeDAqthQ6rP56VSKNgaXrATPD5aJcKfv1h9vO1lpghhGq4a2AvDtZq8WC2yB6vhgbW6Bn7A/uqjbfoI2//hIeJvfeVXaV5/ZiJysyO+wvZofjPNHFZ//9BPal8p6ODOLGRZZoo0yMuC0WCQIyIS+/T1Dh3m83gVSS4uLbW7HDSmmeOMJqPeaICLCBI/yM9qXrVATg1qJ4E0ryYhU4tesDlqVHeWqV0kSl4PVZ/h7pC2JkBDEARBEATphqAAjSC/FHWSrur42W32b7d881X2V2fPnuXBYzEaqXDMEjwDVG6WCUvuDFKtZLfbmQdI45LUGjg+olhqa61Wm6ARekT1iIw0e0G8rqmBBji+zhdVvcrGM0AJ86OYu0jnioK3+fTTT0+YMAG8R4l0VOoF78rtcvl80m8zbomJiZHZx+v1epvF+sXnn9Otbherr+ODz4UPF0D91upMBsONN06AfpeXlyfE99bp9SaTKWf3jzdPuFkDu2DoMoIgCIJ0DNmf1RjUUY3o9ZyrrqmuPFdSUgKmiMvlApPAYDCYzWYYu+GnWpsBABNFXValZwDEaLAuQEhly2B28BpFo1oegYBoroVJR3zLg7pCmo+AJtTIaW6jvxxgyAeF7st1yLwJCvRgzwRzPcNbarQpclFJCVhc8FRfrzeAWcUEetob9aG7aoapR6nFMJgp6FMtNC/Dx0oPgilIo6FlVJ8RBEEQBLm4QQEaQX4JAu6QKiKD8vrDDz/8+51/Hz98VK/XRUSYDQa9JMsOp4Nj6StAmQX/g3glmliQJRBU/RNQlZ1OJwi74Jw4RDfsGRYWFhUZCX5gdXV1VVW1JFFJl+NpwI3q5KjOjJqXUPV8VKcoGMREmB+Ynp5+0003gcskyxLpgNYLrYIrevp06bbt28PDI8C/BffMarXCB7mdbtHpMhiNoHbDnrJP9nnhJYoumuVQliSOTfiF6xAX10tnMOgMeofDcfDnwzarc/z4cT1jo7EaIYIgCIJ0BGoDcESS5MKiU9v/+9+8Y8ct1TVgVIAhodZpcLvdYCFERETExcWBjaEGPqvljo0MWAkiNRgbYWHhYaaw8IgIk9EIIjRH2AQrZlrwfvn1fODU/5vPKdJCAHQTG0P1Z5YHg5xnt+jRQRGZxgewE+zXr9+wYcNkjoCQfPJkAVg4cFUMRrg+GvXRv6rah7YEejVhTwJU3RkW1IzPIECrQQOqKo02D4IgCIIgFzXCM888QxAE6RpcLhcnaBuvV0NfBJYnERY2b/7PkiVLiouLDTqd2WwOCzP5JMluA+yqp0Qrz9AcGTLNDuiPVaJx0263aLFYwDkEVVdnpHE3amEct8tVXV3jdDklpk2D66LVacA5hI+FLsGaYE9Uf0Z1fgiTnsGNBPdp+fLlUVFRdCvXYIoq1/a0yWpWyGPHjn351VenTp6E0+ndu6/VajPojXqd3mQEUVmrRifROb+0XI86m1VDM1NLsjqr1ulyw1bwvQzgwOkNaqUeq7U2Pj4W/F71g5QOOGVc+7KKtIPz65VeqyOXI0fWLlj+jea6tP5hxJqz/Nm1BXG/uja+Kx6RVn7zyv/756nevx0S2/R2sfLQ9zv3HC3IO+OJiosNC/76Hv14zoptmmt/dWUYaRdiTWW13elwBl6SJkzfCedVsX3lgjcL+4y/Jp60n/M9lwtOyLeiaVq7m8glDQxnwVHgYqTBcNyYjgiOLeeA9ku6DJ5m3aBBu//dsWPjpo0VZ8963KKqfqqxt2BggGUC5gE82D537hxYHXa7vba2trKy8vTp06dOnSooKCgpKSkrKzt0KPfo0WOFhYWV586BBaM+29bqdGqmDvbUu44GejRff7N6CiHvuWbhuYZNh25slJ6j/geRFq9hi5eRJ6oArcYmQ7O0yAaYYTwPwn1kVCTI0k6nE4y2mOjoiAgz9EWi+Z8VlmRMq2Fh42pn1EbU/Btw5WEhNAKaZuRgAjTwpz/9iXQeeZ8t/d+vpGGj+nfnoaAjg12HBsqO8ksOT63f2VAzoOCLhcv+I12TdmU4uQRo/aaHnm/3N4faenfQHGrIxW4hIEg359VXXw0ujx49uuWdc3JygssYAY0gXQur9KO6UjTuWfZ48/Ly9vz4o9VmjYyMSk5OBt/jrdX/qq6sCjOZwo0m0B8lD82/SCQaswxOCTgonA60Y8FDOHBCwJlhBQZBZHZDs4awMJ1OB414fF4NzbTIg7sCkjR4jiAsK6xUjiJxDocEI7Hq3qilhNTpn+qkVzUIWs3zmJSUtPSF5xN69+JgJWmcIBHWSSFv6+nRXGg+ZUUR3e49u388fvyYy+6AnvXrk2irsSg+mQggvnOyT2Yl3zladVFWQHf2QYdlUOQlQssiKj7JBzp1RHg4uG2wXFtdo9fpjCaT5PGVlZzZtSPnmtQh/fonER6urMyHuLIK146IpgY78y0eKde/GA12ljE46fyp2PHRx4f6Z80dR8TdHy/56Au9/reZqUNJ5+POy/547eCMFb9PabzNsnvppBmr84g5LjZSrCyx+GIzX96yYqKZbivLWftRfvLM2RNIuyhZ88f0hUfrrdKnPvzOv+ZP6EE6givvq7UfDZz83N2ppP2c57lceOq+Fc3Q0t1EkIsOrj2Kc0vaaHvaoY+o9TqP10NTexFis9s9Tpca4wzSMzjwYC1ERERER0eXl5eD+gyqNPxUc02wOVhUG4Xdevbs6fV6wLIoLDwJJkpYWFiE2dy7V+8+ffrApoSEhLi4ODgKWg5mnKBGDtNeYQHsk8bydFCJVjg11TOn2iR8QLT15xMTlMBGGowMj95V7Zgew7ZzLP2HGo7Njub8NhmzcTQaOlEMjgLLI/TStfEiBg9RU3DAtYI1YA+M8HrhGubm5lLRWaOhs9ZYyjX4IKLRqqepBjsTFpegys1qvDMtNE2TsPn1aHVrMFagk8jf9MbqtXmHR9yXntmNNauODHYdGig7yi84PLXhzoaYAXlfr1z1Uf6ha++f8PtLQbts9abXO99ubw61+e6gOYQgyMUBCtAI0rV8+Z/NMTExVNvVaSPNkafyCzb/5z+VlZXgVIAiDI4KeCNFp06B+2Iy0rhgyetj/olPkdXagNQt0Wi1zNNSXKLbbrOBWwItCxpBzSoIjhP1V7w+6mHJtKg6dVcUUJ/9GQOhFY/HP8FTnS6q1rJX69qrXhCbPBsGHubtd9xx7fXX85oW/ji0pNEGEirCJ3r2/rjnwP798MblcPTt3dvlElW5Wq/V8gJo67woeWjQEIsDgk6D+A7nAT4fnBkTpWkMsSqRaziNRL0vHzSlNxgIL9RU1/y0/6eIqKiIyEhN/fyP7ZpP24k7d1JVxAtGyaop6Wtv3bbrkUTSndBPfP7I5tn6AQPJBca57W9Zq89OWlXwQkYk/H5I1k3zJk5/LGvE9rWZCaRD3L7m3Ivp6qJYmbNsZuY90/S7ts5NJheEotWjx3+euXVjVhLpDLrp1wZBLgE6S4BuL6raCwOx1+OBh9swzoJJAFoqFZEjIkA8BWvBZrPBDrCG1kAGgdntVoVj+KkGSjMrwiR6wE5xh4eHu1zOWkuN1VJbXFIET8cjKJEAmBk9GWHs8bk6xMMCCYQ8q0HB6nPxulzJzGihFobMVGXZX0BRvQaqHC1wtEqz0+2kGjedLSYzmZnXEC3TszlmVsg0ZJqjlg8I0bDCy57r8+xj6Ryyds6JCr0LqkEF18FkMsXGxsI2PatdUVZkzGLvAAAQAElEQVRWBhcMLhGLSKCWmGouBKo10jdqfIBKUIZuEP7c2WmgB85dnz25MjE5qGt9+3jPmeTD/Je6/bNJpGUa3dkWSX7ki103VSQlXy6Rsxf6fDtmg3Vmb/EXHEGQbgAK0AjStbzyz5fBZzCZjOBiXHHFFbwa9SMIBo0mJoaGCx07dszucESEh6tas8IyN4BDBP/RhIA+rxoiBP6IxVJrsVjBTwuPiFADmakvxaRqVqBG0dA5ncQDHguLl1Gdw9DONHirOj/g5ulY6o/evXvPnz9/+IjhIG2T80d1peRdu3J+OnAAume325P6J7FiitR3MhgMcPpwjoJWAPcMToTmoWbzc4lAM0vKzCMjNDRa0un0HlFUWM8VcEdl2eWmc5ZBq1c42WgyFRUWXZM6BNoVMPq43RT8fJSQW0n3Qx+XfMHVZ2BP9gZr4twHmPoMCObJf74/+bPlm/aImVP0pJPQx6Y9veD+lfe8u2bv3BdGkAtBweE80ol0268NgiDnA2imMDprNRowA7zMtACTID4+ftCgQWAVqHIwyKPV1dUOh0ONTQbtWI2DDpoZ8LakpAREVLM5gpZNBkna65GZJSJ6RIEXamtrYCSHMR22gkRrNBphuA9jwDII1gkJCbDGwFB3UI0TWAkWguz1UIlYRU3crErP7D9Bw6sP5sFgqKmtBbuCzQPzUTlY0GqIRqvT0urKGvrwW/1PSxNhaGm1RMH/512NtWYTs84HVUdWE3HQTmqohQPL0H+wzYqLi4nNBheE+EOzlaD6HJp/I6g7BzVotTJh1wjQhJgGJoeIYkUF+aBdEuQSoP6dbQVBn5x8OT1RvsDn20EbrPN6i7/gCIJ0B86/thiCIG1B8frgVXuu2m13nDh6bP/+A8ePH3c6HHqdDvyQwsKimppaEpITg4Y/08BkGo8DO8BKcNtOnzlzruocLEf1iALfDDwVcL54WrOeatMe5qooLGbYF8geqEbiBJ0WJQAJJNxQZ7+CSwbuX0pKyqJFiz788MMbbriBCsTcef9l8Ef37N2391DuIfCaXC5nREQ4rKbpsAnRsUrxCovpFgSN0WAwR0TQ0CfWGZ4lxQZfE06NOqJ6A5wOi8NitX3YVTIajKBfQ2tulxv0+PyC/JMnT5JAcDdBGlGx5Zkbhw3oOXBAz8FDb1yUXcGm8Ba9NyMl/fENhOS9eldKenpK+tIdsHbn0pT0+Zus1m9WZKZcM2D0myVqC5a9q6dnDKUtDBzQ545nNhWJda1bD6x5ckqfwaz9YRnT3zxg8W8oWTMjfdKbB/Ley4Km6NbxWat+shKpctMi//59MrLW5IlN9Lj03XvS0xfuVN/kLExPn7PFCu0MV89i2JQ5WypDd2+pe/W2pgyY9symcrHZKxUdG0dKDh631q0ZMHtXfsGHDdRnMWfhHemjXzxQ/+DKtVnpw5/d1nzrIcT2TSLWWvVzmr2AjPLshdPT1VPrOXLanC9Lmmnf+s2ijJRp8zeVN1hP70LKvGxCjjx3Xzq90c/VZeAivubvRTO9avprUx+6z7TVe/LenT4+hR5+Tbp6eN33EBp8Lz/0RMSi7DnT/HeQfk/2WkkztHI3rQdWZaXXtfNTs+0gCBKExfAqIO/GxcWCZSLJkslkio6OBttAVTxhBximQSCGh+ggTMN6sDHUKoUAx8Zrv+rKc06XvfJcRa2lBlqV4BG01wNmgM1usdqsIFirtfVALFbTSZ85cyY/P//nn3/+8ccfN23atHHjxs8+++yTTz5Zv379+++//8EHH4BZ8vHHH69b93H2119/s3Xrtu3bd+zc+X1OzqHDuUePHzt56mTJmdKys2Xl5WesVktVVeXhw7nffbf10083fP75p+rrs88/2fzlf7Kzv/ruu29zdu/av3/f0WNHjh49knfi+KlTJ0+fLrVard6QJBjkfAmmlFY1aL3BEBYeBnI8XLeE+HhawUKhYc5coPBhqO7sqY8aUa4m3wjSFUbOjufSU2a8W0QX6VA76dUjhGTPon/b0+95r6SJA5r5G8uGhvrDQeg4fh6mRUsfDX/8l35TE7JJLNm0aNoA1dJQR5ymUpXQTt6yfA9tJ8M/uo3PXBhqToTYJ40tjQA5CzPS7/h38OJUbngsnZ6dM/gx796RnjFve925WH5aHRgNh9743LbQvjU/9qkW1BHL9qU3jqw3kjZBU5c35M42ukSNLQ3awow1pSGt1eSvCVwlemtCTYvQ78BIZlek1/8sRsVHWSnpWWsb2CR7l49Oz1xTpF6Wd2fdEbj7GfXG/Yadr99D1cbIE/PXMitl1rekaep9V+vf6NDzrU/eW5kpGTNWHfXfvnZ8RRtYa/6Pa9EG89PavW7Q2/LsOcHrNiZw/UOabeb71rZfcARBkK4HI6ARpGthIc9E9klEq5SfKfMqUk0tD8IraMoKk4V9ko/FPivgqNE5pILG42PZJmQJnKKamhpwZtQ5sOqc00BiDYWGFNOZo3SiqRpTA8t0MikLmWm5VzTlhc8HbYI/OW3atD/84Q/gUur1eqVj/g3zr2Rw6vbu2UPdJ4/HYrEmJvZzOBw0TkrgCZPF4XNZXmsdPR9W2B3OwetyqR1Tm+L8oeI8bOJkqrZr9DqP6AEJGzxdycd5fV4ajaUVjufl9UqIizJHoADdBHufScv66tp5a/fdPlA8snrWzKw0YX3BwqEJox7+e/S2lY+tLho3++8T4whJHAw7eyoqSg8se2DiIevAqbffPTjZAOss3z4+bGZ2/H3PfLfmxnjn4dUvPjV94r5nN2/MGgDe2pEl90xbbr312XdemjaAHHxv6awXpt2u2fbdgzRYQ6wo2fPitNH9717x4baJ+oJXFmYt/P19/x1T+U3Zb1esXzWW5Lz05Px5Ux6POrBqqql+nyWxuLQk0l+aSzxbCo7TxHU9fvvCO9BO6fpXH1+YNYWs2b5inL6V7vm3fkHGzX77xbt+pS/d+N4z0+/Yl9pcNHPqXY+mrly4YOI9pc8/+1BasrmZ/fRpmePIqlff3JAV0vND7760xTJhbXpbIqUtB/fnkZTM1i4gKVh94y1LDw24f8WnMyb2sP24ftlfH0v/eV72d480CGCxfvPkxHu+7PvsF0snN0wVEjf2wfnx3785/c1zk2fOnxJLSN/gsbZ1T06xpsz9auuN5prv6L2456mknS9NMLXUq6a/Ng1wVlT8tHTSHQMzF6/fN0534l9P3fPCtKI96cXfl05ZvPHtUWTHq4/PWZQxK/rI25P06mn+9palZ8fN/nDz/deaKre8+ficeyb+/MaW128yN7xurdxNeAYwbWHl3W9vXvcrU+XGFx6a9/ssc8fTpyDIZQDH8Yrsi4npGR4RAVJpr169QDUFGdpoNKoRuDRPtFYbGRkZFRUF1kJJSQlYJmqsLi0zyAKWYZR3Oq06vVan01ZVVYGsCvvDWxBULbW18ORYR1NThKkFJ1hmMI+aBwzaYYm4hGDGZ/gJDQYlXRDHiZbW6wvuBhKtqnqzEGMhPFwPFgW0BiYTSNtq+8wkIZzC1bhq1cwYalZrMKjUwG1YNhhM0T1i4MRBJAbNvSMVq9SuBp/u01KEcPVkOn0NLppWp1WovSNrWGR0cE81REDN7xzM+BwMhVYfAKiyeDCGoBMRa0oqKlRNbeBd8+YnbVk6b2PP++Y98itCIpPjGu3e/N9Y+LNfaq4nzoWO4+01LZog/7kH/hw17vldi68hR96d99TKe/4Yu2/jwzTGV8pfdU/Gwsr0uauyH07Rn92+ZtaiacOOr9n/Ynpkgzagk3mHH7hlNUl5+PX1q1PJkfdeXrQ8a9SOBf4xd89zU6ZvuebZd1ZNGyAefOPxe7Km6D/c3Wii0rDrkktW7T4g/jGRDj7OnHVfllSQkrVbn5nMnlVX7M7eUTogc2RgZDq+7PZH425+7osjKWwwfWXGpLhAAqsWxz5qQf3roTThmswXv/hogOfH9xZOh5E0aB6E0tTlDbmzgUt0ZGDmwrVZE/uKe9c999x9t8cOqN9ChSgFl7f99Zav4ifOB/NAX/r5kieXTr9D/HDrUmoekJJVD0xb6GTfgR4WepXeKpgw56XZk9IbxFvHTbntVwuzXvrwSOacYEpi64Z/rcxLeGZKkn801980++1PYTQvWP/q0oWh5x7a+cY9pDbG57PuWZ5H0u+aNmREL9LMF+a+s7EPQ/uNb3S91kLIe3PK6BcrM1/dknV16+ZlPazZ08dnbUqFj8v8VQ/bFjBy/GZqCzZYHa3c63rnvm3OHVkbU+Z/uu22wYT9Dn4Zmfn8/BnjhsFXj+7Q7PetLb/gCIIgFwIUoBGka3F7PTabjc5X9XklFiDsdrs56lyZQGIWWLUcjVYD/gg4Yy4aUiQ53S5QWl0ul9PlpMk6DAYaSux2azU8dWDAYfO7OrDgo1kNae0+SaRVB6l/I/nDZJTQ2ZrBkj5sNqhW4YTwsIipU6c+8Mc/9unbR6+nsUsSjYHiOubfgEsp7t6Vw/lkj93pdLgGDRzscnncbq9aLB5Wq9NpBV7weL28RvBKdJIsCM0anVYraMAd1LIKRaCj07wiNIDKB0o2T4vFcwbmHLKsHRrwQWWvbDlnkUX5wJ4DI341gs7Y5dU0kfJ5J2RuuZDgRVd1sOjAPgtJm/1IGvUNxs3/6FX9kj0VRYQkDUibPEDcSFZbUtInTwr1Z0ry+q8qeCkj4LkdWLbgi6g/bdz1pOpCpD/9xpbBWUNnrcie8XKGfs/nG5xDn37zpayr6bYJc1b9vSBl1rov8h6cHchunPH6uqVTqUOR+Owbz+QNm//NgVs/3PkMc2MSV7wjHh/zzLqt4tTWElyI5LdfbnxmJL23iVkvvlp+YNqqz7atGJfRSvfYVsuopUfW3M0M7cQZi7PH9gIHg5Cmc18kZn24rd+SrFmvzhj9CtEPSJvxyNNP3JES2SghTfI9M0a+8szqTyun3qdm5RM3vLGy6Or5WaOaOwFrRSULh6nJ37H94yUvZkfevuY+uCW7W7iA4oYVSw/1nf3dxrmprAOT56xJ8qXf+OLyDfeFSvbWHc/edc/G2Gc3r2/Kb9cnj8lI9nxF3hSvG5cxuZ6DWJJ37drTi9PoYt+7V6wo3TFl5eqtz0+Ae9HCbW32a9OQCc+vWzGF3vikef9akTd0zrf7p76xe8VN9EYnPbdWLBg1b2O2OOlWPSgaS5YeGv9Swapb2VcuNnNx9nUR6Tc+t/qJmxrkyG71bh7esZskz8uaTFMlxs5Y8S+y8F2xVCQJnZY+BUF+WerVx+vUBNBquQXQScHeiI/vFReXEB4eqdcZfV765Bie/xqNOi3LBA3PkWOiIsKNAyoqKkBdBb3XarNptXyPiDCwH2waLiw8zKgzxPeMs1qt0LJBq5e9kstBc2fJBNThqt69e+v10RZLtZZKxtQAAJuEzdeSQGFWpWEYzcFSIoG8FvQnLSKopojmOP/pB64AB4d41XVsM4jNGpryV349kQAAEABJREFUmVNFW47aRESRZHgm7nI6eYu1hkYTq6k2eF4L52k0RkX1GDhw4BVXXpEQn2A0GtTP8nl9YJvQCWpqOmnopVJnVvG0T3y9+0P8RY3huTlYLGCtwQNznaDR8hq33al4JY72BvqrSBJ0mKeP16nNRlOu+VhQOROgZZZ+wx/1HLxHXSFAhxCbOinDXPoK2Zj4m0kZzaSI7cjf2PaYFk0cfsQwbfen6oA7bu6HC/P7PLb2vUMPP51KKj5duvBIxut7VjFLg8RNe2bXYPPwO55ZOWPb01c3bqdSHBXUphOffiPtV/D49vmlG34Po2rJnj2V5Ib7s0bRoW3Cgn99GLb8v5UlsFv9FvSTJ2aQJ7/bId06AYbm3d99Y75/7u2fL9+eQ6akw+Yfd+eQiS9NDo7RR/WZO9fMYM9B/YPpe+sOPTI3tS1jX/XAp7evUZ+hTlZH0nr2VQuXtx70Eh2KnfFhtl9MnzT3wxuumZWedYg0V63OSiat37WQVYHu+/Dbr1SmTFu9bufSCRPhWfu6Vw4lzv106WTaidgJC156+vuMZdVxHw5odNNMGTPuMd/x7493PPbMWNWIOrp6yRbz1DdgBD+y5LkvLBOD556Y9dKwfmTc9CeXZ+4J7NwKR8SM7NN/aiGbxJHiAc3d6KYPyPtoxqQXKqe+sWWF/+F3O76iFV9+/mPs3W//a7563zOfe6l495TlzExt3garT9vutbj147WVGa+//PBY+kHwO7j4xy+ziqRrUmMDPWr2+9aWX3AEQZALAabgQJCuBRwft8cj0TSIHknxz2ZlJQO9fF1CQ566UIoCirPFaq21WKpqql1uF0jF4A2CE0JL/rjdDifVdN2iG/wUNVwaXrBM30r+t6zEjT9KWqmPGnpMyyFqtbGxcbNm/WneU/OvHDgIpHCO5b4gXAfVZ9DQvd9//311VZXT7oDuXpHUX6+nCT0MBqNWqxdY9BK4mj5W84ddGZGw5JI0HJu6oNRfhC1w1pHmyOgetFRRfHx8THSM0WAA3Zpjsjq4wbTDCtEIWk7hrLXWkwUnf/75oOhWIyY65JYrLb64+q8GW7shCclDIskXf5m5fNOhEouTxN00d8W8jBYTA5oz7wvxYQp2fVM58HdjYkE/DbzEflcOJFu20cm2o+bv27Z+bpI1sMnaL2kgycsvDh4+/reTg2Gs5rTfgDc47rcTgtZ/QmI/QorLK0hr6CfdNjLokwhDfwNOVH5JUavdo1vJ1IfuDg3zSP7jIy1Z3vrEyYs3nj54YNfaZ2b0Kl311JQB4+Z/0ziRQ8LdT9xu3vOvd/15/co/Xv0lmZx1f7MX9svHU9JG0dctM/72XsmIhev3v8D8ohYuoLRty5egdN+VGuKMpT657dzxeurzf1+87473dM1HjbWAOXNKWt27q4eNCN6LVm9r62TcNb7uxo8dBf5b+pRxQZctNqkv+MsVdG6utH/HdjJhXJpYdwcr4wemkKLvvmkwPbb1uzngulSSt+LhOe/l5FVaRSFlxnNLZ4xA9Rm5dOBCIJ0MtRAMBn10dHRcbFykOUqn04NArDeA8Kw3GU0wCvfoER0RYQ4PC+sRae7Tu1fyoIHxcT379UuMNEdoaClCH6y/on9/g04f0yO6T2/Ypbc5wqzVaPVafUR4RJjRlJjYNzIqQhDoBCYqAIMmrDAlWAYjB565u0Czrq6uLi8vP3PmTFVVFSxbLBa7HSwfp8vhdDudosvldYte0SO63KL6cFuEh+8et5M14HCB7eGw220Wm90GL7vT4XTRyVUy1YQlqvHCfnab1QHbHLCHFcToinNnC4tP/Zx7YOt3X2/c9HnOj7vKK8pEr0smPl7DKTxoz9Sy8oG1BYYWUYIvdtn4ei8SeNGn+WzKF3ywxD5YFGGBY5mrOTUWGp6zyz7QolnYgI89bQfhGQRor68+dSr8L0xH/sa2x7RogrT7JtYVYdOnDEsmJUXsqe6P328j49PHinUjSEXCwFRS8vXuJjMMJM54IDQy2jzhz/cnS9k79sByXPK1sWTjU/esyD5UahWl2Alzlj7b1HNW/aj0sdK2r1kWrm82f0FuSn/6ltv0Gz//hsaoHoARbey4tLqLMuruKXWzcPQjrk0hpSVnSdvGvpG3Tqw7lo2kzQ7E9S9vfegluvrhrNDn7uaMR+9t4RGyedotQ+veXZ82FpTnInY9RauF6A11RojeIBBRbDo1yNiHZidb312zxR/LvOPDd4uS7n8CnkMXfLepiEyddmvojZj80P1x1s83HSBtIy1rasu5jJu+0Vt2N7mzJ29d1qQFhyeETr1qz1c07verjmxberMvuGfs4JSAmdpG2navLU6wR/X64NeL5a+vdbrr9mju+4YgCNJtwAhoBOlavKwMDgivDodTDe0Bt0RiDgkYESzsiPO7FYoC+4C+TPVjWq+P1ipUw2BAfWYlB72EJanwp0tmE1fVGaxq4XjCCqk32Q34aHX+KdCjR48lL/z9hjFjYD3PQnY6Qz2l/SsrKysuLoa+nK2oGHjllaAjO0WPHOger9MpbP4pLa7o9crMOdMIxGA0iKJH9ajVmB+OpVCU2TKI5lHg+MZEezwecCZFERxPN+wHFwfccRDUQXoH1f74sWM6rXbY8OENCi1e5ujHLc1ZZZ617N3pd6ykbwdkLHjh+azrzc0f0TcptNR2UX4eyc/LHLWq4W4sJESq3PRs5vT38kmPxLgwttpaQkJjakyN0lgI5yMIJvXq2fSGlrtHt7JMF6GYzM05aXXozcmj7n921P0L8lb+dsryB5bd6o8UDtljwoz7k6a8u2b33BdGkT1vrNxjvv/Tic2f2u1rzr2Y3sT6Fi5gackhUJwHtFx55vD6zypJ8twJ/Un7qX+j29irtqKPbBRkZGgyrImdZt6CUY1aTyEN/pK1fjcTs95Zr3/2uSVLMtcuojcxddrzHy3MiOtIRVUEuTxQK//CM+/evXuf4yuNBhMM32qOC6PJZNDrYRmMhz59+4YZaLSy2+0G08VmtRUWFZ2rqpFkOwznotfXNz4hKirqRH4+53KDhWNk87do0i2BBzPGZI4AVZjmOK6uVusPq9UdYEx3OBxV52pYCjGfmqPDX6CYAQu0OkXI27CwMNWyYm85jZbFRvNqgDTnlaitRUO3ab4O3uOlmSBUFVd9RK0E1XwwtHi/mm+pqa2tqTlbXl5aVPyrX//qyiuuBAGexifLCpu4paemmdTmMoCKvyQGnC+cHasUXXcsjaSW6afL/jzQ7BXI9cxk57oIaP+FYq2RX5KO/I1tj2nRBLEJTQ9YJcX5hBydn7Kl4YbkprN5D722wScMuCYVJNq8EjIuccKzG982Pb7o31k3vkKrECeNn/3a8w+PbGwuxd44ecT8ZduOvDBC/PpbMhUG96FkMnkcJOkJ+u82WlMeHRXS14S4pjMdtGXsa+7YJmh+QFcv0eCBDR6QmyMjyHm0NvS2zNh3V76anflcRpxerPhy+bKj5qmPpzW9M8jNk5bOeufjikn3x5V/vPxD68iF99OQ3iZHc7M5Klgbo3Wa+z7UdbTJG32ooITc1NisqtjyWYnFnDFlRMjNbtdX1Hpg1ZN/XvhtpT4hMZIpKyI8HbmStIO23eu4cbeOFeYve/ORmx9J0RPx0JvLNpCUZ0PPqB3fGQRBkF8GFKARpGuprKgwm81s5iT1H/xOF5t3CRo0rDIYjOCOabUaO0uUHB4WZrPbVRVVPYjWFaSxOz6acCNEYlb3kVkO5eByaIxMMEiKpR3UqDXlb7jhhv9ZuDCx/5WsfaLG1ZAOozAV+IcfdldWnqssL0+5+uowo9Hnk4MnAuK3zLRyOBc1CpsKzRpBoXNRJfATPaJHDRHS6XUulxPcPRP4vSytJDhvcBE4VjIRziJGEMBfdbtcapl4+AmnYbc79u/fD2cydOhQXsuRTo8Pu2iJmzj/04nziSRaCnKWzJux8Pck/kCzkxAbEpsYRwY+nJ09t6kA24pPn5r+njjj7QMvjPFb7YdeTL/xNXLhaLF7bOs2GiQV6nhJzdaQOfTR/DWVGU8/mh403/XJs5+4Zfn0/YeLSFrD6Oar788asXLee9nPXktWvleZ/OSMse0XOlu6gLFx/WAHmrijBTcr7Z+bb1uXMWPSvGuayHd5vlzQ28pOM3VVwesTW92zDXfTPHTGi+tnvEhEa0nexqW3L8qa1GPjvjntks4R5HLE/3Sc56Kjoy3VFrXqIBu+OZmJueHh4b169erfvz/o0loND2OvSOdluftfeWXP2Ljdu3fbbDZ4fl5ZWRkXGzvgyiuLiorBvuA1GplFAcOIDz99Xp9aoE9hD79Z9mMJbACRSbTqXCjVhoFhXc3jrFY7hAVoXzV1VN04mGdZ7Tahz+b5QIIvusDVbQR5mqrU0G+mVgvwrJoEkkvTchqSpOaVpu0Tvra6Zs+PP1afO5c2evQ1Q1LDws08x7NKG3J7DQu1pjRcKOg8XCtq6rD+U7ONKKoKrvjjn6XgK1g4Wl0I5k/rFpWW2/431tdiRcGWx+52EBdP09uuOvdSRtv2P5JXCFpkyIpS0BlJahKT8ITYyQvWTl5AiNOat2flrJlLJy1IPN1ESpDYCeNT5n2xqyjDutGa8b+j4MC0iROtf9l8IKvXdxV9bxyb1IaOtH3s6yjsEpVXVMBSyFpRgqcyOtJehKFPPJq2ZlFWymfqW/PIR//195uae/qun3rf/X/JXLP66P3TslftCLv1wzuYPdPkaG611hJibM6Oandx0BZvdEP6PvrOS+TJjOkPXLNr/cPJah/a8xXd8/KfF24f+MLW7TOS1EshbshKmdUVRf4Sbpt73/I7XpzS50X2Vp849aV1WW35viEIgnQbMFQQQboWn0/SGwwglIIPo3pT4FWoiSZk9haUVHC6HE4nOCc03bMkBeORBRr2wuKAA3ExamiMlxE6N5Mw50SNpFGjh4IdUGvvgG4bHx//0EMP/f3vf+/bp6/MJn12Yt4IOM3dOTmlpaUlJcWDr7oqMjISHC3oJMcybEDHQC+22W00lYjLVVtTW1lB56nln8jPO5F36FDukSNHCgtPnS0vP3v27JEjRw/+fHDvvn203v1//3vw559P5OUVFxeXl5dVV1fDDrWWWmgGmg2PiABxPyw8PDLSDA4neLDgN+bs2gVaNkEo+asy01Oe3UYXBX1kcvoLj91KpJKzlW1uICVtijn/vU+PhKwS97w1f86/D4BzefDANhD8bw7IlEQ6svHLC1tWu8Xusa3WtR9uC/WDLZs/39BMY/qynLUrXtlYr2h75dkyQiLNTdWlis18IIN8+eZzL7+5iWQ8cV/LocpN09IFNKXdPILs+PSr0AQlFeuzUtIf31ATssqc/vra+f02zkhbsM1COocLelvZaW747IvQzhdtXDrnheyGc1dbu5vit/NT0jPXsMP05sTU++Y/cTUpKm09wQuCXOYwrdMvcbISwTTtsRpLDFDBllgAABAASURBVJZDz549e/fuHZ+QANo02CdOh/NcVZXFYvF4PWBaJCT0GjFixI03psMD45qamnPnqmBkh8fqCb0SdCzdFlg+8PgZhGFQtFXNFY6KAD07IlwP61lwNHsmrWG1Bnm1SGBYWJiGEVSc4SjVsFHtHFWWVTVrj8frdnkcdrfFYq+uslRWVp8+XV5acqa4qLSosOTUqaK848ePHT9+9OhRsC7g/+N5x/PywPQ4kZ9/oqDg5JkzZ8rKyirOngWLxRRGQ7/hUwpOnvz222937twJJocaW81qPrcjAFkh/hqDtLwHe16uHu6vVRiiMSvslGQpEAEdMo8tWNhQ3f2XFaBb+BubNGAgIQd+PFS3c8Xu7/JaaKvlsbsd6MfeMJTAQBAaOVv0xcIFSzeVNrl//vqv80Pf5236/BAZ+qtraUnASenp87aztSZz8rj5C6YQUlhS3lQrSaNujDu67aUPv6gYlc6y8dLE0OK3/16y/Ujc5N+mkjbQ9rGvo7BLtPvd9aHtSkfWr8sn7cfy7fz0Z/OnrtpdkLP7SM7ugoMHvpwztKWH36Punp1UsnLt0lX/Lkn64yP+DGzqaL4xJ3THQ9lfVAgZY0fS5UGDU8jR/XuddVt3fL+NtI8mb3Ta2KHN7K4ZmPXOmqnlS0fftzpPCnayjV/Rkj17K0ly+oSkgBBvzV63lXQFeW/dd8d7sU9vPMCu/4HTB7e9PiWWIAiCXFSgAI0gXYvRZFS9CxqXwyoH+iQPvNxuh9VaAwpzWLjRYNQZDFqTSc/T6nkS4SSOlwUNkRUfOFZenyjJXlppMOB+qP6YFKJKB/XoYIgQyNgKz4GGzWkEY0T41UOufXH5P7Ie+6u5R4x/tmq9JJLg1wmKzNGX0p4YH4WGZPOyUlpYVJB34nRxaWrKkB5RUW7R7fZ6fLLPIzp9PvH06eLc3J9//CHnu61ff79z+w8/7ILX7pydR4/lFhSAI3gUXocP/3zo0D54FRfllZaeLDtbXFlTdqai+Gh+7s9H9sPrp9x9P+zfBQsHD+8vLy8lis/psEo+UafleSIYdWFx0Qk9ImLyj5869FOu4lUEReD9L9D+SfDVdbHRoZ/S6uuCMPB34yIq/v3U9PX5tIK2M3/tpzlESIz326txSUkkb/PaTYdKKmqacfqEtKzHUopeewhasIh0VuGON7Puee47kpQChva1Q9MJ2bb6o0Djcx5aXn5hU+622D11q/hZ1u0vbMuzikS05n05/6an9kc2k4Ak+aG5E4QD8x6Yv4nuDWdUuePFh+btjc185LYmpzTqJz06N+nAqjcP6O+5v60R5fVp8QLGznjy/si9z0xakJ3npKG+FbuX/35BtnjDbZN71G9lwMOfvXqr+NGM299sxp/slZhEjqxbm32otNLiJK3S2m1tw9emHcRm/vnuyC2P3/5iTgU7TbhHdz65+ue4lIYxPa3dTf2ojLHWnHlzlu+opF+Fit3r1uWRpL44GxXp1vD1adfWTkRDy/ryargxSL2gD9PZSDqd2RzRo0cUPOqFB9jmyEgY8R0ut0v0ujxei9VRY7VZ7A6dwTRm3I233TE1skcMqKR2m72gIB8en/foEW13OEBPBU1Zp9f5U4BRGZqwUhb+WU3QeFRkJHwo7BXBAC0bOhDGoEp1BNWrYWUEe+Ss7gDKOByrStL0oTsVsgV/hDItP8izR/405poqv8x2AtsLDBO7A0Tq6nPnKgGQy6vOnTtdXFJWetrtdDltdtHpigyPCDMYZa+voqx85/YdtKxFTTWNlebo7WB1NASFpczmWrwjqnUGnw7qc1VVlRSIs1bjBhTFn9QZro+HadNqJ+Gyq8k6giHeasR00PYjXUlCX3iSmrP2zZy8ykpLo7/uLf2NHfXbyULJ8oVsE/szPunV0pZ0yZbH7vYQd8ejmdHZsx5YvqOc9lgsyJ4z8/FVR2JT+za5e+zZdzLveJMNNzDEvzlj0otHIv+4gBZtG5AxJaJkzVNZawvUdj5e+z0h/RMTmmwm9cYp5py1H5WMnXJjnP/ipI8t/WLDbvOU9DbOuWnz2Ndh6CWKPbLwvsfXHKqEYV0sz1k186E1zvMQLsXivBMVUuWGBXfdvmj5khXLV67P3lHQshmQ8sSTGeJHq9dah2bdE7gy6mj+3uOhN+L210pSn5qvmlJJY25MItl/m/cxNX7od2PGrC36dn4xmrzRT2S2cNLscX7qgaWT5rHH+e34iiaOHBFLjn6+Zjf7xajMWfLAU9+EzjBvpw3WPJWHDpbCw4Nlj9w1fQlc/5VrNm47VNkOM6zhL7hz27yMUZP+fWEDRxAEuezBFBwI0rWAm6S6DqoLIUnge/DqtEotz9XUVMMO4FyBZwJeBzvCX9BOLeDOKtL4VJW5gf/ZeFammgzaP7PUPylVExsXO+m3kx566JH+Sf3VIvGs9dCW/G/UVmhG6jb7ONAeuHm1Fsuu778/XXoa3MieMTFut9snSTU14Jxaq6trVNeLrvRR5zaY4ZH6Ul5e9boEgaVrJDJ8tJelPhTBByOKllUmhGM5FoqlZrLWaDQn9acMOoNOp4+MNEdF9QgPi9BotNQpNRi1gnDq5ClTmOmqwVfBniHnF7hupKvohmk/kh5678OK+x5YkNHnKfbenJL1zvMBtTRl9nMPf/3Yu9PvWE2unr9v48NNuj1JD67fpXv89kUZA9QW9AMzV21cwQrKxU176dPjd90BjS+gW+JuWrrrpZzRWeRC0kL36rYumTH6TfbenDb3vVej/mfawibbMt/64Xb9nD8/Nf2Wj/1r6rfWCOpZLX+sZMFDzSRAbI1WLuCIZ/Z/2HfWnKzRH7G3gjn1j2v2P5XeuDeRN7305bz80S9kzkra8vrERvr61Q+veHDX9PezbnyLJM/btuuRxA71qm1fm7ajH7d0/xrz7Y9npqhZPoTYCU+uf/3BJjrZyt00pf/zw2fEPy+9I22l2nDcxKWfPYb5NxCkFUAsllgBYIvF4nQ41BhkWB/Tsyc8To6Lj4+MjITx1+V0WixWr8+jBTFZr+MEOrxynCCCfmp3pAxJhYWv/vMFjfb1eWHUNpsjQUEGAVgURfgIGPph9KXCMDxplwnLz0w1Yjqia4TwsHCPKLGk01q1vgUJpLAIpqFQkz4TZvbADmoyaPXBPBgSYO2ouTiCccrq4WBBgbzH4pFpiLVAQPXWsmYV1VjiCQd90Gt1Ajz590mKJBsNBpfD6RFFn2TZt3cv9O+G0Tf07t2LScOKmnZaYYUEOdJS6iW1A3AUXI1gCLM/koDV/uAUf3SzHNSk1Rc9Be7C1x7UT5y7YuLseS9mbnqBTH2j4PWb6m9u4W+sKeMf7zycN2Olf1PSra+vX7xlTEvWQMtjdzswpa/YvMb80ON3jFF7BWPW/C9fbG5gSvvH2rS1D2SmvMDewaj64NrPFqhhsYlZ/15T/tDjczJS5qg9Sn340+cymunQ0Gm3m9f8u+/NwXTPNDE02XEg/eahpI20fezrKIFLNO+OL+axT467/fmcxd+lZLU3CFqfevsjk9/JOnRT5l2mgjyne8+/n1q+yJr0aEuprtij+uyVQx/NDNHyA6N54EbQ+s/Zrwdnkl0994PnDt++cP7oL+fTjaNmf/Zq2l+nfU7ajnDj62uHrp05I+UFps/Wu9HNQx/nHx42c8btA7O/+tPAtn9FRz61dkVR5hx/wmh98oNrvrxlyaQvApvbaYM1T+zkh+5O3fxx1LS7RlYWVJCSdc+9u7DGPPmljW+3LQ664S94SkVeYWVe4Tn48hMEQZALBXchLRsEudyorq4eOSKN+Uiy0+lyu12S7KHTPE10mqebAb+DalCPugbcKvhJAmVnnE5nMBwmNLEGaaocjeqPqT6VzNO3PXvG/uWvf5k2dZpBTyv2KIEKPC3AERYw3EYUInvkHTt27NmzB7o6cMAAp91x9MhRkJ5BCz5XVVVUXOQWRR2bPAsOX5jJRPMh2u10wiktW6iK8rLHI8rUS2T5rAU6/xdUaIUljlSvgw5cRtaIX4sngkf0ukW3VqM1R5r79+vfp1cfmovDbI5PSAAPMrJH5PDhI6644grqkXL1ko2w5IvniVD/SIlraWvLSM3cB7MpjHQ6kmiptopEHxlrPt8QZdFS2UwLTmuFQ9SHxUaeVxRwJ9F891rf2gh2RkRjjuvR8u6Va+4ZNS92VVM5IttDaxdQrKm0+PSR0Wb9haynd8Fva5tPs5W7KVppaM8v/YVELgQwwkZHR5OLFui/w+FoYYcuinpWZ+EonP9xNyfwXskH4uxPP/+8fcd/wwxhveN7w4bo6B7x8Ql9+vRWUzBTCZjnnS4nSLZ6nV6ViaEZGOth1Dbo4ZGw7sjBA+vXfeR2uUDpBYMHHg/TgGm3yLF6xwpPJDVRGI0gppmaQWkVWKoNeDpdW2sDY8BffY+lS5YDqEqu/+E6E6NVhZoEko/BCo6VKKRitgBit8QqPPPQFujIgkagxTMUWtgZjCQ5qGurMcXs6T4NxI6CZ+iR4eHhIMGDGVZbWwtWlFcmYKH95je/GT9+PBgbCstVQs0SOAWZE0LieBpOLONkl8sBjRw9enTLli0nT55Ug6ADcc0yuya0TjUYRWAWqlI1XAdYw+ai+c+ugZt26tQp8kvT/N9Y9se59aGz0SEdMk4CtDZmFb05ZfgLAz/Mf2lCy8ONagDozXEd7lEbuXBDfEeHdXHDYymznEsL1twdDG9nJSKGvn38pcnNdX73M30yt83euO3pq5tosKW7rxquHbsRnXFt2/oV9f9emGMju+qLc2TJ+ClrJ64/Mi+opFs3ZA2dVTh31+bZyQRpyMVuISBINyc1tS7j1BNPPNHyzsuWLQsuYwQ0gnQt4E94mYLspZG9Po1WUF0UNSKGMAcDXFDwmkCVVqN9g56VGimjeiyql0VCnJwmA6LVleBl6fW6IalDnnziyeHDh9NAYDXwub76zFxCFvjUgQdRZysqcnNzwX3SaLU7d+4syMv3+bx06qvPB+6dR5bcPo/T45Z8EijIXlqDUPaA1sw+maYb4XmaQoMotNCRhgeXjMX+0Jgsta9q9JPL5QKBW42BYr4fOJbMj+X5yprqysrKn/h94DeCqZGYmDhw8GCPz7Nv/z7Y+Yor+nPdMDL5AiOA6dzBPHHNt2Ayx/3ySl/LJ9jO02/jGe1euXCvecbajI76Gq19nL5H7C+QSOKC39Y2n2YrdxPcP8y7gSBth6mcRPL5ysrKYLSMi4vr26ePxWo1GIyRkWbYVlNTAzJuVI8eMI7DyA3GjNtt87GJTTA0w8Ph2Lg4p9MdHhExdNgw0e3cuHEjNAUjtWC3CTwIP4pH9BiNRg+dzyXRIZ4aMYqaLIOVQabPmGNiYmw2u9VqBR1WTVWhdk+1ecCMCVpBaqpof7YxSfL6PIJAi/mBdWAAIRz6bQRrisA+oETb7fbaWgtLUSapJoQemqKPwGlRQWgC7AloBJ5v94qDzT6xAAAQAElEQVSPBxMCOuB0OKAZo95gd7ngg0HF2LZ9G6jPY264ISwsHA5Uq0nTmACpLddWUUVzNdjZX4SQV3g1BjqYC5oW8JDVGAGZPRcIBk1z3cyIaf5v7HlYGh03TgK0Z8xqabjpvmNfh+noqVWcLSRkYGRocpXkwSkgvYoiNN7kIZVrVrwrjnjm4aub3Nri3e8Ew7VTrm1bu9H1tkdFURGJiowIWWNOvjKRHBE7ng0NQRDkgoECNIJ0LaA/U7+LpZ4Al4djorGarDnoVIDzY7FYVCcE7LjQ9e2aoyBQ3VkPP8PCw++8e1rWn7NA1KaSdJd5L06H8/ud34N7lpeXV3r6tMvhjAyPcLtpOE9YWJjRaOjVMzoiIoKld9TD2bncLhrj4/WCH+sVPW6Hg85OFUXqx4pOr+wVNHAKJkHQ6ASNnoU8A2piymAoEPz0SLIXHFn2n+gReSJDC6LHVVtbXVNbdbwg/6qrU66+6mrwqOEKxMXF8AKK0EjnIm54713x6vlZowiCIMjFC5V3tZrqqqozZ86AiHzFFVfERseCytyrVwKIuVaLBUZSEIjpQ2B4EgzjuyypMci1tbX0wTAhNoezT58+CsdLogOeeYMZs2njpqqqc1VVVTTVBotxhoMVnlOnPVEjRxDAJuJZPDJdYCIzfJz60F2tYKwaACyoWQg+YgdzAjoDHwE7wwLTc30KJ6pFC1XzKcxkgifiUVFR8CTb4XBKEg8Wgg2kZZsVOmy3O0BPB8ODPiZXFKNWzzMlWgvHCHAltKLL7ZacIKzzomhzusAsqTh7dus3W2HN8BEjIs1mn0KoXixoWjAsgtk2VPWcV5OQBFKlsc2cP+cGtf0k9TEAUY2ceuk6up0AjVyuJP7u1pSF/z97fwInVXXti+P7zDV0V88DQ9MqCNqKihEvGIntEAhecXgO8T4xMcHEF0zexeFzCfr5E+N7SszfqO/dSO6NkptEvM/xOeCVgKh4SYQXB4woaEsDTTP03F3VNZxTZ/qttXZVdXXT3XQzKOj+UrZVZ9hnn9PDXuu71/5+H/jZVbXGAzecVsxYz9YnFt+/pujbKy4bitfe9sTydyNX//Y6MSt8JDDz2isjzz9866Lyh2+7oCLIzNa3lt/0WPPUn147It9LAQEBgWMDgoAWEDi6KCktSSYSWP6MVT+MLOBVvryUEWXMi3ogM4FUDVhaXuHLS55ZdrUpy5Y253wIuTAFyyuItj2m6AE9WDBz5ow77rizpqaGtzZM31ysGIK8q38lNSOVCjKkz27op/Uh8Y4xCQj17Q0NH//tw7++81dInTQms0AgbqamTT+nrLQUbidppuKJhBlP9FC5N79ryBuBTfZpMSxwyOm0BV8d35MVTYWe+MwynUBAlXUd2HpdhxwzUES1TlyxBEU/sP4IRaKhKWjWgCNRM9pybMd07NbuaDBp+Vu3dnd1b2/cvmPnzu9854Zx48Ye4Lt4KPD6N3BULQ0Fjmm0vPTslpr5d914xP2CBAQEvrI4ek6D/Vr2fdfzs459+NFJO53tHcne+Gmnn1aOw3dbSWmkorIMpsZhsljVUEYskUz29vbajgOUMEQsXd3dZhonm4FHjafY7n3O2LFjWUEBS6W/dt6stKStfvU/9jbvgXHZ9+wA+hAarmeixJaqoEdFVgcD9ZQVGYZ7x4nrhl4aCp5x1mRoCk7BtVy6DhPqMJkNtDOPjhT6r6CgkFS5sIzYdR3bNvENhAIOiXyQvAa0D3RzMgFUMwP2vLWttXl3c0tra1dXt8PLjdHzz4u76AuW9t1PGz+DZktLSoxwEO4U5Z6B0PYtx/Jd39u567O1r7HyyvLTp57hy0zVdIjrdKUvjfIYSnmg5hfxyS48U8eCZ5YyYaI9BV+hl2hjiDLXwKHDt8PDqgTPVRRkqLkjoc9kbjKd/c5krD6YwOEjVFk5vvLzNUr+sqH2B0+uDv3snx5ZeN6vqejWiEy9ZvnGpfVDPFVrw8tvps669Y6LxFM/IjAueWDt70tu+9n981ZmbF0mXXbnc//re0LBWUBA4HiCIKAFBI4ukCW10ixT6ZJJJ3JqzjlKlL/JEdOcdx6QdeTI6ANPhK+hcHjq6adfd911l1xySWlZ2QDB6EGRsRscyKFKGTdCNsg+fhd8T2dHx8svvrR582boNmR3kBuWV1ZUjR0DmdfOXTshN2OkrGHaNupFMkj1vLSd1knW2XUcj/mqgu+Bj4Z8Equ/TQuyMRWd4nEjsfOoFOmSIQ/kaSi74UA+69BiVV+jNbmo7YhVUbqiqIqDNVAlkSLI61pbW0wz1d3drevKTTd9t7S0dCTP5CBPrP/Ho0UVCBz7qL7uqfXXMQEBAYFjHgMmX7HQVuq3F1hdLH8Oh8ePHRfvjcH+4uIiy4KZY9cwNKCbadoY3RRgCEYzZRdFlhVZcmXJhk2uAwd3dXdpuqFoRkBWzp5+bnc09vq6da37WiAYsG034HiK6umyChPfcAJwx3RpnEpXUF3a03SVFkSlgLctKAjBtWC0T5m258PpAb6Wi7OzgL179/hcPozKhmFyGqhw08R4C3qbSiU9zkNjsTbMbBvxRBwmxTs6Ont7Y4l4wqOSYz9bdQz3kzRNmDIPRqOWnS6HCEpVTXTgSJFgBup3QPTyacMna9etjZQUV1ePhc6ouuq7+UEBPCDi013f9myk66M9+1v2Nzfvbmtv7enpgh4qsoIKISG4O7RMJDVqfDj8EWFwY7u5b0qu9lm49RwR1N6wYusNTODwEJl+w8NvjvQxGrMWr9rKBI4clIrL7l552d1MQEBA4PiFIKAFBI4ukqkUpm0+aR1KDNILyDq4tx4jLQ6WV5qUzzgfSEAPAKdTeYqiG8bXvzHrl7/8/0ciEfK44bqKbFCCOYeDVO9S/U2Wjh4ISKVWrVr11n++xRwJMrqKioqJEyelHbu3t9dMpdBFiOqkoDNYIeV54XBYNQKGayRTSd+yFN1wGaaGju8bgQAzTQ/yUN238YFgaizD3Un4FQU3rLREJeGolohEtstrqKl/fu5BwcGaJEF2N2bMmIARgAQ1FosBL7927dpIpPC73/3u4RPQAgICAgICXzLAML13796qqioIIVpbW8vLy2HITiaTCs4HS3z5EdfEgDgmkSD/ZBigJTVgaDCgS75sp92W/a2GEQwGgp2dXWPHjrnwwgvNZOrP/7mhva0tbZoQGwRDuMzJlT0eHsjZBV8uBS3xRApCBhjQt237bNeuPTC6O0h0IyGr0BwzdlTKTI0DgQx9RhdEH+UzYKa/r2AYmWBP4cIfGIMomhbo7u7p6upKpVJYdk1tcmmyzH9E9MLJwGDv37cPjhlTXU2yIUBTOy75IkLwEbNif/nzn8eNr7l07t+zYECBoKNfGJVx1IBIBaKgaE+0uanpwy1btn788e7dzfARSGa4KYiDQqmUEVCBcNdUHQ6GR0fui7wgOrP0jeWtb8vJYQsICAgICAgIHNcQBLSAwNGFm80cZO6qR9Y63EIHciVy7uhX7+yRIXvWJ13KOdhwUY5cWsKoXBq+BoPBoqKi733ve9f91xuLi4qkjFIH44XKcjZdGxT84KEcCDPb/YwER640G/oFl37jjTeef/556FsqmfrmN2fDLmB7IVv0qZNwTeDEcTms4xQUFLjk807VTiizaOi6TabvlpNWNQ32It0MGSNJPfJCJ11DPUaZxBMxC3XQtxAOYA5+NbLF4PTQbCnTMayVDoVCJKVtTpw0qbqqaufOnZAPv/7660D633TTTRL3XRQQEBAQEBCgWKKzsxM45VNPPTUejwP1DDPKPBRhZJjM64t5TAKcqe+ayXhKUmRN1z2YSLY92AjjNQzRwEEXRYqCgQA0WFJUPGfOnGQ8/p/r3+qNRiGikC0kWmFsx8E67fFyZplGfYgNVAViBrTfs2xXZk7athlRyS65Pfh+nPPLZNSHSlzETrs81OG+hRlJMZzpdyA0gkgDdsFRMEeeSplwDKOZe2LVWYbgZZyJxljFTuNiNbjPjo72QMCIRIrC4VA0avJSaY9JiqrAfb322msn1J545rSzKKbrCycoYENxE7hQT090//79H3388fvvv7+nubm7uwtFPzxUHbHjDjD7qioBAR0wgiRvDdELrvdyHYz4WJZIPyK6YQICAgICAgICxw4EAS0gcHRh2w4qHkoyTyMwx4B0Lcs1QzbCc4z8JZa5wudBc49MFRKdEggEZs2atWjRotNOO40pOp3os6OsSwx52t/+9rf7778fGGdDMy6+6BKUg+zC5aVpG5WYUT0DWGPbcWlFKXQoFAzCm2QywX14IFPlBdpACsP/bSpkhpMVXYdzFCKgFSxcwvzUgpyQ6se5+CMQ0hIy4B5chpPyXESSPzdd14GwRpsjx+vq7NQ1ffr0c3fs/Gzv3j0vvvjiKaeccu6558qy+LsnICAgICCAgDiko6MDhuOqqip4U11dzUdqiDRg5hgo6RQu5Mr4T2iqWhAKubZjpi0gW4GGhkHX0HQZNbBUX/J7enpC1WNg7IaQoLS05OKLL4ZZ3/VvvNHV1W3DTHTaDAYD4XAB8L0eFS+jvDRNuNtpj+aedSKd8SO5HqZwiFcU7snsc9UMH+aY0zRXjXw0PyDP9s+HYCGZMFFPjJ/i46w/ORaybLUzuVt4npx1CIQogl9CQsMJq6WlBY4Mh9GFwvNNC2KbtA39U3Xj008/XbVqVUVVVe34ftKrnC6GGAYOjUaj27dv3/Lhh3v2NPOaA9jFCwtQZgNrtz0rzZKJFKmKKKFACJ4GumF4fs4IJEOpy0LrS0BAQEBAQOBLAkHECAgcXQC/CvmRIquS5EmyJ5PhPGyHtIoRA8vZZE6k5qqMh6p8yaUlcOLYmhOWLFkyY8bfhUIhXyaPeCn/yCNIQ6NyRYYV9/zeWPKBXzzY2dEDRPMZ550dSyaiPfgeEjrM3hQZMlRIoVzfg1QtECjAYmfbVxTdYSyN5T2KmUqrkKxqikSmQVhFBdtVrlKC6ZhKj4VnjqjIQY9C5pkYLyGHJ6BrcDScr/qaTaVSeBYu1EVSm8Q6sCh7f8v+CeMmjKsa9+6777768upzp52Lf/aO0LNx+9eXy6PRaVT8gU0JCAgICAgcEQxDXHIeF4hXRuwzoLGxEXhnGFthAC0tLeUxBqNABThoGGH7whKfhUMhQ9c7u7t6olGFqYYBFLSsajiy+grqdQD9Wh2sxrN8f/z48fUXXJBKJF5//Q2gceHCwM9qGtZCcyEOmo/2HAwSAnBFy02jG59rKgqM81gXDNdnfpr0LXB+nYQ7cFIfYyU0iYA7VdNpK1sBrcCWrGYFj6M8EppG0IjtOy4VX8sZbhf4YCqszuhJM6oM6OmJBgLBQKACghjoRsoyjYDR3RPTIaRzPQgnJpxwwj98+9tF4ULgtYGjD8Isu53m5ocpMwVPYNeuXW3t7ZZpwT2GQ2FN1cjNAi8E9HPK7KVpeMl1XDwRvZix1hvuwXdblgAAEABJREFURaeIKMc+85oD/kaQ0QICAgICAgLHNQQBLSBwdMETCWBTuXsO6+8lmK/yPCC1GFAWnQMkjRUVFVdceeU11/3DhNoJskzV0NmT8htgRwb92kkk4r9bsaKxcQdkQhMnTSovL+/t7UUzH0zryCcQl8qi6LWDNoOe7Tuqgq7vASOgGXqCCqky5T0yaoA4DmofUlpJ7vZU1MzLhXg26JFbkEyCjuSVJBmGwbKiJT7WQXt0uMSFTYDODgQCcLKZgpw30dPdHTaCRZHCmTNmvvPOO5s3bz7r786W1SMmBi28gQQEBAQEjiNwKjOn7pUijBs3DrYUFRXx2V+J5nqBTebeyDkCWpMV5vqmbfquHQxoMN4zz4XZZ1UB4lRzJNlxXSttwYkF4TCPYU6aeFL9hRe2trV9/PFmC5eB+XA5GNL5cJ+2LJJrVog17os3HAetEYPBkO/R8USXQ4MOqjE7VN2MQhyMuzt7ZJ8sMU/Gz0RP990uhBkwy8/vgZHjYnalmE9K027WzjAjfMGji2QykUyGy8qK7bQDu9OODZ10yQ051tv7wQcfnDX1jDNOOx02wBOjMmcFlaKhhzY+t0QyARQ8BD8Qk0D7OsQtMEEPU/FA3usG3LdppXpjcZgmTyZNlBPxfGzcRWFrPjeQe+Y59ln4WAgICAgICAgc1xAEtIDA0UVO3JnXsHDh5vy9ua88GePb87WepT6hQgkSlylTpixevHjGjBmKERr+wv0+DqrmwQ9kIwXkRts++eTFl17CBElRasaPhywznU7bjs0zOnTSwfoerGzyqQob1+T6fjKZBAI6FAxB/pS2bcuyeMU3JKBkOiRzNRKPGyrqGuRZlFFiWZIsyS6x0A5fHptRhcaUGN84NlVGK/wB8kQNDnOxYguX9kJ2pysa9KmwsBCI+2effe7Us04LqiEmICAgICDwlUS+q0R3dzeMvzCdDB/hK8QqfBoYWFQYu32iTVl2jhwmjM1EvLurK55MBEhomaGAsycxV5FVmZhTiApg9jcUDKpGAKKFcDA08aSJ53/9/H37dnX3+HY6DQy1qnqaqnEi2EcvQY8WPPULVNAVAqIITVVs6JLLJ659ZM49zlbnmHFyqshENPCJy5H5Pg+uYAJblnJ8s+/bjpeR4aCLZ7jnrMgIt+sALri3N67ramlZMXDIMLedSJlkfkjRiG1/9NFH/7nhP0+YMCEQqOTGGBCQYOyBGtAW3L4Jx/s+dl7BwE9TVWCiw+FQaUlpZVVVOGwAAd3R0bl3z97W1rbe3oRlAiWNpdCc+md5Imz8O5WZtxcQEBAQEBAQOG4hCGgBgaMLntRg+qFpcrbCl2VTi9z7jMpENrvgiy5z9DQ/LBQK/cM//MMPf/jDMWPGyFT3y1hGa+JADLAWlIeQk+bVPkP5EA64k1hv72OPPRaPxxPJxAXf+AbkSEAEZ1x4MGWyPS9DQHN2WJU1mcmQ5aVSqVhvrNQohwsBE83LhRwn7bpERmNBk5+9UdSDlGRMt/iSWGg7I/FM5vXUZ0x4OQnO6XN8Vh5WSUOmp2oakdnoGySTtgn0lpHfY3V11Y4dO/fv33/CxBPpmYhcTkBAQEDgKwdeAc2dkDs7O8PhMMzRAnGMpsE0v8vIfpC/50JhmUAFXQQZcMuSHAgEDaBmfdTSQjfgdNqVJVysBMMxnIvOw54PxCtDQQ91+vRzmvc0vvveO+3tbR4FRWk7jcLRxM+idQROJPcFKqhAnU6TK58XCGh8Ap7HUTC4AzOO4hUO/sM4BKVBqBqa4hkFJ7YpvkJHCFyZxWMpLzvZn4nMGIpyyBhreVy5K1MXTcEI3EJnV1dxR6SsrLyoqChpWr2JBMyDw80ClxyNRv/6//567tnnVFdVoeq0wkM7nzyQrd7eXjidJuPx1mzbBv65AEMUNRAIlJSUlJcXQwBSVVUdKYyEQuE9e/YlEik1kaJibQk1zfooccZFxvg8PRMQEBAQEBAQOG4h+BcBgaOLTL0M2c7wIuh8DHMip2O5K04wGDz33HMfffTRu+66q7q6mmtGs88d69at+2jLFkirTjzhRMwGcUkp41b1kGVhsY+qUQIpZfVGfJ5YGgFDUzUzlTIMA54B9w9EsWYklxVOhONKWNvhtUjwrDB9hXSW6oBy5DQZ0UsZEQ96CFyaQ6GvtGoVjY+4aodHSotoPYQXwqooXTeACt+/v4Vl8zoBgQwaX15690PrWo7QYV8Y2tf9esmip7eyo4XYhseWLH16q8W+qA588Wh769FFdz+zhR0itjy9ZNGv17cNsmfryruXPPRWOxMQOMrILbrySQ0D2FKgRGEY5fRuTqCD+xDm5s55AKNqSkFBsLqqvKqqvKi4UNdh8JX0AE4Hex4ucOJ2fzBdbJkmRALQSHd3d0tLCzR7zbXXnjxpEuylymkdmkQJjjTa8uG4D1GSk869rLRp22lgcHE1lOSNHVc9btyYcePHVI+pqqysqKkZP6G25sQTak+aeOLEiSeNHTdm7Jhq2FVdXVldVVlcDIxxpChSWBgpKCwMB4JBoH0hDkHoOkYMcC9YXS3T4rDsXD9/OLSEi4hrD4KW1tZWiE/gvJKSYiXT4TR0GI5pamp6bd1r7e0djOazaTYfQz54CqksEolEvDdO4Uwa7i9tWTAZD4x/Z1dnT0+PmYJHhDIjpaWl48aOPemkk2pra6uqqioqKsqzKCsrg71wPzA3AM+NHUEkY23tMWsAp23BxvbogD/xrhWFjUn2ZcFBB7JjG7GND929bOWWYbo/+tHEtRo2rXllNbw2Ngzzjd72zKK7H13HGx5xOHQog+axHmsNhaMeAlndI/hNHPRXu38z8BvdFhv2N+DL9lsvICBwrEAQ0AICRxe8/JkKfh3u1Z7zk8F0RdY8WXUlBb5Kqu7JqFPIVAVe+F5Sw5GSiZNP/Z/Lfvlvf3zyGxddouhBX9H48ZyQHYpGJTmKvtegx3ic1R2WigViWPEdeNlm4o21q20LLelPOulEXqQD+RSwyZquQ/IF7DPcrErFyJC7oaQhaiMylcwC0WvHTidjcdihySqWMDmonChhSTiS1HA0JLIK+dGTqobEe0jVzHC65Pm8lMlxqRSa12SxjCcRvskUBxF/jVQ1OQ7heljXYYqSBj7ad8/82rTN733g25LOdAW+G54iHYZYtuL3ewkcv2h47dHlTz/66MESthEe9sXBbFjzzMp32thRgrVxxYPPLH/gmQ/ZF9SBYwCphj+tfHpjKztEtL7zzMo121OD7Gnb8PQzzzWYTEDgKANGWZieBdLU8l3Lc4AJHVdVrXoM2FoPhnwYiI2QZXtW2pVRRAsn0mGklGFAti0nbTpuGiaOCwuCkXCwIKiXFISqiovKCsIwI63DWO+ZMnMCmuw4pqHDrLBvu3bcTLV3d9dOmHT++RdFCssU2fAhlFF1FGhG4tkm3ax+oFl7O5391Ly7edeuXY3bG7d/9lljY+OOxkb4uGfvHqC229vbk8lkimqu03SmTFJdRiAQDoeAhC4sLID/gJEuKS4uLikOFxTAqyAcxq8FYeB/gZ82UCUMeWpZwdlxmDKnGEPpjaU6O7oNLWgoRmEw7KdtFR5DIiE7tmUm3/1g8+YPP1AMHauvJRYKBSGeCGqGKsnImiuqhcXXiudLFtHpqYSVjKX27trzycfbP3h/65Ytn2z/bFdnR9RzpXC4cNy48ZyDHjuuonpsae0J1adPPfmsaaeeedYpJ00cN6G2ekJtFTuC2PSzupmX/6o/V9bwm8vrZs6Y+c/9t25eVjdz9v1fmonFgw9kxzSsTc/c//Tji18Y5vsxytGk8ZnrL6g777s//acHlv3jnfPPmzZj0RuxwY/cv3Hl03/iDPXIw6FDGDSP+VhrKBy1EAhmCN566KaL68ZNnzH3yeZhD7WeXzytbua0W9YOzS9ve/SimTPqrnq0YZhW1t42ceaMiYvXHK/zNAICAscqhASHgMDngVwBb76sM6oNAkPqeaSPIXFBQ5Yn/FdVXXXFFVdcd923ISHBeuHRFe0eKRPCDDZv3rx9+/Z4PD719LN4TTfDRbJAGbuQ9QE3DBcECth2HRW7SkaCMgo6M3QTcnzIahWZ+bLruJDeogC0pPpEgWP1NApuuEBi80oreAIuint4mfvwkGQm/3hcUAv5KlzVoyeau1WZCqHhAUHyKXl8Ia5HotuOlHE8xGXCmqbDXaSSSaOkxPcEZyyQweQfvPz2RW21kyuOyGFHEk2Pn3fxS/NfX7Wwln3xMOb865/XNKmTJmc3rLtz4vVsRceD9UzgGELz8nn1Ky9f//YPapiAwIHwce2Ri3rJLIGyEm4oENSBsaV6Zs+F0VzGEZ3MfUlNC0ZRljbNZCLuexaM5LAtgEXFemlZGXoP2k48EYdG2nrjHqp6wXSzD/ytaaZkGVcmBYNBlDm27DPPmHbuuTNe+L/Pw+Avyz5MKKMHII71A5d1Dfwoy6ZlosoXhUoQdZCEWGYuf8DJvpc5jEdT5FGYQ9ZUg/9H+l8QJ6CVci72ykZPkg8z5248nigqLgZKGiumfXQ/hAbh0jBx3tLa8tHWreedf35BKOSjAhmDOASI7LLS0oKCQtuhR6koTtrVUQ0aHhvqklkpq7O7JxbvhbtIpXBSH4jw0lJX1w0e6UHHdVlFwejSknBBGE7DSmoCO4KYceEl7OVXNjXfNTX3h6J53evIbbW99XbTnXW5Mafh3Y2WUv/NaQdr8I3byn/Intr+8CXs2MYBA9mQOMJ3dGT+Mhuzf7H11VuNiZOOULPNyxctWVdy8+pXl0yPwC9D7JXFs2/60U9nbV5+9bBuKUcyHDrgOX8BsdYxjj3PLH7g/drrr5v+wBPR4Y9sf2nlavgpYa+sWmPNvdwY7JB3nn2iyTBY08vPbbn9rqmDt/Lsk2sYHLP6pVeSc64WvjkCAgJHDqICWkDg8wDXdM5pbhiGMWbMmLPOPGvKlCkTTzqprKwMMpZQODRu3LhJkyadNPGkk08++eKLL1p2/7I77rgTDkBxiZGxz1L21R9IyFILh0i5AoP85JNPtra2QhpZVFTkozuQKhGrK5EtD6/yJk0MXLqr0Gpd0uKQM77zWRFJl1sJESuMxDGxxnAynCLz2vCcDb2PYoskK+3nTBQh30RPeVJ8RC0OxngSSj5GkMk6Lq0aVui6RJS7pmlCY2ijRGuK4dI7d+3i4h4CAhkoxuTJNcaROuwIovHjBnYMwaiYNLkk96m54VMmcOyh8W/bmIDAUKAxWqblT35nVxcMocFQiCtjkKKVQuSsj2XA8FLxKwzxsd5YT083MKHJVAo42UQyCYQywPV8BwWvXEXTKioqQ6FQJuCR5GQySe/lwkgErtXW1gbRzje+8Y0TTzoJtZLTFo3aLvDX6bTt9Qeudsp/IVPtwbs06liYNMhnVkExYmzzXwg590XKMxnEies09ZtfOnu1TI3AgdP8ELHEYjE0Y0Qe22M5aWY6MqCO+fcAABAASURBVN4b3/rxx91d3bmgBUKjwsLCmpqaKZMnw81CB4BlhgtBfAO7gsEAEMrwqOFgeJJdXV3d3d3RaBSezJ49e3bu3NnU1ASBVjQa643He3vxZaYsoMcNHej+oK4d0cEnNPOyGaxh8+a+Csf2ja9tiyz4zuVs2/oNfbWn7X/983Z28YWzlIO019S4nR0n6D+QDYkjfUdH6i+zUTl5UpFyhJrds+bZbeySH96O7DNAiVz23esq3Y1/PWjB+5ELhwZ5zp9/rHWMo/bGF15d+cgP6icc7MC2tc9siNz4+1/MYWv/uHJQDRN343Mvxqbftfz22uZHn9s4eCstf3pyU2TBw7+4TFnz+AtCGUxAQOBIQhDQAgJHFxnf9qydoKZp4XB49uzZK1as+Pf/8+9P/vuTT6xcueJ3K/7H//wfv3zgl38EPPHHJ1eufPrppx59dPmFF12oc7J1xMwxpVxUrdQf/qGqHiPJK0nbt2/fvXs3pGGQoIZCQchJUX0jneaqFyr5CBG9jpdAxQziniFr9YiYRuVEFxfYwoGwC7JNiRhoTgpTvQ+VWdFej66oZsGTSIbV1phLYg2Rohi6bgQM3A7JbUa1g5Qr4aK6hqdpmqLAF42SW5vfPnQYejhm7JhPP/0Urs2+AthwX33dgiea8jf9eVld/YIVe/Bt05ML6q55fEv3+qXXTCufNLF8Ul3dwsffyV956ba/ct/8utMm4t7Tpl34szVN1gj3blxaX79odfO6++aNm4IHjLvqnlcgFI5tXr6wnl9r4jXL1nVnjsaeXPrQO7h3Dj++/OL5S9f2Rb28qw3W9pV3YoO3vME3x9558rYLz6bjp0z7GnS++xA7kP9YANEPHr/p4rpBnkn+Yfh+ySvd21dk+5y5RA5915pYPr2+rp5eA74duSf5s0w/y8+etyhz480rFtTXLV7D2Nb7bqBz79vIWp65vr7+puf65wPu5qWX1l/1x0FWZVpNaxZlvrnwSBcuf3fQdbUbl87JP739+Z/U463ltP+anriqfs7it6xMl+7bmL39a+8Ddnz1bXRrfU+v3wOEH4z71kcH1SLc8wTcy9I/52/Ka59/B9fGGp5c+LWzBzyZ7FXeffymOZm7w4ff76czfy98r+Fb09c4/jjVL9swXGcO+NEaYkXy8E84f++4OQuXfzBEKwcitnnFnbkfiTk3PbY5mveIzntkMz7h7N3V3bQs94NHt3bb87iU/lr6vmRv82C/rTe92N629p4Lp9fxW77wzifeGXFnBY4voKgG+S0AqQt0ZyCA6hOoWWEYxOriWiMFtYkD4XDQCOhwRjzR293dkUqliA1GdQwUj473dvf0QGBAYys5XvgeyVqEbQeIaRj0YaIXOdmAEYDgAShX4H1hlv2yv/974KmRUiaXC1zYhBPYbj8GmrZnX/gfBAww8qPVhM/kbLUy7fGc/sg15NLZcFO5l0JMcMaOgwIRhU+YZ+XR+j0oiptSZqqnJwqdR89kWreVsTqUFYg32trbe3tjLpVm+yizpkKMN2bMmHOmn3Pu9Oljx42FLfypwn6InQqBjI9EoAvwDJHNTybjyDX3trS0NDQ0fPLJJzt27Ghubt63dx8EXdu2bfvb3/728datn332WfOe5vb2I8sEVcy6oI69/uaG7N9na9P6DUr9NxddeAnb+Mqm7B8I9/0Nm9isC2ZyNrBt7bKrsoMj/V3lB+HfkLm/Ac5yzS000l2fVQkY+i8k/imb+9hWq+GZW66CA25bd5DeZkaE6FsPYQfmPd50kPaHGlhZ/4FmqMOGvCPWsmbpTbmR/Zq8Zocbs4b8y5wDDe6L38p93nz/pfUY9uQ2vHVPXf38FU39Rqthm7XwT/rZ2UHkye2DaymMv/nN7Y1Pzesje60929vYaVMPuuiqf9R08IBn8OhriOd8VGKtUYaF1PTQQSbigDBj4DMeLkrJ7/bFowkPhkPzc09tNubNuezS665WNj/3+mB/Md56ZkVs2jUX199wfZ21as2GwcKzplXPvBO54rKLL58/j72z6k9fZlU1AQGBzx2CgBYQ+DwgU7VRSUnJ3//93z/00EO/+MUvTj31VEjSKiurampqpk2bds3V18Cuk046ceyYsdVjxsCRQJ4eORkNiSdfh9CgROXPwNju2bMHki5IUCHttMmBB+3dLQs5ZeSBcaUqmQdCdIWlx0BQu5QGEtGMX+COIGGDFhxc7orZGtHECmWJLsHjxdSkCUlIp4k1xwYh7QwEAyxbT01ZpMZLnaFxYOohwYWvvPCZeHM8k/hn20qnE/E4p8u5e+FXxE3e6m5ua+sfEKfb2va0ZcxJkm1tHzx+5byfNpz/8Nsb17/5zzfWvrVs7nczeR1zty+/ZsZN/94+++er3oO9D95YvHbh165/vMHtv/eulXjuz68L5O9lVuue5pWL6m/ZceEfVm1674V7vtn+xE1XLbj+uzf82rn8qVc3vb3i5jP2Pn79NQ9lkivoScMz370U9s751+fWv/fC8tsnbl++cMaF/5ZN+bCrL91y/eWLG2uuvea6WWNgU2zdnbPn3rux6jvL31y/6e3f3jq1cdncS29bFzukDuQ/lpZnbvr2si0z4JnAiUvO3bxs7sJn2g48DN//6R8vvXZFxYI/vb7p7ZVL6BJL1mV42+bl371maePM37+6aevGNU9dWQgnnnHNkn+967oD07p37pt309rKu/+wHo+8mq1cOG/xu7C5ctb3lvzymjrGai774ZJfLl7yy8snseorrp3a/Mpvnsgvi46++tjyhvLLZh+w/Lbx8W/NXri29Ea4363rVz1yfuPS62ffMoi249lnTm7esClbB5fc+Ozq5rY9z6x8PbOhbdOaDXsmnjsdE1Srrbmtm7ZPuuKXi2+9DL4RU6/Dvi2+eVZptr1Pf3XljzdOXvoy3s4Pzt79bwvm/m4wyULX2r2nuTXdb1tf+/QdfPZnsy98svI2eDKvrrz3gnZ4MoveyvQq+sZtZ1//UMOMJfDd3/rqilsr/nTT7GuWN7K8vcs2jL/x9y/AuSvuOm3jTVctXNmYbTxJ38ehO7PlkWvhR6v2R/CzDT9aN07YnPd7MfInTHtX9n7rgZVrYO+/zrV+fcMN942kZtzdev/11yzeNOnuP6zBZ/id8RseuObK7O8CPKKGp38084bHzbm/eHM9/NrefMb2x2+6YN5y6l/1jJt/ufi66fDTc8Gt9H25Ygob0W/raw/Oq7tt45mLVry9cc0LS6+wVt8zd07uh1ngywVySmDk+9fT3Q1cMM31IgfLq4RJ8UIKBI1wOBQuCGq6mrZgbDeR/tU1SVY1w9D0ALzRjSB89XyYCdalDMOrVFVVQYRTWFDIkJUG4lgFphd4aaCqYfyFy5339a+fc845XPKij0fuDxrqc8Bj+EIr8hPW5YyLIM47wy4NmOC+lzas27PEz/OZzwMP4qgzRPcASww+AQ9be2OxaDSWwtVULPvCpwdXhweTTKVc7BgWQXP5aaCYa2om/B1ixoknngCP0cdQyiWDChc9nHWYRseuknky47JmwONzT0jiu+FNor29Y+/efZ9s+/Tjj7d9+ulnu3btZkcUtTMurHQ352pdN7y1hs3+1qwIVkaveyvLz27e+Aqr++YMFEOIrl5Yt/AJc/bD8FcXRtV5vbkhb9K1i5fccQGMQXU34J+dJbfOqMRzh/0LCX/K3nl58beuWtYw5lvzvz3zYPrW+Gdq7W9uOHvhy+yMK+bPmRQ8WPtDDKyZS2cHmqEOG+KOYmtuAq7QnIMjC1xxdm/eqDTcmDX4X+Z8VJ9+htK86p3sN2PLmysbmts+WPlc1rzvnbdeamNnn1vbb7QaptmeV2+r/5W14A/Uz7nslZ9d+9/fGE7O14q1t7U3b3nungvvXFN5w83XHlT9Ij8cOnjAs/2+7/7otcn34JDKo6/v8CF1iOd8VGKtUYaFBwkyBw0zbnu2t+96w0Yp8LOR7fb6VQ/Uvb/02wtXHr7p4rZnV2yLzJ83kyn186+PvPPUSwfELdbzL7zMZlw3r5rVzrtueuyJlW8d2MrWJ5/aalx5xSyFXXLNjca7zzzXxAQEBASOFIQGtIDA0YWsByORwuqq6m9+85vz588vLS1VqPjG46LGxE3n6pshseJvDqFYOes0ODjFnFVCHHW7qKps2zt27Ojq6oLTO9o7CguLy8vKsFxZZabp8XWsmqqZQEZLqiLJhoI6hkAqQ/4ItDBKPMNclw8fFZuyRzg+baULCguDmmHKpuxCCme7mpm2bRX4aFodzNcI+5Q60mJeSdWwGpoWBGOBM2SOvMAZskaFKYYSgL2O58B1HeZATuqgSiNTdA3yzbTlBiBtloCwNry0Cwm0ZztyQPEORsgPsBZ0D2NGwD1SswlHGO1n/GTTU9+mVGPukqcS2yf+9NnnG2++fSKz1j60dEvN7S+sySjEzb39hfHsa1ctu3/tjb+fawzce82S1dMi581Z9o9PXbH6hmziMv7WF397+1SsNb/x97/eU3fN4+vKl7z325sxK5h8+wsPx8bNz1ega7dmrHj/wfoifF9z129nnnvn7Ot/sez5b+eECLdac9bs/W9Z3cNtjy9+sf2Shzc/NY8Wjo6/+ffTam6pX/jdX1239+czD6kDWWzduMGtu/eHc1B+sOLG3/+WLXrKarJY5SDLQWNs7nNvL52W6cCv2+ESz/552SWzIXt89tf4fJZdhjKTFZfc/fBdf5nzq67KpyYe2ErzO++0s6/fuHAGMsiX3P27p8IP/Wc7sI01k8+fMzn9J/aYdeYFcy7L5lJX33Djf5//xIpNtz8wI9PdRx9ZY1y5Yn71gGbbV96/bMvFDzcuv5weacX8n685s7D+wvsev+Oi2/trXxqXzZ7D7nxzg3v5JfCsNr25LnLj7Ve+9BAQEPPqYfdfN21ksx++bIAIYHXdZXMLdy9nz4+fednc+n67thnz/7xiAfXnkkXLf9lYd8uTz275we2DKw0OC4t9a/Wqe6bjd7Bm4YO/adl8zfIX1z9ywRwgRX5198vF/23V23fW0YH1d/127ZSF0255ZM2Cf55jwDO57+XojGVbV1xHuWzNgp+vmTVm3nkPMnbOSC4LFLw1/c7f/f4H1PgFtz+1dPu4n2R+L/Iw/BOmvaU3rn6V959dtmjFrLrb6hZuZace7PrvvPR8ctpdjz28kI7MPMNnX2743q2Zb1w7m/Xbtf96Ef/Jv/2pr599y5wFSx+ke58487KJ1ir2eLSu/rK5mTmJkfy2Wu0V9766aiHd4OQb7nl7xvgLL122+Lc3vreojgkcDziAaR3uSFS+IgWJeDxRPLEItoRCQfiqoUaxBFthDC0oCDkODMosleiF2d4x1VW8mljHQmm5qKgoGAhwr0CILYBWhjlhR5Zs1wsXFJSXV1SUVwBhappmQUFhKBiCeefOtvZEIlFQEC4rRSGODX9eH++1uCAXrYOSidj1eN3xAA1oWh910wUVAAAQAElEQVTF+HIw5I4dO7ODxKohHvCx/tjPRjl85Ob0Vf+h1/edoaefyYtDyjvWh9uDN0C+2+SWmGPGGRHiKpl5wHOQsgYeEpl5wNMokfyaCRNi0VhvNAokd293TzptAQUPrDPz/P3793P1Zz4Xzg1CctCNACMLZYa0dZofNlAk+4hg6oXzIo9mZaA3v/YGu+Tn9QYzsDL6N+vfYfXAbG5Zv94af/ksHIDaV63aWnnNwy8unoPD2PjrHnlkz4Z5j9KQVzF17pzInl+zVTXfmDsnq+Q7gjFoG5u3ZnP/v6vDoa1p0u83PnxZZCTtDzmw9m9yyMMGuyPWtvqlv1Zc9/vfLeED4vz7Ht69ad5DmVEJMdSYNehf5v6omze35qGs+nbTpjfbZtx6O8t9d7Zv2BSrvOxbA4bRYZpta/raC+/cw4VTMv18bs3/vujyoXQtNtw74/oX6d35t7+5qH508hcHD3i2Bq7Z9AIfbjJD6sont9x819RBf3IOxBGJtQgjDwsPEmRiEDJsmDF8lPLxhk1s8uKFl1GgueCR37GlT1h7LFZ9WLojW/7j5abxN86nDsyae4Xx5Mont918V37IkVzz7Gp2ycNXYJ+rv3XNOfcsfgF+Kub0u+qWP61sqrn1Knra0+fMjzyx4oWtC0UkICAgcIQgKqAFBI4u7v35zx977PEnVq78x3/8x7Fjx+qGjtVAktxfq1ka4jUqDH8KSSuzUYMrMn/00Ue8srg33tvW2ppMphxaOWsYGLQAIey4wPf6XPkRKOB0Oq3pWsAIQGqpUIEPJHVwjJ1OEyutA21tmaadtoOBIKRqcBkzZfIlrsQ1axoVB+lYNI1SHrAFmlJxKauM2tCuCzw+1+4g2Wisv6a8M+PxSGt1dUhHaYUvZqNwdbhEMpmETM40rZHn6l92zLz6or5Cl6LpMyez7Z9SscNra9ewU+ffkJ/uTL39ve2NwD4PvnfizXfMZu+sfjO3WK9y7rem5pROzpo5C8L7v6/vq0kZM76WNTf1LRCsWfBdzj5zRC750Y2T3TUb3unr6sKrc647rOGtNU3K5TdfGsk7Y86P/2uNtWrNO4fYgdyNnDZV2br0R/es2LS9LWaxqTc+ct+N0wdPCiLXXJpnzESX2NJElapWLMqMQB9pawQUZlmDmsdUTj6jgq366fWPrNmyJ2a5FZcsWnbv3KHdhGYsuPvU2Ions9bkm555FFKFBQeki+77G95il1ww02pvb8u+qibVsaY31+0Z2KQxo36Wu/61zfh+3asvs4vq77r0CmPVS+uQG9kM7eTWX48IVFyTa/ucM+rYnuZWdigw5l4xPfcdVKZ9A9Kq7c3449n49rr2SX9/fkVb391ZE06axNauxwXIjW++0sSu/j5PCzOY/J0fjNhIaua9a9av/v7EaLbxaMWk3O9FH4Z/wrR38vcXTM8T+yma/YNbx4/g+jOWvLf+udtrY9lmYxNqJ7GG7X3Vj+Ov+/FF+T/59Xd8N3vvg2Ekv63s4h8smNj/gEtZE7AhTOBLCJ+4WhjQgfANBAJyn6QyGirwCWvglmGcVBQ0Ey4pKaoeU1VbW1NZVVlZXT123PjSsvJQQSFQpZpuKJqedt14IgljKxotyLKu6eGCcE1NTXl5OQzRcDGIFoLBIPDRsNcIGBMnTpx88mSdIPVZL/d1cMDLHQAn+8qtnnK9TBU1fHK9vJfr98eBjedeXJYk98rSzdxHI3duBrzToWAQQhXaTvcgZXZBuAK3HAgYFM3owNrD2T3R6F5CIhG3M3R2xn06J1HNvSuAryfrRAiIFHjDX0eBgp72zYuyMtBb3lwVm3nZDPxLX3v+hbWx9a9h7W373z5oNi66kP54VMxfvn7rL+rN3F+88klTc0PegRjJGDTjxvn5f3ZIXKJuwOu+Ppla48rvXBYZYfsjHFhHN/5Wfnv51vXLvunkrlgxpS47KvEeDjVmjQBT6+uNjPp283+8vHXyBdfePG9mw8tr8PT29zc0RObVj4IE5BWsWdSdC6FKc9swJbaXPNjYsX1r46srbleeuPD8BaOrxj14wDPzhtl9oaZRd/bkQaOvIXFEYi3EyMPCgwSZGIQMG2YMH6WwiWdOZQ2P3LzoyY0N7TFLqVtw37IF5xye6rW7ceW/N9demZ2lmHHF/Ejzyv/oJ+bd9sIf1ylzrr2YX6hi3lUzyWawXzMbnnuirfbya3grysxrrow0vfinLUxAQEDgyEBUQAsIHF3Mnz8f/ycxyO78XIpyJDC6hrgINRs1yCDe7ejo4LoW8DWeSPT0dJeUlupUgMw3Qs6JuZmE1cqwUfZlsidkKNDhuJbtAJsMmSekZGk7DYR1KByyTAu+wnYgoOO9ccu2IFG00mk4RWOQkWJNELodair3JzR0PW3bJA+tcPVG3gHeS6SkFYWnzzK5I7q2I6OYpZ9LbaEZILhDuoYddh2daUyAVVQPvtCyefd2xqZMGkIGcNC9RhHkAM2xVPZzcVHhwPOUYcLraWcMyK2ACGbsrw3N7IKaA7u6e/t2Nvnak/tLeUfgirFo9BA7kEXtzS8+bfzT/3xo8fwnFsPHkmnz7/vNI7MHfUzja4dapjrtivkVTzz6mzXz75tTaVhtqx/61bbI1bfNHOxQ45J7V/0+dNvP/rjwwl+jBVDtxbf+yy9unh4ZomVg6hfOWfqTx1a2zFlQ3b7y109Y59xz84FFtXuaIWFouHvGAQlrHTuw/q/iwsvOWfKr9VsfOMd67Q129YP1bBq7jN0GlPQlBrASdT+eMRoz+urKSnZkUDumfPAdTdsb2PaG+TOWD9xRl91bN39AVV0oUsRGira191x52xMNLFJZQSc5USBqB1ZwD/+Eae/UiQOIjMLiQnZwuO2v3Dv/pie3s5KayjBtiTVnbo1j2mkDOjN5Mlz0o4Ymdskgv7Ej+m2dfEbdgN+NqXV1bNXHn8F3gQl82QDRiG0jiwbvUYIjq4DskTYFiknAEJq2dF21YahOm8BOGwZMKhuR4nCkqARGZJhCBjo1aVowEBcWFWg4D+329EZR+9nBamEY6IuKinQ9APO+QKcyDcU3UqkUnyEuLS2tq6tr+KzBttN0xYNMCQ+o/x3wEWa4fZ/1p5jzdvpe/p0P+1j6tSxlXTUYTcB7fv+LEjNdUlISDAYGicgysiEwH28BnQwcNAv6aTQk9Bz0z/C410XGFzGdUf/h/XdseiSSr1AgBVEMvDz/yIWPeZh1QWb5y4TXX247df4s/pf+1G9dPZ5qbydufmUTu+z7Ge4v+sHjt/x42br2SOUY/tcU/zBOHqrpkYxBAwaL0pm3Lq4cyB2O75t47jciHKT9EQ6soxx/Y5uX3/mjpW+0G9U1RZRDW/A7dBIbvIejxTSsNn1lkzV/xsbXttXN/3VNJauffDdQ0jdXkzz3rdNG0dgh9cQomlx/128fjk6fv/i3m+cvHfH1Dh7wDBVqjhBHJNZCjDwsPEiQedAwY/gohdUs/MNzxr333X///JU/gwcfmXrNL55eOqfycOxp3lmzMmbMUptfWZ2ZE6qaZrT9+zMbbrsnOxXRvmrVZjbxutRba17hG5SayeyZx19ovzq3ctHd+MqqGJtmNKxek5EiKT0bZoZW9q26ExAQEDgsCAJaQODoIucHeGgegCNpeSTwDuPqQBwDAc3rdIBBhmwpkUhEIhGbanzSZgpNeVwPeGGgoyFFg8O4VqOu6yZpJkqYAPrwkZJcLLMKh8JJLZlKpoAUDgQCkIs6nU4qnWJUf+R5aBnvU802JGYyGiPJkNVCkpzh0Ul+kbsSechBS3SPHiaKMvNkj8tSa7pGK3mRJUfNEEqwU6kk9Ip9ZeGM8LjKKqDOWtogvawc6V4rmjycUWVrwy4gnfM27IHwnU2tHbwWqaq6hr2xp60/OxaL9jIlwA4bRWfd+K/P3fivcEd7Gp974PuLF15buWr9XQdVTsiHMu2OH89c8bOFdXxNqxKZ/uPf/fKiIehvpeKyu1dedjdjyVjDO4/e8sNlc++u2fvPc4Yiy43ZNy6IzF/+1NYFc/708KbI1b+9bpDvUUXlBHh6yxv/dTYbASouubhu8ctvN82JrYrN+R8zsOxl9uzYf39188Ixb7aNv3DW58RBWuYItdkrIDOfdPOaNYOv3ca967GIKb/b7nDyl8zJ29v+zC0/ecK6fmXj0plFPG3b8lDdVY8ecJVhn3AS97ahaVh+3kw3eLAMs+2Fn970pLXg95sfOD/Dgmx5sP7Cf8k74lP41ZiTz/s0NQHHPGnC4OXVI/ptbfi0EVrIP+2zXVvZ5G9NYAJfNvBoJB6P79u3TyFJK5V7+aKlAo6mtHYIJYtdM20lk7ZtSShwgdQy/Jd2XJWhhlgyZTY374GJYcPQy8rKx44ZEy4oSJmopgWNB4NBILRh4DWMgKPAsG7BlnhvLypXqApECCeffHJJcfHefXslXmZ8MGo4nzzu/xEZYibxCX6+J4+qlQZomvkHeTYDyGtOQUuSS4XV+YdyzRCYjIf7OnB9GVHPaRJ07jFNy4Xpc8YCcCTwyxAFaaru2HxiHg7jNHTOLJrLTOMUvOPlPmIRNDvyoOUvy/+6tbnh9ebJl8/J/sms++ZFkYfe2tg2besGNud/Z4inzb/60bJ1U+557/Uba/nglHz5+jNuG1KXenRjECE0adbcSSM9+KDtj3BgHc34+84//2jpW5MeeP2tBZlHYD2/sO6WZnZkoMz85kXs+rc2Rtn6DeMvvBe/GeddVrvs+Tfaq99Zwy5+eNZRMM9uePGe5bvq71pU3zc6KONrx1Fh8cgxqoDnyOKoXfogQeZBw4zhoxRAZNqCB59b8CA86uaGVcuu/NnCuSWrDkPzynr+yScsI/Lhc8v+qW+jwWIvvfLOPbP4r/C2J5a/y4zqjfc/sDGvG6xh1Z/abriR/wBYa59YETOKGp/9pwf6DikyYitXb3xgxkwmICAgcNgQi9AFBASGhe/nEiQUiNTRNtC0rAQkpek0Og0SsFyH7Ie4ViEJZXhcoyMUDBYUhCFDCxgBksXAvVbagmTOJ31nlMsw9MJIYSgU0g2D+927WIWELvPAcZtA2mSW2CLDzSua4WqMtDj4slsqgMLsjBsQoXcQSXNQYZfKhUEge9M1HU6MRqNfEQ765Cl1bNv77+Ytr9vwl/UjO9WY9fVpbNMzq/KXYbY8c1N9/S2rYoPvja159nVWe8F5h8pVbn/ute35nxteeWkLm3buGYMfPfX8eiP20nOb8ja5W1etbmaz62exw4G17u76upu4f7pRNL5uwZ0341rR/aNqhEXfWFJ/7/arl29q3Lhp68ZNjR9uXr1o2uAVuI2Pz81534ciky9Ycvc8xnY1D7f+VZm54Ds1TX98YunKJ5pqb7xj0FwrNPOb57DnX3w5P4lsWrVs0QNrBl0OjG5U29Y//NTLbcBH4GpWFIa23vjj/W9tPVB38sigFpdvb3g/b31oy8bXGkZ29pGnmAAAEABJREFUbt3MeZHtT76Qv7bUeuffliz6I60lx72xlU+tz6eco6++9HzuyhOB49j817w1pW2b3uy78tbNG1x2zgVZ9hn43zUvD+ICP/wTpr0bVva3ANry8pMjuMEPN6/HpfFZ9jnzg52Phj+90pj30d3+/P/dys45+9zB6YmR/ba+9adXYv0PWM2M6WcPWd4ocNyCj5W98XhXVxea4MHgTrOzGVfAjE8vKjvDJHFPtCfeG4dBn4Aued3dXR0d7bFYb2dHR2tbW0vL/qam3ds/+6xxR2NXJ+zq3NPc3NTU1NLSAgckEknHtrmLQ2FhIQzvuBZKU2HLSSedVDOhhrv2HZRb5cXIea++j/gfGR3TB3qj5L1gMhujkdzLP9h1BlyF/y9jPNjvUHqWhQUFENgc2CoKj3g+PC4U/vI8DERUtLAAOr6kpKSsrAy+wkQ+hEZqFrkZ+pwoB5/LzyOmjwIFXTHzm6c2v/LCite21Vw2o2+6d/r59WzT+l+tWm9lRgSYEn5vQzub/PX62uyAE339T+uGaXmUY9CoMXz7IxxYRzf+Nr/zLjyC+ktyj4D+kB5BYEH6Gy/9bO2arOwJCkNveOv+Z99gl8ydczQI3WJr+8pf/7rf6ODuadrLjFEsGRpNwHOkcfQufZAg82BhxvBRivXGkrr6+St4oBmpmXrDkjtOZU172tghI7l+1Vo2/a61W9evz3s9eXttbMVz6/khDWteborc+NRb+Qes33zfHNZnM2i98uoads6Sjf0aWb/6BzXWU8+s+0p4twsICBx1CAJaQOA4A8+3spaD+R+dEb9GEURAupMA/lfybd+zmQeUsCvB+X4qbXmy5KGhvKEqhsRU5ilABjONWW4q7QNjnfYkl6tnoNW7pqZtM5mM9fR0trbuiyeikuIHCnRJY/jSpUAwGCks0bWgpgZkSVMVjdPQkJWFQ2EVEkxPgpcKV6SXAdy0JAdVTZcUXYWczcWsmdnwWdcxlSMzI5TaMB07kTbTLtYfAS+uKQYkdMkEENDQfYfKpoYE3mzea1R7jwWgkiNb80+Ln2lI4krRDY8tuGWtMcIcpvL6uxdUbF783SWvNGKAbbVsvP9HS16xZl57MfJilVf9eD7f2xCzmBVtWLPo2tvWlV73wA8PuXyjovUP8696bGMbdDWJXZ374Nai79y9oHqIw2csuHtqbMVtC5Zvardc7N7yH37/oT119955mEmaMeviadE/33PTgxvbLHpoz77UwGpqx4yqEWt3w2dtbvvzd1975c8euv+Rhx59bs2GxiEqcCfOmVfYvOKnC1fy59z4zMq/MHZCTea+x9TUsq3PrlyzZU97NG8iYfIPl1yWeGb507Hp379xCIqwYv6Pritae9uVD9Ijda2G1Uv+y52P/62ybvAZAnSj2rjy6eZZ8y7khTBYGbfn5ec3DaM7WVl1AmN/eWb5pu1t7bFhC4wHxczZc1nbY4vvh+8g3viaRd99tGGEq3SVmQt/Utf0L9+/6bntUf5temzh9fe9yWpJR4L2Wi8uvPKB9fTjGYN7v+in7xflVlXP+NZlSvNDSx/aAFemJzP3N3v6Uta6abMU9spz9FsDe59beOW/DZoWDv+Eae+2ZXNve2JLC16lbdPjV/3wmZ4R3OAZ0+oZW//409vhB5slt69c9P2HWvr/UFe0Pzo//yd//v3bKhbceWO2hK2ytpY1vLrylS3Nbd34bRnJb6thbLzp2vwDFj6fmPnAj0TF07ELuT9GfiKM45bvYp1yLAYErSczW/ZdQ3FlLB0GppR5sosSVmo8nuruisLXVNKy075texQUOIWF4a6u9q7uzvJyoFLLCwoiqVQ6lUynXdbVm+qJO63tyT37O1vgmES76cd70zFHcjRDdl0rHo+qKk5RAzUcDgF7G1BkjCKw5pfqrkkEY+CAyoukcy8umMxf0FQqhQw5cLV4rk8a1lxRmSbIYRo798K7y38Uvm/jTHrm5ZBPcu7Fi8LRvgL3OKQt7edeNIOuVlZWwdw50t4KKnVAjyD+ABKZyPpkb2/McWy4JoQosuJqBoNwJlygFhdoZYWBssJgURCCHslQJBXdH7FLwEHzvmUVrTP2g5wNZ0ceNbMuqGn44xMbIvXfzJ9pnHHhJWzNiqeaJ18wM/OHZfzXZlWwhpdXbqA/2G2bHrryp+vz13NUjwf+euPKxzY2tLfjn+XRjkGjxrDtDz+w5jDsYQfcUc30cyrYtpdW8DGrfeP93/3pulGs+hr4l/lA4LAbe3nl6sj8rOQxCkOvffn5rDz3oTU7XJ/m3YyjwzW3rYQ//pkB5bYVibq7vztyvY/RBDyD4YDnPHIc7qWHw/BB5kHDjGGjFGPGnFmxjYsXPZT9bXr22QZWOx5/1Zr+OL9uzj3rRnkT1usvveL2E9om1N1wfR1b9czzGD1ufe7F5v7K4Ahj9nVXK1tXcKKcLApnXfWtAYvqJl81f7L78sq1R+jBCggIfLUhCGgBgeMRA/wGR5uTjKaIJpMRqbwOCM0Gaa1oMpVCw0CsLoboW6KvmDjBPlXTfFwsmilPhqwuEU90dXWZpglZIpxLdDRKH/KSKkjqDF0PFxQEg8FwOGwYBq8AwnSOZbJMhjKIWPtMQtQ+UO5oZJ+xs5dyD8AnLUXbRr96TCzRtd7hLoXQJCaPWH+NNVE5ycUvOU69/f/cB9nLkvPOmFh+2ozr3zrtD7+5eaS5nzLtgVefu7f2zZvm1JVPmjju/PmPspufenXZJbwYKlT/yKsrFob+dNOl08ZNqpt46cJnQ3l7DwUz/9fK240/zK+Drp4x46oH35/wvZXvDydBWLPwqTUPTGtcOn/GuCnYvaW7zn5g1XMLDzu1NS76xZs/n9P6b/PrTsOHdtW/9V523+Oj099gxtQrf3BZBaudPf/acfDRfOePP71qTt3XHtnKBr2RP65YWL1xEX/Oc5a8Vn3zC/dlafRTb37ke9N2//vCC+tnzH0yrww2NOeuH9WwyOV3XDUko2lcsOz9FTezf6dHOqXuvEVvnnzncy9+byh7pWnXXBnBldc5uWcUhoYfg/pvDvlNMK5etOyyyMal8+fUzfzZUA54Q8O4+r6VCyc2PgTfQbjxy5elfrzqf319pCfXfu+5t39+9l9/Nmci/zY9smfe8lWPXGDk7a1v+uOC886uKz9t2nl3N1/95G/uGJc9OTTnf/3h5skNj141sw6fzIPmXc/9vM87qOK63//h5tq36LcG9j5i/fzlh68e9AaGfcJ8b9Vb91x4Pl6lbsHKyrtGdIOV1zz8wvcq1909B36wy8+Yc791+9sPz+l3xNd/vnoR+/V3sz/5mysWrlz7wDm53XW33nfz1D1P3HRVfd13qJZ/BL+ttd//zQvfeD93wEpnziOvrpxfzQS+hJCYhxwurgpSaAabLO4Yl3sglhUHfaBQOzo6e7qj0WgshS7BQDCjsnOkKAK86r59e7EUur0dxvdwKHTSSROBiT5p4sQzzziroqIKBtx4Itnd1ZVMxj0fp72JHXaLS4phxO/p6UHpZ98PoglxmHYxLsRxaBwr19fC+6IlUQP2ev0x4Fn0L5eWB55IK7pQj3kQA0MGwUw4HGI560H+bDnv7Tgp0+zt7YXAB96TqDMw2pkXzJoHdC0UNMKhINVQkwwKqqFo/CsHr4xmRxlTz8Y/8cBMTc/fGgLGE75v+WXR0+5dueyS7sfxz+Yk+IO2ZtaKJ+/Nm/80Zt/+yOyi1x6cf97MGf/0F9oyujFo1Bi2/WEH1j4Md9iBdzT9pysfuah9OR+zZi545ZwVq0ehmXDAX+YDUXHh1TP6D7soDA2RQP2sisNodhjA6PDC8vkV6xfBH38+oHx62r1PPzmaUGpUAc9g5x/wnD+3Sw+LgwSZBwkzho9SQvX/+6l7Lotlf5vmP9568bL/8xP4WbLe3bQxOmPOJaOrpGhf+eQaNvu6aw/4Iamdd910d82zr8bQsHpPza1XHRDPKfXzr480vfjSOy5ZFLI58+cd2MoVC86BWfmXRiPLIiAgIDA4pKOynktAQIAArKsnHzGnO56WZdQScxu5Dw6pIrNRYKQpDWRSH330twULFrS24go9wwhqmoH27oFAZWVlKBA01ICPpcoudMRMmy5zA4FAKpmELhUVRApDkZSJVDWjFameZ3MpDcPQgbRGh0NamorCk0y2LBtJ7YwOJdDHFiRxmPiRaKqM1dY4cU9seMbP0SEXRGSiHZeLKAIjDrk0t73nj0kzggHNiBRGSgoiAV0vDEOnwv/l6qtOPPkEVItm7EgJKyrDtjPCEulIKMyOOFwr2hWzjEhl5JCKg5OxtoRlhCuKQqPfOzI0PTbvaw9Memr7w0ACWt3tUccoKo0YI5Q7tGJtMYsd8t0N3W4Uq3pH05O8c5//Sd0tyWWNK67L1dWSjO+033/68GVDtUZPcqQ34m5cPH3+uu+MSDFw1I/084UVa49ah9y97LepYtCnlr+3efm8+qVTVnQ8WN9vrxqpLBnsVP5bM9TeAZcZ9gkf4vMf/Dcr7y5G08Nh21x/y6QFWxavf/sHNUftt+moAEbY0tJSdtwC+p9IJPK3jKqQeVQH5wOGRjOdbmpqeunll8aNHXf+rPNra2uLi4pVGJR9lrbT3T09qUSyvbVly0cfmok4zAUXFxeVFpeUl5VUjxtbVlm5Y8fOTz/5FKaYYdSGWV7my1VV1TB5HC6OlFdVRyKlzFeamhq7ulsqq4tLS0tg5pd5muqzgmAIpqJhWG9ra+vu7l69evV77723c+dOvB3FR5Yax3TvoDQ0HNdPA5p0t7iOMsQDMMXt83feAE3nwZ5Gf4XoAWkRxBu8wBl4ZDtt50/3e4paUlGx5KdL/v7SSxVSAfFJ6QvCplQq1RWLfvpZw5rVf9q29SPHSSsSks5ANAd0w9BUnFF3fYtEomPxRHdPLI3z5mhYwSVQeFV7zqIw56+YTCbZF4zh/+QOcc5RHoOGa3+EA+toxl8as+DYiqLj4M/kiDGqCKQfDingOTL4XC59kGHxoL8Rwx2Q+VnKDcru+lvq7ql9cZSmIwKD4XiPEAQEjnFMndq3bOqOO+4Y/uBf/epXuffChFBA4LjBoK6D2WzpaM0kQT747rvvosQh1hejprNhhFzXgYwomUgoEpDBOhdeRLUNSfYlrP3RDZ1rF0JKBcyvqZme79FZrofqzBIWUhGJDMmrlxE9zFT6QLoF13BdW5JZ2rIwEyPSXcasDPll3jGNVrmitKKqwoWYRFVbEiNF6kyNEy4u9jx0n6fyJSC6MZEL49OCjrGvDhQIfA/DgDwUqQwd6t7RwyipqBzdCZHKw3JXH7Ldw3hoba27GJtUlC9EOHkK1rbgXMxQj2s0T7LtqV+tiE174PoR1V6N+pF+voA0/jC6N/y36TD2jua3ZvgnfIjP/6A/D4fwe33QNo/Wb5PAsQQfB1SdxKpgQhgH0Cy/6WUDCngLXCeuWjLN4qJCTd5H8W4AABAASURBVNNgEC8h9PT0NDc3A3VeUlpWUVFoGIHOjm4uXtzW1trR3R0MFBYWFrW3t6g6SnZAIICUMoYwWkFBQTgcjsVicK14PA7DNdC7uHYKTSbwPynDIbNRVkLTfDOGIOyANWH92WyfDaCk8/fStHXfXohqgsGArmkkxMxoOrxvL5oKBgJlZWUDwi9OGVuWmUwk4auKE+cq3VwmUEJT5bSNpoZupigbtZ+xaVfy2QACmjwb1RwBzb54HMrIeLTHoOHaH+HAOprx9/DGrGMVhx7LHVLAc2TwuVz6IMPiQX8jhjtg4M/S5vWvTJ7/tmCfBQQEvrwQBLSAwFcQo0jsent7P/usAc0D0f8dDQkDRkhVNUaVOKFgCHJLVVE1XcM0SVNd24HtkNFBAiaFpGBZEDI0I2DAiZaV8nyNZDmwqEfxVKZImcwTMjQps4oW2qF6H8zOJKqGRu6YLAchU1ZIcdAnZpwvdPWp/JknjmhVz1e/Up4maxq0kLbT4UCIlCL9gGFAYqjbOmSGTEDgaKHm7y+vW/rAz66qNR644bRixnq2PrH4/jVF315x2ZHJiLY+/rvNxpUrhEKCgIDAqCEhtQrDuqYitWqnbZ+vJKIvNOHL+EAMVGkBCkQYtu1UVlZWV4/Zs2fvx59sSyZSMBmciMcrK6qmTDm1q7Orra0DOeiU5DJmppLdnT2uZwZDsu8WBgzN9xTXkTWU9bAMsiGAqwCFDYEB15rA1U6y78m89pmzwCMPVHB0Z4w7Esok1dVPZwMti/MOdt08GwyfeUOzujC9DUEOTpnbNnLc0oBlo5Km6fB8sLMy4x2WiICGpwp3F41FU6mUnzUP5IrS5NkhMxljGb7Ay/d8/kBwT+59Vo0Evmooa5ap8GYCAsccjnbAc2xe+uig7vbNTxpfwukNAQEBgSwEAS0g8MVjKNlDyqkY6VHgR1keLvfgiQm5Efa1latnYmzUS9FcEllub2tv398h+46uQE6nqr6ajPWGwwUqriGFPDMVLgirARXSSMz7FKZJWCttmSakrIyKECBDk4hcDgbCsqz6rpy24rKiSZIKfdM0g7qdqfTJWMBLaG/ok5WQoqgo5Oz5cK4nS7aHBoUeClr4iqZCnyw7jQkniVpCNicDHS5LmizznI/XdAFDjaIeVFXELxTrjZEYpIdXY0cGA0Q2BihyDPh4bJoWfmEIVVaOr/wyLWat/cGTq0M/+6dHFp73a7JtMSJTr1m+cWn9EblHa9NLr7nT7lhQ/2V6Yp8DjMqaUahVHKs4CndhVI2viR6n6fpxjkOW0TgcEJHqAQFdVFwEIyM32cOFQ+jlgCW40KuxY8d2tLcBWezZNmd1Dd3Yu3fP5r99ALSxIquapIULgZvWYZL5pIkTa2pqYWzt6e1qam5u6t7nwpgNQYTj4sIo5gdCAYkZkpPhUrkHA5UV+1mBC1PVZL54ia4mD0+2GrpO/oIuxQkZK+FM7TRRwNSGJKNBcSaUyt19Ph8tYXHygG9B38Ewex4Kh6FXiUSSllhJ/Yun/SICj98gGpHoK9wX8M7Rnmh7WxvOxwNPDfcm+VjmTG4ZjuuSjSIjm0T8l2GXEb6UpdHpUcDsvELKIsdOBbSAwEAc1YDnmL30UUEoIthnAQGBLzcEAS0gcIxgED4yLy2SRiyyIY1y+3CAVGrrx1s1FSlgVVWB6S0uLi4pLYlFo8Q4y7DJpIKmQDCAJvG2DRmVrmlwMduxIWuy8UQF+g47ZUUOBoOO7UAKakPmCZyyBqmfDBksCT+62bsG/liDT0AaQ5oKyRcS0kzhBUHIIPOk3fdsbnnPi5KwSjqzS4UOSJKL3bGppBq9j9J22kqnQ4EgXAi2d3d1M4FjBrU3rNh6A/tyITL9hoffPDo3ZcxY8uZ6JjBK1CxYsX4BO95xNO5i5r3r1zOBrwyItJXJ+E6zLFPKVhwT6SkjYQtztLFYKpmCiWQtGITJ23A4uHfv3rbWlt5k3EUJLPgXMQy9rKxMJy4Y2oSRPW1ZqWQC/nMdhhS1ojPPtcyUzBRdg0hA4VeHgZsLTeSGdd6vbAel7Nchwx5cSMW4qAWZKPZnq3MtZ2lcNgzy5/85EZzXjg93JJEtxYH8L1y6oKAAqHAgieEZAvEMz813UAC6t7e3u7s7Ho+TVjXxyOhAiI6PuNAre1nsOqlySJmJd4lqCFiu9jn/LgQEjmEcxYDnGL60gICAgMCoIQhoAYFjANm0JpN18I1Yzysz7pCTEUQcjoMeIkXJbh69UDRkQ73xxIcffgjcMKNFoHC+qmoV5eWKorS2tKRtW3Nc00yFw2E54/vuUjqlyKjDDJQws23HgvwNfeaJhnaJhg4FOQNNu5BlljMLUT0SgkRKGk5O23giSX8wOMt3M/71wCvLCq62zSWEmL5iDi1ldDmo+olrNVJtEZMCuFRWpjRVQrlotzfey5lrurLI7gQEBAQEvhrwGY2zRigUApKURm+PU7qMQg8Y9NtbW7u6u2DiWVcVHwdVv6O7A0hV23MkBehn3XXczs7Offv2cXLVMIIwnu7du6ezvS0Zj6uqEQwYMErLZHfuOrblJFUlyAdxHirwWWeZ/B+yyhsjhUedxWJmFcuKYb653/0peTXO0sDoyPf6lzEzNtRHmL1OJKHbCkqHYUzj5zcF3Qb+3QgEsrIbLqqZWOloNApPprWtDd5AC3BbnGNWMlDhebmezal3vgGDJp+Icp/3eSCYgICAgICAgMDxD0FACwh8AcijmXPIo0H75xuUlx28AnrQFKVvI3HZA1aiHhQ7d+2MxqKQHAGxCwS0LMlFRRFIWdvb27NrQr1kMlUUsbmuRSal5JVNJIIBaWHaSnNhDchvScoZq37gXlVZcTCtJfsdNCBUeQsK/XNpO/DIXM0Zcl0fT5S4SxL8p9IdwYkMV7My4p1dhWwMkQjHLJe6BMw18y0rbRtpKRRGghtX5ao51UsmICAgICDw1QFW4yIfWlhYsH//fpgDtmGuGEZ5VaNduFaJ9hYGgwHftW3L6u7ugsMMXUedLUXRdA0igWAwFItGm1xfVbTq6jFwCjCwMEzrmkrKV7Yia7quwlnQKs40M51PG+cT0BAbwOgv58jXkYHLi8l+RmlrgJIWyX74OWFrKV+XjKqn8xrq95HLYvTtdVjKTWH0gl0dGGLBfHxlZYVhGMDXA++Mzyll9kZjbW2t8FQ7OtqBvGZc+hnm4FXg2THSwYAHFcMcrvlM/LNK8/bMU7BzUmZqXBDQAgICAgICAl82CAJaQOALAK98OXD7MSXwB53Ztu0ToI/D4TBkp5QrKuPHjwdu10qn4/EE5GmhcJiXMAcCAczrKKtkWZNAYHohLbQdO9Ngxpca8z1gix3kixUucciVmuGNrmmM08qOB5Q3Etm2DSdCfgsZGZoTkkqi5Hsu8yGX42R9VjzRc0yTUbk0Lx7PWv5AVoc+h7xKm2HptBeLxdDbUFVE+bOAgICAwFcHJJqMAx8KHPu+badRBQt1sJAVpQlc9EsoKiqqrCxPxuMt+/aiuJauWyawsUzVVGCfCwrQ1AEGa+CXgYkGqrqrqxuaDuN23bE9GJ9RocIwSL8CPmpeVqCZt58vwSFJB47Ew4ZDfkbKA0uMkYCW+98gHcKnq5FR7quP9n3Wz4SQ9RfW8Fn/aWmMFshDgvFwJZ+eBjI5UhhRqf7aNM20iexzO9LPLYDeWC9sp+l2vDcySKSAR6YlW1RZQBIcEtkvS9lHwTIlClKmdvvACm4BAQEBAQEBgeMUgoAWEPhcgYLIGRyYUfjovdf/cPa5A1JF2Yf0TE6b9r6mfW7aTboWpHiuI1tWYvPf3q0cW93W1ZpykpCO2q4lmcwxLdkIFASCQEynXRtyKcexuRuPbacgb1V1HRhnm6Qx4BCsJ1JwFW+uDAqoZMj6XBttD8MFBbweKpkwPRcd4GVK1SBHy3nBZzuL9dSKrPiS49KhvAwKNTdIHdKXGVxT8txAga5InuWkJIcVGAUONy+C7jAF2Wy6bzlTQuWxI1QWLWwGBQQEBASOFI6YY6Hna6oCoy/wyJZr91qm7bs4JSwrbtrWDN1AYwa3uLiYRlgkR4F+pSVGqqbrQFvrumElTZiZRt3nZKIwEgnocrS7w3ehZUMrNOD0ktKSCRPGc4+HVCoFg6xh6JxLhTAgGAwmk0muHA17ocG0bWb7hxXAA9ZrkfGDj7PXKL7hAwmeexZo49dfgmN4A8Ns/bTPtTikoU0I+ftc2NavOJoxQ9GqS8pU14eZdas3AbPaHe3tzXv2dHZ0oPqzlXapLBr6reNsuazBE5BUVVJgrj6gBW10K0z4MEHvMk1SIfDy0bAC1bRRiJuIZ16fTQvLcqpsAgICAgICAgLHKwQBLSBwdCHLA2jI44aVhAyqs6PTtp29TTsikUhXVxfkRajazLg3oML1lOFICwuTfYfW8PLltIFAEFJKyKYkNAZEIQ5N0xVNSjsenMuyHkGqovgkpMg93yHrhe29vb1wQGlpaVlZWVtrW8pM8QO4NjQcwD/yFqBLSHq7KKzh+E7u8fIMkqfrisT4EuNgMIDyHqrqkGEiVVLLdErO8khAQEBAQOBLDl4CrRsGDIhpO23ToAhEJ69HBp4ZuGldU+K9sY621kQiAWeYpglk8YSaCTBJ3NTUBBECrnziA3G0J22ZPT09kqoXFEYKwuHJU07kdhF85ZNHLCpvnAshs6zSMV+ZBFfPLAGjKWaJzwvnc8FZySysp8bC5AE35A/7cXBkvDcOdcoZnoYiyWYqBUx6F8lht7W1QaQEwQ9fNAbEOLk6ylz4i4DVzsApwyy/nKtyZlJOLyR7g8S1564k4TQAcO7wfWECAgICAgICAsctBAEtIHB0ccRKlg4RfsbSZhRnUPURYw0NDYlkAlLHjo6OsWPHMmKKKysrKZn0HNcBLtdKW4UlkTQKa/i8OAfy2AAlZrDRJZ1oVILGd5bnM80IQv5lkhAHWg4SrQwH82W/kLPJZNQDuShkcUWRSFl5WWtrK1+xi4mcwtfA4j0Fg0E4BeupWYZDlnJK2VlLRy4qmc1qM1muRA8lZZrQOTUvT/UzuR9/YIxz6wPX4woICAgICBzXyA5sMIzCtK6ZMi0CDJC6gmYMkiyVl5d7rr27aVdPtIcRRwyj8LixY06efHJHR2eKAEM2jNeBdNoIBICkhuFYNXB2Gc6F+WOcKkZ9LU8hm0E+Z8woPNBIa4tLYfChnwqbuWAGaWb4A2MWku/gY7TENT3YFw2Fojt4Dt3d3c2EaDQKND2PNGDSm7woJC66gfQxENbwTHClm+8B8c7wPnmQ5HGxEIxyuFwHBkhcWoQ/PTgRvlOGYTABAQEBAQEBgeMWgoAWEDja+CLrajN6FdJoGGistVEc2/vLX/4CGSnPDCGn4hU9+/btK6us4AXLmDURxQykczKZKiighbqy7ACPTL6CPIOCs3RdguQrnkwxWc356WA6a9uQU6EER5ZZlskCrTCfAAAQAElEQVSPELLiWDTW3tFRUlJSWloai8XgGIvKrnntM5VoqSgSDTsURaL1qT7LrVDFtC1XTZWxKOR+R4yZpqUbOqR7kCMySafDM8+K5ah6QTwLCAgICHw5kSkmxjJnXQcKFenntOW4rqHqyHUyxUqlEvFUPJFwHNe2UnBKJBKpqKiACenNmz+AGWIVS6dRcQuGV04owwBt6HpxcVHtCSdgcTSJNKftNExXy1QGnCOgUb+LgGuRKMbIdCrrbpzpZB6Iv2ZZSz7J9fJ1nL8YlWQIKuDRwQNpampqbGwEGhpuh99BGlddpR0PPSdgUh0CIxQRUxUpZ5IB4Y+LsttwjE0my24uBJHQblkmKpoelR4IGEBEUwG0qIAWEBAQEBAQOI4h5MQEBAT6w8dMDzjfXbt2xeNxyCCBDgbemVEGyDNVeAMkNVC2jo3LZiHnNE3YnvZIW1khm3ed6pohd4V0jHJFzHUtE1Nc5KZ5mZPncTUPlcSdc1cHfjlcEE5b6Q7SUuQVQHA69ATSWk5Vw3ZIXHEFMdVQy9zGiCArmXqrTMmVxGuZGVzap5p07kQPl/b6J7H5QK3JY6DG6hhD+7pfL1n09FZ2BLB15d1LHnqr/TAO+LKj8eWldz+0roUJCAgIHAXg2A3jNUlwIAvqoUoG1d7SQAkTz5Zl0gwuKjUHgoFdu3b+9a9/BfaZ619JRDoz4n95eABTyFVV1ToaCLswItvILzswtusaVu/yBWESrXOCNxmdCmJs+bCek+AYZALY7yNocaWSz/w+DHOP0tErAoCIAiKlnTt3fvzxx3v27IH3yWSSNMEQDhlN+MQnM3qhUTOVPMN2m2wf4aHjI4KHgHLUGHD4kkSaHRBhAeOsQcBTWFBQWBgpKAjDe+Cg2ZHEERzQvyDENj5097KVWyx2uDjMeOPwnmT7+ofuXrJyGxMQEBAQEPjSQxDQAgJfAIh67UM2f8Jsrv8rHwfuxZfvyWizN8TL9+kwH8liNlSadmBvPLm5eQ/wxrZj+szRdZ0kIFm2OMkj0UTU3PAoj9J0naqbsHRakxXJ8V3T8h0XSFzYCIkoqV6gdrMRMHjFE6P8lrsboX08iXIQWcxw7SpQw44b1HXHtLDyOWnaFhyCxwANHYlEwuEw5MOwBQ4G+lrXg4YRhq9wKeg8FhopMqRqEhVnuQ7kgJrMNEXWJV81HTuZNmETXEL1s1KTWXjZ50kPTck8RqDE0QtRFB+ZDWueWflOGzsCaNvw9DPPNZiHccCXHA2vPbr86Ucf/SpT8AICX23I/cGOGLCCGI3xJCkYCMKAG++NA1+aTKU4lQxbsKiZ1k/BOAsztjDcQxjQ2toWjUZhBE8T4A0M38Am4xIly4JxuaamJhwKAZ2dSpnxRIJrdADNrWoqENDcdhguX1BQwCWn4SpA2sJF4UggamWuEp39Xz/g8icMJciH0KNJZL5pEH6ZDIlxIZamoXIFzpezjAC1Q9QvHAP0LjSAfC/OpjMuhMFIaswhS8OMNEa/l4f12mh56MAuuK/u7u4dO3a0t7fnVonxY/AACL9UFaa7ic7HbkLU4WLhs2MB4+86EPckUsmUZcKDSEPYg3XQLjLvdJsw2V4YKYRp90AwmKn7PsI/A+yIDuhfDKxNz9z/9OOLXzh8Dv0w443De5LJ7c89/cyG/UxAQEBAQOBLD0FACwgcU5D6v4bfm++eN/zLh7SH5AhHICvhY10PENCpZBJSKUgOeclzLg2EpLOPyqYMDVKrchJ8JKELzKCAFMZaZsg2FQXzJhLWgIQQpR+5haDr2lh2ZXNLIpeob0ZrWr2s3CQtqsWcK0CAU7m0YjAIdLPBq55VrJ5Ws8B3LCO7ISn0nneAdxbzO8Z1p2VacZzOrPw92HP2STDE9URB9LBoevy8SfOWN7EvAG/cVj7ptnXsc8W6OyeW37meHSkccAuTf/Dy26+uf+rbFUxAQEDgyIE0lHEQh4EVJnRhEE+lUqjFTKQydwYG3hZGT13XjEBA1w3TTHGaletleWSSB2+KioqAd4aDS0pKxo8fX1pSAs12d/d0dXbG40hqk5CxRO6/WmFhIfcQ5rPaXBeLTy0zTviyXKXzYUpgAcPuEcXt8fbgukh/ZzRA1GAoBIw2MtE+y4QowFYDVY3LsVCtWVVUuCMgf7mRBH9xCjtTf81wsryjo2Pv3r1wp7z2mU/i8wpo7IDnkawzhRAksuExPw1T4KYJ1HOSKszho02T5GjXjKXgkqKpcN1AEB87seRIk5NRoecOvWbri8FgI+8RHhmHhTH7F1tfXbP17mlMQEBAQEBA4HiA0IAWEDjayChLZI3xuGcelyzO4JAWiOaVTWdc46WDdoOWzPqD7mJ5vYHM8qOPP4pGY/Be13TIsnhNEK269SBdYn38M+R1aEUYDIZ6enps2+GSGpA1OY7Nq67hRFTesFHlsLCoBBI/OxrlxjuwUaHET85bWMprfCDjgkYihYVUEyXBuZDCsuxSX0hfeT6J9di+zyU1ZHIyhLQ2lbJsB61+XCy+zuhOUsk2nutgyTZKUXvuKHK5fqqUWYtCgX5o/LiBfTFoatzO2CT2uaK54VPGprAjhUFuQTEmT65hAgICAkcWRGg6KLghwYSubdux3hjW8BoBM5UKqcCxyj6tNwJOua1lf8v+fV2dHTD0q8ilIgsLI2jAMAoIwNjC+FtcXFxWXg4DZSwWg8llmG8ulLFxxouRVaxB9jKWwQymkHt7e7HqWZJgyOYz3J5v+76XMyGUlEMfZHk05GfnsSmGwWpoG5dMKcQ7mzi3bRgQkHAhbBS7KCzAsmVF2dG4I5FMnnjiibt27UylkvmPLWuDDDPZEgQeQNzz2IC7U3BKnb9xSFhDItkNiFTgmUD0IUvMwtrwXiuRTqfSSROCFdujUnOityWUeYbwBp0LSeUMSPN0WqVqdFqddmzNgg828h7hkfFgMConf85Dv4CAgICAgMChQ1RACwgcXfTpWuRLFdJyytxrNBaBfeANSlwOwx++XChzuXzRxKH0EyHDSaaSn2zbFotFUYs5HOKraLMVyp6DKVbmHJlXBFFNMaSaPipywD9MI2lFappXTzsuENNWNBrds2cPnAX5FctSurnrc01JmQSdee2VS4VEcIOqomZWz1I3aPmtCukiJLE8b+RMNGSSASMAu+BgyzKhHyxD8+NDgp6jKRCWRLk873Up/Wajf+bMP678CVvWLL2pvnzSRHxNv2bR2pykw8al9fWL1sYanlz4tbNp79nz8vYiou8+ftOcaXRu3cRr7nmlZSilxeYVC+rrFq9hbOt9N9TX1dfX3bfxYFfnsNrW3nMhv/qUaRfe+cQ7sSHvI68zE8dddc8rTVbuLub+Zitja26px0tf/2TzAafiMTe92I7Xml432LUyjyL61kNXXVxXPu/xpkE7v7o5c/9/XlZXf+19QLevvg1vtn7Bij203Y2981j2YcIlframqd8Di73z5G25m/3awsff6WbD3QJeJdsyNt7+yn3z606j008b0PjBv5UCAgICHKjnBUQqEaWRSAQG1lg0hiXJngdDNi8bBtIWmNmy0jI4qrOjE2hloESBSgYeFMZiGHqDBD5ww1gMB0ODQCsnkgkYIcmwIajS5DCeR1EO52f5eM2lPHIENI7FXPJi0Lhk9CAjZJzYhjEf3pgp03M9iBaKiovLy8vhKqVlZaeddtr06dO/ft55J510UklxcVVV1ZgxY0444YQzzzoT3kDHU6mBmgycH8ewBKhislDmd8EjEycLvhSMBKvx+aQdGybGo7FYV3d3d09PjJ5SElq3LIiOqJwc9TqMAD5SncSyad0V1qRDKMVbxFVYRyf2iH7w+E0X1/GBvu6mZa/0Nx5oW7vsquxeCgP45sGGraFGxiGHb3bg4Pv+0wvr6heuHGB+8O5D59XPX3Hg+qo9T1xfX7/0z/2aGi6k+eCJW67KdmPOwuXvDhZw9GuTgyKcXFQzgtBo6PvtHyfQUN7mMAEBAQEBga8IBAEtIHB0waUD87Ipf/SvAzF8EjJkUyPJXeCgXTt3tbe3w5twKGRZqPPIWV3ai6tAkYzmzK6EBTuQ0VHO6fElqC4mk8BHh5DzJe1myHWNQCAcLkgmk5B/wVmQr3IbIkalQ2RX6HBGGC5hE2CXqqmQK0MLSLXjtbDSGTqRJHBdRJRMJG4ajQrDoXA47Hk+y+g5Yi/5haBf0Bn0nPexgBp6aFrmCL4pxzlia266eOFyc87vX1i/df2qR2b3rlw4b9FbPBeyWvc0P/uz2Rc+WXnbH9ZvfXXlvRe05+1l0TduO/v6ZRvG34jnvrrirtM23nTVbc/2DnqZylnfW/LLa+oYq7nsh0t+uXjJLy+fdLCrI3pevW3mbRvPvGPl2xvXvLD0Cmv1PXPnLFmXHOQC1JmHGmYseXP9JujMrRV/umn2NcsbYc+kaxcvueOCGsbqbliMl751RuUBZ+OdvvbgvDq41qIVg10LD1j7mxvOXvgyO+OK+XMmBWFb4+MXXrBweVv9AyvXYOevZKt+Uv+tx7bj4ZOu+OXiWy8bw9jU6/BmF988qxTvdt3i2XMfaZx116r3Nm56+7c3Vr2+8GvXP96QqbOPrbtz9tx7N1Z9Bzqw6e0/3D6rcdncS29bFxv6FtJtbXvaLH66u335NTNu+vf22XfBs1r/5s+vC6zNb/wg30oBAQGBHFDaWZZozFQrKyuBg4bxNJVKwS7bcbAemUqk4SsQyq0trai8oWqoDU3SxpxXdUgzGgZuGH1h3AVuF2edHUfX9LKy0gpqFvWXMXiQ6aI+n2OGgR6uBZEAX1ZlZR0g+psQYknw0IpkBw7N5CBBL+y5jMLTRoDbHvqnnnpqaWkpBCFnnXXm1KlTzznnHOhbQUFBSWlJQTgMc9XbP/ts8wcf7N+33zKtXbuaIOyZMmUKzIVTHJInxoXxD/oqwwU0VQPOHRqBpgoLC4E4zk2Q8wpo1AFDxp7WXdk23DI8TKCfgcqHq6RxPtzmxQl8GRtMtKPWWBCdBlWUAVHhLtC3EN2eubq0f1QWXn36qytveNyc9/Cb69e/+c83n7H98Zsu6JPSiq5eWLfwCXM27N303gv3zOt94qar+Lg52LA1+Mg4zPDNDhx8x8+74tz9ax5+Kl/WOfb87x5tqJ4zr/aAzrvW7j3Nrem+pg4S0lxzz4aKG596dRPuPadx6fWzb3kjNmybGVhtzW3dIw2Nhr1fihMeeH/Cd5bD3rdX3H7mO7fNvPOlHiYgICAgIPCVgJDgEBD4XOF5o+Y0ZYnll0j7/ZvwKBuUswf4h3CB/nBc5/333zMtC9IqNMxxbMgPIcviPoTQFdsGflmHDIvhYlUNMrKCcAEuL4WMi6hkFwuOIOsMxuO93GAREjMzlbIsu6qswnHsgKKFCwPdjsdsV/Z817IDIU2SFcdHwlrBpbIo90wOQuj7hwIgtqOrmuu46G5k43JahmlCOhQKY06Ydkj4LZEeMQAAEABJREFUWQmqOguFJdfu7OqEZiW0CTI8yfWYK5PDUcpOMo2ZTkr11LTrOZAOs+GlsZX+qS9el2qgh8wESbia7/3i5RrbVr/014rrfv+7JZeF8OP8+x7evWneQy+uf+SCOfwAi31r9ap7puNt1Sx88Dctm69Zntm7+Vd3vxydsWzriuuIDa1Z8PM1s8bMO+9Bxs458DrG5PPnTE7/iT1mnXnBnMtqR3r1tq3s3lfXLJyI7yffcM/bM8ZfeOmyxb+98b1Fdf3bx84U/7dVb9/Jt9ff9du1UxZOu+WRNQv+ec7UuXMie37NVtV8Y+6cS9iQsNor7n111TDXamua9PuND18WyRz+/CPLtoy/9c1Vt0+liZL5dz93btm88x746Yp5zy2orrtsbuHu5ez58TMvm1ufucAHj97yYuD2F9bcNZU+XnD7U69Oun76bfevvfH3cw227fHFL7Zf8vDmp+bRBSpufOTZopbpty3+3Q+gAwe9BWvtQ0u31PQ1fs2S1dMi581Z9o9PXbH6hoqDfSsFBAQE+sDnetGkWJIKjGBVWXl3R2dnd/f4CbaV7A0XFwYYmfgyHWlcA0ZsHSuIfZebLSg4MSw5vhRQDT1YECku0QKhaCIF1DMwscjJFkawIBqVNEjtg+SPqfAZ1TCAiu3q6tq7dy+w3sDGcv0N6o7sezJ8ZSTz4Xn5gyyO0bw4GtqBXsGENUxHY3WzokAvgUwvKipqbW1RZGXy5MkTamu5keGWDz9sbWsdN3bs7t27gceFjpH3sTxjxoy2tjZ0g0gj0ZhMJYuKIkCjA4eeSMR37mibPGVKIpGEe8W7yOsFhAzwRCzLBI64vLwcGGNohBdBc29GrnCNtd4Qw1AhOYZQ6Dlh2XQELwB3MxP5qD8NcUXQoIpqSVd9VfZk24WnjQ8BOgBHwj8FzRLVbGhxRLGtffJv1/7rRTQwjb/9qa+ffcucBUsfxLHVYO2rVm2tvObhFxfDe9h73SOP7Nkw79Fn/7zsktkVgw1bg42Mww7fBm3qP/iyBddHrvrjMxt+cs8sXqWw7fH710au/u11lSO4m6HHwa2P3vdydPbDjcsvL8IDKxbc92xx97Rb7nv8jotun8xGjoOGRsPeL8YJ7bPu2/QCd3cYf+Mjq2ZOuHLO/UxAQEBAQOArAVEBLSAg0A+QgG3evNkwIB9C1jiZSEBihM7vfbU9XFPEk0jhEfJTKi62MlZCqFLoAX/NK6OBRLax9sfkDn7FRUVjxozBsqOCgjLyLexGdJmWybUXgb7lEhyQpJFNYNpHT3jU5UB7JAfyN9syzc7Ozp7uHuDEoYeQcEKu7Pke7AP2HMuegqjrCP3HvM11uMVQRu6ECqhRG1pi0ODoxU+G8occ9LAvHpXfXr51/bJvOu1t7fxVMQVyou3NuZWsxtwrpivZD8q0b5yT3dv49rp2dvX3+6V8k7/zg0uO6NXZxT9YMDHvhIk333Epa3r97YELbbEzk/7+/IpsO/CyJpw0ia1dv4GNGINe662+axlXfieXADN3/drVbPL1105V+s6g29/8yluDS1s0bFofnThnVnV7XyetmjMmslf+jOt2G95a06RcfvOlkb4TIpc/9WnjAVT74Hht7Rp26vwbpvbv/2z2zuo323L9H+pbKSAgIJCH3Hom+BowjPKyctjS1d3VG49rugbDsUuVzsDtwpBdWVUFo6pMHn0MlyVpWJlLFbvBENLNsMv3fGCfVXLPCxcUwFeZnPoGAMjZ3t5eYJ9bW1uBeqbYIJWTrciUA5PtwwGTwqTQRd0uKAgD1zxu3LiTJ0+ur7/g8iuuuPTSS0899dRzzjlnypRTINKorKoEdvv99983TZj2xlAE4hkIDyBcIY2R9EcffwSXnjRpElzLICWvs6edfeaZZ0HM0NrWhtFFNPq3v/1t+/bttu0MlCsj9wgeCnF9jGg02t7e3kKA+4LT4R659QQELBCuxONxOKY31huH5xtPwAuobQg/cNWX52UlpCH8UTI6JGRtQddAyl4i/2Q4UKYFZ+yIY/x1P74of2Cqv+O7k9jqP9HYWjF/+fqtv6g3c4Na+SQYhbY0NY+i/REM3/0GX8Zmff/WybEnVqzNVBxveOqJptob77jIGMnVhg5p3nyliV19DWefM7d69fLGjtdHxT6PIDQa9n4xTlAuv/WaPG9hZdKtPxTzxAICAgICXxWICmgBgc8NfHUpG7Gwg5SXJfr9Whms8cN3jufrQCFTStt2QbgAEjby9EtCXgRpk5dxv8GsiOhVZJ9LSko0Te3s6or3YrEzaj0qWA0E6WsykYRMCiuCbBvo45Li4taWtu7uaIAg4xpZGXjiMlmCxnt6ehRNkxSZ629g8bXrpk2LW9jDVbnmhkNZMVYtWRa8j/XGYqEY9kHVoEG4FDwxBdfeoh4l3IxJLvOGLOkBA1UaqZSJOGgGyTOtafUyDoXsoC6OIwV9G7zc24xOSP4BeXm5lDVlOnzJy8ER27z8zh8tfaPdqK4por/3FtCnJ/Xtrx1TPviJTdsbWN38if03hiJF7EheffIZdQNyyql1dWzVx59BxwZ2ZnvD/BnLB15gROztCK/V71Hsad4CB0zs7wFIt78lZg7a/u7t21nj9qtmPs4G6yPunXztyQo7JDTv3s7YlEn91x8bRSHYE0tlPw/5rRQQEBDIQ58xL5N0w6iqriouLo729ACRWlxSAqSwGw7BuA8HhMKh8vLyYDAAwzTKWcAIi5JWPkwTR4qKSktKYaj1slbAEo7CFpVX564ycFxLE/bv3w8zz9AgLxmWs2un2GAjZqbPMppYfO1rZ+tU/syVkYEghjnyzR9sPmXKKcBrQzBQWFgIlPKEmpopkyfv3LkzGovR8U5NTU1hQSGPwDo6OlPJVO0JJ8SJKbYdB6hqAJU/Y9UzBBiwBWKUA0dvRtLM3PYZxTQs5NDJ+jjFJchQb9o0ubI2hjFEUkP04mbBQyl+y1w9DE0dCdyBmR9AU/kynz5X6AB4c1SmtaedNrX/hsmTcaK4oYldUovy0Lf8eNm69kjlGD74R2HKc3SM7QiG74GDF9DNc5fd8odn2ubeWNnyzENPxaYvvXGEFx1dSHMIOGhoNOz9DhoJGOERcesCAgICAgJfAggCWkDg8wAlaPztyDMIX8qRoyMgJw+fwMS8UZaA1IVsLRwOdXQkyYwo46HIlZQh7UKFDRnrhsZUo11PUMe1oy0trS0tLZB88vWncApwyuQRiCaB5WVllZWV4XBhKmUVRYoKI5gict8ey7R4DZQLpK0iA3Mt8RwsGFTQQhCJ2XA4DBQzkdEpOAuI73AobFpIL1NBUSIQDAIPDq3pGl7OCKjwn0zFTV3d3UBCMxLgYLQWmF/XduycnSCJWtK/I4Ts9+Lg35IBswb+kVadfueff7T0rUkPvP7Wglqe4VjPL6y7ZSTVSxU1lWx9U3t/JtgdnabwQa/e8GkjY/0s7D/btZVN/taEQToz6eY1a24/jOxxpNfKXLEStre1w/3nVSolY1HIFYcYNquqayCxfPvVWycPtfeNPW0DiPWRorIKmPCWNjg9r+rKiibFGC4gIHAooIJimeScGQzKtbW1H/ztg7a2tsqqKqkgnEqFYY6Wkf5VWVlZdXV1bww1bhWyYYAvMASXlZaGwmFerwt7uPIxTFVHCiNEnSKtnJ237rso19DYu3cvsLcFBQVA9fI4hxPQOTJ6wImM4hNd14LBUFNTExwCg3tj447aCROkceNg0AcCHSakITaAN3Dwhx9+eMopp0CjwCNzHerx42uABd7e2Agz61QZbfZEozSlDZSx5vPLUVfSFs5ka6ruk3VEfmTFx2vYBg8BOkMRSJKzz7nZcTsL6AwcDTdok4Kzm62b5tfhwiMsa5YIk/ScifaJeKYoiBwsgKFW+RfczaSjQEF/CoTpnPxhq6kJJjwnTRjPUE3iR8vWTbnnvddvzIzhyZevP+O23Ww0OJTh27j6hhv/+/wVj2+78Zo1yzeEL3/qqgp2mBg0pBkpLNMdtp380GjY+90yaCQgTAgFBAQEBL4yEBIcAgJHGz5nOLkb4Sit7Q7HqHDULXMXIDRq7+zs7OoqLIyk0+nCgkLuGpTLnQoKC0495ZSLLr549pzZcEBHZ6duGFOmTL6g/oJZs74x7expk6dMmVBbO/WMqVOmTJlIKCoqSiTRtgayrN547/79+3fu3Lljx47m5ubOrk5IC01K0iAz9HjZjywD6VxeUQ4oKAgHg4FIJDJp0sRzvnbOueeeC1fhmD59+sknnzxm7JjS0hI4YNzYcWXlZXAtRmqM2NWCgmAggNLPlB+mSdQDV/46tiIrmDGO6NEd1mOn1bRe7nVApXNmLzsqaH7n3XY2uf6S2mx9TWzNs6+P7NS6mfMisZVPrc+nnKOvvvQ8GzlGcPW3/vRKvgMQHLCaGTPOmzxIZ7Y/+UK+K5H1zr8tWfTHzaNgxAe91vSzB6+rCs385jlswwt/asvbFn39T+tYzTdn1Ax6xtTz642GZ5/bkrcpuXn53UtWvGtl9sZeem5T3l5389JL6y/89VZ2cBizvj6NbXpmVUv//r/Oai8475AYbQEBga80uK8vQ9cHV9XU8ePGwTgejUa7u7uAUqVRElkxoEYrKspPOvGkouJimep1gc+F2KC4pATGaJgwTpkmDwy4AjIjRhU41QOo0szAR8uqEvv27UPHwjwJDi7zxYZeigTBA46UrltaUlJVWQVT2sA7l5aWQvwwadLJO3ft2rd3n207JcXFqZQJBPem/7cJvsJA39vbu3btmr/8+c9/+9sHQF63t3dAX1JoSmEi6+2gIyIEBuj1hxXVDopEy5KJwYLlD4THZ4mBMjZgoltDWphT6jmJMvgIz4HLWwPgDV+wxZFfBM1Yn38yZ59zi94U4uH5A1dx9h2n35EW147ClGPDn15pzPvobn/+/25lM2aeqzC2570NMIZ/vT43htMgOEoc2vA947pba5sfXbls+R+ba7/zg0tC7HDBQ5pVG/O3vfPgnLqrHt0y4MhalBnZ8H5eh1s2vtbQv51hQqNh75dHAo+/kX927PkXX2YCAgICAgJfDQgCWkDg6ILzjjnaccDHkZw7whcbOfzBW3BJ37m7q4vW0qIS47jx44tLinlVDgAyQKCev/1frpk29QwznnhjzWs93T1p19nTsu+zXTs+2d7Q0Li9adeu1paW7q7u/fv2NzXv/mznjm2fNXzc8MnHn2z7uGHbp42fNO3b1di0fUfzDvjatHdXc0vz3va9LR372jpb9u3fs2fPrt27dzQ0bP2k4eOPPv3ow61/+2T7tr99/MHHn328+aPNm97f9PZf//Lqa/+x5s01f960Yfuuz2RDHlNTPa52bFl1maQzm6WjyR7bc2zmpj3HdJ3iirLKqqqZM2dOnDQpUlSk65rs+WZvwjYtyfMlF56FjNaCvgK8d/6L/Abh5ZGX4FCv4R+7knn5/V+s7+X7Koa1pnkAABAASURBVG1Us0ce2fSyZvo5FWzbSys2tVsof7Hx/u/+dN0Ir6DMXPiTOuvFhVc+sL4hZjEr1rB6yUU/fb8oMvQpY2pq2dZnV67Zsqcdi3NHcHXD2HjTtUteoQtEG9Ysunbh84mZD/xw2qCdafqX79/03PYotbXhsYXX3/cmq82oalSPB1J448rHNja0t0eHSGoHv9aPZg5xMxXzf3Rd0bv3zL17Td/t37mm6Nv33HEqP6Cy6gTG/vLM8k3b29pjeM0ZC+6e2vzQDxeuxBPwfpf/5EdL38j2ccatD8yIrbhtwXL+NGLbVy760fLGwmvnZZYhD38LlVf9eH7F5sXfze//betKr3vghyMQIWl6Yu75cxa/NbrqdQEBgc8B8rBgh4H8dgZldbm6F+zTNb20rLRmfA0M6MDPAkva09MNBDFwnzBrq2n6mDFjqquqoBEgSg1dD+GSI5SKxoleqqQm8jlNRcp6YSQiZ7WluA4yNAikMHZJkXl0AXPcXK2Cs7HBYBC+Qpu8NPjA8md+O4GAsb+lBSjqYCgYjcYgauG2fvv27d22bduOnTvWr1//4ZYtGzb8JzQai+FUt4Ptu+m0nbZt08Rqa2CZIQTTdQNZchhxNZU/HxKh9jklDYEQMcIK8eFy/otXKBcXFZWXl4VDQMKHcz6EcC/QCPeuAJI9TmLPwG7nLDRypD+8hyPxeao4IubkRzgZzSvHJSZxVWhoVQMSGj0KAUdBq6Gi/dH5NDC5zGrZuPyH8+/fVrFgEWkcj//arArW8PLKDTRqtW166Mqfrmd58hGDDVsHjIwHG76HQN0dd86xnn58ZWzawutHobU1JJSZdyyeaT1521WPbWyjMbjhuYXX/8v2qssvnzrw0Jmz57K2xxbfzwfrxjWLvvtoQ0VfOwcJjYa/X4wTYs//5Ialb+FeiAReufvaWzZX5B5F0x/n1825Z12SCQgICAgIfCkhlu8KCAhkwHO/7u4eh1zmIfOENKyiomLnToOLFVZVVU0+efJHH328c+dOx3Us0wqEAoFQCJK7kpISA1IjrPT24Q0crOlagVHIIOGElDVgBAJBjTIrA8/ApamYtVJVMmSGyWQS3kDaZ6ZM27F7e+OpFAbgkB9D/gZpXzoaZaifwaA1zE5JTAPe7Ny1KyPljOZIajhcEAqFIoWFFeUVJaWlkK61t7fvaGz8y1/+UhDG1b5fP/98lUnAc8d74xmFRdIVGfR50NfD0cSQRrDdz/soHd7lBsH0n658pGn+oowcoTH5eytWX3r/3JFV29R+77m39duuvH/BeY/R58jM25/8TfH/75qlQ51w6s2PfO/tm/594YX/xiYvXv/2D2oOevXJP/zdvfsWXz9vmsXXt9bOeeTV5fOrh+7Mz+ZM/Cl9NibNX77qkQsyWZsx+/ZHZt+6+MH5rzzArv5t479eNFgL3//NA20/verSLLs99LUybV6w7P0VkStvW3je0/RZiUz9zoo3flqfTRSNqxctW7Vw2dL5c5ayy5/a/vAlrGbhU2uM225edOm0RZnbu/H3L9yTLd2qmL9iffH9N980f8bSbAceWPXwgmwB80FuIVT/yKsrIt+/7aZLn8kcP/Xmp55aMqK6sPbGhpbtgZZYPzkRAQEBgQz80tLSE086cceOHZ2dHT3lZXpxcU9PDwygQA0DbVpUXHz61NNTZioWi8H7cCgEA5VN9c66YUBwAAED8K1lZaUTJ04sCIf5MiauDe2gwrIJ475E630AtMKqiwtWwPjOsqrHwyNtpSsrKysqyoHX/eSTTyBIgI3AO8PsueO4Axh2qf8Y6/dbYwT9lfh2Pt7mH0whTN/BVPGcvxeiDre0pBQY+UhhBChiz0vlNDQ4BU8S2BInkXOaznw7O/C587LqLB/NZwuy1dDYUf4+CBw31pXLRzxCQFz0i9VnPHPlghlLOYMcqVu48sl7z+H7pt27clnDd5dkvA2MSQtXPHntfdeszJ462LB14Mh4kOF7KBhzf3x77ZpHp/14mGF6VKj89or3Isv+4c75dQ/wC9Rc9vM1/3rDgUuajKvvW/m3xgUPzZ/xEB129S9W/a+3ZtyU3X3Q0GjY+83ECYsXzOEi0caMW1f/JvKP1yzj57bt2t62i+FwffhF3wICAgICAscepKPlfCUgIMAYZFkOG8R3LOs8d8B26QgvShhgYJjdOkQSQwaA//Kbf/nLf/4nuuJomqqo6bS57ZOP4UYg+znjjDMgH4tGeyH3iyfi5OAnqejvh2kbJGCGpumKCikrqXZ4siqjNqSqaFS7IytYQKSqCpdjlikL5PY7XP0DGoSrePydD+8xqeN7LcsENhzeA2eNX0lhA8hol5zoIfWFFBfeA21tp22e1KlUMRQkz0NgpcvLy6OxKHTw9FNOjdE9/Jf/8l/OnzXLh0sP/r3gX4dPjBU2euXogblx/kafFRUE2ZGGFcPqJCNSUXQo5VNWFOuYjKKKyKEVXx386lasDa8QqTz4FQ6tM+tvmbRgC3Hio7lW9pLd7VHHKCqNGCO0EBz+EqPvQD8kY20JywhXFInsVOArDxiYgDllxy2g/zAtyo4O8guo+Zh44DEw9sFWF0tz/WQqtfa115r37Dl9yuTaceMikUh1dTVQvpgpeB7ME3/6ySfbGxthOwypMOxCz2FMN9BuAcuHI0VFkyZNKioqgpGXSn3xool4AohXFEQOhZLJhJnCMuT/9//+35NPPmkYBhz89ttvwwHcfPggNLTkwogvcZVk14VpcggOML7BhVsDi6YzFHPmJll/kSuJ62bk6Wp4+Q8qnykmAbV+LYdC4TPOmDp2zNjunu54bzIeT0YpnMixz/w5S1KmfpnHNrldnGXmBxjkkgGHwfPkJoSwhVdAywr/5mRqolHYmntX2OmXXvwPdjTgWtGumKVGKksOHJgONwY4xHY23TNu/vpbV62/61R2RDHSblDoMszQf9B2hj3gMCMBAQGBg+F4jxAEBI5xTJ3at4LojjvuGP7gX/3qV7n3ogJaQOALwFC+gkfeYGY0U0zA/EIiBywtZkrw2XaAve3pwaIn2BLA94Ao5ESQfHJzeHQjItdBSESDwRBkWq7tkLYysMMqaRv7nu2l03YylZRoxgtOkbOmQzwxgxQL5R3JEhC+qlkOmu/iNobQkmWl4TCdVunC6XAVdDtEolnhRvaoEz1xom4YMloPIbjic3tHBxzQ0dlZXVUFvd32yScnT5qURrFHB78L8lBPjrGj8R1hg9tFHtWpQCB/K9khA9Knw6qcPfjVIQcb6RUOtzOjuVb2jJJRPr3hLzH6DvRDKFIpqGcBAYEjB1VTYUAsLCwEBnnP3r179+2LhELBYAAVJJIFgWCAzw3XTJgAEQIMrEihUrSAi5PSaRTlCIcr8C+zD5PBcCIM5DDQw1km0us4GZwk3WcIDSAqaGlpAfIaZoUhnsipHh+0CFriyhV2WpFh4tmFWCCZTIbDYYdChQEV0H5/UbJ+HyVGE9x9ms39LnNAT/J3w0MoI7hosxzt6Y6aJso9w0Pg9c45+0Q40iER7ZyCGSegOfucL4qSm3rPEdakoQ3tOOiOTEXQjIIl0vdIs6MEZZix9bCH3UNpp33FI09Y59xz8xFmn0fRjYOFLgdtZ9gDDjMSEBAQEBAQOD4hCGgBgaONAcyiNJqDP1dwtzzIOTPpkKoAgQtJFl8cOoYQCoX37cXskQqYZWCES8vLI4WFkB3BwYneXjOVshXVCBiyJtmuK6uKx6uwfQnIaMex4TBe+0xKGgylGCUJ+Gs3bWe7QcdLkqppjJIurC0iGUfLNHn1uOs6Pjn6eURSA8jGMN3b21sQDmOpNZDdZFtUVlp60okn8qoi27Z37txZXBhp2tUEybbM1TwO11k+/1t2FOhqAQEBAQGBowcPXe9g5D154sTdTU2NDQ3t7e1l5eW98TjM8pbJ5YGAAaNnQUHBCSec0NKyHwMACV0HHdeBQRYGXBh2E/F4NNpTUzMhGo3BrtKSUizuJvtlpkg90Sg6GxcUJZOp9vY2Xj0d64pCmAFRAXGw3vCa1w6yzAyCAZiQxtlrTn9bloJrpJjcfxDvV/LsD5yI90i2i4t3UWX4kAM36mBIubcM5r+B8iZzwd5EIo5z7cQpG4aRm1DnBDSX4MgVU3NiOlccnetPToIDHiNX28hqduOBLFO3LvGozE7bKTPFviLY9sTydyNX//a6w5g7FxAQEBAQEDjmIAhoAYGjiwH2gP1Whh7s4M8ZkGpBkpNMJGSygVcVJZUyW1tbZBTSYBNPmpRIpgoLSiKRpGlakDQVFxeXVZQruoZnJZNYLWWacGZBcUQ3DHKQlxxKwEKhkIpVPCi8gV49jkNFzT68UXDZqY56HQqw3lhMjUdJkg2ks+1QPZCsy6rDJNmQ03YaWGcrbUEmRo7yWMKsESTK64ChTiXJvYVXSds2JKKGESgsKIhEIkXFxXWnndbZ2oZKHY7d3tZ20GdCboRkpjR4buz0/6gIDvqYhFE1viYqCocFBAS+kuCltbmPOUUOiZOvrhdQVRisiwLhU0+a1LZnX1tnT2lntwcjmtyrBcOKHnCQaJUKikomGEYs2rV/fwucTMuPmG5oVjoFYUBJSWksCsxsqqioCAZwoGctC8d607TbWjt7Y0mYwPZ8O5nshaEzEgl/9tk2x7Fsx0IGVpc9dzgiGD17madrOpUSI60M5DVpd6RRuJncFCVZQpqXKpz5Cio08bMdpd9Cp0zVs+wjUe36ElMy5C8viVahXVyG5VExMvO9NBHEajAIgUwImOQozsrb0CVN1+AQfH5Z3hlO5FaEOY9BzjvzSX0uxMGpdqxrzopfcxabC47lFMkgGvIlrApIpbDqOU2aJ7yq+isAa8PLb6bOuvWOi4Q8hYCAgICAwJcKgoAWEBDIgC8axUwJ8y9F0/RdTU2QaLmeGwyEIWGK98ZNM93V3Q3pJRwP2ZdKSRTwwUBA98bjgYBRXFQMVK+LrvcpOJfrLWIJM+VXmqYEDIMZBmZcmctiJowWgmQH77mYmwWDQVWWXcWl2ihyHKSaaFmSHd+BFBRyOqK2JbLlQXCPI9O1iJh2qZobjnGgwXg8ARmj3q4XhAuAg46EwtA+UNXvvvvuOeecM752gqSMUNxX4DjFzHvXr2cCAgICAgeAc9MerlhSa8bXTJw48cOPPmre3QyjZzQahaEZXYQDBo3FUigcVmQJIgVFUU3ThL1U6SxVV1XD+1gswYlXzsNyRrW5ubm9vZ1qeNMwpkOoAO3BFSFs4EQtXB+Z2f4ENIQLnLrlHC6WaLOsUBfzXS/DovPPSNoCA+2RmQRtgc5jyCDhB4n1FUSjdJiswAy0S9aFGEIABS35GErgNYCT9+EjRiAQPzg+xDlwfLggDLGNgQ8BLwDnea5tmWmYT8c5dZpoz1VV54tB5wlNeznen2te88fOqWe+K1v+jA+QBDcgTjHhSB6b2Vw37CsBY9biVVuZgIDZPgdsAAAQAElEQVSAgICAwJcNgoAWEDjayBU1S4N9PBbgc4VEH1e5Or29vbxCB9LBWDTqUZ5XUFgIyY9pmclkatLEiRWVlfFetCJERUgrlUgkId0qLS0F6rkgHEb22TQpDfMkuk/IK12H8QxKN3RSRczUZFG9s8xk3+DSzygSTWKImu7YSX4I5nKen3bSvDPAL0OKZug6cdYZVx9uS+iR3xH0iotMoxuS7PPToZPQ+e6enoIgMtA6nf7aa6/9w43zcUnvsIt/8ekMplB5pD0jBQQEBAQEPldwP2GuVhwKhaaccsr+1tbWtlbYVVpaEo2WlpSWGIZOvuUwlLu6ZlRXjQkGw93d3TDgGnogGAoVFBTCGItexEaAVxNzWYl9BAgX+Ec7jcRrcVERjMtpK83tCmGIxYJlWc2Pi5CzJf4ZQhEfeyhn2GZOO+exz5lGgEZGZQ4yFaQiYq5fwR2J8+/XpwlvVVEZXRqugIXTDDU9NFUN4b0UwIlxmHJPJiHE0HVDVfV0Ghlgm+Ch43HKBgqbyfwjF9ng4OzzgQYcAwhovpHrg3HpZ14Ezbfj88lWPefUQvINEgUEBAQEBAQEjjsIAlpA4OiCL7HMLYDNfpSlY4h/zpDiLmpaYE2QpmqQ7sR7emzH4flgOBSaMKGmNxaHzPOc6dMhCevo7IxEijzm72vZDzcVCoaCwaBGDoGQJzmks8HFFbH+CO9aguQJclzIP+H+FVqCytNUXtUEV4HcC47nxVMMV9TKHkNCGbJQx0PXe76WlWQ5kLRm5IKYsffxPOi9jSmiLZPcB7SgqbpESTU8blKRhnQu3WOlgTKvqqrat39/a1tbS0vLCSeeADkjN54f+iENAiG3ISAgICBwvINTqJwhLSstO3nyyd1/7e7q6oJReu++vegS7HqFkUKDPBtoGhj4ZR2YaQgVHPIWBDYWIgcYc4GuzXGvHR0dO3fuhK9cEAMmgeHNWWeduX9/S3PzbgwAOIOcseJz+3cJi5FJTiPHOPeB5ox9xilklhuhcbkUWgtDHCJn5rjlPCFnxgW1SFEaXSIUFRlfhUH0UhTBf+FQuKioKFwQbmtr++yzz1JmCkIirDzujVN5M/7jjDAVI2PznG7OPb1+ncwGfjmvxRwBzYhi5mvOGNVBQ0d0ApaK2zYPbDj1zI0fpWMoahQQEBAQEBAQOBQIAlpA4OiCyzpT7uDnffSHTSWOXpoxVDk2bZIkTIdIVBESzq7OLp+IY46tW7eVlZVNPePMvXuagckFxpmFWCqVqqisgPdwlmmmgN7lmRkyyFhRlTXboTokSVZ4likrXH0Rk8o+36FMsiinrTSqJWJO69q4CtVEwQ2SakSp6KxNvIRGgxKvdaKELQ1XgdYwf6OKJ86Gc1VFeA+HWZbV29trp0zIJ1taWnVd29HYuPn998eNGxcIBikP9A/74Y9cxVskkwICAgICXzByesTwhoqgg6dMOQXo546OTvi4p7mZM6G1tbW4qMjHuV8/61ehwHCuwYSwxKubXRLR4qRqPB5vaGiIxWJxlOcKcFmJ3ni8uLh49+7mxsZGGJghXIDhmMdFVtrKH0ChZT5IchY3o7+Rna/mdKzHGWjieHls4JHPBpVzKxR3QbBF094InzfHSOyrqLhowoQJY6sqiwqCuPRKUfi6KHgDfd6/pznZGzM0NeWwZDLFpUJyDDLOc1PoApPa+UUG+fxyjoXn3PEACY5cRQLnr3n5M3QAuX6aDIAoi3PQnKTmJeqCgxYQEBAQEBA4riEIaAGBzwNEvA7yMZNO9F+ryWUp2FGA72UuxL0QB3ge8qoinkTBV+BqscjIB5IXklKppWXfzp2NhZHQ7Nmzn3/+RV0LQFoEOVJhQdhOp9EIXta0oAIktJlK5RQPFcpFfW5wj8ZBWUN6P3tJWVapRgnFpl0HUjBeqgzPx3N9x2W+ojPJkzwFDlYVxjUlUSGEFqhCcw4aEsL1FO6cyJ8qX+3LqWe0FYI3qhYORQJGGKVD4nHkrH15+67mnbua9u7bW1t7AnWVJgZG/PC5RWEO0Ck2CgjHQgEBAQGBQ4QsH6II1ABPwlxrfHDGJU3hUF3daZ9++mlPtMdJmc3NzXx7VVVlWUm5JisuDtASEqcwryzReM8kGF5dDxU2gEjt6ur65JNPOjs7k8kk53Zh+46dOx0n3d3dk0gkFBTbgvlm1zRNTu8GAjoPGzjZOkBuAkhu18dJYm6STCXVMkxEc80LxhlqPzPfTwu7fMd20O5PhePwlLRl4eQ0se3hUOjsaWefdlpdwNB7OlqjsRicC1PUQD1D31paW9va2iBOMB1munImnsnGcDyAcZjLQzUlz0Mip2TCe8J555zxYO5bxu+R3yzX9IA3EKtwmh5NmG3bJB0zXm3Nl4sd8rdbQEBAQEBAQOAYgSCgBQS+QPiZ2hkmsWOgsAUzIqq3gbdpdMhhXH4R0h7Ii8rKylpaWrZu3XrOOee89+67p512hmPj4aYZ59mUpuuQGEIKR6moRAknS6chs4JGPDm7IBZYYYV4Z+ZCyxIww6lkEnM2In5tGz12IFF0XfT5SRO1nZ8qYyrZ3zNQQckOj8lMzeonwv+CIZQEYdmkGgD9gS3hcJg3yNcCd3d3b9u27b13JwABzQQEBAQEBL7awBpnSRpfMz4e721rb+Oyxk1NTWlc4eS4ths0gjIyrQoO8V6ay0fgLLJLw3fa6ujogOPhK0z3QvAQiURg1AZKt7VtP+yNxXqBnu7u6opGYz7nsGWdYQAAkQOqblBMJEHzXpa6RYGsvOlyKTd56+eKmgeuPcI1Un6GZ9ex1JraYZKKbLhxyqmnnHLKFOh2O3QyGofuAOGbSqWAdOYl26lkiihnxfWVPrFpbpghIRtOFdd8cRstycpSz7lK59xHiDRyxdF5DznDUPMy5/z66FzAk10VJue+eoN5UQgICAgICAgIHC8QBLSAwOeCXGrBa1hyKzH5Xql/KeyAgw/WMMtLbKT+coeQ/uTnZVz1AmuF+mUxfQtFiXH2ILMCCphRxTRVIWHmBlxtNBoNhUKQT/bG4zt27Bg3rsYwdBflCtNwnmlZQFs7XMkxU+mMyZ7teaqiAm+ck0L0qLIJC5F8XMoKVDHQ3KTx7GIqSvwyfLXMtEOCzggZ66Xg3LSdxqwvm+/BAT6lmrIv8zIrRguKuRcQz4plYqWxDUkqLCzkiRw3lIc3nZ2dkCdjopixYsw8Imn0DoO5DFOskxUQEBAQOB4B46blpH3bOemkidFY7KMtH1F9rgzM7L69e33HLy1Gw2GYcHYcjzsywIAJk81UQdzT0dEOc9VAPXPhDjgSGoTgAbZA4z09UZhybmj4tCcatdNpPrbDoAsRgCrn88g+xCmqpkrESZP3YL9OSrlCY4mHLgOXH/WZOvg4EQ7DfpCiF270B0HAh1u2wB3BVDTw4EA+83Jjx8aSYwhpYAoc4y+JOTC9LWXUufBSalbUmVhv6D43LYSvXKw5kUhw9QwpCweVxCzSjM7rP9HWvK45X+450+UsE82rnjnBzQQEBAQEBAQEjnMIAlpA4PPAcNLLBzv4YE33l+84oK1Bqm58rpnYd0ymEFuW3ayNezwep8M9XoIDdC2qJ9NCUcMwVBJJVJSW0pJSI6AAcYy7PM9CNUfXSqe5iyDka5ReZhQhWTab8klrEvJAEv3A9BLbDKmYyMqypmp0mGyaaZ7Ice5YNxCQxcFGLK9mDFJFSPbg0jyR48objLx9uHIirzziYtDQjslYgLI4aIdnxTwtTEHyiUeqLPfw/UMpSR9QviQgICAgIHB8waOZYMdzYJw9edLJwB3vaNzBaLER0Me25fZ0RsvLy8PhMIx2OJEMHKttxwkdHa0pM8l1jWHchxlfGGe7UE66AwbrnmgXfP3kk21dnV0wRJNuBsvVDGcuL2UHYVw85WSZXxhV+00JZyUscBfEBwcWBlNIwKhpDGOgG8ARwx3B5eCOYNoZp6Bt27KBc87EP5KUWY7mQTCgeBCd+D4pkmWdMKhbeGRuTjwQ1EtKSuBpFBcXw1339PS0tbXBVwhL4Fg0ZDQMCDMgaBnQPY3AAyHoG4+7WFadI5+AlvoYb0lEFwICAgICAgLHNQQBLSBwtDGAHx6UfB50uzQaR7vBr+gP8nGQY7g0tMRVDn0feOCUaUpcExk3YykxF6+gShy5oLDQMm3IJDs7O4MhHZJMSKKwhNnH4mc4jFsCMs7JShKQwZ7q4Zpaqm72SW3RQ3EPhYyJ6I3CdE2n7I9TxpBUKoFAgBcKcUYbehJEBDCt041YbwwOSKVScDx8hva9rB89tJm205ybhr2QAQaAvCZiGhJFSB4ZCX0kXQfobzNlQoIYUj//v4eH9v0VEBAQEBA4KgBuFUZwbuFXXFw06/xZMJY27doVDAQs03TTbrQ71trWBuwqX2xEbKkPYy5WEDsmDK/0xikiJJPJ/fv3m6ZJRdDRjz/a0rxnD5ZUk3YWkq408ayoMHnMq5gzAhvQaDKRstKOrilIdmfAd3EiNuNXQZ8GTu5LnLQl5wsTVzxBhII1ztAfkgJT0hZOb8uqBkGAQtXOPA7i7Dky0ixnWyjJWaiaBrEERCHALENwpKpSSUlpWRnMxZdyr4t4HCbrYxDg8NAFQpRBHzIPWhRuVYGxBzH2PndC7r+mjdS3uaaHkIEWEBAQEBAQOK4hCGgBgaOL/kZ//oAqHg4suBmksGXwgw9yOb9fzbM/wGdw0F75eYteuWcglzrENAzzHlnSykorIUPcu3dvwAgnk0DmBntjvZqmFEZC0XhvR3eXBpQwakArmWJkSpky/vTcb8f1uIc8J6Ud5qeRHYZDZUYmhHAuZKSQ08Lp0JYiY4IGuSNQwzIKTCuQHrq4QFaHw5gr+WmmSwFoxjWTyURPIKhhrRG62CuSJxuGBgmxrGgKrm91gNC2XctD30JP1yM1E8ZNmDAOerhv//6d2xsTsV7muArVUHlS//Lw0UFlWQ2PHKQhpVQcJiAgICAgcCwBBkqNK1C5nspk1QicP2MmbPn4449RzVlTLduGN54cADIaRnaftJZ9FDv2YOCHQRY43IqKilAo1N3dvWfPnp6ennQ6Dbxs46efdLd1qB6DeAG2GIqWGWw9ihgUTYZRnRySgVRWVdnRFM81YSra90gkGiMi8pRwPYgPKHhA6Swb+qlyRQ4uYObDITb8I0kxku/AMMBPmjl1ZoZy1XA63KyH2l4k8ZxxYPYzIQDXCoP+KKoUDOpcfwy+AhsOsQYc7Lo2hCXAj6ftVNpKQhQE9LXnO5IMbcF8N4N7BObdRkcNiV+Xv8HK6AAQ0BpFQBBb+fCRJEOgVypw5TkOmguDcONlUf4sICAgICAgcLxDENACAgIZQF6EeY6iALmcE/OQaCmrbTu4fDYaLS4u+r//9/+GwiG1R4snEqWGUVFZGSUxR8i3JNJA5FmgnJXFAOiaxlWVZcYXlsqU1mFdkUdyHLbjKOTVk0qlWr8f8AAAEABJREFUAiQJDdfUHay8hhwvnkoBFS4rWE+kWhawzCazC0KRYDBg2xbscux0wkvTUl2g4D2JjqVFu76DWhxpSIshdeTLZiENTpkpSJUT8fj7mzcrPpoWqv2NDQUEBAQEBARgQC8pKZk1axYM2B9++KGkKnzJlG2nOakKwzIwqlpAxwlsLFjWCgoKioqK2tvbd+7cCQNuPI5OxTt27IAZX4siBBvYWVny+plRSKTFkVkCBQwvjNc5PYqcmTDLGvf1t+PD+usM/0xyHkDaZhwdMscPeXc8ROFVz3yNF0MfxTQPh+C+gG4uLi6GJwA3RdbKEsvKbQE5bKVR9BnuEObGCyMRaIdqmhWuG8bvAp4Ab5BfkXs2AjQ1g2AwyOU4cvojUpaq5hJk+SocTEBAQEBAQEDguIUgoAUEji78bJrE7cyHOGhw10F/MMdzMnKnVZmuyw56dTaivmV7wbjYBS6P1TXLMv1sz620xQWg0WYnleJrS4EsNi2zsKQYuuSSNDP5CLpwcObCnAP2sYo5/0KQd6H0M6pu4G6X2wdBokVPANtxbKCK04oJZDRD+yNgpxk0gpem5C2oB13b9vzCcDgkyb4TMz0sj3ZSHnDPClY+2R6kd4wKiFzm+hIy49ArFRhrEwU3Wltb9+3dC28mnXAicNPGAetk/YwutjRCLe4hHzJ14sDtklhKKyAgICBwbANniG07FApdfPHFhYWFf9n4djQWkxWZOwTCeA20LSkYY/FyUUFhWUkp0KlpAtDQwD7D0AwD7u7duyFKkFWFyzcf6JYAlKxLYyWnZbl8FhdHzhHQOXCR5RwgjsjJSTPygcCtfZcYchDPtc8vwZuFq3MOHajn0tJS4KC5Ghi3oOB2giQbokNAAewzxEK4Yox4cN4F0hTRef+53XGuL9wt2aB/mgZPUQuGgvAOOGefysgxwPMl7r6cq5vOCqAJAlpAQEBAQEDgOIYgoAUEji7yKWD5YMdIQ5+bg0dLRNmR0A8e0ALW2sgypEbJbOmNT6tXZUqA0mRYf+FFF33W0NDUtBvLkDMajq6WreXhPu6QVpEHoOuTCgfJfWSqkTjPjqtiHS/tp/Od/nIOO5yFhy7ABy6QSPmXKkucm3agOzEW1RTV6DIikcJAIIjKHJ6jeLgcGDvrycxjjuvIVIbt+g45CUGDMspKJpMd7e3QDuTSciIBlwgG0b9eVuQDH47kHyb/PMhzztwvExAQEBAQOKbBJSC4ocLf/d3fjaupeXvTxi1btsAwahgBYGmBm8Z1TroOjCtQ0rFYLBqN8rVQLS0t3d3de/fubWhogOFbxbJgbBPZXhLu6HclCgHgrDT5GMMVOYudTxDnQ+oDkxWW9THE/8HIny2Gzgz9Q90d9ydkWaFnuEegnsvKyqqrq+Er3BrfC92AyCGffSbnQBS+tgCmmbaxz3zFGDQSDoUKC4tgph4eBT+FZQ0GZYqy0FJZ54uvyKmZloc5KL5hIxONM+lKzj+Z5elQMwEBAQEBAQGB4xaCgBYQ+JwxFNs8YO+gyKz9PCTqOVuT3O/jgENQNwM9c2hFasaWHQuQdc/PMNHNu3eXlpY2NzcHQyHMvTzXNFETA7MjTuCSoLPlWRqqO+KiWhuzL5/lMbnQdKb6maSogWOWsrVKeN3M4lYXMi/TTAEHDukZJG5wsSydjcaIqowLgaV96EAkawonviH1Q6kNphiqwSugsRIKPmvQAtwLS0AOaVmQM6OWpaI0NTVBKlhQiEtrgbzu94QEBAQEBAS+2gCSFChWriYBbybUTiivrDjzzDPXr39z69Zt7e3tXE6L0YCuSrJKdbswEHskq9Xa2rpjxw5OwtIWnBg2AgY/x88sAMNhHXUzfJ9mrx0+0wwcNK9l5oQvyx7MS5U5J0tfsV44a0MIEYFP7ojYlkeyHsqwwzq3+AOuuYIwZswYCHIgSOALwqAncNfwFa4Ib+ArJ4Kpt8CSO7jICvsAfLEuExFP3LJWUVEF0VFPTw+ZH5OcND0lfi8aFj9rfcrOEqqHuS5nt5GA5lIkuLwsey6/XyYgICAgICAgcNxCENACAp8HePKQcwgcSspvCMvADMjb79CQMSMkPQmJVwYdeJBEWVxpWVnT7t2uxFyZ+arMPJlSOtTNSHkpSJwgCUJtRA3LnFVN4eVRkDipCupHcxtDlRJN5JwVyMsog/L71sNq/GYx3cKaZSS+VZVLXihKRozZ82QPvXq0vv7pfDspY5C3vUecMtoNuZAKMjNlqrTyl+eTWIuE9VYy3C70jYsqQmZYXlIKyaFOspWwNRAOlVZWWI4tf74y0J7XL5OUD1vrQ0BAQEBA4EDkSN6RYADRiZJceVIYONer66fWnXrCCbUfI7bu3t2ENDQEEKrkpNM++Tqk0LnBb2tr27lzZyKR4B3Qw0ZFadW4cePGjx9fXFz82Wef7d2710ylOjo6cAGWpPFSZc4vc+UKJGox6pB4NXROppm/gRAC3gDZ7XppvoDKY5nZcz8bb/HoC1rjEhZcppnfIBDK3Pe4rKwMeGfoFRDQMDkdDAa52gYKiFlWMpl0suCSGlxGg2X0NAy4YsAwoJ80z42Lt8rLy+EGY7FeHo3I3N6ZBJ2B6Yb2AwEDC8ap0zBZ7joUDbnw6PCOdC2QXf4lQwd49TdjTEhwCAgICAgICBzXEAS0gIBAHzA7CgZ5qVEGWNqscJFHSAXD4YKu7i4VV4YiYW2nbS+rmwGZHcsmurg6NafjIQF5LbMDcmCJ8lxPcnkFky/J+WXZyIYfkC/7WWlmVAfBTJPJqixhtilzuyFeDqWS2aCKbLiUrWuWIIuFfA6N7I0Az+EggYTWoKslJSUirxMQEBAQEBgeWFzsOJZpAe07ffr0s8/+Wk9Pd0tL6759+4CJbtvfmkom4/F4T08P8M5AQ5eWlgLjXF1dffrpp39t+tnjxo+FAbewsLC1tfXRRx997733gIAGzhcG7lCgQCYTiO7ubiph9mDCGIZmaIRRfTSXy4CvvAyZU7rwFYWbJU+SMlP02dLqPuQUPDi3niZTCk5Dw0agg8eOHVtXVwedhCvy6mZGy6csiwtsmPwNr8jmld0U58gQVxQVFSGdHDCgK6Zlwt5wOAzBBpwFDwEeBZ81h2YhggoR4NHJXNAZtat9YJ9VMsbAvvp+jrPmxdRw3VzsJAIVAQEBAQEBgeMagoAWEPg8wO3ZWVbgeMDHkTYymJfd8MB0ZVQZi+9DHsWwVjpzJrwUStIg49J1rby8vLl5N2SY0H0s1/E9F4UdlUAQTfxoGazkkF0ho7uDdnzHHlDZnU20sFoaMkqslfbIaSevxPvAii2fRLRdnlj6WE/ONRFhg0TSHBmnHmCuZSSgOXIZqU6rYmXqoZT9FvDaqNKhCehD+04dAvysUraAgICAgMCxCSxkJtEt7vQAzGlxMRDKkZNPPhlVKVw3lUjGYjFO8gKXClwz8MuoEK1pMN8cDAWBxoU57EAwqBmo7qUHA6GCAtgIUURxUTGvU+7t7YWzgL0F+pUTuEDF8llwPrInk0lGIzv0B6heFKtQmDzoOE5VzLxZzkED48wZZM5B5+q7c5oenALm7DYX3+AV2fw9p8LhK/RF1VD1C2a3IRqKJ+LJZMpKp4PBANw+fGpvb+eV4CyrvBEg4F3Q+iwUNyOVD4xYfIkvguJaG5yD5iocgoAWEBAQEBAQ+HJAENACAp8TBtVgHlUycQj05KjaR5pYYqqi8hocrvvsI62swnY02JEgHVIhWUpRQRCkTE4aOGjXdmw5rRD3Kyuqiqy0g2VCXNnZz7HPJA+ddyMZVQ7ciqfK+dkjymtkapczytckjNinYULUs0eF1EBMy0zC1cFcBpp8fdC6UFM13ItrddWAgcS6Q1IhPq3bxZXFug7pcXFxMc9LD3wmh/BtOjQI7llAQEBA4BgHzUY7nCZVyPiBLPRwkMSVT44TCgSrqqoYVRBzhhcZZ1KTSPtpnB9matqxYdp5zNixesCIRqPd0R5oLdbdm7bSMMldVlZWV1dXVFS0YcMGYKJzxn3QDnyF8RoY5La2NqC5IQ7hs8gu0cd+xsGY9Zu8lhj3+uOMMxDZwOrCe2gZxcSITIem9u7dC+8rKiq4tgYwyMAdA7XNNaB5+TP3RcSCa6rIdhxFdeAGgYx2LcuEoAf2Q5QCHYDje3uTPT09uXl0uBZcOkyA/gP5zCSsf/bIJwNdMXxFpTgI15xl+H2H3zuX/mCCgBYQEBAQEBA4ziEIaAGBzxn+5y7167OBlcQHHEAgAlgqLilmlDrKxBdDLgXnO+i047me+/7777e1t0d7eoCfRoVE5rv4xoYkixhoOYALY32H5AyR1eXaxjInkZmXFcrIXten2mKFypZ51XWmT3LWN8jFvAuTNCCOHd9RNY0WqVI5uMIN4vE8SttkrvWsovwGFhhpumboBpzik3gl9AopaZ/BFp5V5lbFMpHXCQgICAgIDAv0+EMmF+t5eTkwzSDLmTplYG99xguKed0ukK38MBhqXZvqjlXVsW1DD5x6al15WXkykYQZa6B1fZd1dHfBrPDY6urzv34+ELB/+ctfYK4bRnSZ6GOPJLNKS0urq6sLCgq2b9/O66wDgUDaMrOrlXBNFPzfIxraz3hYYJQQCAUrq6rg3DHV1cB6f/zRx4l4nJdFAxm9Y8cOLFtOJCorK4Ep5iXSsNckcAIaDuB10LwznqcQRYySIHCik6mqlqEDEP9EYzHTSiqKxO0wAoFgQbigsDACc96GoXOxDlxIhlGUb9uer8kKdBenyzVGFda262DIhDEYPnef+WKiWkBAQEBAQOC4hiCgBQQ+V6BShCx9bo5zOdvDQT9mkOWFPaoLLikpBXYXy4WQXMaqIiCe03aaW7F3d0fNFORaps8c1L1AMlhyIQljWOHjkds7z0iBEubNUtOZqyq0kStyZNelSnypKd/EPYgYPR3OTEPe6eClMc0zAgZ0BjsGWxx8mnzNrUeuR0pWupreK1QIRYVRrqtyOQ5K6hwPLRHhutFkPBAOVVRWhMIh3sKBD1AerYaJgICAgIDAlwXSIKbJMPj7wBnDaK3LNG76MFaSvJiXUYrIjafcOZDRrLah4jokGLt1SQecOO6EGV+b0bqnNZlMBgwj6ppu2ixKW0ATl0QiGzb8ORaNSqpi+W4oGGRpF06BZmOxWElJCXcgBDIXrgV7PTucxjAFp8ph9tt2XUnHpU4QDQSDoZMqxp5+5hmT606ZcOIJgVDINFMff/gRTKW7tp1KpmxyWQSKed++fUkSsAaOG5hu6DlQzzZJisFXOIBLcHCjYz57nYsr4FKug6w0fnUxXkqnk7LiOVgtzYLBcElxGVDbZeVlmib7wLUrmmmmnTT0VoUL2J6re4pmwBR52GM+9EFWaPpfliBcgYcAIQs06jtpJiAgICAgICBw3EIQ0AICAhlgnbIvFRcVQSIHKRzf6GPe6KhYf4RpJXkKSqEQMLa2JPsm6kOlZzcAABAASURBVDMiTy1nS55Q/8JxvP6VOlTpQ7oZg14XLuG4lOaiyjNn55GeJlFG6AI3l0feXlFkXQaG22Y29pes7jmVj7LPeTLNtIwVTeT5clzbsSlFJHJczizTtdN2MBSqrqrOCHoICAgICAgIfC4AnvfSSy9NJBJr1qwBelfVUTiLPI+Vxp073t/8fsqyGJoYazBrHAwEUB+MobrF7t274axAIJBfag1HwhaINFJpS/IUmO62mTRm3NgzTjv98ovnnHr6aaWVFbbntHV07N+/H84COljy/I629ngygVdXVYgQUoTu7u5wOIytkX40l92Ar24euFo0R04wmquO8LvjrL2EAiBGJFJcVVVdUVERKYrA4a5re8mUJDsYE5Fjok9i07wb8BEDFU+i9rCqmuIcn44atRGIgICAgICAgMCxA0FACwh8TkB2FZMNXkp0LBbVStS5srIyUsNARpcRd+xigsdI5VFSVKWoqAhFD13LddOyqqRMIHLTcISLhUcI9M9xbOB8KSXEdvHGaTWrl7EjzNDTPjnw9JUeZzhnOWO3yIUdeQuyomrYLXREBBZa0hVikyEvpG4pOeVEKVNSrfC0lC+P1TSNWkNtasc0dcOA3BLyTEgyJ02ahO6HX7QJoYCAgICAwFcHMC5PnToVAgAIKt5+++3m9hYLlZfN5ubmhk8+bW1vw4lhl6no1ycXFBSOqa5OJpMQosB4DW+i0WhHR0dOK1nCo2SYIZfJfbi4tOTUuroLL7ro6zNmTqioNsJB07ZjyTiEAW1tbZ2dHQXQ4knhstLSpt27Ozs7OacMX3t7e7lgiEFgJPfMaW5OMXMVjiy/nJEf4Qu5+LQ3nAtRB8RQrsfgFQoFqqrHVo8ZX1xcbAQ0O22mbaYotpLxvZC4ngdO5GfXxvk+tM+wlNu2cyQ7BkiuIKAFBAQEBAQEjmMIAlpA4HMDlfge83oOwWAQkq54IkHKzGgR6KOms0P0sQufgbtNphKOi2meoRs2uejwCiBkn6n6mDO/UtYMCNlb7hFEl+hLomjLgKIezlOz/q6AWAzkuWgl5CoSuclzkUQukZHJ/WC7hrkfpIRYNE29ch0b8sHMglncqVumyTUo4QQ4YMyYMfJg4hscn5sJoYCAgICAwFcHODHM2GmnnVZeXj59+vQde5AITsTje5v37N6z26UhHNXAIB7w5EDAGD9+fCQSAQK6urq6paVl7dq1mcCDDguEgj7pjAVDofE142d+/bzzvv71SZNOLi0uDsma43sJ00wmEj3dPXAVx3FDQAxrenGkCI4HyhtYaa4xzWloYH5hihp6yFdH8RVUOcBHlqc0wmMYzj7zFlCvw/UgVgkXhKrGjBs/vrayakwwGEJ1aDjYcWVu3Zg1xHDzWGZol8uJca47ZwjNGXAmICAgICAgIHDcQhDQAgKfDzJqyMcwlckFm/1wOFxYWNjZ1cn92LnhH2RcwO1C5hSP9zIJV6qSKrRtWmnyzEG2F6t1HJS64IVBiozaiFnXQZlLcJDuM18uy3KOgwP0OihB89BIKI+A5oXMpm+ii33AkHRDIlt5UrUmqyFioIFiDgYgC4V0lLqECZwL7+EUrKFWSZQjEgGGPZ1Od3d3Q3pZUFCgKLJHuSITEBAQEBD4ciE7+B5b4EXHgUBg3LhxlZWVZ5spGPpjsehTTz21efPmtOOkHVvTNYwIHCceTySTSeCg4/E4jOBwChDEfO7ZI2sHD0U8tAk1E0455ZRLLrnkjDPPKCsv11Q1oBuuCfPOZiIB5HYiGo12d3fBdohzgpoOTYULC7j+Rk9PD5875/Ia0EMu/ZzTsGbENfMKaEaMc64U2s9OmfMqafRddH0jEK6qGje+5oSKqurColJd013PttJp2YYbNzNXoXl6XlztMB92UpmCzGf0SYIjX2hE2BAKCAgICAgIHMcQBLSAwOcBTpNKzANe9phjodHVHt0RUQNakiEfC4XDjBdsQ35EMszAJgNjqyoKZIPJtGU6pokpGFYyS7Ru1JcUXomcTluahv5CPGmSuQyHz2RN4zXScCG0D8rpNg4Cl8zhPRlVqTNpM2R+vB6K8joXeG6qH5J5Xk1GQDLzM8XXqgbZpQLEOboe6bqGlc/YJaCbTTMle3iFdDIluX5hKBxEnUehsCEgICAgcDxhQD3s8E4Gx6DPQW6OWSMEgkHbdYKh4Gmnn26sWpWy07qhk70hzkr39vZ+/PHH+/bti0QioVCora0tFotxq0CY9laCuqJr37jggm9e8s0zTp9aUVEeCoVVfsvE3toOUMlmd0/33n17gblWKQiBuAACHphDBzobmtq9e3d7ezvEGBg5kPgGLuqSJDgersIpZu5DCGAswxvn6qZ5BTR3LITbqSivDEeKxo+vrRl/UlFxOZDRcLprQ3wSkFVb1XQ8GmIqTbVxPRafsPesNPLdjsP1yVyqvPbI0tBiNOnOBAQEBAQEBASOW4hQRkBAoB+AqC0vK4OvwPSidrOc4YghuYJEzzRNIJQdSsJ4HTMtF8W/JLadhlMgVYOzIPvysxXfXA2Dqz/zHNgfdhkpGgt6roTehsz2vUx5EZYEodQzdENBaUU8ilqTuBM9I/dCyFchDQSmGahry0lzcUbI3xKJeCqFx0AzQd2A41tb26DlSGEkEAgyAQEBAQEBgS8OJPqlwTTzSRMnVo2p7olFJVlhNN8MYzqEBcAO9/T0BAIBYGyBj45Go8FgEH0jZEkLBM752jn/8F//69TTpwaNAEw3K5LsOThtDRPlQB+nkuQu2NVFstFeKBgIBYMYPMBUtoEi1Fz7C2IDoLZ5bTWftIavsBG2WJbFuWlON3NRDk5M82P4jDgXj4avhaWlxaUV5eVVJcUV4XAEAiWs11bgBdQzss+ZeEZR6asCZLNnY3k1RUo+6XPIcBTLUOhosyF5Qg9MQEBAQEBA4DiGIKAFBD4P0DpLicpsj738gasOZqQIkS8eO3ZswAg4dhzFEB2XdxlyJ2Cd44mEZuimZeHKUH4zVHSM+ssKanQAKQ1pGaeYsX6ZYRkPd2/nHDSc4vBziVrO6W/wdai+51MlNfYKNsi5BarYGiRjWpCM7xnpSqvEO7skGK1S1gd5IHSDkV4HioJgcz4w4yQGjQ6EcEWttCwoSd3dXRUVFUVFQEAbTEBAQEBAQOCLA2pPKJImaTUn1J4z4+8+27nDSqYCaOygaopq2WkUeg4EaP64NR6PcyIYUBgpmnj6qf9ww3+tO+20wkihCryuL0HgQabECiPqFjloIKC7u+FE2AzRQpAIaIo3kHeGj8XFxdz0D0hqoJvhFOhVgMALnDkHzWlo3meHapUBZD4hcc1oOD4SiYSLSoqKikOhAghVgF3HEAbjHJg4hylzXeaeiURaczNCmFLPqnlgsIQxGcmBwM04roQruiAYEwocAgICAgICAsczBAEtIPD5gFIPdiwj0ztZkU+aOBFYXZNLH0oog2haqFcYCAZ1Km2Ws7dChHJG3pq0oFWXFJx55pZbYUtOgy6ywdmP9D/fo9KenPM7GyiTneuSwrM0ifI9aFbPWgNlTAIJuJ6VhKeRHCfbHsd2gIAGSpr8BpmhKIlEwk6n/VDIdhzgrMePr1HEmlYBAQEBAYEvFCTShWutgB2ePWf2tk+2ffDeZpivBvbZhXEfdbm8ZDIJe3m58ZgxY4qA4i0urjv9tBkX19edeipnimGIl1UNp6Vhdtz1rLSdttKmaQL73NXVDTRuIAi0tkY1yEhPQ8zCaWUIHjh3DO+Bp+YcNJUhq5yG5iXPQGQnCVwfDHplZxaEZXwIGYmK6LqhagacnU7bjFmGHoAgxqdFY0AuM4peMi+aeodYBYKcLCfuQMiE5s8MF36hTJqPXtBMQEBAQEBAQOB4hmBeBAQ+PxzTJoRcrBm5XBkSOZI5TKO7oGk6rsvI7R1rfGQZyF1Iray0JfXVLiNksvnzbSrfQcFrxpMq3jqWI6OQRqaammVYaVKClhQpd/n8LmU/oMSzIvM8LU2lzUBDa2pm4apElw6FQvAZuscN47l7D2+F1KIVeAOJZTAUgoaAW+fi0ePGjzsGlTEFBAQEBAS+UvD4HLUEpDA7a+qZ/+2Ht/zr8t9s++hj10orhg4sr6phzuJDjKIq50w76xvf+MaUKVOCwVD12GqjMGzouAYKGGduZ8EXndmunbJSCTMRT8WBf45FeyTfC6AAM5ZGS9gYinc55KCM2l8Sg8giGApAEAGMt2UCc502dKaGdCCgUVtDVeHQWCwKXHZvb8w0U7wImoccQE9DmISqIJIUKghHiiOhYMhOe7jui6WJQ3dcCJKY40H79IItVKKNqmIQlcg4Xa7Abs92gYHmK+fghjxcSOZ7woRQQEBAQEBA4HiGIKAFBD4P8BLdnE/6sQVuQpjtGxCy5RXlgWDQakmHw2GF3OFd5hcWFZLuhSyh6KEHKZFPt8JrkzkR7FIJD3eBlygFzLDTPi/z4f/PyG7kTAg5U8yt56EhvnKWqZmyaMgGJSoX8ihF4z320InQk1RVUn1MOwNBjVJTrI8mAhztC8nSRyL/IgmlolVg1QsLC0OhYHPzHiMcSqWtU6eeLiuCgBYQEBAQEDjCGJUvoitnljSFg2jM8Hdnn1N4+x1//vOf33vvvX379sVisYKCguLi4pNPPvnss88+5ZRTamtrw2SYDDGAxtdiWQ65Rchc3cvxMHRxJRZPJ6PxaEdnm20mCw0jqMiGLGsQFkBwgIEJCSz7jgukrwdT6NAIzLKrIc8AdtpMuZaFS8Ig6oHzwqFQOKwHjILCgpJEItbZ1Z5Morw0hDEQBZmmqes60NBAVdeMHzvhpIklxcUQ3JipVBepf8TjCZ8lbTtuO0kko107nTYdJ01RE0QoDievMSzBWX+VojIf5tedvjl1AQEBAQEBAYHjFYKAFhAQGADUrKiqqtrR2MirntNpy7bTlpWGzKoA8r1w2LKsFEvlnwNZEiRLtpNZIgqJlArssDJqtl3KJaWSlP2oeEOaFkrBQNAwdM3QMU/zM0rWaFXvonU8JKIoCCJ52JrD0mmbxKCdrs5ORZHDBeHKykrObgsICAgICAh8UZD6V/camj719NNPOuHEv597aU9PTyKRAB4WppCLgdMtKtYJfNYcAhXf7hckYMjgwww0s20Xxn2IXhK9iZ7uqGO7QSOIEQMQzIomkSUyhAQucNX85ZL8Mupe+Loe8D3F9220L0ylsUraRXo6XFCgKkphYUEobITCAegY8MpAQ3OC2LZteN/V1dW+vzUSjhRoBpDmBREjIGvdsuomzVg8FevoMtMpCKtIggwlPlDw2dMMg0rAJclQYOIdiXQSiUabDayRRo8NUQEtICAgICAgcBxDENACAkcXsnzsu5YjB6tISlYeA9U2KisqKJvyg4FACjIrx+UFyUAxR6M9sd6Yz3DNKTG8eD45uuNXcs/BNbKe7zEs5UFC2SX3PypJ9v0h2GSqEe8rjuaa2fAzal7LAAAQAElEQVQBmG9GrDSlYlhTraiqBrS0JJOPUAAlFyFD83zUgKZyadd10vE0yXRokE5Cn2ET0zXohm4YY8eN27d/f2VlRc34GsxgmfD1ERAQEBAQ+CIxIFQyNPQcBpa3KBKBOW8HNZplHZ2GUT/DxYphB8WgJcm20qqk55/LV1yhOnPaTSXTyV6zo7071tMrS6quBgJ6UFMMRdIwGkGvCA9faXy5aZTE8Fxgw2WcVZc9RcbPKTMFr3hvLBrtLiyMhELBcDgM4QcQ4sFgkMtGm6bJS6Ght+3t7czbGu3s2fVZI+yFkKa3txdY6c7OTjgS767AkFU5HA5BO9zBghaAUZQDT8KyfZIFASAp7vsK170m42UBAQEBAQEBgeMUgoAWEDjaOPYJaEYyHLl3yMdWVlZquo6sLpC4up4yTdhYXFzsJxAkZYhyGiSvLNPaUXLLkRVNY3kUc1YlmnQ5ctLPA6D0lTzzgiRfIaaZN8BLnKgYKCPKAVw0lmarWiAQgNwPq4eAg5ZRRxou5Dh2KplKQ7LKJEje4CyPJEC4/glkiJZpaqrqOO4JJ5wAnRfsMxMQEBAQEPiikR8toe2e7cD/gXOGsZ6LdmUUKoirpdhAQuFmJg0ItDCMoCjFth3LtBLxRHdXt5N2QsEQzLWrsooz7r4Es+RY9Wy79HJclMSAYMZ107iGyiFNZ9tBXwto0Epb5EIB/9KJeCBVkAyFQ4GAwenjgoIC6CTw0eieQQAyurm5effu3cCYQygCW4Chhr2BIEYuigOxFdY+03w6ypjhjDvcsoMWF5LjkiS2h4ENk7mJM+4yU0xAQEBAQEBA4LiFIKAFBI4y+JLJnMHeoCsoD7DfO1IYYaMH9qm8ooLqi4OQ76nkFF9UVIT+8pRcQW6malo4HCoIFwAXDIlWb2+v63mQaGmSBIf4Pid9iVHOGBJi8ijl9SjLMDOXCGuZ0krkv+GjjD48nHvGHIzxhagI7jJvaHrQCEDKhwS0pkJu5pK2RpqkQtLkoAjZGxzK6OqMNKHTVnp/z37TtFxSXjzhxBMzetPHkDC34MMFBAQEBEaHY9FeYsTgyhL54QH5R+TmoYGXRU0tspqgmWYGYYaN88e+D5GBoRsw4GefgN9nfewBaevAWJ9MxJPxOIz1AayeljLUNUPrQP7yeKExZ38hxLEwSIC3FpzspEn8AqMG2A+hhWkmIUKJJwIoBx0OQTcgDoFohAcn0DYQzPDeQVVpH6IjDwlmNLMIB3S4KzRzhsCGnJkdkvyADsPVJApFPJIE4eXb1AU4wOXqYRBB2bbDBAQEBAQEBASOWwgCWkDg6MLLZlY8ORrUxFw6asmjNBJ2NWsGmPlEZ0UihZBZQVrV1d0N+ZVpWdBLhxheIHZh++Qpk0tLyyA/SiSTkAoWxGLRWMwn9UTeDroaAi0sYfFORsSZ6ogY0cn0VaISJC/XCziFKoEUNGyE9MxxIVXTNYPLmAAlDVwzVRtp4UAQvYBCYU5L25DnQcsSA/bZAoLZMm2syM48AiDQHSLOk8kk7AuFQinTBD593LixyjG2oFUIPAoICAh8dTC8Td8xCO6oPMKD+dAv5YHlMcS5jxkD5L52SY/L8/mxUqYFhVFBMLyB+MBQVWyGh1XA2OLpKJuMGz2fzJKBtzVTqUQi2dvT1ZVKxg1dg/1BQ8f6ZyC3iaB2nTTzsbwY3jgwR22lrFQyGe8lWWgv7dqWi9oasIOLkkH7adul9VVWbzymqVidDVPvEBRpOCsfpqJmFbZYQEDD4QqSzwHDADaZl2/z21aRB8cSb64lAlENREcuym7YsMGWYGLetQnEQXsGdFtVLSZ8CAUEBAQEBASOYwgCWkBAYCAg2xk/vqaivCKeSBAtjAtfIY2D/BAyIU3Xp55xBqRbnZ2dWN0DWZqHAoW6rqFVjutCmjRonQ5fP8uQSpYOLM7G/JJWovqkpIGKhwraIcI/dOlRVEztNI1ndyHDwCW0VGMN2aJFzDi8IFVDEUbHgT2Q9aGVvM+sdNrDkm2ViqhcyCShBeCgJ0yYwFNbJiAgICAgIHA0wW36MrJaEE64bu497iZmmv7zclOxNBvNq5mBvUWO2s/A44M3Z6ltoHchVlBIyIIUOBwY6u2UaSVSqXgs2unYpqZATMB0VdaQqfZ8LGtOI/VsW56DVDMcg4SzA1yzZdNSKggtbN9Lp9PAFGfm0fkFyAMDYiOcZKeyZehDJBIpKysbP348vAECujuZ7I7Ho9EozHwDi+3TQRguEQIyUuwQtADpzKi1zEovWgsGc+wFIZSWhplymGuvrh4TKYo4jtPY2MgEBAQEBAQEBI5bCAJaQODzgN+/yjgHXv00YO+oKoyGQtb8cNTtYG2Oqk6aODFJ5DJW3/ioZQFJVDgcKi8rq6yqamlpaW1ttUxTNwxVVSARi0QK4VRypZc1VSMC2pclhd9VrgKaVyyR87vCGWeb0k2ye8eqZ01RuN+OYRiUYTKgnjVNA747FA4bOlzQwDpoz7fTNuRzvdFuYMYhh/Ox/NmExtALkQql4RJ8CSuuZPXceHfctm3oYSwaq6isqKmpKS4uGeFjpozYy39E0hEqWxvqB0NAQEBAQOC4RlY6q18FNMsyzsC68vJnPgjCkE3cbrb0GaeiJT6rDQO5CfGGrlPIoWYlNFC5AuWWbdt0khpGChrOOtPZlmUlsfw5mkhEE709zLeRn5Yh9nDhPdoOorgFcs2mFbfS8bSddD3T8y1Jdrl2F+qDYVMQk0Ak4/keWisjD65IxCFjn2mmHGbf9cLCQqCep02bdtZZZ1VVVYVCIU9WbM9PJhOxWG8iAUx0zLRMkvewIBTB9WHERnNhMYhwdEMPBeG8UCAQCJdE4E5R4SMcDkDQEwjAkXDmnj17mICAgICAgIDAcQtBQAsIfFlxqBQ2ZYaRoqJL585du3ZtQUEY3d/hP9NEtx9JTiST3d1dqWSKNApdSI4YL0Um+WbIpjRdD0L6R449LLu0ltH/VInUnfGfwlNQOJ17ClEjPiRymd2qwj/+f+z9DZxkVX3nj59z7lM9dFf3PHQzw9Oog6OOYgTFgIGIhDDBH6AsCGQdV80QTdDsS9FfXPW3SNwXInkpuhslf1fIRsFdRVgR2CAsMbgYIYKSOHFcJ6AZAYGZYWa6uh7u0znn//1+z73VVTXdwzQzPTM9fN9dVFfduvfcc281c875nO/5fCkJIunOvo8BzCAEg6ac6RRGje0WxTtrLQxZK4ZwCDpWSwEb8ywzlIpICpkkKejpge9DOdOtFpTy27/924vaNJNhGIZhDmVAaRV9Fhw++mZQ7HBJ/9tAKrJlLj4iW2RMcQyKLXQ/oBsyMjI6Pj5er9VQgwYhmRzAms2pVmu6lTXDoOgnSPTfAKEXGv3Os9u3b9u6tdXelWfdVJqWzUF9Djwf236DeSNADO52pkGsBjHa2lwpG4UoCAtRhYrFme7mFjVjsuCg+hqX+ZDmtuFUvrtAUI2XLVt25JFHrlixYnJycmRkRHkBSuo0455jmDN2kMhkmpydRe7M18oYcOHWffm0cguzJEpMtKgo0bOb5oeb4B3FnRaGYRiGYRYxLEAzzCGILXLRyecTv/w86OUDLE5vMUL5vLe85f7774fxEgi7nks/mGXNZtPFNLnE7oZcNWCI5DIHAmGhR9ssR+9CMnvGgZSkYChK+e6DvixVYcMRBAH89jznuYHRzjCMBPUZtrttcJTB1PCgJ6OhYpbG8GkKg9FOB0aFUGcoEIoUFJVsKRUhVNUNbaECcIqcRrBQU1Cy0yx1aRVPOOE1gmEYhmEWJ2buHoK0A50B8lqe2WLRTZmcLVyOCqeB4kGu7wHtNjSmhTuz7PUPaC83dVzuWZo0u0LxgNxKZ9uFT9PTaKbsgnwl5ZEA5RZ6EtCXcHYcRZ5AbLK1JO1ZO89jrd06KuhGxDT/3Y67S8aXgLY7vmS8EkXQRYmTuDnVfPbZZ3dN7ex0mxQoXHHx0a4YEI6nmlO7du7S7ZaIY+jCwBS66bZxjZQtFjbBufI0NVkqdOaZPJQmACE8DKAzAteWagsCdBwHcYzGYnAQLtZSCjsVaWotdDw8OFElCqqgW0ubJXEOU+/Qa/JVFIRSuJ6JhM6MxpBnS5kW8cfgPUZLEUN18HAOXtJkPPaMtMmKb42+gDROK9WK9HUeVQTDMAzDMMyihQVohjnksL1R4PMQoPcm6+Dux7hcQKXLhAvbOeaYY9asWfPggw+CJDw6OgqDPT09naXpyMgI+WOgUzNG66AxtJ5utWBjGGK0MsYltVuFT6PEQZai8WeFMsVjzkDMq5PBCDBEU+cAhqq4dtb3KfoHw5cw6hmDlau+52MUUhIn3awTd5327WGKeOlXIoN7okk0XHOcuAAlzOEDg1vlHKWDAMaxaacDA1zYLwyCdru9dMmSsfHxo486WjAMwzDMIgST7c3d1OOMry26Ak6M7n8G9VN66NMFOjCpw26mGPseFOQrpfWtU5llOTXtmnJPSUrZZ8v4ZTRHJrMsyrCg43xXqrs9o4mpqSloc6EA6BzARtWNTVYAO9OctUIBGj7yPJ3HJMaanJRomGN2WQI1ve9m0PeoP/30svHxcRCa4fA2AZPi01NNX9sojKAbYcmXw1lbkBN0rjPtxzqC08SYrbijWtBN0WT0QeHM0FnwbYaB0DBTLXXuKwFT2j4Kx2LED0wUxr5KAg9qDP0Z7LOEAdwCEMWTDPRxAf0N6L9EvjBZ3GnuTNpTaWekE0hZt56PC7xsbjMy64AbWGr6cO997B5ZkKjx9jsdX8IWTV0y/GptYXEtLFyYzY2vvEoQCoZhGIZhmEULC9AMw8wOCLhn/M4ZDz/8cI45/QRoy5WoMp1Ndzod+BRUaR/lYFGt1UDShVFS3O3u3Lnz8V2/SrMUo59Ef7yVpUSCHoxaQbQGIRgOrASoWFPSHQUjRgydtjhchNEaRjGnOs8wqxAMNWEHGHlG1QquXMX/NIx4UZ+uVmBM68anMN6FAV7cjSnOCEefUEMYgHba7TjGjQH6U6Oh5JKlS9euXeucQxiGYRhm8VGolXN9ChozuUO4ltj2op2pPTZKZ9AoS2sCkDuNkGU2AklJ/0Dt7ArSTEXPqVnIDGTg1GS6qzUm50NfCmjsk4TclrtJHMPEso2nTRrDB9Dsgqy8k+h2u+jODOfLtUsn6BICu+wOtAoKM09YaQvvDRCHDWrC1s5YdcDGHXF357PbfUo2CMfDKUjmxqjqQOFcOK6RovltzEKsioyFwohQBM7owyqKPqZ7oN0loxYcpEkKfQ68L9J6MKeeyyjAOXC8AxaK9nLfR8HewzVe0IOB2xHigioLGjTUAef9rYG6/esvHxsdqcNNWbZsebXeVAFGZJOTmK/ITgMq7/zHlB9Spg7pvhG6CRQ17sLT4esjG2xR5ohA+Vp6IHQLhmEYhmGYRQsL0AyzsLj8e3PlFTR9qe1EmZNw4UDBePda0MpZ8Zh9zAAAEABJREFU0ctbWL6F59/8zZNfumbNpk0/paWislKtgvwLY8vm9DTowhVa8Qof7Nixgz5XRxxxBGzZsXPn1meeQc9oTO5uYeBWZg3CWKEajjNFrVZfvnTpeGMMZG6QhmH0BWOvdqc9PT1tSDWGIWu3E0Nt3bEwhgMBGkajMOIEBbxajWC4S2Nqk2dYpTzD0THdUookwqG1hTLywrgRrxvGky95yUugeuNjY/uS+q+Xk7D0EXk+DH31DMMwDLOXYCyz3EMjgmuhnPjs2nVbWGxQ9j5o5TEGWKAdFmqn7gAnU8Mjjju7oC32KWuCJg+rbtxttVrdbpzFU3neAcW2RQHIZM0FimuKsi+Itd2uMjmdz0ne1ks6ftrVscmtHR0ZhW1wQN7tYFF5NrF8eTg+DqdOuu0MZ6C1s9sCfRmkbWi6NWHIv4K8OrBwlzfCZaGAt6BIo/btLDUIUfpZ4My39Pxc5ihqo7ILzTYGj1NPAXVuK/FWWBt4qlqJqhG6b0C3AgVfSogICjyq7d1OAjPrMGoKQev2oHQKy5baSNeUJxo6It0nf6WFznZsexr7Qo2lMqhA7wYTC9bqIEPjei1a7YULwuqjyg+8ksDm/V3Eih9Jq3rr2eA+gvitrZaCUxYzDMMwDLOIYQGaYV4QFG4eUohZFeiCAS9oeFOtVs8883ce/Zd/wRgfEqFhi3RDL62npqY6IBLHcRiFsL0SVdxIddmyZTCqhO0wXgW119lxwPgwb7VwhawxEUjXoYQ9m1NTMDCD86F1RxTC9vHxcRiMgbgMEnSr1cGRpzYw9IVCmq1pN7akQaV0DtS0lhcDrntJjXC9ahRJCumi0OmRDORpipuGLb9+6tdLxpfAGFB5C6v1MwzDMMzCARrl3J9JN51dmEGbXmYJhHIlpPDCCyP3Oem5GiZ3QXdOOjt2bn9y27ZtgryzQAhu0/ZuB1pkk3WnbB7DMSmFOWP6X1RVXZivXwEd16DRRJFg0OiwVks8b4qY3v6si1NOU2jkk5GReg6zznnWIabTjGwx3LFOe3WeyKgme6gey6rynIkyRhNHFUOyMsYUV6XTo915UXwnXRgTSyiYxA5S7AKQSC0lWV8UEdAWBWa8JVD90XodBGiJ1iY9od7TxsugCE9B18OQJK0zKNo6ARqVYYoyz3WW5LrTmt61Y/ujm3+O6ZRrIyqCnlF1yZIl0LEZHR1Fp44wGhsba4w1QID2sdMTwpw99H9c7kH3A4xGDU/6vSSEtphcN5w5mWEYhmGYRQ0L0AxzQOjF2+7v8YPcu33cYHQo7NctxrVzlInBPr534omvnTziiCeffBJtCbWGgWYFx1o5aL6whZbgTsGAD4ZbIzB4q1ZhHFWr1zAfPSWFP+qoo0A+Bq0ZdGTYud1q4bpdSmjYbrc9Ket1dJSugX5N0jb8Bjzfa8AgbXw8z3LYbSQfSbK03WnDkBXGYHCuqamdSRoLdHvUMAy2vWXCWGAd5G2do7Ul1BZKNnmewIFadzvdWq3WbDaffuop2IEW/h54LMcwMQzDMLvznApjrxHH5g5z3IGeazABb5Hgjtp6F9trcknGzRLfamu0i3AG4TTJQGPeluUZtI8CVVqMdIZW+Zlntj711K/bO56Z3v4UCNDdOAahmvIEQjubYPLhKPKN9qUFLTXAuqI9ReChZ7IHsm4G7bGO8yzGrIExtPNQuGv3oZmGvsFIFRpn1KqhotBkV6s1kFfRr0PnUucRZoBAfw1nUgHdCdBegyI/hAeT2AH5V9DCJ2zr4RPn5oEuzpLyJKepE6AVZSS2ZedHW5XmGZwINWOFAjTOVEtnciGtxjwWvpK1aiX0PTLiIEdsnO+WqZagTdfhs0oo6IZqEtYznB3He2/JVURrkZPMr4TO4k6nNZXs2JFYuKzcafQhGXrAfYZ+0eTkxLIVR1brdZiAr0PPqVYHeRom4EnFD/C7qKShH9Glo6wP1YxshAHmlJ+DYRiGYRhmkcICNMMcCHoGjGq/C9B7kXXQ7iY99451qeqHt8qZSOkjV64863d/9ytf/Wqx1hUDdCIv9zADYRCoTidJk0B6MPLbHmMGISmVy0QPUu8oQQYbASjOMIhcPjHhUdKhHHPcZzBue/zXT8C7kZHRMHDjUgSGXFhIAENdTFlUJBRy9bR2x85m3O3ikluXBImCnlyFQcWmfEpy2fLljdHRadC74/jVrzr+oR/+EMbDjZERGPD98vFfPfHkkzSOPRiUDicMwzAM08+eBWg3yVq8wDyCmIgBdFVPesYl1bPCDzGRr9aJNQk2kUpB45unGSjReZYl6G3VnW49++hj/wyTu9BMw4HjBHzyi1/8AhpH2el4WQKqMQANPSivoBuPjcK8cuAy6UE1jWvBQaTNdBqjBRaIvxk6dKElR0qrjgQZeblmGpr4FStXHjmxJEQbCt+5M7u+B5SzdGwMzp4pDFb2yS4ZPnISN628wmv3TJEnsVgIhe7MCJpoQDlxBl0BUKNxT+XRUi20UYZqpFq3spwClQ1o82Q2jeWihZbCQ7MUhGSPMjRiPkX03iAfaoE6s8xTNPoCeToKK6C0K9+jDwzI9z0Zm7pRLhrb2PJpOjPtNI+NplDxTtb13A47nnnq11vqNJlfqdKUe6MBE+5jS5bCbRiDbwQU6tHqksboOHRXfLLtqMB8frWCTh0+TJuPCYZhGIZhmMUJC9AMw+wJGAS+9fzzv/d//s+//vKXhoKnYARaLBelESDsA2O8Wr2OThdkzZEmCS7abbW2b98ekvw8OjICL2Ao61TmKIrc6BS2rFyxEkasMCRutVvtrR0aV+OoFdRq39klUvIiN8YTZMfoRniU6X4gSw+QTU/DEO7II1caMn6uRBEM7xpjjTVr1jz77LOwBcZ7k5OTr3rVqzzFFhwMwzDMIsOZG4OgCnorGk0Ja3QOmwLPz3FeFsXTPO/qfFfc6WZJ2mm3Oy14tKZ2Te3YsaPVnM7zVqezHYRRmtk1IyMj0NDC26mpKdBV68qPlF8ZG1k+PgLtsMbQaQvNfZ5n7eZUN9VxprsU5IxzyVlubDEBDA0xSOHYNaAZaHSciCL3PDraGF8yPhr5GLAN1XVmz9odK9EnQ3koEBuj8Jku02gSozFWGjM9gIhMqSZcxLHIs6L5J+E90gIOpFllC92FyPc1SuQphj3neSdJpIc6NtovUwizKNRrNNvwSIaGV5jnDwrPc3TFxn2MtHCcgqNwQZUfSNChQRynm+aBZA2fChdqjT8uhwf2gXKcFA+0raR521MdaZOUzD98/JbgKkwKty4DVXrns7lzFYMeC3wLI6MjtWoN9OiVK180ObEC+ipOkoZ7WK/XK8TRx6wUDMMwDMMwixMWoBnmgLLnnIT7kSKj4NDGwSSElK9P9nbEt7NRq1bf/e53fepTV8OA060GVV6RrxAX5Pp+t9tNaIEtBl5hgHOGo1GSh+O4C8PabrfjzEdgZBqFuAQXxlQera6NlaKU97gzDA2tq4MxaZbFSQIbw9Ipw1VuJjpbzuJmARf45BNPPPXrX/uY1dC0Ox3YcuxRR8O5jjzyqDRNli+fWH7EEeede+5Bi4BmGIZhmOeLix2GJlZ56I8RBJKmYm27k2CSviybboHY/Gx719O7du4ETbm5a6o93YLtIK0KDImG5humfZuKPIZxgjdLrc5DpZaN1qFHAJKrzTWGMydJt92Cdh+Ns8jxGcqPU0wRCH0ANNqKoD3HPgDM7NbQpaI6UolCzwsIKB/2cRqxQZE8TlN0x0oJEF5bLZDCtYuGxgyHSdcPgwpq1qETc9GwA5py9NrKqcmmaGhLORRJI3YXTvq4Qo9oz0NVWYhm0oKS8W7kKAbrPJVGYfCysXmaSexp0MowCiXXGrsrULJxORkxqtlgdwV3QcU5gJfoxkypJYRxi8ewD4S1wKl0RSvRlJsbkAK0aVy0BfcISgp9mfm+wdBsuJYwCp2nc+p5MRqI2ZysPqCouNWEh/MP+eVjW0bHxpcsWbJ06dJly5bB7a3XapVqdXR09MQTTxQMwzAMwzCLExagGeZwRe7Fdju4xc66OwwvX3/S699y3nn/81vfSpPEcytkS9cLz/dATUbpOdeU+Mj4NAikEGQY+OlyoS2Wbihiyovj1vQ0jjCloCWlIqpUXOCzG1tjxiEMRsJxqfOR7NmM9An3WOhuojkuTMYB9TSMbHNQuicnJ2Gse9zq416y+iVu5W+lVjvm2GM4lw/DMAyziHBtovOgsCaNO1tBXwYVuNPptNotmAneSYoz0J2eyqZ3YvZgS82kMZ70AlpX5Cvhe/5YdQnpz6jzgooN7Wy3BTO2mFU4Nbqb5ZhcAc5BGRu0xuYe9NPqSG0piKGYOg/T64FAHEVoDUHZ8vDJtwZ1WoVuFhgJnCSULhh/oOROItPMuMVSltY5gV7uo7OzgslwXPDkFVHIVmM3APY0TqEWIiera0FdC7z+nDIKmkKCnkKLMKfMW+p5kDsGhi0jkcF1WlBUmmfdJEYl2onXgtykrediof1SgMZnlJihl+BbGVrqLaDgLSldI9aWZth1LsmN2sWku45Or4uCSQtTLXONAy28R15Ay7/gNuEaLxCqsww9vMNQo3dIbksxHZ4wI2Oe7Nq1/Ve/8iqY4Tly97jRaPzhpX8sGIZhGIZhFicsQDPMwaBMjzNk31wMYMRe5SqUe9go59hn8L2UA5pz760dOAKPCcPw37797U/++tc//OEP3RjJRXErcoQ0UtswyhVGYxkKS9ZGe/AfWUJrGllRUeSCjWNgz22BwV837mL0U7sFo0Q3rnQWkJQ8iYofuiZ3oLuBGGo0EMjs6hZGmFMehqk1tIT2Xv6KV6xcuXLnrl3tdhvGb//mjDfBmFnYvUvguEdcXQZuoJA9w+2ht72DBMMwDMOAMmklyJ6khFr0lzCFgunaCSspaR7Gz2KIbp6nWRonSYxLi7rTT/7yJ1uffgZE2yZIzrvwvzTPUW+tVkPQavNEpzGKsGibBc+qil7ClYCa2m63BYJzkiYuYSDIzVCss8ZCDwtpQO+EnZfWRynYOajXqiP1+shIPYJm2QgvCEDjzQ3O9xZCsMltbjIUhgtnDOgAYPegRKcJNO84zayEJylo2KJUbYTz4RCgZpPxhs0p8YNCZwxSmOlmxLaYcqZ+As5lkyO0cN0B10+wLtjaovUz3FXMb1yrVUMRYYC0QS0cJPlOrKWFG6qdr5eFgZBHoc7CUy7C2qjCIxrmyLVRxl2gJunf0Ddk3EmNk6YlukmTrIzFufVtmK4Qb1GGHiVYQo6W2TL0Yc49xEwYWepTd4l6OnATfdLEhbsK9CTBjpDEuYFu3J5q4gxBtwt9J8EwDMMwDLNoYQGaYQ4CxaBpt5yEPeVyb6RROZuL8VBOwj2nKMQsPX0fSlPqpX2Kae8VDD7/+I/+6Nnt2x9/4glyYNag7XY7nSgIIz+AMaiKKlBA5oKTaAAJY1pPWa2Uy1ZExaLdoXGEzjkAABAASURBVJTWid2GRGwMNULF2dL2IsAL741WmOZnUL519XVOJjAw9j38R0xRRsSAnKkxWQ+uCw5d5WHk/Pivn/jVk4/DsPyss84677y3LF261NtP/htD0nLxvZWu1ENvGYZhGKYfnWReKF2mYM+n4GFqtSXaPthOOg3Tu1kW52kXWtRdO7bv2PHMjh3bdu7YPr1j+7Z//b9xu1MLI2lF6PmjimKb0foiDUGFXrokSzNnyYx59LSGKdgdTz/bJU+NDknOmOMXg3+la0NBYY4q0Wg1HB+pVqOQsgHDdK4H/8GkrrDQ6KvAD7udtNVNduya3tWKw0oVF0UJtKSAZzjGCbAwfezj8iZJa5tMluXQwnd1St0WSYHLmMePnJoReoEKLGnVpnTXsKZI7ycS9L+YaUkpDyFFcFMLG0hVJgIsCAPQ3EHOVtDPUHkakOIMSjMI8WjLAW9BXQZJGIrWOfaFUOg3bmLd/YL+CHREMpv1Qq0FrdPSVG2sBEjQTj6nyXh07nDeKNTsS+pmWEqMAVI92khLL81AlM8kZs5IhMlhrh61cOnhJWPvBg2msTTqS1nqHsEG38LVyYoXaMqyyDAMwzAMs0hhAZphmL0CxldHHnXUpz/96W8Bt32r0+nAoDHAka0NwhCeRxuNNEs7cZzCUCkI3EgQB7eK1s9iXJQZKBFXrfaFelkNAy8/KP5RksLD8awg08W+qHBDAz9QkClqCARoHOPBa8xYGAZK4hJdXGxrDPpNRxGM3pYuXXbmmb9zxhm/swykZwy+FgzDMAxz0AlGq9a1a6C9KqOUwQR96OSM2ROkbu3auePZZ7c9u30bqM/btj7dbjXjTgvEY5OnY1W1pDFaB83YD6uU2veprc80m7vGli0dXVIPVQBNcJqkO3bsmJpqTk9PY7aGJEZ3LJzuFZVKZXy0XqvXoKGsRBV4Ua/XozACyTbwsJHN0wTEVpjbrdXQbkOgViqyJOt0O+Q3jeHSIDOHaJ2BmfrQVkJS9DDGJqNXhqCmP4ZD2tA16Da7aU7By05xxoBiNGimfIRGZza0rsHvZRcsJnAp/7AttFc3s4teXgZrSWurDDpXYzy0deuOoFQF89o2h9spNe7gKVkJPCMinLWGmwt3hk5vNQZ801Iv91Mu1XLnginzIgjbunBr1M515uw2tEb/aMy9TIHPqE1bCorGjg3I12WOZIP6Mc72w4doX51D1wWmFDJMVqjp3B7mVsYYABdUjSkfZR9CFIu9PM5dwTAMwzDMYoYFaIY5hCgEWVp2Kum92DdMOWpSe19UmZbQ2SvjQKovn+Ho6Ogll1xywQUX3Hjjjf/7f//vbVu35QbGlm3MgATPEiOgFdpuaA/9FGFQ6Cul3ag0zYqwptJ3kqonMTs9RjSjHu31VVU52dmNt/rDsimGWjoHyahSgdGvC6T28JS0nJUMGWFMW61U1q1bd+HbLhwZGaHltDBcNGqPUeH7At0xO9dbhmEYhuknkzRdqkCaNDlosEnabU132q1du3bs3L716V/8dOfOHdDCZkmSpUm9Wh2LouVLxkCf9HDBUIqqZ5Yrq+PW1FNPPfXM9m0Z5tfLQimmUu/Z7dub081ittiH+WJvdKSO5s21SqMxUquh4gzvCtsraohRFDVootVqTU03myBA1yqRXrY0XB5BCbjyiRTnSkXKoBJlNqhUFTqH5NboFDRpgyoqdAASwuUbBOE77sYpSup5zzTDGU30LK3h1F5lBKRcQ3q0cVkCKRrcSc4guJPVMr6G31EQoqG159PqKVuVNL3d05GhX6FUGIWVyIt8WYGuiB/AHoHxK7mugcJvLEjgGUYnmyzWvWVKLgXFjPIL34roBVVbZ+5hSXIH3TnJRKYVZjrUOYZUW7x4dFMhI2lN7X9pHYY/sGMsY7jHKO7DdVu62bgUjkK/rURXECphSIB2mj6lNeTkFQzDMAzDLGJYgGaYQ4oi0vdgp8hzp7eDb+mVlGEU+UGwYcOGc84552//9m9v/5+3TU3tgi2YkqhSyTGiR0xPT7sM9RqjuXThyeh5GkfaqleUe4lhy8INNu1s1XA7F/cEzSyVctmKoCbVasXpzlmeJXECw1zfRz16yfj42leuvXTDpUceeWSlUjnoN5RhGIZhhjB5F60wkrjd3NXc+eyuZ5956onHp3Zs64AM3Wo2Kpiab+lIVFnaiMIwTzNfeRgvnGmp0FXjyV893tyxsxpGFuZWPXXk5HK/UvFCP0/itGs77Wlog8cbo5VqdXQEqY+MQDnoVuW5uV5smvMkBR00J0gMBjFU5FkKmjHIyiC1dpO03emGPnpVaxKUtVW+HymjodnNYVf4FXfzNG6nBkRm56qRoxcXTEmjbzMlKfRMER+MUqqbRaZZblKwQf7WmcQQaO0JLQsz7MKEAgi8UJHThZtmRg3YR+ct598VmqRIBej6CiQW0xopGaC7BlwsJhVEnVdBLyIIMFrZJ1tnkfim5/ZR5qsozS8ECcs9K2r8NIiiSr1eA3m9HZvM+DAzANK6przM6IRt4KEp+luRpTVmw0BXEW0w/FmIVOdwdXAZQvb0ddkzHKG7hVYi/dIzbKMshh53ZBiGYRiGWdSwAM0whxIUEawGrZn3Ein39HYeJdhCeJZDCQ3LnaRwYyF19DHHrF+//g0nn/Ltb3/7Bz/4wdTUVLpjB9QexoQY14wLeFOMDaIFp+iQiKtTvZ6pRhnMVEQtSVtcde+8bgTq7BfJbwNHhCBzh2EIhbtsPTrXrVYbxsMYPwWSNLpW+itWrDjjjDddfPHFoyOjsjwFwzAMwxxSPPEvP9+549ltzzy19aknd25/xqbdtNOqVcKl442jxo4wQkeVqHBvEKpSrxgM3EWpUxq5Y+u2drNZCcIVk5O1SrVWq8GkrAT1GYOpRZrYZUuXQAtYr9eh0YyiyDWjCQZTx5nOUFIlqywXgOyCf2FqN/ACoQIQSMfMEp1lnU4L1WfKQ0jpFSKY9J1qtlrx1LZd0+1OjAHAWQIqtM5S41dAm0ZnCUoMCM0xdgWsR1dAC6qKWWZK4ucsLxSaOcMG6B1APSROMYdOCIaTYXdC4HYvqEgX/UxPnutVoBwN8rJRmcWeEynQ8Clm/CsyHWOQsws3hjOg5wXcSeUr64KS8ZItZvZD/2e36gspch9LUp6NLGfHndlXowEy/ij0OjxfJ1oFqaejMHfG1Rj4bKDbAw+Jy7eULsnJdYQ8PzDaHU3EhHRuYgKuHK2o0RoFNyr3tbh4BEp2aJz9iOWuDMMwDMMwixoWoBnmEMKNAN2wQ8wTKdUe3s6nhDIIaLYSaLg440IIo6eXv3Lt6pce9/tP/dtrr7120882xbjWNqYc9DDEwx18D+OLMFIJrk17lMMezUVIT1buhH3XK91r1KZ96aPQbHPymhxtNEZGRuIuklGSw4zO4uKeQJiGU8Bo9a1vfevb3va2I1YcoSjGSjAMwzDMIcn/+vp/b003s7hbjfzGSHUERN5R0J89TP4X+An853sYIUx+DU8+8WR7ugVzva1mK03aSrYnli1fvepFK5ZPwN6UxA4drzKUlEU4XoVfaZbh2iPMsyeSbidFQbkDAmkQBbJM5BuGvnBBwxSIK6DJFgoUVZBCoaGFaeRqJaqNjDZGR9CDOM+gUs1m8+ntO7fvaqUgdaOPlvBx7tlXUUViwkKqN0xCk7QN7XUSx0maerIwyALd2LXOFNOsSIKG7kHs7I/hDRwFijlI55VKBV7jwbJCM9q5m5N2eYYRVH1NnqeUSrEIGS6SBJJkC2p9jvouWWnAvrCDgUIk1owSCFpya7Y9l2cQm00vHBqDpEWZcJjmzF3VLX4tAhdewdXRBUi46xIXaUnrYc5A9KO2RTgBXLjByGg0gUaVWaJztOu8kBCNDtYgQ8P37FNAdJIm/dHfque8wSksGIZhGIZZzLAAzTDMvoDacRCGxx577J//+Z9v3Ljx1ltv/fGPfwxDMpKhMeTHOpNDpfxK5GV5mmW9wWE/srTkcMNSQZp1o9GoViow9ouTpNvtbNu6FTP/5LmL5HIrcOEsr1y79vQ3vek1v/Ebr3zVqypoTknjSWMkZ+xhGIZhDlXCtLtipBYuGcUYYJO1djwbjTVq1UbkBdqI6ek4TZKpqV07nt3RajZBqob5W0mGDEEga/WRiYnJZcsnKtW6IKcH1FIlxQejUJyCTNxut6GhdForSNig21aiwEShoQYUlM1efgXcgRwg0m7SidNupwXHtqendZ4dfdTKI1euNGQo4UPT7COgLVeqlUbkpn79KAxCELOjqhfAS+gUgCQeQKvdbneazalWS6aprwxIsagvu8jlMpq5JNURSuGSmng0eI48EGRzI0woYdZatrod6DzA6SiouT+nscXbgt7TxYIq2yfUYuI/z6nMwgV9u9OiVozCrqX4Yls+XA+k99YdSJ4axYEqSTLsd4BCD7J3An2TBG9HGAjnnYEqsZFuKRkIzvQwFFsAKjWK5YJSJZLVBmUgRPNn6CQpDzs0lIYR3bGF07v78hC6WyUYhmEYhmEWLSxAM8zCQuMR0TeE2BMu3V8ved2smQNVESI9O3v+dK+Qco95buSsb2EkBUOw15zwmt94zWs2//znP37kkXar9aMf/+in//zTqBLFcZKlKYYeeV4oJcjTFAdt3AgUtWSKPnIxTTC4jSqVJUuW+J7XarWmmlOwZ5omMFqDYe7oCP6M1DEcC/Z5xSvWnnHGm444YoVy+nWxbFXwOI1hGIY5xKmFMsu73QRX84DkumLFSmi7ptrd9rbtrXbnye274hg06C76IwvjCVsNvXqtOjJSq1YrR6w8csnYWFSpZjDPq6HnIJMkjbM0ceJonOzatStN06VLl9ZqtWpYzXUeYu4+LzMioWlhMkHWlCewg63t1BSozh20daa8fEZDmzo6UgNhGdpUEKChRwL67/j4+DHH2KjeMCoMq/Cph8Yd6N2BK5swbJh8LzDmN0EL5tBX9UpYi0JhaO1Taajl4qPRniLHnat+kORYGThztVqLu2k3zRXNIkOnKKhWydQLbanJ3yPov43Kj0QZp2wG7zDqwLLwb7Yu6lqiIzTZgaDBsge3wVC8MiU+xH6EKeRnVKYxHBtLMCRMp9p0s8xLU405DLVLdUEitSfJwVrgK6iPh9HM2iNXaC+n5IKaMhQKp0eTWk1nAVUadW08WNIzhWrTPHp5CeRnTTHR+5qYmmEYhmEY5iDCAjTDHFLspWwq90ch+7sENNTAWJ+Xv+IVL3nJS6CM5cuX/+hHP/r0pz/daDR+snHj9++//5e//GW704GhVJokOAajsaDnedVqtTE6CsNaGJF2Oh0Yi2JIkedBCauPWz2xfGLVi160+iUvOWLFCpCnR0ZwIXBA7pBo8eH7pb5PaYAYhmEYZjEA6vPIyGi1UgFBsxvHT2/bun3Hjme3P4smDFLlKcijshoF9cYoSMhHTCwdGYG2EiToUPlhx/iB53fjDFQGpxuCAAAQAElEQVRbqw2oz4nOUp1rzKggIk+NNUbhFEuWjEM7iQuPLGqrCQi72naNnG61mqA4t9qocaepIVBRFZIy/Hm+UrVKZeUKmOGd9P2QGmsoJ4NGd2JiotZYklqVo/CN+rfJM9C+QUwGORnmmKFAkJW7IK1DtahwyqYXYBpA1G2Fy39Y5PdzjhdRhBeAWquKc5trjAxWniBTDl9JVatWul2UbH1nndyHpVBuM5hL0IF5/8hrg+RfDBFX0rMuABkVYO2p3JYIZ8FRklmRFtttqQLDV4ZZGaHyoIebPLdOQ+92LcncIKWTsQjsSiMsK0pnD5LdaZq8TLSBnxQ6tBI6y0yau9yLlA1kJjYcT01W2R5PrDMMwzAMs5hhAZphDgjleGi/R+Y+L7/oojbyeR08ezXKzIGe78FAK6pEMLTDkWiujz322KOPPvqVr3zlBf/m30w1px579LFNP/vZ//3Zz371+K+WLV0GyvJLXvxieB4fH3v8V4//l7/4L8888zQMbj/7mc8sWbLElaZIpHZCs6Boa0ljSdmLdpZD1WAYhmGYQ53G2DgotNueeOLZ7dubzV3WhQNrHQZ+rVapL8XlPsuXLRkdrYMeXK9G5J6MiifIuu0sm85ymM0FYRXEYhB+QWH24cAIXZiVRicOzIdnRJyCJpy12zD/2+l2utOdbrMTY6Y8OJc1lLtPBfAII/hBJ+fIr9dr8AOnr9egvAD0ZZ1KFQQa9Fd4GKipibtpQloz1AGT7OVZmqWkxzpMgkuXimlh/GW0IMNl1KlJhnZ+0NDQU84GBap6oKChFzm6V6NVl2c830rjiarM6/WKFRrkcmj7tdBO2nXacN7JrehpyLjVXRf0EbQxKQYmU/5D6wRoVQQuY2fCKL/0v3Zx0tL5Z+APFJprFzUtMEjZYgB3ntrYYBaKJM0SjbHiLtzbRVgb5xZtnMFIRq4cqIn7WALUJZcmpz6MbwVmZtbuALgEylEoKHlGaf+segI0pWm2PMPOMAzDMMyihgVohjkQuAGGWAgBmuJk5nUIDbKoMkLuJ/15IGNhbwgYd2MYmCqXoEcqPwhq9frKlSt/67d+y4VHwX61ahWGyu4SVr9kNYzB/uP/9/9tfWYrjJZHRkf7yp+RmdWcwjk7JDIMwzCLhoce/nG324m7XauzQMl6LVo+Vh+p18Yao+Nj443Gcmg9q5UqSJFpkkKr2umi7TDovCgB48ysB6pxEMAELbomoywMCjaaE2tPVUAWbjZbzWaz0+7A7C9Iz3ESgxwKDbJPonMFo4G9MAzhFFEUjYyONBqNMJS+byuVCmwnrwxy40iTdpLAC2i6kzgFFThJ0P8Y9gH1GaRtQ07JWrjA4iKwGRRV5/iMphfGKk+Qm3Iu0IzDukllFKCph5C6gGhL2frgKc96/QpjQF6PvSAQKk/yrs1ljrYZglIIkp3zYI8Aqg11wfNKiSmRffTxkGUXQbq8gtKgpAzKbuC77ICGrDdceLIrzgcRW/SFWsNWDYeZTGc4xY5x3WidhpHUHoY2U75BOhSUcpOIQhQ3LmpbSRDNcw+PA3U8zECmtjmqyorsPoymdMxw4bnyAkypSEkxlLO0Jm8OIzgJIcMwDMMwixgWoBnmAGP3V9DxfmDBKuIWj8IYNfCDVqs1eNHSCkxwH1UiWmtafIQLcCvR7/3e74EkffWnPw0DbMEwDMMwhy9xu+kJu2S0NlKvj4zUJiYmRut1tNgIKdVfUOl2u9PddkbJe6FJBf0Wmk1MV1cJohCNKZxZcIbxxDbN8narO92a7nY67enpVqsNc8B0lA7DCJpZkKoxZaCHi4tqVZgRrldrxQ8mEfSduQWosigBY9h0jj85GmtoeAXPcZyi5YYxGImMZs3VbhxPN5toE+FhikFbZJFApRfq6dRlCk1GhRXlZ7Rkxqhr6QeoaMOmDI0ucu1iha1zAknTzKUapqR8CiatpdZQI5S5LcU/Sxe6jebI/vDcs3R3BmoRBIGlGkmSqsmo2dJCKqoV1qWooLRyyL5DuEIGwJtD2jqGRvt4s6yV/R4e5X7oXF2sfKOjcJ4ebgi8RedrUJ/R8dmDrxPjpkm5zknC1xiWLvtPXaTJmCMvCMMwDMMwzGKBBWiGOaAUyzTl/o/VVUXqwL0odibN4MIp0NJq2+l2YexHo8WBM9EgihL60OjM9t0TGP6+8Y1vXLVq1RErjlADyRAHquqWywoej+2RHTt2CKZk6dKlgmEY5lDiiLHq2JKlE8snxsbHwqgCAiUGCwuZpOmuXa003Z6TpTI0dyANj46MWPKIoHVFEgOKjSDDZZ0m+a5dU82pNjx32h2dp75C1RimdUHRlpThEJrjaqVaqVRA6R5rUCoFNJGm6GBsfH00rNB5txMnSReNNTJcqJSlmTNrBsnVoFasXS4/2IriLwZCo8ANhYdhmFsMKu6ZY5HqjGKvxqyIKGFLiqmGjhBoyTEmTywNOzBW2gVbi34dl/RozAXYak0rLzDWwIngBpFRhRLSI48uqXTfIdRDgBvkJGFPeXGO89lOfYZjQH8XCs0yXN7BHM1AZvRjj9IelmcXs9guUy2hmlgKncX16zS6acxUQ0rPXY81hS81fLFQeagtXK4UHqU1NIZ8QgxmsKBYZ+wRKSuLV241mXPnxvdyf3Z4DvseAjf6DMMwDHOowQI0wxw2zEtNXtgobEnjxunpaUy5M4vWLuc8TlrlqRe/+MWqbxDIPD949MUwDHMo89tveH1UqYWVCkynZpiHMG21uq1uPNWcnpraVa1XGo1GfawRhgH8tDsdz8d+O0rCKYYmQyO749mdu3Y1O50uhgxLjJr2w6BS9X2TgCRcqUS1ag0YGRkJI7TagI0+GUkX5sQkK0N5LVCEMVo60RSJjPpzlplCD7YkEaN/Bpo4kxME2lyAjgzCqPL8MPJBWvU8m5MthibRFUVTVFBRts7IcBoU1HL2HbXdYgjiUd5BG3huSVSvyzAzc0220VBc7oKe4ZXCjzHpsc5RDg/UQIcBd/AF+SvbmZnsXua/wu3ZCDJXJqnaONtoMSh/I3LAeNmlTYar9zwJajsJ7pYSC1oQh0km7u1anrAQ5C15OheWaejsgSqz0hKFcLgsI4y7ETApkGbkVm1cDDVNOjhPE6HF/oN7CAzDMAzDHGBYgGaYA0LPAHrQvxjGF+VwzA3JSvPBA+JlvOckhEPDsN7bvYndJkNDs2vnzixLYfw8H7mbcv2oMg08wzAMwxymjDdGPD9AcwjUVfXTTz/ViRPlgeAcQNM5vmxckqgM7WmzNQ3S53QL2blzx9TUdBrn3W6XLIMxSW8UBlEUYSRyFFUDbyT0RkdHqlUMeYbtHmXyjcIQpOA46eaUgrDT7WCSQtI2oSj4laWplV6eGzTeoNBg5WwuUKcFpRkdKwwptyQEuxx66BeR5TrNQBUX2kpTxDQb8o6gFUsCuwV+EPYFGqsisbDzZYYTmLTPqWtGLy7eWEn/kZMF3pPAkBEHqdxWucyBRfy0U72LLourKknNAkOLoXOCVtUC/UakhFc28F2tTKnJ930/Q57LLt7a5U4EaVqBJI7asEVXEo+yXfQWaJkZ/VlQRPOMqo63Thu4Fg+DnlF+xgj3KHQdJ+XBdlV4cZCkjRHTcGIKghYMwzAMwzCLFhagGeZA4AYNajhhII3L1IzTXzHyOVCp9CgJ4d4K0OUhewsMQZM0hbHwsmXL5pXrkBMJMgzDMC8Ekjiuj6AtAyin8DrptlvNVlStjy9dNj42ogIfReEsQ9V5enpqauqZrc+0Wm2FDsdB6FVDL6yGFfRt9qTz1qjVK43R0dF6LQBJ1ENPZ+dRgc7RnvCUbSftXTt3xWlG4c6Ja25B90STZfKMwCR7BjsHoIwLFyktrK88stSweCZ0MdYpeTY7h2jnE4Kqsy2clt0yKKiem1T3VCk3E65zAVXruxPDDsokGUvycqbEw9BbKqbrJSi01mUThD0VCdCoLTsHCzxUuU9oHZVFtws8EPokFmRfQVK6ECDNh76fW9M1uQvYprjugW+HqjTQEaIKqCIvMpmAUDUoSWCRNxBrQ3YZoj92ugg3Nwb9P1RZUyPdlwPn9kKYhxBplsLngR/hHIDnYZ2tyGU2i8k0wzAMwzDMYoMFaIY55OjTX+3whgU703PikduynUOYHgLGWWhMmSRrX/GKShQdOmkXGYZhGOYQIdOGQoZz0IKnp5t5Eus0TqzuBsrm1U5mQHTe+swzu3btAoEY9M0gDJeOjYOYi1YX2qvXa2PjjZGRalQJK5UwinyPompBLSYLZIFpBZUqcvvprJ10djy7vdnqZLnc8ewO0I6ddzP0BkD0TJIEXuvcYI7CYoZaKpJONZlAQyGgWmdZrqHaOqcoZ9PzysAke4HnEgN6aPOhXDyyddG/oNOi97GQvZ/BvoTnDdloGFcO/FCmQd/gxDbcLmvKnlEvVZ9TliVai7gqz1hVWJr7r1SibqeT5DHshXbYPkaLR2EIym8Wd+BSMCSZ5O5BB2rRVxKpz7g8S2qDc/cYnUyquEJNmhIRwgViLRRK08JaYQeOFcKp8DQZgBkj04ySRyp4C2q/5/JzwM3KdQAaNZSiKYTcc7q2KXNfMAzDMAzDLE5YgGaYg0iRDbDnNiHd4kwl3apN5ydI72ZRcPcl/97eHDvrPrIcR9Gwc04oFAk9oM8444xe5V0WeLE/cPFcDMMwDLN42dHstBOdJjGaNwf+ihWTnrRNUJ23ddtBOJ3Kp556CgRfkErRZTkInXNFtVqtV6tHLF9SIX8N1ItLa2X4leeZC6UGSbcxOuoHPpp9Ccx9h0HPcRuEzzhReW5B0A6CSuCHoL/6XqgxrZ6vPGM9Bdoy5g0k0Rmmk9HrQ2tnDWGMM8KAh+cUVQpSdsKqsdKJpAaNKYyWLvqY9FPQuSlxn3PRkLvZWwwI0F4JnAL9JzRlM4T+kEZdl3R7RTkFn7srQDHg5NEBdZIGLstTXgaCPpwzgGtSuSh8SCi4e6Zvg0bMtr/TAqqzLKfhbaG908XDF2BKCzV3YXZQgLalDxv5mUjPMx6K1Zb8pJUXwhcRGFdF9Ph2HtpF7kFQzLEshYbTgmEYhmEYZtHCAjTDMAuAlJ1ut93pvOpVr2KhmGEYhmF2R/phbkSc5uOV6vLly7K4U4+C7dvCnTt2dLodYaujtTpolx4lyhttNMbGxur1eq1Wq9eiQKFsDWVghr8MI3U77S7G1SZpnHS6SROE4zHCBRejRUaeh4GXRaoT63q9ASWHQUgrm0QS51L53W6a6DzOU+OMnAszZ+Py58HLIIhAAxcDuStIvDUkN0tti3jr0g1DeYGHIjVs9bX0SQ52vtJ2cBrbwJa+1VLuxLjdGlSrTU4nIVkWLjnPyQADA67RLYRUX0qJCL/ygShmDJT22u12nmWUTdEoSumXpinsFoAqjrHMeLVFNfoFaOPByWeqiDdBFXYdLrJbFrkGnVOIu2RUorEUo3cTwlnBMwAAEABJREFUoJ0LB5WMSrezFfE91J89cvpObQZ1UQLdpEmqdwkISzXbGsEwDMMwDLNoYQGaYRYW6wYMtohidm/nMl+mAQqOtlwIzZAb8tBbV5SLJhLPxR6NlW0vNmfvXTn27NSM4c/NZuD7L37JS9ySWLGATiJzstsd4+ghhmEY5lBhx85ut9vZvvUZEJaV50ehiuq1IytHVurhU089nbbN8onxIPBBdB4dGVWkVPqYNE9g5LEN0kx3Op0kAb1YgO6ca91ud6B7kek8M14b5GQ9rQUcgW7CoGxWyHcCQ2zRwgMdjNMi0tZ5a2TtdsupuGQfDTKojwbTIb1EAVp7sjCD7qnOGFVMVhi+8qXNFcjlni98hdG70sU644ngXSBBKXb2yRgFbAcXRJnBcOYkS1y8sAsZ1mU/xVqFKf5smb4Qt2EAs4tKtqXrR3/JiiRmTPTnY75B6DllAuts0EVEuujjJEnIoNkbjIBWRg6YoqEY7E6CbzXpw3gZ5VGy6FBhwsSBqyN7bbesDT/XOUrh7kDQzT0B9w59NjyKG/etVgo22Zx206h4kx8I92EYhmEYhlnMsADNMAtLb7wg+9/OnZUPxxguZIcChfo/2k1OpV9qr7L27WmfYiy1Nzr23hVIbPnVr2oUqEXjT3Ew9OehSrL+zDAMwxxC/MM//Bijl/P02GNWJpmmRj+PAm/ZxPLKSH2qnZOhMOqw6NMQBnkOsmWWZqA2i1azA5/A4Z1OFxq4bjeG3drtNkq2fiC8GsiZu1ptI6ZDVK09EDt9FfkeiLloQtxqYVBwrjFiGqTnIqgZLZL9wPOVS19YmlcYCnDGUGhZ5NAjs2J47aEibMmvGYRni9HOOC+uPJKlfSsVxe8WGZdnkvphmbIvxZ/MBz0rQFvHghTI2Vi1bEYWxkKceCtI9iXbZWffIZ1N2FCkcJ7n5aH4aZbnRqPFB2jwoO/6Em8PCuLG2kFfEDhBbrKZ9ygBz5SsMFgAraqdHwdq4P0hzwqjs2eKMqInjltMLJm7Ppdz54YbKk3xUDncqgy+dR8vw2ir3amty3TIMAzDMAyzaGEBmmEOHPusf86Vk3CBcxXOHxhQPfzwQxRX5M8rsHq/V4SeeczGMAzDHHIopeuj0ejI0hUrJyl5H0YagxwM7Wa9NlYbDeE1SJQgocZJDJJxmqalN4WabnXibgyFwEfQ1qIIK9VoYwz2jyq1qemuUkGW2iw18JmwHrSHWaY9pUGq3rGj1ZqehqJodRaKzj6aLfukPqMMrnP0Wi7idikHIeqxTke1Ltkf5f+jaGhrJCnkIG9XqhEWlIFwq02ui3yBlhJDYJ6/vuaYrqJ4C7vlJu/vI1kXq4wz8hjDbAd7UEEYOKMPpwjr/lyBu9Gz13DFurfoAUIFwL0lU2YvIzm+/0DQpPt9qSmseaCOoq9WVgxEXmN0uB28nD7gK1QUOo2TBRSXjf4o6KWSmyKaWtp+xRqlcWkNW3AwDMMwDLOIYQGaYQ4QboCxL5kDh3ISuqLcCEXsFi59UMHR8r/8y6MwtHMZisRBYs9ZHBnmhcatt9/+1//jf/zon/4RZCzBMPMnDMPX/sZr3vX7v3/BeecJZp8JItFoVJYvGxsfH4VGHDoJUaUiVIQfBcF03I4T+J81abc77XarUqkkCb7Oc4zilQLVUcxDWK2Amgn7gX4KL+BD0409L/JU7nkByNBCeDpHCTPuZiDVpnFmdY5xv7WqM7hwaix1JciZGJVOq0iWtRTtLBT9WNgSKhm4tIMYTQySdp4Xaf7QNsLWR0ZHRkanW+2dzaamwGfnYKydd0YfQ2qqHnzvB365iomCsAfXjaEthSgFaDssQA/2OmR/v6v0bpaFEKzRe8Tt4C62/zwoTEuv79jSVI3IyRzDHYuGJsrrP21iijzSxbFiAHfTXQQ0GmRT/DQq4FnmqoxSNwVc09dRRk8LhllAuIfA7CPcQ2AY5jlhAZphmP0PDI6bzebo6ChHHzPMIcIVV1/99//w4Iff//43nXoaaFaCYeYPqHV/9/37P/OFL/zTT3/6yY9+VDD7xkvXHDsyMhKFlUoYgIDZGB2z2nbjuNvpghg51dmpKDK32+mkWbZz5xQM7yWKzjXnaez5Pkz3am2bneb42LhJEomRyHaq2bI2bLVaSZwFHsYWV6MQJMzUpBpDbO3oSN1oDSJomqH/hs6MdICcCkqxJzyKciZvDen5KMI6LVipSEq/zKiHuqhxzsvCSAsCOho/Wyg210mKSjhGTaN4SkkIld9vjWwG44kpV8TMeycxu9eoFPf7T1jhQpUL0xApKBljf1EDHQ+Xg7FXFLylPBzOlBnuH14H6Mig+ItBry6okNfXh3HadV/BlHoQo8sFhjvbgZluJUx/VIB0ptklHuZx9CxtMuVzRt+ldJkO6Y4VvtYUBU56tGCYBYJ7CMy+wz0EhmGeExagGeYQwOXWIV/FvrfquQ6y+ye4WO7Bkvp5YcXPNm3avm0bjKspcske3ABkN4YThzaWs9szC8mtt98OY8v/9fVv8MCS2Rfg7+fsM38XFIr/55KL4Y+Ko5z2kckjllUrVQ+VWYxBfuaZrSC1ghzcaXdBeu6AEt3tgmCaJAkFOtfgGZXKLAPt2Qgv16BaavLuCJqtNiUkTOBT0KuliKBA3/NIvKT1QBRGCxonnNf3VIpW0CDAZiDHKjLLKiRoUJ99stRQstCYyzbUZddDwdsY0L5BsY3TNNMgDlt4g4IpSs8oHbe7cYb7CY059iyZRXu6T4GFglC6LUOSUV720OvDpTZ0Ty7PYCEWK1Sri7dKVIJKufYLMYPR03Qs7kkmGwOtvyzDunsUx7pLlMWxRWA4xUgPfGGlgwelaPQsaejlXXKZDufqUQ3013z4+jDhh3D+Kk73l7jdw4rIYt2WMzmBujh/aXlQu1LMYQz3EJj9AvcQGIZ5TliAZpiDTy+boO2zFHxuq45SgN5nbXU/D2qgPg89/FCr1cLRWDEgswcxFHrApvFQhdfWMgvKX/+P//Hh97+fx5bMfgH+kODP6bob/oqHl/vIsmVL0d+5mybdNE+MJ/24k9AjDqLI+DrPTQQKtRfUarV2u5WmOQmvKopqu1ptQfHFLZKeQao2WjuHaCn9MAhAIg3Q2hm1VK0zVEyd8bHB4GNpTRiEqlqBrZqioZ2rhvRkX9JkOSM9O7kW0+KhNQQIsXBEkqVxmsCBCu22SFHF1IN+hskSsTTs2WBZ0rhZdetcnVFlTV1uwDLk2OS46r+Xstj3PRJfKaWhlNYrnMeKbk8ZOOw06n7J19XUbbNF879bAuc+d2U6Kfa+nI+HE6CtS5mIAvRM20zpGMswZMwW3a87u86OM7umyzN76nfAVYm86CBhgse88L/2fRCm4ZzFFZHTtsIK0e089HsyzCKFewjMfoR7CAzD7AEWoBmG2f/s2rVLqiJDEQyuPO/5O18zDLPv/Oif/vFNp54mGGY/AX9OG/79vxfMvrFjxw6QVfM0R9G5m3pCtVvdLM4DPwQdkkKeayhxStPtxL4XZjnmJ8yybPuzz7bitN1ug+6cpRm2s74XgSxdqaHFBIq9PnoyowJsMYefdeKwhNYY4529IFXS9xQ5RAvQqnt+y4b8mo2LRjbWxfMW/g9WpCY3AnMl5kZnMTpAG1rk5PTYXFvy3JDOH9mFPkvPy9GRI6FqkIZKT/B5EXNNPyDp4r5oIeI5T2kxMz0utSxm3J3nsjPOoHx9Rtk9dDCGJdteyLPTr0WfK7TbgRyZMSciBjrjbZODpUmyCoGP0ddaOLWZiiF5WpIxNRZsxCyOGT3Ve2hC3kVVO6UcLt1KRffU4n1l3ZlZeLiHwOxfuIfAMMxcsADNMIcEuAzzeaUodJmAxKEEVOg973nvP//zTy3F9VSiiJ2gGebgkqYpBzcx+xH4c+JEVfvOdLOTpjkIyjY3mMJPeNVqJQp0FETK84UHIrKK49jzAmOyJEmbzWa700mTZLrT6eY6BKJodKweBL4lAwelPLJ0MtJJpxJlY9BzK2gebUBxxszAXtBNTSgE2mj4fkyuHaIUZHOD4baERENnQ4ptqZwmOVRUBiLAyFxr4eygF+MOSqL4LOGfmqzTiVN04sAYZ4mXIECnTjPoDCjMruekXil9OeP7AcB1F+uV6MdQJUjEplph4aVeTS4XqD6TT7SLWe6/q1RhUbo8Gzu4wmjAjLl0CCsOEWXMt3SR2V6/VmyHHKJB3Je255NRhENbUVg6uwDwPuxM2DVU2Bv8qDRgK268cMHoaC8ih11EGGa/wz0EZv/CPQSGYeaCBWiGYfY/S8bHP/KRP73jjjthdEwbLGvQDMMwDNPP9u07Pc+vwmB9JAq8MI3jKIy6rbax2lceaM1BGHY6HZCoW63Wrl27QCyG19VqFXarNqq1Ws33vRQDkWECW5IDB5ppeErAQ8IzrkWyoDtXqkGtGoHcjLHNoPx6ugs6cacdCwHqM7TUzg6ZtF8YGvio7qKbh5U9GZtCnVEWJ2sKzGxIwqhGS2hrlMEJ8TDsxrGVTagQxgiTYIwJ/oQPSnUYWYUhvW59lHS21KQ5u1hh1GT7XKdJhi5rZWZm2o2YSSFYyNP9aQYxRWGeWw/dOUg8N7tP7Q/6b6ieJO1kaAzIpipiBLL0+4/S5HLizhhIt0thGY03C25FUQxUTJndej3uU7xAOexMLUkEd9frR4F1viDFJyxAMwzDMAxzOMACNMMcUKxLd4PpdIqM8sKlE9yLrINDuNGJ6NkOSjXrPuIgSL84/H3Fy1/x4he92A+CIikPM4g1nHWQYRjmBU09GgW1s16pdbux9HWWGVAyVRCaXMdpvm17K45jkJ6ds7Pvh5VqzR/xQC9WHujAmdK50HkI/QnUTOHhg+SKHha+otR2wiMlFc2gg4rnR612O0kSq7wYDYhhVw/KzaXUzo65DPIlc2L0iQad1GXos7Q7KrDSUu5C3AwdDKgebAyCgHogNtMisyJtJ9IPQRMOsJaud6N8VIRNEeBsCnuNNEvhcN/HwYi2Rc5DJ8OSagz6rtUCdF1DfQkUbkm+ViAEZ6mmixNpkuYo9lJsNIUjQ+00pUYs3KEH9dui7+RCm+F0WlnrOVtovAY8J9RUukyAQ/kZpIbSi8rDXqnWcM4wwsDyPCEnFArZNs5omsKzRRGzXVhXO+tog07a6LRRuJIoBU9YNu6hBLpRF6bS6Nqda7wT3JViGIZhGGaRwwI0wxxQbO+XW4RabsaYGzFP+jMQWjFrIkFZ7nbAkUEYBkX4MzMLBymi6b73Hrfh1rfesP0zpwuGYRjmoFINa5hhz4CSbKfjTq1Wm253pqenO+12munpNho5gLxbr41GYQRyLZlPoI4rtIlAlMRMgM6tAf03QHqWEl07QNDUntfL6Ae66NRUq9vNut0OGlYEYaxNRjbK6DgsQK3WpMji/hiHa3IxOHVN8iftKtFqA+TdHG2e8eygdpPrNO6UYa48BXUTykBCqYUAABAASURBVEc7Y+WCmk2ZY9lzLZ+1RQto4BOUYz1L8+jo6OzEbxS4MckhpvSjz6yTp6lacN2g+FqbYJgxys3WGUQrV2m8DOV2loVl86BBhx24uNLlubhZA44bRQrlgjJqmYomhdtIHfgBTLljdSm2mRRk6R6CjLOx3p4qUyLKviLcCaQLIjCkbBvS96XNMSeiu0u4gy4PXOCOw3c/uPw9t1/wXx/70hmCYRiGYRhmv8MCNMMsXtjXgmEYhmEWK2gPoVQ3zYTnNaeaTz79TKs1TabPXhRVRxojqCqTR0SSdjyMFJ6xrQiCsLQJxmf4FBRhP8CkgmmeaUmRwxRODFt830/SFFRODapoCnqzSmIM2I2iCCXa0vjCYsZC5fvKFDifC0P2EjmWJ1CEhtKiMATlWfQn1it8kGcW91ipRJ+rhhlc91Pk4gOtHMstEvq5FH4u3lop48q0LiLbFKItKLSVSuRRbkMoAi4dlepyyReciwRxdy2SHDb6z4rnGHgv9Zxfj5ReX2wARQoYS8o7lq4xrtv3A88LsiyDbS6JoAtpnrW4PgXZLYPDMGhXIYqYpkqjbE2verbRxv2W7AXNMAzDMMyiZt4xlwzDLDQuz85zpp2hBbKsQDN7Q7J1481XvGvd2pMuuxXe3bbhqFPXnX/VzRt3zrH7zk03XbX+DSetXX7cangcdeqFl3z+7i3JHEVvuRtKXv3K1bTz2tVvXn/FLZumtNh35lXywlWDYRhmgdg13dq2c9eWJ574l1/88l9+8YtWtyv9oLFk6dKJyaXLl4chBhxrkwiZ+wFKtb5vo4pXr4cjo5VavV6t1yq1alitBFEE0rP00VIjyVIX3WzQs9jkee4ilkHXThL4MIWPrVFhUI3CmrAevJbCl5hwD7RaCfoq7JEkKezf7XaTNIEaQJ8kCqN6vT421oCfWq3m1OdCASfHZHKNgFPNPHI4K+J+OYfqvPdA0Rm6OtqQemtoo3aaN8ixvo8JFVHm1TnUhxypUacudXFUmUl3lpR50WVfdMvCbJmo0PWmQBH2eg+Qz+F6Zx5OBZ7zAaJy1nsImQmRw3fhHhS7jAYnklI1UkyzKmKwnRLde1gnN7vn/u1e+QIq49RnSh7pfEp6uRKF7Tet3v8k2zbecvX5bz599Z/cDu9u/eMT1u6pAU223AU7n+C6B8tfecIb3nX1TT9riv3AvEpeuGowDMMwDLNQSMvz6QyzYOzYsWP7rundtzuJWWDoj4sPwqQ6MH4q1oAOfjpEz0xQ9g532/e4M3OoYebwgJ5cOib2L3rbrR8+9713bJvlI29i/V/e8/kzGv3bph688ox33rhl95HnxHlfv/tzZw7sKzZ/Y8PZH79vaveSV7/jW9+88rSGeN7Mq+SFq8ZhAwzRtz/6mGCY/cdB/6OCFnbp0qVi0QL1f///c6LTaKvVaqPRcKqucBn/jAk9Jz9iew9NPEUrk6SKKSNk5AVkJuwUWeMSBmrKgwd750aXOe0GnjE62Isy4xeBxc44QrsfSjtoNcjCGFKNlh7KpQykCGs0lEbZ2BpZ9itA0YZOhqs2RUjbwlvZXUVRfXei4c6ID5q6sEma5llOWRBdmyhndpPkYoFoqI1LnODqFYYRZUnEGpNRsuq7GtSmsZqg5qI07sHR/VVyWQTLU2Cc9VxfkKt7/waMBAfd3FKPCyRv5UPNwyBMUddPe07ZWA+h4GbA/XRdNXdVrt03hQUJmocYsgSBi0ALDouCN16j7UqLF4aeJEJ045R2k3BJ/7p1Wuxfnr79XRd+8M6nZ/toxUVf/5urBxp9/ehN71n/ge/N0p1Y9e9u+u4Vpzz/7su8Sl64arxQ4R4Cs9/hHgLDHN4cf/zxvdcf+tCH9rzzZz/72d5rjoBmmIXFlo6G7lFutUV6HMKJxDOzQcV60/KQOWaJZGEduMezl0WJxYYk9Vyxer7PbPzc2wr1OTruzPefdxK8WHXKmcfTmFJvu+mP337dlr69m7e/t6c+rzrlgosvWn/uKZMRvd12+yWX3by1v+iHr+zJvtHx69b37/zYjee/8/ot4vkyr5IXrhoMwzALCXQF6iO1icnlo41RaPbSNMmyFGOWLead831VqYSwQ71eq1SiarUSBF69XvUDL4yCOElBmmxTlLLngwaaJSk88jjJunECz1kOmjAKvyCVKi9Ad2Z6UI4+VK5zbeCQbqfbakMxcZ5rz/MrlUqtVqvWqpVqhYjCKPRQ/7VYos6dwAoyLkqupPgWcc5GO8NljNlOUyowd8q2Cw82pohhLh7oI62h/+Ojfm2l7E2+S+e37PIKknir4EqcmQiq5SSVi0Krtk41Ly2fUex1lXTSOR7syVIBdqkBTS/GmeKkA2FByvfxYXxQq+Ghc3xYVK693sNaDBJXMvBUoBQcIshJO03SDtx765IIouYMl5UaC18iVAMkZY1+IOjpnLtn8nfWLgbcxX2TWTSJ91TJmdABevIDX6G7N94MsX/Rmz719lJ9XrPu8reeAL9XnbrOdRDE0zdfMtiAPnRVKft6jePPugha2wtOPcZ9tOWr69/63x4Xz5d5lbxw1WAYhmEYZkFhD2iGWViGBOL+PDIzI4lyYDSUZcb2HTILeyHO9tkNLjaKAZg9WNn6Dhceuem/02Cscd5f3/e5cxr3vfcLtz90wqVf/8wpm79w4Rs+vwnGn1d95ZHLrjjB7b35r669l9Tn4z9893f+6Din4ormI1e8/cLrfibEg9dd/7OLPvYKt3XbDZ+5EWVfb+3l3/jax15TRkklj95w2fqPwOBw49WfuOsdf312JObNvEpeuGowhypPb7rzkcfF0Seec/zEHvbauvHuHz4hVp2w7vgVgmEOTcYadZxLxsBZUCEt6MRhGERRFAQB+kvkqVvbVAY5Y6Tw6OjIzl27pqenpfHjJIGdszTduWuKst+5H1RvUZXFM5gidZ8Td5WXaZA/01xLpxpjHkKMrQ5cyLNzT8aUeDPBwsX8uAsu1hiqK8ma2ZShxMV0uXCRzpR8T5IzBn3oLrQwx+hv0J1krDznRyH6ZspxJ0VSMl5AoUqL3u9yH1mWbHU+sGaHdHDUpEG1hg+t7SnbRZ7FmXrALbeeLh2vYS+4A1Q3QxK2dRkfexV2lcQgb42GJaQsw1nobhdWzaaXg5AuV8OGXGS27+Ips6Is9XKsE9ZT4AW7Pay2PSMPmoiHzS5AfX/3hx65+YskMEfnXrfpc+vGvvvBa2975HX/7rov/daj11647lPQ6G/84nUPX3rN62jnp2+84qsk+x7/vru+cvlJZWP7XzbfeMk7r7wfGttPX33rxdddUBPzZl4lL1w1mMOCvWv6k83fv2/zdGPNG09Zw38qDMMwBxCOgGaYA0zPW3DWt8+jqIXY+RCBted9ZsuP7nemiGe85ZwBJ4pozR/84Zn0KnnoR2WI07YfPkxq9dGX/vkfHjcj2TZO+Ph71tGrx7f0Qoue+PZND+PvyT/45IzsiwUft+Fzl7uS77zj7jmMo/fIvEpeuGowB4anbzybTDzfdddef0ubvvyuP7nsXV/56Z73+slXLoPdvrBJMMwhizSp0ImvdL0aLBmrjzeq8GiMVOoVvxKoSqVKmQYVOeaJJMnISQMV3hS0Y6mmW+12pwtyMirKnm+Fyo3FIOg0M7JMTRiEnh8YCyqnjZNsut2ebrW63RYc5PuyVq+MjtZGRqojo7VqNQT1FUNxnZpKj8K3WZOJM5yUwpjzPIMfJ9oWRhj02/k9w2EgK/uooaOIPPOQcuAtOnzMPIYmymVp4TzzykVE04ZezLMs0gwOhFYnSZymcIcyfGehtnGWx7lOQHk3JrUiJ68LTTHLGrR0uGq4FUGIptNuN9gOr+Hh9T984wUWHsozSuVCZvCdaBHDt6G8PKqo+kgw2qiMjdeWLhtZsqQ2Bo/xWn00rFS9qAoqvwzwWDhpCt+SNkmuoZ7dJGlTlLTGikGZ6LTR7/1s3K3y8Lv0xH5lyyM/cv/snnPuugHbiui49xWNfvP+R4pWf8tdNz+Ev4+57BMzsi/uu+Ydf/2h0/GVvvubf/t8Gtt5lbxw1WAOQbZ+7UL0+H7ZZbd29vaQvWv6t957Dez2qXu3CYZhGOZAwhHQDHNAcTFJbt0ojOZccFMZnPN8iqIcPHL/7nxQKBffukAqsXDpdl5YTEweK8RmePHE41tBpe3/qHbe1x89b3DvOImOmTxaiN89/aTBcW5UL+TorTuht05hp489tpG2nHbSCcMnbZzy268Q9/5MiL994H5x3plinsyr5IWrBnNA2Pz1G0hNEHd+7dtbz75oUhw4tn7vi5+654nXrb96/SvEIcymmz5+48Mr133s/acfyJvDHBhGagHop2EYVioVePZBYvSc+xQGyU63MsrfJ7RG1y6dm+lmJ4lz+HzJ+PLt23YGYeRMH8IgyNBug6JwXQiuFVnubJ2122rQIkP6QQRSqeeBGAqn8yjMuRCbNeUDJLPmmX6CC6oWLqKXlF8MoTYzgdVCzOTIA43UxRijcm1ySgzYB3k6z7DHBU5YPsVTl9bORmIgs3E9BWsz6j5JrIkY6i7IMIoKUzO8GUb4tvS0cHcA9W+vp44LDP32HfAiCOB3QM8g6Xten4MZ3YvScdsIRbk7lMIDA5+SIjrPbPz6tFXo2mw0afX4A19FhjYpqIwnMWw3ZJmSpZlud2KQ89GzAy28dRB48F2R1Qhu1EbQM0WX71dWrDgG/oWBF796qmzZS6Jzr9t+7sDO//Kok/RO+O3XDJczdtIpa8R90NO498EHxLmni3kyr5IXrhrMocem6//qEfyt777pjm0XXDwhDhzb7v3CtXc+dcKGqy46XhzC/OzmD9z0yLFnXX75Gw/kzWEYhnn+sADNMAxz+FI75XdfJ+592BklT/7PK/bsRHHMhhvu2zDbB0m7iCdataLs49ZhiC9g6xR+NFTsdJF6U//z5i3izFVifsyr5IWrBnMg2HTLHY/DH96qVY9vefDmO56+aMMBtMv4yT3X3vQN0f2dQ1uAfuIHN3zj5o2vWP3B958umMOO5UvGPR/VT/KbkFEUJqBQpjFlifDTpLBXprBnmWUaVM7p6RY6NS+rB5i4D1VWF6Ns+nLrgULajVNRKrOgs+IpUOAubTYkKs65y1hI2jGq1caZIytj+rP2OXm6BI4UtufdAcUKkqHpWCnKsGThvCOG0jgY2a+ggiA+eDMG5Gj096CCKMgan0RfDDTGBZN8TFUzctAcOUtTqBhmB0SRXYYVUNvhLRqbAGNjDXgO8Qc+VUFAAjQKzj7p0rL4wVdQctYr1p3fuIBvo5UfKi/ANINSuHs6c+mg1FtFjs5odZKRHbcl3Zq+TYPfbGZSMuxO82y61UlzjXo07JrptBXrTMdJEidpgi9S+ChO0R1c7Feik045SdwNU4APfXL9B5Zef80eOwhjUUOIJrS3Ux3oWgx+1mzuci9+8ugWcfp8G9t5lbxw1WDH22/IAAAQAElEQVQOOX72nVu3QL/zmFVbHr//W9/ZevE7DuAs7E/v/Iubb9LxOYe2AL3lwRtv+samNS+67PI3CoZhmEUBC9AMczCB4Qhms6chnui3bKbFs2J/44aagrwGxSFGr24OWYRdUb74Rc1BjuWe2HDVR29689UbtdjyjcteexuNL5NmokU0j7W8yZ333I2/vXWnnVRuW7X29ULcL8S9//X6zW9+35q+0qa+++UbnhDPn3mVvHDVYA4AG79zEwwvz/7oX7/6C2+65pFb/nbbhrfPFsWTNLdue+LnO0dftmpysjGnRpI0tz295dHmkuOOnZgY2xvT7z2u0p53acUhP/1V9MpXHz0xVpt9j+JCjp6cXDL3hezctqUp1qyiW6EFLyY/jPG9cKQ+Ak1EFEa7dk0l3TiOE7Jj9kF21DJstrugd0ZRBHKoodS8RnhG26nmdL1aA4W12+1Cgw6apvAUHA0qJbQ3zq6BBOLAo5hqSwn3XLwziMfSR+k2z3IK+/UN+WkIS7n+4FMPLZ5BNfXwBYICq6JgZMyLDC/9woXZOuFVeGRrnOcxmTZjB0NjwK5yki56IRsnKWPIsPPuoPjrmVthRe6Kco4ftnBuVi6LoFCeU8oxoNsKEJQNdqBy6juZSk1VomhkdKRer4PQXKvV4C28hhegM/tREeBMztqkxTt/EpffUPUMPvDHrUsrbhd2QGZU8jKVIiV3NpjkUKAXtvM3KzIe9nYuPKFRQPeNCUURp104RWeZzLXULg+jcc+2iFfXIE8nIECDtA1fZ6vd3v7srlanA48YJxX2Kyve8Z8/cvMbrtkk9KM3/cnpN+F8rptvnuVfp1Uve6UQDwhx92e/+ugFf3Rc3yfNe78ymKB4nsyr5IWrBnOosfF/3Q4dhHM+fN3rrzv3ioe/fcfT75h1inovG2tsWH/+qFj9ylVLG3vTAe7qPXyYTG3b+qvHphurj14x0djLDgIesumJaO3cFeg0tz7x05+L4162ojF3VwfLeUZPrllBO+znOSmGYZgFhz2gGeZgYstfVgw/FsIpY18Mpw8Ag3WTZb6gRY+d7XHgWH3pd+648kzXa09Iy7rrg0etPeFNH77+3i17J21t/OKn7sLfY2//w5nEPhNvWX82vfjZtWe/5/r7n6aikubmuz56xh/fPlXstGnzv4p5M6+SF64azMJz/y03gl5wzptPP/7ci2Bq46G/unHz8C7Nh768Ye2rT1h7+rnnn3/62hPXrn3PjZt3/7NtPnLde04+6sSTX3v++jedfvLqV598ydcejec+75Yvn7v8uNWX3Iavb30POlAvP+6D9/Y+fvruD5x/Ql9pJ7zpE3dv1Xu8kp33XVEcsuH8N8Mha98wdIjeducn1i1/ZXkhJ61d/uar793Zq9D1b4A6XHb71NO3v/d31h510slv+IufCnHfe2Hj71yN9+RnV7+WnLLf8OXHBXMYUa2N5Nru3DkFImOnm0oVShmCOjk9HTebcbsTY3Y6oZIk68YJujTkmKxQo9FzlmcZiJlZloFoDTLlrmYzzTMJcnIU+lFQqVQwmSHp0NJl8yP9GJVlbeJMZwa9kNE/GrVOaHJBpQ09LwApFU6UkRKNwboWxV9UWsnZw1gFOrUEwVn6EqVw0IstPrSggGZSjFXpw9GziCZh1Tkak1N0nqZpF9X2OKGQ7yyDR5LnCZzZ8wVWPEA/D3jtefgQHojmUvnSj/yw4geRPzo+evQxR7587ZrXvPbVp/72b/7Wb//mG059PT3g/5/Xvvb1v/Gq33j5mrWrX7Jm1cqjV06unFx2xLKxZWONpY36WL3aqFVGKiEI+NXACwMVQLmexDMpLUByBpld4DOmbQz6H2TnAQ98DTo9RoxjpkJFgeFwc2YeTpee8SopPK895/0RwIRDJapUK7V6FXTyRmNkfHxk6Xhj+dKxyeXjxxw9ecyqI1a96KiXrD5m9XHHvOzlL37pmhetWfMieCH2N2v+8JYf/Nnpk04Oox7CnR9cu/zEc9/75fuGOgiT577jHNpt82fWn//lB7aSJ2/SfPTOj7/tkttKJ93Nj/2LmDfzKnnhqsEcWugHMIe2t+7cN6698JIThHjkuq/v5uu8l00/tOlvpoZ1/fo3nHLCUa9ed8X3ts/dQ3j8unOhtd1wK76+/RJqeZd/+L7ex1vvufJNJ65dfcrpb1p/7muhtBPP/cA9z+EkPfW9q4tDNhQVGD6ELmQ5dHXevB66EMNdne9+EOqw9jObpv7x2rOpnHfdsdVtfO01eE82X3M6dWPOvW6LYBiGOcThCGiGWWiGxEY5uP35KayzHrsvBR6aLPLY50Om/tGad3z9+xdt3fjt6//yhmvveRQ36ebG266+5LZr17z7hrs+fsrYHg5u3vfe93wR+7SN8/7zB/p9lqMLPvzRL9yDsdXQtz7/1Kv7PprY8O9OueGrtwuxds2LxPOo73xKXrhqMAuMfuDOO5rCO2/9WZHwfu/C11350MO33/Kzyz82Y4iR3Pvxsy75xjbhTZx08aWXnjr5zPdv/sItV77p4YF8mqJz3wfWbbgJRnMrTln/zovOnNh67y3X3/SJt93fmPPM1TW/t/7iV2158Ob7t4hVp1502lGw7YQj3GfwB3/+ZbduE5MnX/T+C08/Ytt913/l5oe+dtkp7Rt+/JnTZ/8/BQ558wY65NIPvf3EI3b8+It/eT0csvaxqzfd5Fytk3uvOPddcCGrz/vkH//esVHyk2996trvXn/JhdHf3XP58b1IqE1ffuv5mzbuaEwePSkwPnrstIsvqjb/+Zt3bUoaa885+1XjQhy7piKYw4innnqqUq2iY3KaespvNqdBpzUUm6w8r9XpBCCPSg9kWt/30zQJgtCQpzO09B3TsejLge7CUNTo6AhG87rlTdaCzuksoa1zurCiCL+FJwEatA0oEBjeosm0wf3DMPSk0mT4ABXwfA90ZQqgViRdo4IN6nN/8IodNnKW9KCQa7LR0BhK7PYUWRoX1hagJAcKRGlZHIEa7choDXTpnPIYkkUInrq00fD9ShhGYa1aA2Dj0qVLIwx5xpjnKAqtiL3SyJm8mIvAbZdTAu6wKK/donw+UH9tBmKcyUukvBhZBET3Pp1JDVi+nuubLW41Royj9O+hiC9s4dJthZJF4ZLO4pWavQuaxkqBoK0qQqI3CMwmVGsY/5wtRLhjtObtN2y6cNvGO2686q+uv9eJXs1Nt16z4dbPH3fZDd/85Mnlv6S1dX/2H9beeRUIXtvuv2b92mv6yph4x4aTb7zhDtCzV79UzJ95lbxw1WAOKR66+6amEG+9COMefuctJ33ikYfu+M7mD6xd09thL5v+Lde/6SzsIoo16y5/+1teLX5609euv27DH0Rz9hAqa9ZdtP7Vj9//jQe2iGNOu/iUVbDt1YX5x9R3P3gKTBUP9EkeuOmyc7v/9Z4vnTF7iXDIie+hQ979vvedOPnMj2/87FfhkJO3XPXgtwpX68eve+eFV2wUY6+59GMbTjxCbL33L66+6btXvuGDY49dd16v17H1ex9565c3bfShhzB2LNyTlaesv7iya9N37tzYjI5f97a1sOPRa2qCYRjmEIcFaIZZWFxKvR5K9TL2zLydi1nzBZpyyON5cvcTHcppBvcSuidycBi4KBn66g820eTxF33susktx2249XXvuHzpfdfe8zjoYpv/2/q3Hnnf3737mNkPSh699p2orMHA7oLP/Nk5Q73rVZf+3d80LnnnR+99um+jN3HOZ+74ZPSpG74qnj/zKnnhqsEsJMk9N97QFNHbLzoTFdiJc88/5SMPP/DFbz7ysSvKeY6fffEjqD6v/eTf3HHZatpy9nmX/cH1b3rz1Rv7ytn8X6/EIejxH/3BLZc6D5Zz3nrpZV8+9w3XbJrr1JNvfN/n3yju/TAK0K/7d1d//oyZSt37yQ/CH/yqP7zlBx85gRa4rrvg4nXvXbfh1ts++KdvfvBLZ+y+KnaWQ8655C2fOuvcax+8+rMPXnTNyaCTfPuLcCGNd3zrb648zdXw7BPGzz39ip/deNMjl1/zurKkJzb96uyrf/SZi1aVJ1l/1dXrt1z/w7s2bT7qLX921aVsaXr4EUVVnaNXRafdUspPYswBCIqjLBRKsqQwmtLbKdCaPQwGdtl6TZLlfhCA6lqrVZ30jLIlqLeka+aYk9B5XaAEDHJ2T4MFATrHMF8bkoMz7pJrSWn0oAA0tXCLsEqDjMJygrITku3GTP1RzO1bS5lrgUcbp9KizmpKcy2oVFgJC1VWGDRTppSAzm4ZXqR5B6TjEdKYK5VKY2wMnkeREdBfg0qEts5RiCq55/VSIDrXiyAYcUqudEo33ITSUAM2gXBPOnwRjAzCeq/C5UGi/0oHrq6/P9Un4s8iQA+K8QO70T0XfdkadZ65RJG9Q2VxNUUXkWRx9DARmDURRPgQpp78cME6FdHE8Rde/vWljy9/z+0nvf19R3z/+ju3JNABuO6db19xzx2Xlf/0rHr3HT+obXjrFfcNLO9Ycd6XbvlodM2NN4jnz7xKXrhqMIcMya1fuzERjQ0Xno7vVvze20++8qEHb7zh4ZkWc++a/uTWz6D6PPbW3hTyunPefum9Hz7LLYGajYkz33/1meK+96IAfcL7rrp6JoV1574//fDtU+KYy75x9ydfQ+302ee9/XdQX771w5942/c/d+bu+u8sh6zbcN61rz3/i/df88X7L6QuwcM3XAV9mtdd+cDXC5Prc954TPfUDbfec/Md285b37Ml+9km8Ue3PPbBE8aKf8CO+fxVF2358j/fuXHTqjd/9PN/eIxgGIZZDLAAzTCHLsYtvi1DY+b41DucYp6ZA8HRp3/sM1e+754PnngZmlRs/IsbHnr3lSftvlvzkU+988JrUeqLTvr4TbMHd6y+6Ovfe8vWTffdcvt9mzticu26c998+vFLxMbPUOJy71VrnrdmNq+SF64azEKR3Pk3dwvRWH/2Ke795BnnnSYeuP+2b9//8ROcSrvl+3+3Bf74LvlYoT47Vl/6yUu+eP7XmuX7x+/9W5hKaWz4yKX9DuBr/uBjG/5y/Q1NMT/0A9+8A45Z97E/OWFGaW6c/l8+tu7WD95969888KUzTt+rQ7y1H/rWg5cmIqrT24mLvvXoRYOHHXPSSQ3xs+YPNz4uXtcbN57wsY/PqM/MC4FMm6mpqSiM0kxHUegFQZpksBF0026n41crpJ+mWZZ3duyIosjJlKZIxNeTiLEXADKr8n00iSab5ICyGlK4MWWYwBnRQjzVVidZEmtTiSJPefg5HGPw/x/nmEGu0X6e5y7+N6eobDgvKr8U0durvxnM0oB7Kop/ppOhXG7gdBa3SKHhB+ruKRJUQ6gc6MnVatUFNS+fHAUlvQF68+hoRMHOoszrh+osGkZbl5AQXkRhQGcvVN5Wt60K/RZ/o95L4jMpzOiIjbfCU8XM/6BoPCQiy6G8M210DgAAEABJREFUiXbmYu0gQgzv3A+q/tbp4UaUX1YZPu3OO6N9O8lekpzvIqPhGY1RpHDR7rCBbLjFAeDYN17+pSsuvfMjZ73rtm1Cb7rqK49cdsXM4qc1F9+w6dxtG7/37W9+/7GmmDj+rN+78NS1Y96mT1FjK1593PNubOdV8sJVgzkk6Nx3xz3Q+L7lnKJvOnHWuaeIBx+46Y4Hrnmd6zPsXdOvH7gHyoG29cP9C5gaZ374fSfdduVDYp48+O1boeSzLv/4a2ba6bEzPv3nZ93+3ntu/+aDnzvzjL06RBz/vu8+8A7oIBRVet2VTz565cBRtVeetlbc+uADD28S69/Yq/U7PjmjPjMMwyxWWIBmmEMO64ZuvYHNHIbQvUiZYgwqd4vWOdj0UsLvOZGgGhzCUU6hmQNUeZmL3Y/joLDxGx+94Sfw++hzPvC+Mwezu42d5TrNIDT/6KEt4qSh4drTt7/rwg/eiTHFE6ddddO3Lj5uznN40eTx6y47fl3fpk133EVOtSed8GqxD8yr5IWrBrMQbPv2TXfh8PLCk8stE29Zf9ZH77/n23c+dOVptPFffo5xTKe97sShQ0/7rdPF124v3z32Tz+D51NeP/Qde6ec9kaBa7HnxROP0kLdVx4/GMcUrX3lGnH35p8/ukWcvmovD2lMTPa/3/nIDVdd9dnvPrJ1UBNP+pfUr3nTabNlWGIOY5I08/wAFOewUgXxNk7SMKyg3ou+DSJPkk6nnSQJJhUMgqhSsaWLBgZKo0aZG6fCGguiLoZJ+16G7tAYK61z7WE6Qz+JY9dLwD4C2hUb3/dzk8Xdbr1ex8BnazFHnx+kMnGRzi6BIercGFwNHRLKXpgnoBQLzKGXUZJABYKw031R19ZaonFzIWRDZeAUUKwgp43RxogfyrGx0cnJyeXLl9dr9WqtCqeGk7qgZi/IPfRh9pyHBlya6/pICrnObe4cLYxAg+U0N0U/AZ/gKL/s/JBarXoiTWF+jS/7wo0HvoO5+xZ2QGwvDiyuV8yEh7sEgy7keuatdbcFLt5zXtCi55ANX5xFT+1eyc6pQ5Qad5rG1A2CLwoj0mEmwJW6v1dVbbrp4zc+DL9XrvvY+08f+PfKa5zzyY+deRs64ycP/WiLOGHg373axPFnX3r82X1bfvadWynl72mvfqXYF+ZV8sJVgznYbL3jxju1iN76ltPK/5Unz73ozI8/cO8dd99/xSm0ce+aftdAH/2G1w+1rStO+d014qHNYl5seQwt7Na8eu3gNHF0/KuPE/c8uvGxx8UZx+zlIWMTAz3yZMvdV33i2q899OjUoPH6QCLEN55yGqvPDMMsfliAZphDDxrYiWK569z0YmfcO3vo+T/3/ED2rB4XNpCO3ZRmWRpIsgI9f+Kff+emb4Di1YjOHRagsQc8h1vc1D9e+9aLv4i9dm9i/V/c8/mzZot93njt2vO/uFWIMz+36evnDnStk+9+mUyjxWnnvmlSzJ95lbxw1WAWkq333Hw//GreePZxNw5+0rzha3d/8uR1BzMOuJMku23ZNd9DBj697wNvRqvKVW983zUXvtKZTf/wK5dd9/Dgbl7E0c8vNLpxAvqrBW1XmzTN/TCCF9PTbRBzc/RIRnnXBQgHQUA2zDPeD26qFgOTXXyx1pnOfetjnkGjsxRlTZ1oEKBBkO73MhboWRGAKJrpwheChGZZFO+ipQkq38rCr5iSGGISREvyOOYi9H1FKjC24b7ycpm5OsNHYRQsXTqxfPmy8fEl9XptfGw8CL1KJXKXI9CauVKYWtA8uvIMCbVwAu0k135yZz9G/iB0+n5hxory6lxHwU3F96KdPdfB6HUl5jOdPVfPY8ayufSELlaqlW+xU0Y5CmkP57ZhRRH1LHc/TXky8oA2dM9FEUQtCmttub8TSyQb77r5JuogXPDHZR7CHrXGkOX9xs+c/qb/H8zprvvST667YKDzkNx7w43U2J5ywRkTYv7Mq+SFqwZzyLDtjm89AL+Sr164fMhFrXnjDfd89LSzD2ZTuauVDm1JWsl8Dxlgy/W/hy7VEydd/NFLTz2Grm3rHddc6WZTZvC4g8AwzOHAAVnNxTDMnrB7t4+dY+PusTx2L8q0e7fbvuEqY/f+Au3cHy0K7ODj4HPSWW+hHmvzhmuu36wHP2ve/c3v0ovGa/vCn5PNX9tw4oWkPk+cfs0d35tdfQbWnnIufXLvp/7DnTtF3/E3XvLx27Ez3jjvfefOOghs3n/VuUe9bPXyE8+94sHmvpb8/KvBHES23XHHI/AXdtK5F62/uP9x+ioQQe759p0d3Omlr1wLz/c//OOhg+//+/v63q3+jePh+YEf/mRwJ/3A/d8T82bVca+HCjzxgx8+PbB5609+AJMcsy/rnuOQpLlt67ZtU3QhW++4Hq0qz/rcD264fMPZ687Bx4mrBMOgBQf6/CovzXIQHbdu2/7UM1t3NZudOIGWs1qtjYyMjtRH0LBiN9WyDKqVLv1eFKFDMtp0YGS0dsHF5FmRW2f0XAI7+GjWIclRukx8Z0ye5eS24SKsiwdJ4TnKwiR253mWJnGeg55i/QBPGgQuwhf38QNRqfmTK5a+5rWvevM5v3v+Bee8+dyzTj/jt0583atXrzn2iJXLly4fHxmrVWphVAu0yXKTpHmcpN1u0plutVptEOTTLIOTCo2Z+GYeIMmSNzVoy6C3e4OfDje9cA29RxFc3NcsGyek749HoZ07l+dB12fM14i6s8TocXymMHJ8poeL5u4rp//tgeo/nHCOaz6bN17xV48OfTYF/w7Ti+ik17p/rI4/9XTqTtz9p1fcPTXTnYA+w2XvvQ2b8uitl75t9jb/gSvOP2H5cauPOv/q+2dr8+dV8vOvBrNYePo7t8Ds7MQJF1w82EN4Iy7Fu/Nv7iO5d++a/jkaaPH0A/97nuHPWNiaV8Hz1od/tHVg87YfPoyL7V6/5pi9PiSZ2gY9hGZCf8APfQW73JN/9Fd3XXXpBa6HcNZx4/M1EGMYhlkkcAQ0wxxkKNRlj06ClL9G7JaxsMw6WAxLpVK2jMcRz5XecOjYhcNQLJZUcg/h2XtO1neIpfLbE4diVU/e8PHjb7xioxAbr37DGx+4/OMnTsHG5PGNd1171VVfvJc6uGv+eENpAL3t1g+e+947ttHraM0Jkxu/cuUHhgrsrdX1TvnQR0654eMPiG23v+vk+1adcvppR1W6Tz5w6/fJ9UI0Lvj0n505a4T1964+/79RipjmpuveefVv/7wvwYtjXiU/72owB5Gf3YjBv6su+s+fu3zN4Cf3Jqsvue3um+7YdsHFE6vOvuikq6586Gufuvbtt1y+poj9STZ/8SNf6x+ZHXPhhSdcsfGRG6764oZb3jez119+am8NoPtNMMTpF1zSuOlrj3zqM/dd+JnSMrJ533/8AsrlG84/fbbjZzskeeCKdetv2DZx2S0PfvI1otuZGjpm6ruf+tTDYh7oJBHMYQi0GVPN6ThOO52ulMr3Qs8P6yMVSjqoQHbW6MJglKLMgkOJebF1tUXiPSvhASKx1F632202m+G4D/0B0I4964Gm6c24UpAwSmbKReCzNp5Ef+Q0S/McPT10vzsESs9FEDT8hGFghefsoT1PVjFfYKVer4+NjY2OjoYN0VhSHx8fh40hidNSgkDcBcUVTlGp+lBhEK8pvFu77Ii9TILVal04CwvqycAp+q/VkKWFcP+BCq2H7uLwnen7TFJCv/69919LbWeModF/Y8AmunSYLh+Dxw3V9+B0Hk77g/cd/3VM0bbxmnVrH3rfn78a/9FMntp05+c/+6d/6WS+tR9/Z2kAffL7rjn5xg88KKZuu2z1d4877Y0nrqrFWx68+/4ttGPjvC9dcfqsIZr3XrP+Osobm2y8/vxrTtl+1enDe8yr5OdbDWaxsPnrNzwEHYSLP/mlD6wd+EDf11274da7bvzmtnXrJ/ay6S8a6CuuufvCz6wrDJR1885rrt1LA+gY1wKWb049b0Pj5hse/uJ//O5bemlRitZ84h1vP3W242c7JHnw6hPX3zg1celdD3wUut9TyXBnZfNffWp+GSw0dxAYhlk0sADNMAxzGHPMZV+5acvb1t/wmBBP33ftn9yH2+668k13FR+Pnf252/6gF7Xx03sK9VlgP/6em2cJEHnF6g++/3T3cvLi677187ed/9VHoTe/5fu3b5nZKTrp49/80lyh03vBvEpeuGowC8Tmu/FrWnPJ29bs9tGZbz5P3Hb7/d/6ztaL3zG54h3/+SM3v+GaTZ968wm3nPWW1y8RYuePb7rnUTRP3Nb7QxWTl3z6k7esu2LjtW848fYz33riCvhLf+Tb925ujE2IqW17qsarTzhB3PbIrX9ywv0rx3BB930fPQ0UmQ997oJ7Ntx624bVm9Zddv4pK7Y+cNN/v3tzIsbe+umPvW72cvoPufztb3lZ577rv3LzQ9vwkA+9BndYdcZb1ly1afM9/+FNn5j62MmTz/z4xs9+9YHx1cdMPfa4eE6OfuVpDbF587VvOOmbk3Xx6j+88etv52T3hw+gO09NTaGW6wWgwNaqdRBmgyDMMo1Wy+hEQVn/UCvWQzYagvIroAitnRGy6sZxpVYFkTYIAk35BMk82k/TbHCS2+YZlJ0FHiYtdD7HUBJsg4OsLQ2JCyRpzYqsmaE0Wa1Wli1btnLlyomJiUajUYnwx/k4Z35LhUZgoDQlMJQmJ7EZ1e3cZqkpJr4pzR5m1Svy8FFmRfKZKORnixmWB67U5Hgc5ehDKXrgQ9g9H7otM7VHMXtAuQdtX+wv+iVnYZ0HdC8Gmpw3+gXpgeP6b7K19uC4jK269LavPHHGO2/cosXW737xXbQo6s5PnHtn8fHEOZ/7q8tmFmtMrL/upo2uO9F89P47Hr2/90l0wie/+blznn9jO6+SF64azKHAplvugJZx7Ybz1w5/4p3+tnPFrbc98LV7tq1/+8ReNv1FA33HZasfOuWCNx5TFfHPv3f7Q9smxhow+beHarzy9a8Ttz58+7tOemCyURG/e/Wmj58ivFM+9pnzbnnP7be+5+SNZ71j/W9NPP3337zunkfhb/KCqy4/aVaD5oFDLt1w7nHJ92/+wi0PTOEh73PBH6f9znnRN27f+uU/uMT/2PqXiV/97RevuG1q1erGlseeW4RedfxrI7Fp82fOW/31yUis/tBNN2w4WjAMwxzKsAUHwxxMhhZ04lJZWh4Lw6zdE/e5fYYCaZwtIqaYn+3Tg0thTi3loedOPU/cIP+5HuLQpHHKNX/zyN99+tLTVg1EBUWrT7nsL+7b9BfnTT7/rCaN0664+7E7rr7s1OPGXNlRY82pl/713z5y17vnTlr4xo9+691rIzhpY+1lX/nomfuh5OdVDeZgoR+44aswvDxhw7mzCalvvGgDyAcPf/sOWjC75g9v+cGfrZuMcDrkpm/cfNM9j6959w0/vunSAQTXtxsAABAASURBVOXaO+6yr999zVnHiOTRe7+Bu9275ZjLbrjnrj9Yu+eKTF7yl3/99hPG/ObWJx7f+sTWIoKocfqX/uaWT0Jpm+++7porr/hvd28Wx5zzkVt+3Itu3h045O7ikGs/cdl7rwH1eeKk99/w42vKQ0Dl+dx5eBVfu/Jdf3LZR77601V/fMt3P3KC2Btg+PpXHz1ndUPshEo+/quOYA4ncuM1lkwum1i5ZNlkpVbPKf9wqnNn2yCUb4TKMbRZWuVpoUzxgNcyVTZXIEsLoyQ80jwHTRfaoiiKlixZCp0J6BmowIfnIAqFp6wnDcjYmBhP2TQIZD30RkzmWxPlmd9u624itIiEH4pAydCTka8iX4TKBhJeL1s5+fpTT37rRW+94N++dd15Z5506gmr165aduT4yPJKOOqpqhVRrjDzoUq7Om5nUzvbO56dnm524a0BOdoGYVgPwqofVD2/olQEOrkQvrXw8KCumU4zneQm1SIzEjTjrP/hewKKkHDDbGp0oqSG1yDRg7JtTdZnuYEP6aRfdA9BnR0ut/fA5H9K9j2EIZOM2R94q4M9P7Tw3bO2fm49+ELpoaBaiUhSAdp/lqk8lSm8xrcqgy1G6H7XEJxD6Ku/8bwcHxLmDTILfw9kvA11tfu/KzV28pU/evCOz7/7lMn+DoLXWIVt6Pf+esjAqtedWFOqvEuOO+3d1/3ox7dctnrOU5z5kZsuOx73j46/9FsfOX32neZV8vOqBrM4ePBmzN7xuosunM2m6swL3wF/pw/d8R10tNjLph/b9BvwL/DpB27F3W5/SKC/3JfO2HM9JjZ8/rr1r2mI5jbsIewsOghjZ3zux1//6DmrxOZ7rr/iE1ej+rxq3SdvuacX3bw7eMgt7pAvfuRPPnjFNx7YOnHK5TfMHBKd8We3vf+USGy79wsffBfscFdywefu+B8X7p2QfPLlt31k3apGMuW6MVowDMMc4kh7KMlVDHOYsWPHjqe37+zfsnsEk5hZgUrxP0qp0rDC7ezihWZKGHzrtsCeTrDufTrriYbYvShmdsgLUxwQJpeOiYVD3/3el11269mfe/Lz50WcTfuFxPLjVm9/9DGxWEmmtjUTnFmYGNvD4uqkuZX2Gpto7Icl2J3m1vY8S+tVYGljtv+/9u4qFg8H/Y8KWtilS5eKRQvU/0MXnk6RxdBeUw7AwYlMgyZWFq05fA/ji7PM2TO7TIHaZL09ndyKfhMK/Z2hwAyjnpVzziiKIjcP9IAWntFYmk+gf7MGMVeEYQgH5jLNRAoFVirVxlhj+bLlK49cedSRRzljDT80oISXKfKK1IXoEo320dqdy5a1FKjxYp8GDUWkygxtmhPtAqB7197/Gc6yk1LrYo7Lt6ZMxziAiyd23sqU3nDg/0av/63doyOH9YQNxNwMBTj3v9WglQvdfzlFCkLyEVHGk31qMty6/mpkqLXjn4QG6T4z3W4Mn8NruM8f/Nh/FgvHPR9cftnt53xu01+fyyYWLywWdw9hL5t+16b7jckl++HPO9m5bSrH5nxyHh2EbVNQzbkqoJOpHXAZc/UfFh/cQ2CYw5vjjz++9/pDH/rQnnf+7Gc/23vNFhwMs8D0C5eyfFuozXt1LK42LY6a/ZDhhHduiDevEzFzcoDXxS7wyVwS7egw6d0yLxgitN147r0ak/sx91StMTlf9/DnqMDeXQXzQgI0X6erGlAsd5vmJBEWJUunL2vysuhLeTcg0XoY/mzcnqh2Ss91AmgvVLbh4XRMdFQWWnoGl0EqGQTKM36aJrlJIj9sNOpjy488EkTno45asmRJvT5CiQ0F5TPUpJZ7GaYiRMNoW0rKbhJdoTKM0nRhrwF6tLsmkoON2WMLJweckodzKihZysq4m+l7u3skTSkHY6FQs/6i4L2RdvedZwc/2uPaJttnwlGI2TMGHIPlFnEGzhgavx/bX8zQQjFZPAqRWvZtXEhoUBjVWX1mFhV72fQ/jzZ9D+dcMjE530MaezzE4x4CwzAvCFiAZpiFZSByFm0NyyHRbOMISWHLlGt+5ljl0hS6gOXZcANOF/JcnK48kRILnmbw8OYA5xVc+DDr07/06GNfEgzDMMwhAcYka6cmy+FUw5jaDsNj0UeC7Lmc+uqkVykHdFXPx3lFjA7GzoDShVJrhJ35wc6FAmFaY5StVNqmVmfaKt8PJlYsBdX5xS968fIVS6ujlWq1GgQhHKExbDpBAwhaatVqtXKd9cKfMXzbcykSMUUh6eKmlJsNab19P8rfU4fkOfL0ib6gZlJve+rz8HHYIypitOnHDuQkxNDx/v3lnteB2T1/aIuI9N0ioOl6Zg6G+9PbRRS/ZV85Q3VQfR6Jsq8mC9yfO+Nz2x/9nGAYhmEYhlkYWIBmGIZhGIZhmANNTtYVlmaZh5wiQKjsdrsB+ml4hZQsXdhvgR8MyJFZljnbCopKtrkpnTBoIwrEKBgrN1dtRR6EXr3WWLHiCGASOOKIWq3me55VNocfk6dpTpK3jeM4SRJKKkgJCenHSc5F+DNFLwszE03sPkJXkCL0F92WqUpz34tBcdXsJkCTqCudtGsG3w7FGhsNWj7lKyRxechBSw6sS9uj/Lw3EdB2MAK6//1A0dLdTOfGUcRCz3HtfeHPJLRbRdXgtD0MwzAMwyxuWIBmmIXFlGO//vjlXrzMkFOz29lTqhyNyN0/hQHk3kc1uxAoWcZWM8+JPcAxzwzDMMwLFVCNi9QPHuqlFDfsPDS0a4tmlEySL6F7YJ1lsNFS+i7iuCd5Ojtp+DTL08Roj+KTvVAVwijlKm6MNFauPProY49YuXLlxPLllUqFtGS3+grlUbQdzkFwTshy2gRBGAR+tRpSDZU1ZB/hEucJ7XoykkKgqf7DAcnFmVFOddcy03uRcrBbMqjX+n6AmjbdB1zmVVhCu3sinQJN6vosLTYe2zv9biVjXHmRKsPpvGJuBvtadkDr7nXkCqEaXbZn3lLJGBWOK97IMKScO4BbRzeu77xoSy37zyPdNebwZeQGbi7MCGCJks2zGIZhGIZZxLAAzTAHAkurZ+EFDOGecxElDGIwwbsYjod6/mdnH2iGYRiGOcQIw4gsnl2KCEFJAovAZRAqQT52rhyUOxD0ZeUMocnFS/YsoZ1Nl8tSmOc5ys6BF3kyByXZZoEMavXaihUrJycnli5dumLFiiVLx3wfU/N5TjUmF68sz7IUD0dhWVpQxKvVam863BYRx84UZFCzlaUySxYZ/Z/1RNZCBx4Up0Fc7i9maD4+S/P+c5QllX2ZIr/g7FkEB8KanRvZQKWcmIsir9yzTdmQuYe1cwjQxc6DNXEB2MqFf7v4cJTC8Qaihm/6tfhhFxFZXLJ1SjQ92z3aVTMMwzAMwxzysADNMAtMmUjQzozbyiHEzDhOFi+KJ9k/7rG9sZfsrdocWrkpeyea8+0eqyfkC1igtkPhWgzDMAxzIIA5aYp6Nr1Q357MKGkS2snTGBZttOd7bh9B6iYoxkIWe8N20I7DMPQ9H/a0mGNQL13SOHLlkatWHbts2bKxsbHx8XEQeUGkhh00CsUoYefwQNlau0hdVKWlT4HTmEXQ1alQmKGKTrLt7zCUefUEeU0PC9CDLaoZTP83LKfagSR7SZJSfUqvj6GiCptlYeze5E7o16MpehpvLmrBVj5nq2/6K7wHAXrocjC+W/bh7pFQvRwd/WHZekibl0V5LpWhKaxL5JB7NcMwDMMwzOKCBWiGWVhMkYi9SCHoLBGty96jVLFgE0NhZtRoHPb1hQL1hjiuhMGQm5k0g0XGwjne7rlu8gUsQFuOKWIYhmEOBkmcOPWZbDes77tueTExTJkJqRmnSFqUgIt0hYhTe528qUg6ho1+4B85cdSRx04evXpy+fLloDsLOhC2Y3I+k3mBCGRojUrTNMszkm+V75NhcuGa7AKslQtqFr14bKuEHc6W59yfe6bHQxYcQ10LO7gaa6jtNU5RLq9fayuVcQbSdvepdFJwezK0GKrUUIT20KGu42OEeG47M7vbSQcCvPckfs/cUGdFbWcqVqRRnDm5MQPKsos7t87q2lAyZAydxnsiGIZhGIZhFi0sQDPMgcAtqe29pSEe5cZxts5lqhx2amYYhmGYFwha5+ShYWhamgy4aLvrE+RaozkweUQL8tzAnIXGKNI23W6KfkB9XrZs2XHHHXfUkUdNHjE5tqyeBS00JTZoZAE7gPRMEcoW450z6JQEZDzt9bofrhrG+XtYkVJ4NTlKG7IQQwNoVUyUzxKH2zOjHtgqhxTnAcHWFTdzK3LTvzfGPuNFknuysVIN+zj3M3hO2F31vx00mx4MWxbzYbAjt/upB6sh+yOgZ/m8X4AelNFx6gEu3Iiez7W7db25B4ZhGIZhmMUIC9AMc4AoopiLQaOioabtDcB6ThzCjThcLntjaOA5NFApxnBqPmp1kQuxFL6ZQ42hACiG2b+EYRjHcaVSEQyzP4A/J/ijEsy+kcS6EJgpwx9ow1EUGgNCc4rbQh9NmfPctdtxivfcEz5os0HkJfk09AdGGqMve9nLXvrSlx511NHQd4BiwigUvrR5qMhbWKJPhSXVGVHWD33p0tnNdDlcfkC0pwC9VhurXThzrp1jMSYBhFpigLb0QN7tKb+uG+Jm0kFF9byAbIuLgGhPepZSYDh1eiitRZZq5URmNL/WQ2IwdX2kUkUc8e5SsdN3yyVffQ0onbLvHcjP/c2rDIKgvxQx6FptBteYmX7/6GE9PXf6fu+9KKPRSXFWZNxsnau3224okhkqqCga2pR5CeVgydqaHM1RdJbBnAM6fOdWw3RAziZhzMLAPQRm/8I9BIZh5oIFaIY5wMjBF7PIwZZzBjIMs1957W+85u++f//ZZ/6uYJj9Afw5wR+VYPYNKf1SREXThcAPnVjpeV6OiQE7TsB0DhvVWoUmr2W1Vh1t1I9+8cuPOeaYIyaPqI/UwyAEvbL00BA5Cpigw2qKFEanDjXg6+X8iAcp7CwK4wcXekt7FlYckmygoSqGHDH67S9sUaYwpY+zcU4cJEyD8myd4UVh+tVXDVskMNw9tNcl76PQcDQuG5qjHY4ptnt6Z/vtljEgejAqe+jAQQ9rK+fUfHt5Nnp1co5mtnfaQot3ZiOyuE+251IiyxPa3UsuH5buqqFvAmYicsEwCwD3EJj9C/cQGIaZCxagGWaBmTU34MyHtlhGO/tRszgXutIkDQaFG0v17TyUsXDo7ewVnNlHsPR9wLEc0sQcAN71+7//mS984U2nnsYhTsy+E8cx/Dld9gcbBLNvKM8vxUYXQSvSJEPHCGmzLMtFGkahR9Kt8mwYecuXLwfRefXq1UcffWRQRVUad8tzcsnAJHUu3haekiRXGLPsYdiyRTePmbPu5hzhUh1aMht2Bdie93OxB3kuG5cST5R+z5aSVvRiqFEsn4mAhk+Vi8AuOhhm0LDZKc8ue6EQQ6El/7XwAAAQAElEQVTH1MkxhbMH/KgBG43d3KX32I72x0dLjNQeVLvtoLlHfyw19o20mIshT2sK1S4UZafLl+qzLYXt0klD9IUgPHfIAX2raI6SsQDNLAzcQ2D2I9xDYBhmD7AAzTALi8s6WKwz7c/7V37slt72H9Ib83ly2PTQvVA00CnSDBpDqzeHUxTO+nYuiqLYneOAU8ZGMczCcsF55/3TT3/6/1xy8Yff/34eZDLPGxhY/t3374ex5W/95snwRyWYfcP0lEpyjgC5MyfDDQXNvydrtQjDooNg5cojX/ziFx199DEgQFerVVB6nT+D60k4z4ckSdI01Uaj5hyElUo0o+xaa3eb/O69JhFU9qnPhWvEjEGEguoopyAbTIQ3IzGTEDzzlqKt5Uz0tHUJL1yqY2mHBGhDsdGFZ4YdClzOs7wQbunZCwfsO/I8s331H57En2vyvphxH9h1MORZDu4MVzCnO5YdtORAidxd5EytpS3tm8nJo/+tdG7V5fMgw5kehTMhMXpuNZxh9gHuITD7Be4hMAzznLAAzTALzF6our3BocdJCF/gsBjNLBif/OhHb7399utu+KsN//7fg1AlGGb+hGH42t94zWV/sIHHlvsF57ZMgi86L3ue9EMf1FvPU5VadeWxS1760peuPHLlWGNsZGQEtGnQmnOTghwZVoIMFOhcx0ns/nd2K6NArfbgYBRCpQtS1rupz3JwvtmWCrgTiCl14UysLsYxCxJMrXSqci83Hn6kCrXV9oX79qKniwR8qjcjbvrrUZ5RFOexwwJ0kciPzDh66RldhY0Z1JSHjJrnmLx3n5qhZtaKuXa2w1Xenf4TyXJBmnPMKC08Ch8NdwdkeVddQg7VE6f3AHzpdki8Z5j9DfcQmH2HewgMwzwnLEAzzMISuIGRxXQ1MFSBkSGOf7Rxg5ygEom+OGVagktRUFKCGI2LanFM40lZGDG6LPQuCslZOmII0WwJCTnr4CHOrFkHeXjJLCgwJOBRAcMcQng2z7M0TaBrMDJah0YAGvPx8bETTjxx9XGr/GqOLhsgKJPujOkI09wPfHg2NpqeatHKqsL5GXZzwcvQwQD91vOKBFCkxlqt95Tntk80LkJ3CzPpEpcXGf7L8lyDFuzyI0tpzIBzhkbnadmbSvWU10sSKJ15R18rJ6ln038+ScHUUEiu4STQ4cHTQCGYvk8XriAuOhu29ddfigE9Xc4tMUMhOtPlbXFdLb93+QJ7TV7fzmbAvmPopmDnq29ndKuWFBaNHTW44fRFFP4jTkd3Xtf0NTnnDyewC5hI6K9lZnJN3URBeQ3hGzcmy+G2ZJlgmAWDewgMwzDMQsMCNMMsLE5nLFIM2d5bGPRI0a9CyoG3/YMcW4b6yD1IySwyMwzDMMyiItVdaNjDqoqiqDFef/nL1xy76pjJyclavRonHS9CfRNkyNxo+BUEgZVyx84dFGXbjIIKCZTC+SyDZOnKdJYXA3OcuwVBD2GHGeiBDAQFl8bHtkhZOFSQ7LdjpoKKombbe7dqSOuE3JlJ+SIroikCq8n3Qu7e47FD7waimHt3Rrjel9fv5iFnkv3RyfL+sqA+ql/algOntrvHWc8ca8xAqDXq9n0qP0j4dqBHpwYKNlkvmhyDp3PtxGpOQsgwDMMwzKKGBWiGWViK9ZulVWBvOaeLvRGGAmBk+a4MlSnSpZO3Ym8QqZy94MJFNFvRC9YRDMMwDMMsJMamE5PLjz322OOOe8mxxx5TqUZk4KC1iYPQU4Hn7J6dbtnpJvCc5dgLqFVroj+o2cI7TXG2Ch0d0C7D9H24JwF6xrLZ5Re0sl9axVjk/qIUabZ2dj2Z7DrkQMn9mqzdUxS2m6d3dSkSMtJJcCmYdUmVi1hpMcttHChZDkrDQ4K1MWWKRSxSKTlgae31xVYbdG2eOVYOq8ZCDKrt/XcEaz0QG25smZpQlB28vpIH3pvi9hZF4v2XCiocx7FgGIZhGIZZtLAAzTAHAmt3s/fFJawSxiT4yxaeG4VIXYDZaZzDRk8RHnq7f5lJkMgCNMMwDMMsMOdfcM7RRx+9bNlSaP+zPFMqx6yDvtJ5Dppjmthc52maot2z1mEYBkE4Ojo2PT0NmuSw8RZ1MYww0pDXgxlObjxXHbC3oYusgyQ/D4nIA4bLZPpRWEXvXiQl4uuvkRVDrs9zG0056wxbyuG9tIfS6mJevpiud0mYzR6ubsA3Y7hLU3qVgGJPC9KcBUfPgCTPZ46Fu5LquS04KHfjQCUGQsXlQCC5i952KRlJ8h40lx6+HNMzRCk/gb+BTqcjGIZhGIZhFi0sQDPMIQf5A2pKSchCMMMwDMMcnrzmxFdLtFbIQOsMIj9JuiBOKunHWRuUz26M9sfK8yrVEIRLUKI73RiESN8PYf+BDoKkVHUuYlhTHgk7IFDvwfyisFWeibi1cnD3oTlpXK1lXEel8DHu+8wORUAPnGiPGf1k4WnhApPtzHw8/ULLaVFq0FIOe24MnWggRSFoyrr/U7iNaJTtTJqNsjqmgGjjHDJ0X7g3FNMnR+8mQOPFDsnTMx/iBECfAK1U4ZrtnrVQRg58OlB/afstOKTyrLZpliZJIhiGYRiGYRYtLEAzzMJSJAOkXDpDH2GOHd8tLMXxU661R/t53pwp0UmSlgMlS2nIItCVP5R1sJeisFhCS4nsKWnRnKdwoU29t3veeTFjzXNkt1+g01ozWyTarDkJGYZhmMMZ5eVoD0yipIYOQCVJ4lY7ljLwQHcOZZblVlMGuiyLokgFQej7FBeMrQmoqLCbphYk8H0SVVH1xNTFgeeS/uEW0j1nFOZBUMkGvdq41p+2WGFKw2J0qPAUlCzIoQIUV6upEOxKKHjWeZ5mGbwJw9DiBuHOhdYZQ8o19FNMT7c10uVRxnhlDRv9sG7Ib0QYDadReE2Yc9Al6suM8j3fU74phGxVZE6k/1LtjEu0O4Q8KyjKWOscrz9wW93la8pwWG6hVINFyDFFROOtQNtoaqo9aUN3Ib7vS6cgU8nQYcOK+TP2HZQKUhXWHta4WPEenu+7Dl7xH9yKPnka9vUo3aQzWsuFoUkARTdLaqyPbHbsrrYWDMMwDMMwixYWoBnmQIBjnj6F0Q1U6OVcMc6zuRy6sGi5DxYctsi4w5HVDMMwDHNwSdMUJp1BksyyrAtas3VaZ+h0VVJIjZIuctYr0vCV6fIE+TwUzTp6QLtthchprLNQLvalXQpbh6F46DK7n3OJsC7+1vb5IrtyDfo/Y25DiSG5nnOdBvUZPvRROVXYq6GTFA7Hu022SpLNeyc3GJhsy6BpCVePH4J2riiYGyfOc+2yD0rs/WAnKk9JYdZZmtFv+jGim1r31qnMxmnl6LyMirxFkw1ThnfjRlvMBeMZQde25cei3/sC30KHCzVfRT4dON8/Y9ZBM/qpLKyzi5ssek7aGEowIEGnhYkIqtjC055C2Vm5qGqokiqCDzDxhwroe5EuQAEUfS/LTavd7cSpYBiGYRiGWbSwAM0wB4KeB7STjimP+0w6GlF+YIsUPOX60jJZjSwKsWjvCBK0HT5kpqjdtGk7kFBeUAj0PPXnomRxmAjXtn8IvCAnGC69+NbtbJ8xDMMwL1DIWCMB9VkULg2ei+R1wbzOrdi5O6CkPOCTUSSqc9HQLlFgb1cKxdVlEDPuSBHMtlyBM2RgUarPhbSKUnPvRIbS8BWyLJ1HkWSOgbo5ulvA2yAIyghrShjoorDtsEu0c+wojSkw4Z9LEFhkYfZCbYsoZgpN1nmm0fwaxGcrM4OhzJq8M9yCIXTQyBENHSNb7YnHcIIsy11SDYplhm3ZwOUO1ioXmejri7mAcRciQOvFcrpeVIklRUdjUDVZgsBdMkNivbsFFAMt84GTuuhmUXbuFKjZllJG0pcFhZLsLt3hopP1el0wI+EHUZyku3bt6nTagmEYhmEYZtHCAjTDLCy9RZ3lIKuws3AehVbZ8tPe/lb2Fq7SkEiVg8WeDO3eKidAz6jLZQrBwQpYGoY6gw7UtimBj9hrevq1OlwyE1prF1YDtqI/7quXAcks8GkZhmGYxUWz2fR9H9RJQTYaoLe6+FlMjedjF52aDxfsbGdSFFOUsXHRtrQqyjqzrJk4356FRi9WWpf6s90tI7Jwgbe9mGfRp6ZKS8HU7kBhSEOVhcZaaN1lBwetNYyzoy5yFw5aSxmX3hD1cuWcybAmRrp8hpp8LVIiyzMSuBHXWUoym4HWXKrPYRgWPs74H2jV1MMRxVMOAjQIvug5RldrtLtG51EGenLp14z19zxfljkO3VWQGQZADmcqc67NvbuGAdTulkrf9Cv1zhi7p+Jr3d/oF74fRrvbnxnKUpgPZHdEJZquyiNraWeDjaHgWd5qd5tTU91uVzAMwzAMwyxaWIBmmIWlGOXMbGADDIZhGIZhRLVaLRPiOftiTbqzBOEVZNh6ve70VrcPaKq9AGiaci4cLSgE2qIZtKZseqhyqlJGLp6JuSw4KKtfH6KXAa905xCiWL+jKLIYo5JJMw2CsCy68FPG4kyZSNC96J1IqDKwF9di5SnGZYOqjEHM2jZ1N3MxzVnuLJh7cjPpv5LiwnNBdUjbsShtNGDK3oq8JyDD7lE18kDVVx6dVddCz7lgOynZKc6ln7NUZRiyC0B2ttpBEJDps5Eyg0/gHBlK4caVYtEcBPRlX8jA9tl3DMZBDwSAw2UZY3pG1Kk2OblQu2uE56KvaNDzwyQ5xYmjqwfcTZ3lSZLEcZxluWAYhmEYhlm0sADNMAtLEeksyidZBkTTYMMXEW4sXA6FJ2jVpyqGlbnJXXyOHCywf0TXyzpoaWGsW48rdkuq3r8zhkypeYvgzuVwaOO+pCi0fcNiLGoohfz+Z8GyDs6RV7B/h3nszDAMw7wwAFURf5WNehiE6PqM8q4F/VTn2nkaQ5MdhlG32yWVWcMW3/OdnmpI5xVo5ZE6eZM8oIWRhR3EoOcEOXyhD3JfquGi8S3WY9leI4X9BenMN9xr4RZ19bVgRhuXO9kFLIPoS9K0K1zqmf4OHptbleYmBRkVA4Blq9XNMp3CJvRkVh3ddSHEps+vufdTWI0VU/gWDZM95fsB5fbzoqhKfSXM5AfVAfW4l+4PLjegYGyyrsYf0s3RMySnkGp4DbcdTgHfBdzDIBCeJ3zfwoOU6BAqn2VZxYbucKgEyMFQoOdVPb8CRcD3QrI1uWALt85M9dJEw1eIcdzo7o2dJdgTSksxIl1aW0jSoLmToYh2X25lbAy2pLgRJG+/m6RQE9otEwzDMAzDMIsWFqAZ5kAyrDwW0T1CFMkBmcOO3mBeHjYm2gzDMMz+wA67JBexs053zki4JDEWrR5oBnnGO2IwZhmtGvrf9gflit3O0t8boR1k39uBrsruh/eDNhelewWK42gr1tfMKR/11jQDYTfXebOVwS/Qn0lxlhgTrJ1ETu4TCrNc2KLJtHAU5eUjLwzUmRQDoAAAEABJREFUki0qzp7vHEsqlQhdSvBDUKCl7wmXp9FFOYOS68w23B3zpbt7pFAXQdCoI0PdjSejCFRmRZdJ8jTFQtNJ6LePCQGdk7SPJ1SgEkN1fOX5YQBPUAgZTltXF/cDQP012qmRD7X2nRsbvM5yATvD4VYWrtlUN9Sm4YtP0wTuVagCaaWmP4VcW7/TnW61e9YfDMMwDMMwixQWoBlmYXGBTXLGiqPn2Oyiok3xoZzZGZ3/ZF86wd6Yw8Um9W0fSDko5XO6ezgnSFkWuf8l0T0Oj4pEQweegz5oK7I+uW9/r2OlGYZhmMOa3dblmCIq1hQvcBs27UaT6QXtUzyXdg5FXkFlnU9x4QChSyuI3RvAMjJ6BiltX5XkwKKdwUVXQ0hKnKzd2UA1tl5uJLloZBS+DfppDppqkiSwEUVUCnIGvRVjpZ3arI07XCjjkeIMoi9Iv/VKDZTcgABFt1rBTICe54ThYpmXS9sI6q9OY1lGWkvUgotLKe6euyvlRcIJhLvDZFmCy5JQ6LfuyovuGN0guP25odjtlMxAAmG0gmuDB1TK4LaUXKhRSidvEuUqYHQOb2khmhSeDQLPTSxoVMYtitwYWE1pEm2xkswFs8dx3O10Ai/0fFS3oegkzUEGf/qZrXmWcRJjhmEYhmEWNSxAM8zC4iw4hOz7b0BSnmVnS1lncDCj5ODOOD4pU7PjdlWkNiw+pSL2JCnbQgkVqshYKPez/rxnsXe/n2/vsAdXgJa98ax5zn15cMkwDPPCYTgCGkVN2xOgKazZZcDDDc5wC8OGUSzVQjuR1IjCIqOIgFYKOxG02+4WHLOedjBZIFpK9wVE77EJBUGYonozV/HpRHcz6wyL0zTtGRwXbs62lkOtYWeTUn9H+74XRkEYos1FNQJRNwijMIoiinP2MSDZSc7ofJH0LKzh4shaA/VihebQsuKhFXVvmh9k774MjNKPIuEyMGPGRk9an3xLZJHJOYcCyKQjp4hoDFDGVNC4L4YIZEoqUJjx28nJxRq/B9hHYZpBygSJWrP0sPYolWO/DR2i6YbgzDN8hv05EpsFOZaEPiVCVKVk7j4iVVwpg/bTUFYEGjRu8PI4zQwmNdS8iIphGIZhmEUNC9AMcyAoBk1C7I1fsi0sID2heLDBMAzDMIcnw0qwdcJpEf7cy5KnQSIVIEG6WGgUPTFr3YAFR+HAUeQcNKVa694OZR0Uu6UhHIh5VnboM7vbzHa5pTk1jUG7cTdNUhBJ27qSGPRWzjLQYHPniewitVGAxohjH/TXKJKgslaq8CKokvAMeiyorZ5UzsHCeW8IWa4KssYjbw9LAddO1S3WiUlKwZjL0iwElWJPePSm8K/utHN3geThbLKsUy4Cw0sgYVf0ArGd4t8Lg7aU3RG6ZD37DjSPJhcOI536rKAEqK8fg2IcVKKI9kffZ7J+xh0CjOn2KMckyt54aWjbTdMGxYWQZ7Q2cHfgrnhBBII2ZvVAFT54ducuF06+wHkyGIZhGIZhFhYWoBlmgZEDWcutxayDvTEEDBJVX+49Tfq0W5ipS7XaZRX0ylx/pjRk9Aaz/xUBtrJ0+3i+uQHnhR0OndrjzuXgcI5PD3Kk8p6YV+bAcmdaJry3w0Wz17eRYRiGOTyAZsKFyjo7iSRJZLnCCbbWajXMd6dBA/UtSs+ZQtnZNe5eqjOQPn3fxyx5eaaL5lVCLwHbHuOhDu1CoEGlVfCfey209bUISP/UKOrqnBRe6bnoYbQpdvqyIm9oj15Ae4bCtIcp+OJOHINsm6R5G7TnJIO3OSY39jR2UdDKQpObBWqsFlRzTNDnh/7Sei2kGGdQadFYw/ecbTMIsijLptNwM6A+UmkM+h4wCYFr9wfcpU2f/A7CLab6My7aujC7oFx/+KxFV4fw3qUcLMKxS6W/CD12bwnYrf/rEb7qe0epDyX9wEdwnUaUorSEL6Jardbr9Wq1BnulrW7cbsM5KxW42NCZU5cGIx524HwUrD2KjYateUYB734Itx8qGqCubYKwkmYJXFG326XciZ5gGIZhGIZZtLAAzTAHFENZ4d2IZY877lOcCzs5MAzDMIcxh+6E5XygdHmS3DOEC5h1rb9TVkF21LnGkFvM3ZdiFK0p7JtN4e0sjYulFVL3ze8qzHBHxh3kLWGFLVNMuGhn48RX8uqgOW8UcY2GLVCg9CmomARooTAwFzRpyiOYZXmCcnM3TpJcmyzHc2fapFmO1l6eyLMW6NQoNwcosFarURj5lUpIIqxfA5VWSgpDVi6amBw+UKEGUTwIQ6ocBkxDBUGT7XWD4CxpUtabfkBczrEyCLpNY9/K9CRm/DTPUwI+S4xfKs/ojRHHXdsfPF7e7Z5y3buN1pl2lLiMiKXZNOY29MnlWRVxBBIE6GXLlo6Ojvp+0G22uq0WnC6KQudqDccGzqfD90O8IaDFR+4j3/MslR+G6CUS+GSThn8XHlxIUpDC9QmGYRjmuTg8eggMc1jCAjTDLCCK1sSKnkGzcCHAlOGH0uG4xaO2zDpoewlw3BpZGPmVR/aGj71UfoWzY9nC9k4hXbZCt1pz5ryzZB10A6/+Y5n9QvEV7rbOmWEYhtkvOHMDsZghZTl33g696F2XOs+ZP+AWyl9L2fy0T4kH3XIZEqINhTsb1870L6MpInpxN5f2z3Uw6CPUpbVEP+PCm4PaK08UJskKKgFCp5O889wkMWjP8FLjc67j3KSa/DSkBSE5A+2ZOhsUzhs06vhciaJqrQLSM+YD9DFuF+OvjQmt9gTsbKDnI9GLQjnHEEn9m07WH+MsNVlIk5tHBjJuq4PJ/0BQzrAaWacD77ME3icpCNAZOTKT6QUK6fTsTDXwRmbG3TcXJW17Zh194rN7a+1gekYrSYefuavlOi26ayBAe9jHK1p8OBC05iVLltTrdVCb0zhOuzGcD4R1RVkXfbR29p0ADf+B1hzBAUEIpaBOH/jwtlKpwA2EiYkwCuCgqFKNk3T79u3TrRZcrGUPaIZhmL3gMOghMMzhCgvQDLOAwMDS9qUQ7G03ZOEILzDsxQoYY9LyTDeqkb0xDq1FxeaTfB+LocdAOdC+GjG03S0HRVNCpXqKs50t62C5cbdkiMy+IIvUkOyqwTAMs0CALoleuosZ10OgBH26dG92grATSS30EFxArqLAYVMiaDWVRdcLRZIqvdAzLQ45JecUSYx7o4pqCmdnnOVGj4zMTYNDx0IXbsRerkF6Rkk5TSnqNgZ1N+20Y1B9i86CFbERWrheig5AdPZkNYpqtWpjpF6tVisR5dsr3ZnJthitjVFUt8bzPVXMpbv65e7yKUOhScVImhk4awKacoYSMzxTOsMYqtSJNWyFDzH4OstgYxELjQozFOXZ0kPDTeqXxhjk8mxKcbkU63sGHGWOxZm3/Tgn7Zm76mb3SzI0DOkJ2PgijvM41r6/S6BRSZImiaVuniEj6cLZmkKeQW8OfR90Z5CbQYmPSoIAo8WjiooiX3l+VKnB3f/1U8/sak6jy7fHozaGYZjn5jDoITDM4Qp3ZRhmAXGrKXdHyv545V7WQYVLWPuibCRP3jIMwzDMbqRpOlcLu1iA+pMarN3iJ+ewUa5NKnRNtCTWIKdiZ8BY0x8B7foJhQAtVb9pskVzZxSkSUIVzjaaDKAxYhfmrVXh3IGqdA57owArpzvdnbt2ge5stcQYaDSyQLMLl/7OZUSEw4MwqFTCahSOjYzUK6HvSV/hQ+F5tNOXyYpaRAGm78MEenSBJvQzYzGkmdyZXXRzt9sFrRm+zWbbTzLTJSjSGSOgMxfVrHUrydGCoycllxYkPWh+HepI4xpLSrOVORlR410gW2wXz4zdL0tXT3dYulSH9BZXpfXbo1E2yP6zlHXAMAJF+SFLERwPRAW/HTu3DW10Roei6bY2cM/RFSWDnl6GZ8wN6NABekB7LiygElXQzpvE6DASUSWAQiq1OqjxrXa33cEUhx4GRzMMwzDPwWHQQ2CYwxUWoBlmAYGBhKDxYS+pusSBpAuQnQk67oUqYzizKUyiMaCJxkG99PPoquGCi8q3qu9tDxwwab3nkGZTnqWIgep7K5j5MpR1cF4ZCxmGYZh54hRM18IuXrD+paEwaJR5nlBEsy7tINAVGreQ7oyqqzaZyYpFTnmRbc8VhUkIzYxBMHlpSFJPMcCZ3Jw9OgBFZyhRaRSgkyxttTudOI0zk2a6i6pvanIjqM9CXQlNHRjhB36tWgPQ1hlNNkCF9kF0liYHfVdhBmUUdxMrNS18hk+gMDicDKYlGnrk+fbpdLrdabc73bjbarV27dzZLzF3OqDFC3JvzvqNmAXJvqkeaFat6e+uWE8V6rt79jBZn/sURWej/fKNoLuaFWvMpCRDEpShTREKLby+TpCU6JuBN7lo1p1hmgc3hMyfScz2hOcsUKzz57Y52mYbvAUUsIyr1OCFLLpb7nJAd0b77Bxun5t7kK1Ot1jNhm7aOeYp9Hz00vb8NNdBVIGDfckBfQzDMM/B4dFDYJjDFRagGWZhgQEbDLR6b2Ek47vcO8MS5azK7wLLwZYFZ4ZhGGYx4bLzVatVsfhpLFm59de/sGjRgC7BKLxSWK4pEgfOWHOUAb/kEo1CshwwfRa2PyKY7CbI98Iq8lgG4RK6Hj7o0SD2ootynE5Nt6anW2mWk5kHqtWpNiBAK6ECsvuArkq1AspnWInCWh3l50olAiXVw4BraTWop1pao3BeHbVwtIgOohSqkuXQt0iSrDXdjuOkTaJzkiQ7unkHfSnQujmOY4ytLo0zoOqBior4YhfdPOgMNhTwPJS4Qop8YOd+/dqCON0XOGxpbVmh8RfJGAsXDvpc991VkKiVC42etUp49LBQXnxR8AXJwOtbxGZmzuCKVsJl6eh/FBUUKYa9ox03TCygjB1G+OeAEdS8Ko5hGGZPHE49BIY5LGEBmmEWliOPPHLz5s29t7Te1noU8yJ6WXplEbczkLGwN1bpfVQc4ryhi2gauQ8i8kxiw/7KcE7CAeYRy1xmHdyrQyxHSTMMw8wT+JcT5nQ9zzs8gpte/PLffOrxf3EdA2tzOwjuYYs0g2jyoGTPnkOQP0R/UYMGxpICnXHdFDxINPZb03Gr3e3GmFIwSbrOapk8myVFIedutVYUephBMArR0hkE6DAIQjQwht6G1m0KPfagB4NasQal1zjdNU8xQ2Bbd6e7aavVBsUZnuMunCjrdGJ4hp07xmYUVp2T7bXs9V9QV5UgfrtJ8TKrRb+jyHA3Rw2+l4Of99thoweG13+XMESZUjuSJCydsizQX6SvG1YWS77X6FpCyrUc7B1Z0Z+jsOhHCUVqNUUZ9MnTSgxcAxpvSJcoWpZpI2bOC1MFVBtFth0K66c8THnIHtAMwzBzc5j1EBjmsIS7MgyzsExMTMBQ7Ne//rV7i2kDiwFO31ixTCQ4o0djXI20xVDHLd0s8vk6s0hndyj2DVeNXlwJQ9EAABAASURBVBLCobeMcOkii2/que/JvDRlFqAZhmHmhbMMhrFlvV4XhwUvXvPaXduf3Lzx/4D4Cwowegpb0bPgUGjUgC7GlMUPW/0iVpdQfS21HWxTMEo6l5m2WZpnuU2yeKrZaTY7nW4CsqaRFuRiZ73lSe37yleqGkXVKIQbW6vgiyCEbdgTAVlcmozy+GEdpYiERGPNnCocp3knjqdb7eZ0q9vpTnXi6XYMijPGWHdB4NYYq21dVkKVmBREVArhNnBOU/hoyFLbVb1+DWnTe5DXhzopUuoBbwppB+4MXH5/ORQfXSbioGBoJyy7LaZP1vckPFT5bRSxzb1P1WA9it2wi2bdt9ZvkabkQJ9NeqJUn4XTqvuvD42/Bbl8kGMb6M6YuzCAmQC2NGUYhpmdw6+HwDCHJSxAM8yC86IXvQjawqeffrrd7rgtvbWyajapF4cxThAmE2glWRE+aDjjR/wGFH8FDMMwBxqn6cHAMqWsdNVq9TCLbDrhDeeNLz9q80++v3P7E1pnhYhJlsOYWpDiixVmC+wtinKOEEL6/aqr7XfkgJfdJInTrBtncaLTzKaZgQMistDAHBE6hVICX9WioBoG1Siogersg+JqQSL2lCD3Z01Ox2g9nesEeySw3XhJZjvduDndmW63p6bbU63OFMrPsdZY6yTJSEn3YXcrAgniqfSMkTrXvtRwCqg5KMDOW9kWEd2ov4K8Wrx2yRUp7rsAVdqBeO+B3IAYjz0wnFF9ai7IwVFl5lPoTGE4N6YJ9MiqGtMtUjpBT/alh3Z4KBSLckrA/SnOnDcDCb7vrbOudl8OnjbTMu+fEhgQ0AvpnRbDSbcGri/iG8RmcpAuPKAF1RY1aJ+TEDIMw8xw2PcQGObwgwVohjkQTBDwwrkfusQ+4hBiKBpXC4bwZxIS7Tlg+XnI07NnE9qxY4dgGIZhShTphWEYHq4DyxeveS08xKHbQ2AOFbiHwDAM089h30NgmMMMFqAZ5oASEYJhGIZhGKYP7iEwDMMwDMMwhyucT5lhGIZhGIZhGIZhGIZhGIZZEFiAZhiGYRiGYRiGYRiGYRiGYRYEFqAZhmEYhmEYhmEYhmEYhmGYBYEFaIZhGIZhGIZhGIZhGIZhGGZBYAGaYRiGYRiGYRiGYRiGYRiGWRBYgGYYhmEYhmEYhmEYhmEYhmEWBBagGYZhGIZhGIZhGIZhGIZhmAWBBWiGYRiGYRiGYRiGYRiGYRhmQWABmmEYhmEYhmEYhmEYhmEYhlkQWIBmGIZhGIZhGIZhGIZhGIZhFgQWoBmGYRiGYRiGYRiGYRiGYZgFgQVohmEYhmEYhmEYhmEYhmEYZkFgAZphGIZhGIZhGIZhGIZhGIZZEFiAZhiGYRiGYRiGYRiGYRiGYRYEXzAMcwBJkiRNU621MUYwDMMwDLNHlFKe54VhGEWROKzhHgLDMAzD7D0vnB4CwxwesADNMAcCay2MJ6GNDIm9PGrxDkEXuuaWEPvGIXh74aJqtZpgGIZhCPevfZZloMx2u91qtXr4DTJNruHyJLyy2VOPb/lP/+k/bdnyq27chX5Dp9NptVqNsbF6vW4NLluUUhqDXYpcaxp4K3gLP6bo0ts0y5I4dg2kzvX0dBMOwQZTCrh70MTs3LkTyqxWKnA0HIgbqzU/8OFeo/JNxUE5eZ5reg13XioZBmEcd2GD8uBHwZeiEejYSEXA7nmeQa3gF2y3AgrJ9+byoXqKCoRneO30d3jt+z4Vi0XCdrczCA1LliyBv4GtW7dCxfp7ApLovYVjJycnR0ZGVJpACUEY7Nyxo9lsRpXg9a9/fRgGcGmNscbRRx/z4he/6MUvfvHExORoo7H8iJVRGHm+R9co89ziK6XwtpTngrfwDBWDP0i4n77n79i5ozXdOmLFEXBL6W9WBIHvdiu+Yin2tctCBEEgGIZhGOKF0ENgmMMMFqAZ5gDRPxRhGIZhGOY5capiRMAgE0aYIPyBGisOF3SW6SyXNJBO0vTv//7vn9m6Fa4RtNg4zzudbhCGqD7PZ87VqcMg4NLNU1meoVQtFWwEHRQE1q7qwCk8D26vcAovKJugMuOxILSSWOo6LZkGEdl6qKsOQJosnCc3oK0KSVqx8XxfkASM27EgvCzxfIFawQngAkB0dhPGeL48f/bZZ5ctWwZXRwq4nuvOwPY4jgO4CWmC+6D+Xmt3OnRdGBPgeT78Of3yl7+A13CHgyAEIbyb/Ko+MrJ82TLYmXT1mc6bhGtTMwI31KrRaLjXgR+AKo/3WuJertqCYRiGWUgO+x4Cwxx+sADNMAvLvgfqLi72/XpnLYHHcgzDMC9wQCQF2bHVarXb7cNjhIlhzBmGCbt275lnnnnooYfIhSPP8hz00ySJj1iyAjRQ1I4HKZReOhJUT2tRonVBxBh7nGvYw/fwJ05iQYIpybUGbiO8xh1EDpKpTzHPUBTKpxTsSwq0G9cXIckupszpqk4rVyDfBjLPM5R2qX1WTqSG954H+i5K0GKv6C0R653CXYUgDbq8WOk0aLe92WzCH0ClUpmamhrSoN2ebrdOp1OtVmyattqteq2+YsUKDOK2WZrC3c3DMJQyhBdPPfVrkjAqcOLqSAOKCIMACndru7EoS9qzE6OtoNvV65bApxZuMpVGe0kF9w++EcEwDMMcKA6/HgLDHJZwSCbDLCwvKCdHWyL2ATsHgmEYhnlhAxLfyMgIaI5JkojFD0ihxSsyoNj8859v3/6sIgkVFOi4262PjFSiCPRib7dFVE4ANRrtN1wj6UKXQfqkEkDDzkAYhRE5aqYACLUgCxfGHT7sqzVsI5cMWwQqy6JY/A9VYIWKKhRfasLwCz91ZwGVFgpyMizJ0CRfY119554h9hrXyjubi54APWSpIfrct7IsA5UBzgR/DL193KfkN2JFGQaexAlq6DmK1G5/ECng2G63myQp/BXBOeH1k08++Y//+MgvfvGL7du3e8pz7iJQjHIhz1LQzVClJl9gKcYbvoAwwCj14taRjM/6M8MwzAHmMOshMMxhCQvQDLOwsPMGwzAMw+wvYIRZrVZBNBSLH6dSoo6pZLvd/uFDD4EACiNnbUyapdB/gCu1ZIth5ognRjtoO2NPDIoyqaWFSTFo0H4Q+IGPntF5jqJznsO5QM+mY53h8+wlg4zqlZHIotCjlZhRhFHq9clzoxenXGjPJfNauWSc/fTeTTa7aO7p6Wl3ov6PeiU4jRhuZhhhbHKWpSA4B0S3i0YcEW5XIEZPTTXhRv3yF7/8yU9+snPHjh07d6QZeoruTU3wbksFd9H3A+fAwTAMwxwsDqceAsMclrAFB8MsIDjy2euUg0w/vdCnnvMjB0EzDMMwglbaggQJLeyiTjcE9Se50giM0E2f2fqrR374cCBVO07RejlOgjCEgTTsk1OcsvOpKFRa0j0FGUCgsiwLMRs+1AZjnOHYbqcDonatVoNCWrm2JE+naUppmiqtdht9oj2/59KMWjbGRBcqsLQCxGuyilZkaiFcILYTinOtJeVVBkUb3wuLQrC1qnChwFBhK0DXzcR8loK5q3NZDd1RTkzvuWq4uGa3M1yLC2oGJRpvAqEpxNvtoNHgJNe+kpEfpyncjfHGmB8o0OQNqe86052pNhyVttJGY1QY75/+6SfVWm3ZsmW7x18bUYr15WZMLQgPJVQYuOhrjcK8YBiGYQ4Wh0cPgWEOVzg2k2EWkDTduwgahmEYhmH2GpA+F3sL21//OI4feuiHnW4HnTJIJvaUV6/VYCCNUimowj0Nd46Ue/1vQDkNKC44ThLQTNEH2lNOKcbQXtKUMW63CICeUx12OQQx0jnwMdOg5wVku+GS+MF/UEx/DDJZdKB2jJsCPwwjlwhR7G964dLdbhfKr1QqnufNubM1IyOj8JwmKdQHBHmoWKUSYVh0jl7bnW53ujUNt7hSrUxN7fqnf/qnrVu3plk2r5oXDiS86I1hGOZgcxj0EBjmcIUjoBlmAdk9axAzF0MBzhzvzDAMw8wFGSks7jW22EPwfAy/TZN//dd//T//5/5atTY9PQ2KMIyc4QKjCEVSJwOT3XCZXs8UyfrgI0yIJykJYaFBF1bKkoyedRzDO5SbXQZCCpEGzZWS5gVxEruAZ+UpEKKlwoPpYcmFGYtzumrgB0mSUAA0mjznFNdMYdLowoFh1zqHOpCzRxGnbJQh9VyLOdYwzdXK93ISAu51Lxi5d0i/z0an06nX6/Dc04t7O7tbBJJ7rVINgxBeB4HvBRI0eLjubjduTjfb7S4c8IqXv/y3Tv2t8SVLHv3lLx555BE49YoVK0C29r3ImY3MWtX+M+5eSYZhGOagcBj0EBjmcIUFaEYwC8cLKgPhvsMaNMMwDLM3SMrUJxYzWH/M3afa7faWLVueePIJZXxKFogSMKjPnu/rXKOo6fLdKWnJCdqSIi3FjMzaay3JgwIPR1fiwFfofZzhemTl4R3TWgUqzzNQjaOoIlHsRhTaZaCvRyE/o+TqMhGiqOqR9YZAkw20OfaFzJQyJA1DgVCUNgZNQmSRwNBJ0+QfDZcTuIqh/L3XTbxz0nBBzT0xWvQJvv1KNIj1YRhWKhWQG3rpB3ufQqXSNKtF1cZYwxNw7doL/ASUd4Nh5jt37qrWG7/5m795zjnnjI+NwWGNpUua09P/9//+33/4h3+YnDyiMRoWQvZsuO2714phGIY5iBwGPQSGOVxhAZphmEMBO9e6YoZhGIYZYiGMHQ48mBVQ59043rVrV9yNI68qKHlgGIXwsDh+tmimbGdSC4pCgh6k50qMxhjaBQ77ng+HJHHsOQlZqRz1YrR1hrtHCSpmuYdysHR461GmQdhIAjScQsEWKArEca3QlANKS2fKckdL2AdU7VJkx2SA81oT5rSDoW/Z3YGeDbRTz10Q9Pj4eE64axczmSRsnmWwcXx8SUA5Et0h7XYnjuNKtXrGmb+z7qx1Rx11VBx3W+023JZTTj752R07tm/bliapGBWz3iWGYRjmkOXw6CEwzGEJC9AMwxwcrAu4UibX3U5nWsnAmqCXPsjzbKUaeSq01hMW/qWC4TcOOHvjTw41YhiGYRY13dRkSTK1s9VpJiK1JjQu8rdarYRBmBiUU+Etis8U++xS8/WsmTVFBwtqTw2pvaA/43ZtKH4ZJGM/SVIQf0EmxoyCWYauHc7UQknlFaUJMnWGMhUIzXQO0JY9NI/2YL8wgNbZuHBoDI5WMqTkhEkWCxHA1iAMA3RMVqa/XbZQmh+C6KtCE3cpmjlx3s1OGuilGZyL3qe9bITOlMPdkyIZI/UHoDKoJlcqrVbLeYa4A9HlOcvHR8dq1WpYiaDaUBAoz0kK3QkvqNZPf+Ppf/r//r/Lli2DW9Scnn52x7NHREeuOOIIKH+61RoZa/RnInTdDleH/nq6ULveRraBZhiGYRiGmRUWoBmGOVjAkDaXwu7csbNWh+H2CAjNGLSFhpImTbs+++OSAAAQAElEQVTT09Mj9QYOvVF95oVUDMMwzGFFnuvtzyJTU1MoPRuYgsXYZIw1Vuj17OiPSkatU1hPebOVljujZxB9nRwagIqdJBmmNMTEgFmW6TwXaJqhAx/U4SCOE7J7lqbUssXAieBZY4BzmlGKPSkwHNuC1JtmWYJKN5SErTZo0GK3eWHaH+eaI4y2FnDyXvLA/rOIvcYFNc86A91ut8fGxqIocmkJywoo0NBHR0ZG6iOgtsP96YJQ3Y0pejt/17ve9cd/9McTE8sFpTEcHR2dPOIIqzDQG27X2Pi4tJKXZjEMwzAMw+wvWIBmGOYgAZqy1Dt37mo0xik7kIeLdj3PLY8N0f5STTV30crZcSV9KTzBMAzDMIcLaZo+u307qM9JHEupQOcFeRb0XNSCrXAGwzOhvpgn0CnLqMNSsLPoGUTkGRpQGGpAYTdnCx2E6I+BsrQxHkUQY9C0saBKj9TroHTDGakwQUqyUSTvYnFWaDTzwCPhKKhnFIWYctDz4bwgf4N+HaCdhXBpBqERB1F3SE12JVHeQtgZPsJFTlSX4opctPKQcfNc9CcknNVOGqTnWq0GIrvzGHF9iWqtBqo0HAo6fLeDP3CdsNu//be//29///fHl4yTT3QRXx3C/SFrbUztiOUOxjLTjZo1myIv92YYhmEYhnlOeJkYwzAHB2vybdueCgKvElVh3Pf/Z+9LAKMo0v2rp3vOJJOLhDOEFQgaQUXEBReWKCwRFxQEXFZgRYOwBn3L9R4G/o/rPYnsk2NXZVVg1RUQObxgwSBoWFiCy6VyKAFcQoBAQo6ZZI6eme7+f1U10+lMJpMTDFg/x9DTXV1Xz8xX9auvfh9X8+cI7zjmeJPJWFJyuejKvyXJgxgYGBgYGG4h2O02m91O+Fjq1osFMPR6gQplIOr7TPWqAm8ovayGv1MBbyUSFRAHKsTpsWYGltkgahXAIPvZXhkHGIS3UKjRZOJ5vw4G/AUKWyZlkVCEMsLx/bxAKwOlC/lCRghrX0DhmKvFsht6PZXuUOh5HY/8QQgDLxKWECqr43WCHgO4dapGzWm0LbTHYUAJaMXfA7qgu2g0QkhgNpuhFJotHFitUZDYTVS2bXZbVWUVcOG333H7pElPJycn03xo1/plSXSkxppeVRG+iiFvYWBgYGBgYGBgUMEIaAYGhh8HHq8o6HWRkZHkh4iv9XOE54Iww41vE4s4qaqqEjEwMDAwMNxCcDgcHlH0+bzA5wLPiwhnjPU3wOzJwSH7sGiySr/qNERnwNEYc8ckCCERzyAvDvG8AOe9Hq/PJxG/YCwPLfkkSGgymXR+MWXsAQ3VUAibLBOpDISVNzySJNGKEYEOvEsJ2GT4Y8Q6IQKmqmXsKk0FmjkUHDOQuF1jytmgpz7TAvXvDsh9NI6uVQWgoSE8H2JTFFQ4IiICmG6aDI6hsm63WOVwVFZWitDVku+2n92W0j0FKs4RgY4AXY4C9dG+GBgYGBgYGBgYWgxMgoOBgeFHAJnTKrExbXmdAbPPCvUewjNSdQ8vTDAF3hIf29ntdlOHJgYGBgYGhlsGosfBCVxZpd3H826OjwSqVuAxVaxIcsAJmpLOvI6johzYixkpYEMJSS1T+WYixwFUsyBJHp/PB0w1Zn2pq7JeoL7TmJgmOhsk/i8nS9ipGdtWKu8hAwHtI2oVOHOEgw3qPB4RmHFJ9gJVSyMQSkTxGbI1m81VVVV8ICogJDaaBCIz7cGENXUEJoGGSSBD/DZCHwUtc7ldiuyWoXzcMh8pC0On86FaEYapQzH1faZv4Rjyp0MCWlX4q0YnFgmioqKAiaZBDqE2Tp/P6XSKogfuuv2OO9u2a1tUdPnAgQPDoqPj27RRCI/trwQm7at5bXgnMRaagYGBgYGBgaGFwDygGRgYbjSoA5fP6+X9O3bDQa/XRxCpSsTAwMDAwHALgUM6YFAdDuBkUWSktSFOt8TpWNaoLat0LRaPBqoXKGagsP3h/mSZsMw4uAKchFv9Ks9A/fp82DHZYICTRD7aRw/UgkhEQxkLIksS5OAvnfDXPOa1AQbqa0xllPWqvIbODy7gAk1BoyMa9AZBr8eCy3BEhDwEjS8zHR4EQdW1UBln+jboKq2ew+GAapDNVQio6srKSjgDy9jQwDZt2iQlJTkdDmjm/v37T5465dO0l4GBgYGBgYGB4bqCEdAMDAw3Gqork0z8moKucjVBBR+ZuiIDAwMDwy0Gj0eqqnSWlVY4nZ6OHTrXlLCgFpAKKft3CCFEJJplRRWIoOQvTQlcNE8IWawFTfhj4joNZDGs4HKBuH9+HQ+4Dty00WiEY5HwszJhpYnNxbuURI9IAwbiTIDaxoXhkIMkAa6MyWTEKhyy4vF6ZeIELQRA/ZZ1fv9lRHWViRgHbzAaTCaTgJlrRNL6dTlU+84Tv2yeQNV61hLNROnaT0PTPNUwgFQJ2ul0WiwW0kbs++xyuYCJBkq6a9euXo+XMvii6Pniiy8uX76MAgrbDAwMDAwMDAwM1xWMgGZgYLjRoBtj8QSaQ7U55SACOugkYmBgYGBguCXgdnv1euBjI4DXjYqK1uuF6pCDGBzVcca2L2D9FD8nrcmFRPsjTC++E4s0czri0+wliTkqmkFS0oT4UJKw86+RxBLEHtCST6HMLhGAhhMeUUSEiQY+WEcXjInvNWF+MeFrNJkIU6zDZLcPi1XAOyCU9QE2WbXbXMAtmsoum+BOzEHjWvH4FhqhUF8dErCWH3RQvEFaSzUlPamOE4B0RpgfN/moF7csA89+++23m81mURQhAdDQQK9fvnTp888/d7vdCmOgGRgYGBgYGBiuPxgBzcDAcKNB541er1eWZMQ4ZQYGBgaGnyR0HC/5gB41iR5feVmFwWCgq7MBaNSQUfChov5Tkz6lUf8IJyxRqWggeXW6GrYWGFfq7AzUr8FgBN7ZR1Q7JEJBE/LaJ4oeIIzhDNwMlpoGNySqHhjA++qJ8zIRnsYZyDjuH2GkMd/tjz6oBiGsfhEnaIvFQkIg6khyDAOJaqj1g/bfXYuARqG0OCgBTW+BS1VVVZC/SknHxsa2b9+eNlkhjYARiFsUDx48eOnyZcTAwMDAwMDAwHD9wQhoBgaGGw06SxT0yOOrQgqHX5xXQZ6aupYMDAwMDAy3MojwhWQyCYriEgzYX1chFDAxhQp1NqbKyirvTHcOwR9FlXnGL0UjtawQj2McZhCLQSsyJXYlQjATIlrx+rxkDRi7LQPzyxHSVhRFr8dLWGsJBxJESG/QA9er1+O/WHZDIf9xfm1n4JrhXrKlSaKiH5TRproakITUmPpuY5kQSq3riFKH2Wy2RkWZTWYiwYFvMegtesGk4ww4DKAiBBrL0fRUl0PtN0ojUw5a5Z1xGwngpMPhgL+Y4yZy1d26dYPWUU9w4Mk56FQoSOZF0bdv3z5gq5kPNAMDAwMDAwPD9QYjoBkYGH4cWMwWW4VdVnwwLcWzU4X9HDEwMDAw/ITg3wmEUGRUJBxjF936bsF8s1TnYq2O0MRwFbPGHOagZULIAi9cO7HHg9d9gUTWC3odUUz2eD2ETVYIWYxFnMlqsZ7TBRSoqZs00eMA4thkNpuMGMR1Gp/FhC/heXUa0rwGiCy1gOWnTZYIi54Q1oS05g2QkcmoBLZJaUG9pHU6Xaj8/OrSQbEKgVamCtcdOnQAvpsqQWtdyn2EZz969OgPP5xT2OI3AwMDAwMDA8N1BmN8GBgYWgyNUmo2GswwZXS7HQrykluYFgcDAwMDw08IlZWVQL4CDSqKotPpxL7PkkyiDCrUqVnr+0ydnRW/SrSfSvXH6AsE7CU8LKKuzdRlmHoEG/R6oqdBNJ4Vhcduy4oXu1zLWAdDj5U0gPb1Aift9VIRDkTy5Il+B/Gxpi/gdn1YcAMHJ0TAPgMHDTwv8utDy9RXmnDQNVRD/BwxYZADBDcCXthsMfNEhgMz3UQe2kykpYOGBFi4g8hV1x5gKAHQ5qvn3W43dKzFYomLi4PupaS2gCMW4quYbfd4oDcKL1w4fvwENAkxJ2gGBgYGBgYGhusJRkAzMDC0JBoTKlAXF9vG4bQpCkx3FQ7xiIGBgYGB4ScDYEgdVVUIk8V64EOpxoX6h0Pa8IMKlXuutdCridaLaFQFDlPJwCATRpXy1TzhdyGlTKQrcBBgrNHh1/DgdZjeJVcVH6GlFUwlIyCj1aCAftpbUQJS0YTPJc7LvJ/p9tGcCaOth/KwKobOX1f4n+pCUw0Q7F7NY57aYjbjgIREYUNvwABOGqqKExDOWhWDhmzUWIX+HlECgRExG86prtA0MZx0OBxRUVHx8fGUa1aInIifGYelb6+HSKAoX399rKSkBNh5Fo2QgYGBgYGBgeH6gRHQDAwMPxY4A95wa7DZK8hUl3lAMzAwMDD8hGA0mSqrqmgAQHIiiABV9wZxSuAy8Kc8CeYXhisFItWL5TUkJfCWo0rKhLqViIKGDlO0EhXUgCsmo5HkqdDghZghVmSPKNIcVM9imRK+kgzJgK2FW4h4BiWgsX81Iu7VRDCDp2QwH+CL6TFXkz4mjDPeDgWcNdSBx0IcBjhAAbVoCkR0OSA/ykGrOVC9bJWABggBARDKQTudTrfbrfLUesyMYydoYMaxs7fXC/U8d+7ciRMnICeORUVmYGBgYGBgYLhuYAQ0AwPDjwPsUSULUZFtYHoo+ioU5EQMDAwMDAw/Gcg8J3q9dru9orRM8XjpSeqHS0hUPbw4RZAlTvIhf8TBACTEKzq9zAkSEmSOpyeByyakLw/pRA8GZIZpZp/EYUkNbHoV4uZMMpOpnDOYY+B/gfmFIiUfMNcehHwKfSn4bqKhwVElDYXGTiSiHEDYkgiHiJQCtDW8fEBHA2MMfzkObsQvYLbpi2To5XQyHEA29JLZrI+KMuv1nNEkwDHcCwewOk3JYgrq3Qzdog+AksWUg6biG7QHsCd14CpccjgcFRUVKBC3EEttCLysQ7KOg78O0U3FRb766iuXy4UYAc3AwMDAwMDAcN3ACGgGBoYfEzCjTWiTUFFe7vNJiIGBgYGB4ScDID2NRoPT6aysrFTlH7BwBdGRCHmLShwHnffzwjQMINGpcLtcPq8XknNUPxq4V+JhreBQglhq2n8jAU+CB2KSGoUDpnFpkELie4yICofBYMD6HoHggbpaCJmV6rwMCcxmM2RCa06CGhopiUx5Z+oKrR6rUB2WiaxIDQENKsQBZ0RRLC0t9Xq9NBl0Ee0cqhmNu8jnMxiNJ0+evHzpksxCETIwMDAwMDAwXDcwApqBgaHFoO5ybcQ9HHZoiouPdzgcTH6RgYGBgeGnA6K8rAMamtpNyskqfifougwijUBInKAJj0wYaYUSyURRA3sBG4gKM7CrRItD0XF+cWSqyUxJZ0QlNbBAB0dUKfycLnWLproWcCMt1c/2EklpXCzCNDachlJMJrOBsLqSBIy3l2plaGMG0hKDzcMkOAAAEABJREFUOGJKTKtuyxaLhaaHvyYCmkCloanjM20FprwDqiDazKnsBiIENL0LTtpsNuzdTICDKxLSnAiPYLEOmUg/w+1nz50DthoFaHQGBgYGBgYGBoaWhYAYGBgYflTALNFkNHk9ktvthikoYrgOsP+wfcXf3v+w4HyxG781xvQcMOjJJaMHddajnxT2vPqLCQfg36Hr3l8wGLUgit74rzGLChFKev6rP/62M/qRcGhR++W7QpyPat/zztEv/mb04HYG1FQEuo6Aj+zZd9aq54d2v8GhQy+//8tZr50Jn6Z5j6Bh35SmPm7p/Ial/zHreCnq8NvN//P8APZr95MHEKlAfXo8Hq/PS7yKMZlMIw8qqN7ACCQsIAanstVwiiM+1Dicn9HgdDhE0QM0q9FoIgrMPJVp1uShBCIwqFmhGovBmmCHqLpOCnGixvQ1pYaBzJWwf7HkJVDjB1LCl2YYtMashlKkTtA8iUOIAvS31WqlnDKcBPqYssmUa0ZEiINmQl2bKe9MM4S7KDdNb6GhCGF0ERUVRW+BM0ajkSYzGI3Q9xEROiDL80+fvr/v/WZTRF0u27cspKoTe99Z9Pddh66WihL+eU9M7vPbX78w44H2RvSTQt60387+EP594JWiF/qjFkTAcnUfu+Ufj7dHPxoClqtuPD7zn6/3pYeB3qAwpTz+1ILX07oghpq48OHTP9+cj1DKgmVv/74Dut64wcUxMDAwtDiYBzQDA8OPDbLn12y2VFZWBk4xV+iWxJltU3vMy37jtJ9TA4gVJ/Z8Mvfn02ZvKEQMtz4qi04cfG3C7DGzDlWhFgEQFgcXTcCzoFsK1/ubIu57C7PPCPMREzaeQAw/eQB/6vN5Jew57CPOyJR9rWEBq32huWrTWI+N9PO1mNZFOK4gJrZ1OCig3+k4KLlS47Bu3ltzBftdEwaaxv0D9pjTKChTZ2RMK8N/NYWVgwL9qRunqO8zFeKADIEjBg6aHsBfhbpjE57aaDCaTCYcwpgkRgEnaJqV2jpKWFMn6IqKCsy8BzSjieM5lo2GxW+ZBE8EorywsPDSpUuQ5KcVilA6/8b8Eb9a/f7+y4R9xmeqin/Y+6dXx9z1v9vPMGk0Bgp3/odvzn65ADEwMDAwMDQHzAOagYGhxaB1aKo3sYx0MqfjEA8TR/ziJa8MU3CRCDfKiBPwi6H5OLl8+AY/1WVs1+fXt7c3uYt2HzlS7AVeMm/W/71114opPW+wHyvDdUbnO4cPSAi8cRft//rIBWBUpdINf1ryizVLHjehJqDt7cOfpP7T7vPbD56wI3Th6JEL41Lq8f89mt3+/7a3mGO4pcvotOEXAu8q/p27owAo9ciefdPuigicje7SpPbd5N+Ulu1nhhsFYG6BDIUDj8cDJKhCpDSwLoYOqFIcJQ8Rp2aJ8L0cDjbIBfhVhQYPVLOi0Ql1fkdh6oCsI7IYmN326ESTyYyFKeAyZmnJLTSoIeTvk4hMh999WCZMLqKmnFSHJzkjnV+XQyFcuQ9ukyTKL+sNeq/XIxEFECokglvH6STCmuu4Gv4u9K1E8qdEMOWgqbAGnAFeHg4iIyOhWxwOB26JrAgcvgQFw8BBbzJRVWgSZZE0PMBEq/7L9Ji6UVdVVdlsNsgfc9kBDhruBQ7b4+J8bk9krKXKZs///rueve4EGtxPQcNjuNU9dQ6/+x+LfvDgIz6yc7cHBrQ3uIuOfHi6CE7YT2ZP+CDlqydTEMMtBkvKI/enxIS60idRPYz/RdpwakzdF/I+/AGWTot2HCl6MflH9OBmuBHYs+oXE/b96N76DAwMtywYv8PAwPDjQEA+ToYZKKahgYxGkiTAPNfnQwYDIaZZNPqWwZ69W+3koOfY9Z8/3sV/1nli0cKpbxQiVPLuX45OCey4ZLhFcF961jLtM5Wqdrw2OuNgFZL2fnjQ83haU4Q4ev4qa5n/sKj7pXq28ao4c65F/Xxj+v9havXO6Asf5u8oyEeow+hxWc3fi3oDvinGgVOWHThBJTjWjeuJWg4t3M8MNwq8IFgiIgj7ClQtJU+xngb2VcbsbWOy0vE+uF3x3wQ2lDgmY80N7OAr8UA0ExUOnQyLvBLhl4l+NKV0aWUIF+zTZos5ZUlC+mC1JuI4TGIZCogqPrtdbknGUhhAH1NRDkUHJQJbrQuzJq0EyG4K6v5Mz0O2UVFRbrc7OjraYbPjUQGQ57gVOspTWywWn89nt9sp6R5Uiur+TIsAAjomJsZsNpMOkaCGVCpEIDohVHnk4sWLDofTGsXzwk9kVTbv/S/Ingw+ZUH2279P8p/NPv3a8IXvn4Hf2B3v7/nNgsFsifoWQ/zQBVPrXapMeXJq1pP08PL7x+sVv2K4RXD+xDnEwMDAcP3AJDgYGBhaDI0KQgiksxfpPYiX4KXg4EtAOXsl2ccJkmCROIH6MdEMWXzCpqL0wiV6MHTGY12qT1t6Lnh8KD08XliEGG5t8JGPDEmnap4XykrRDYP3/I5D59HNgRvyTeG7PDn306L3/1m0rEUFoG+mfmaogarKqpLiEqfTGZBm5nTUh5mQrTSNav5k6q6sBByXawCnx0IYxO0ZjCkc6Q0GTGYTXQ/Jh/MnehgcuZuITSv+8IWkLCIGTUSTqRFXAlENSShCLlAMiVLoD2Ko+CQfEcfAosyCXlDv8ocExIQyT/dFaY04uVSdIW0aFY+mPtFAZ9N8INvY2FgqD429rbGYtQGaSPM3Go1wlSp1UCdo7bABETrbQAAHoii6XC5Vk5qexAmMRgl3jwSs9hUCNbzhrY+yy/l0waLvJJV9Blh7PP9iP3IknT9zFTEwMPxEIBbs3XoZMTAwMFw/MA9oBgaGHwcK0slI9jps1y4XXL1YUHLpB1nyKIKxQ5eUpG49YuPbSYKJzkURQ9MR37kdQj/AweWrNoTiNFf6LSjqtyD0TRX5Gz5+7Y0Dx89Ukp25UV0GPPDbBSOH96yxY7PuOGyBUHiaaDYBSFWHc5ZlbTtwoqKq7pwD8Bbt2fbWy5/7Extjev76V5PmjOh/owMnNqg3NPAW7VifvWgvUb3QR/bsMyX7qdH3hUpM491t+OG8HYfRMlg79HpydNaL1znuU9uIWu7PNRtobNdn9K+mLEjvaW06CVMzeBGg8LWf//a16retUSmiSd8UDM+FA2/N2rxt/5Uq8hD7z3hm7u/vjKyZpkaHGNsNWjB94dPJof3QAyGGSMqk365bCFR11eEPl8z8LM//CawOkHUz9jNDDfh83oqKcuBG6UJryDTVK7sKUXBGoRWgsaXkODVUIO9X4QD+l0ptSETXAqhawevxUF1pOaA5Ta0s9T72emoU7aehqyljf8BC6lesBASraShCj4cPVBZDCEQOBBoau3hX54uz0ZHwD6qJpxw0wrIkGJAbkMV6gqtXruhxKEI3JZShSC8pBVpnNpshWZhVauoETfMHor9NmzaUH4czwF+LbheU5QGIosVsrrRXAgF9x+23o58I4jrA78NhOCi9VoxQoubKI3/4Z9EfQt8UwnL9+vkZg1JqmIy6w+6FCwVcceLtd19d+fUJosJfR84BiFfy3v7gnb/QxDhw4gPPjZzydN8bHTixQb2BtNXe+/Ibb7199jxW3I7q+fjIF7JDWlt/ZMht+y+TwZI+svttI178/ZRHmhFJ+AagUQ+lcU/wlv9sNKaBNVG1/69Tx35+Ho6sDyw5lDko6JYG9UatENZnNo9pv7n6LVPkYGBgaCkwD2gGBoYbDOLuJEnuytLTh3Lf/fP/vvN/83b8denBT9ae+nLzob//7eO3Xn5z0R+O7v3M7ahEiM4pGQfddAy4ZxD598TcP751uKL+9Pbjy3/+/NOzco742S5A5fn9Odm/+q9Fe5yoWXDmzXo+fcR7u/zss5rzfxCJgyAUbh87bcyEzdWJxYoTH26e/fP/yN7RgFa0FBrdG468Wf81JiOHsM8Ab9WJg8tHPP/0y6eDo/9d+GJ2XxLvjsxMAB775SNvvDrm/lV5dtTSkKp27M4R4YDvM6pvvPaK/VD23TUbKF45suG9qT2ez27u477Z0NhvCkHpjlfH/PzV9wn7jMhD3Lvof0eM2BHOVxoIiLkvvXW4/syRWPj+hI1Hzmx+YcTmvdWfQIZbCECeWiIswH/KJKhfSGq5UVuLKIjrMQf/AZHLEadgSZY92L9YIsrQPE1DCiXsMrkJrhj0eq6mXjN1glb8pVfbYnorMdH4bp4Q0FQZQyWgMf1MHLrp3+BKBpQ0Ahli8WjgoCk7DLlR8hoOOHJgsVi8Ph/cEkEA1DMNOxEdHR0VGYXzCeKg6duABAd0tZf0M+6NAAGNxbKx3AkvSTJkDl10/t//Jnehnwb6DL6X/Htm+fgNJ+z1a74A1TW+R23Ltfrpvs22XMQYTZ178EQgBqw/5x7z368dC/FMzuy7ZsxepCbGgRN3LVoOBnSv/cYFTmx0b9i+XfbL2XMhvT/eY+WJD8HaznvrcLC1LdqQ/SSJDBkYOXirzpx+P6MFIwlfBzTqoTQq8S3/2WhUA4Nw5sMXKPuMkp/fXot9bh29wcDAwFAN5gHNwMBwg8DJ2NtJ0QmyV7x85vjuD98qOX8Me35JsscjwhSxvMojCILO65HtFXvWL//+0N6HJ06L7dBdUAQOSYhjKhxNgXHgrNcPnph2tBQVvDvi+a09+056ceSIAcmRoT1B3HlZK7deIKNSfxw2VPntwb0nYORauWvC62nn/3NQE11IpPNvLJ69gfJ6+vYD+vTpbKr89kjeCaDVvCcW/U929z9nDTZVV2PW/2Tvr9RWw3Ph+wOY5qvYnrGkwz+yn+p+AzZJN6E3yo7sh7+mlMH9UtpWR//L/9OyV/tqGygdeWO9fxJiTBo0umsUqsjfejwfJqXF+7JXDP50QQ/UHBzOyZ51VG1FoBoofsDEmU9qfXsL3x/9p+3FdBKS0OfxOzVh9yq2T1jc5R8v/bZJ/awGL6r89l97TzhrhTxqcpzAxqP46LtLD4XcUNrhkd88NVjjmd64bwpF4ft4E4D6eaafDeQ5vOHVDx/SBntUO8STf2TXYfhgVx45fAXd1y5ElqYuaU+mpQC1vX9fHnz2xO/fnVuaj/RdBv+iZ1ua4rb4Wtn++P3M0DQA7Wmx6J0uu6L4EOcLWm2l0fmoUgSWymgwFBo5kNdhKWaeJzrPMhGCFrAKNLxw7EAdELN+j2rInPOXCFdrqEDDJUmGlw44bcRJOAogPs0Rj2iqp4x1NnQcr/M7XCNyHmy6DwqFtwIv+3BkYRSg0CExjnxIJDU4jbiHSrXTS0A90+OoqCin0xmbEH/16lWPLCk+LxXWwJEbSTjBNrFxrqoq0S1CpTDF7A8hqEBlOYXTI6gfknyST/QoXn/bsIM20PMGg09WDAbFC/SzV4HuuvDDvyXRg9VLsDQJkOga3v8WjEloeDxjwd/PLNpRiU5sm9rj85THR0yZ/nCf7pbQbrbiobygHLoAABAASURBVGUTKNUViFioWi77gdkz7vly7cCm+ufWNkYV57efPIHJux9eG/5ml28z+6s/xeLR7OHvEAOqViNg5or3zR2esP4fY7ug648m9Ebx6TwUMPruohN/p37QBe+Of6eXtoHo+PtzT1Jt7sievdLuikFXz+XuKazCkYRXv/Pbvs/fh1odGvVQGvcEb/nPRmMaGAT7oUXD6ZapqKHr5gcP2BrRG4l9nqTRQRz5Ww/li/ApTR40+mdRaladu7Rq13sGBoabCIyAZmBguEGQeR7mb5zPeeqr3E/Xv6W4imWfGyacbreLuiNR0ABEklh56bsjG/7vfx/5zbNd77mfN7GhT5MR//jMDdHvvZCxG8a+VScOvjbh4GvAcj2S/vyC0cFyFuLBbR8ST5wacdgmn/9T1viXgWg7mrtHGvRIk5hf8cBbiwrwgfXeBftmDk30Z1K159UnJxwoRZXb39g7ZXC6n1k78/GyDZU4LNIf/vvVF3tUqxnYDy7q+6dd9sK3Xj7w26ZPdBte5yb1Ro0tkFLph8ufxpxm5faVX0wZ/EiAOryav5/knJj+5jeT/MHolhW++8v/eusMKv3wSP6CHimoGbhwcvuGoFOmnn+YuezFXlppiNINa187gb958Y88++aqhwL7MdU6F7w2d/fQzenxqNFQgxcVvXGOEKMNCnl0XeA+n7shNz/UlZTuI2oQ0I36plQjeco//uep7vTq5PNvzBuPP+fBwR6rozld+PC8X2GjDn/WxHufWkZ8Evd4yEb1wiP7tUXUbELr6WeGpsFoNBQXF1+/IAcGg5EXBB/QwT7F5/PpeK+B0+uIpjNQu5yOqDYDFyxLtA7EP7pBHCuNzhAI0gD0NA5hCASu14uZZVkOyEQ3ElQfA1amqRAHDaIYGRkJZ0wmE1H58ADjTOljOMDxAzkuwmpNTEy8du2a2+UO3jHFYRUO+tfvtU0A2ULmRoMR+STqeU2Z9XPnzl0tLu7UseNPJRBy3NC1f4xatGThG8BvuvM/3Dz7w81YJuj3T74wI1iywPP3L3aRnTQ1IhYGLBfacTQPDRyEmgLPhxsDxmjq22vT/EZnmTNv2vTZH1Yi+773tz7Z/0n/z3X+ine2Y04t+alt86fcp4rpS1U7Vj2ZcaD0zCdvfThCu/53ndC03oh//A8bXu/nN8Svl+zKmIfZf/u+dzaM6/90YHn4wpnjOGfU/vf/vSWwGp11ZvPTv/wwH1Xm7v7h+ftuQ81CkFiTH6FEURqKRj2URiW+5T8bjWpgTWDmehdubxR8ixcMDg4s0ZjeSB6+bOpwfHD5/UOH8qGSne9/YRnT3GBgYLgOYAQ0AwNDi4Huh0Vkalr7Kvaj8rrOHP7HR3/7s1RR5PM6eKNAnZ6wBiURiyT7ZCWOk2DCqJd8YtHpv7/75+G657r2/rnOaKHJEENjwUcOnvT2+XGlJw5sffmzrdiPxn1+xyezd+zo8vv/fHOBhpQ09pv7zT2z4N/oKA1TyXcZ1S/l5UJgzc5fuIpQB9R4lG7ds5dkNSh7mso+AyIHP/vnzX0K8BA5QT2Zv3UfUTCIiyrJfXVWrjYfsbMFAdHWjIluI9CU3oAGPqvZAsnHP57x1NtHlx9G6PDxI+IjQ/3z+bZdevHojIRstlJou5WeTHrqH+8/ha4T3Cf+tGphzPSFv1cJ/Yq8j06Tg3ueX/GQhmiAOr8w6++T5+6Q0P68vOL04YnoJ4MGf1MC6LnkvzTUMN/l9xNHv/y/W0V/sMcWmby1//3TIdlnhlsBwHtWVFTgGHpgCYEJJRwoVU7GBjFgHxGR1GiQLoQC9leChAJHBJ9pJEBimrF59XqJS7SAOD/fCoSs5PPx1aQzp8pihKePIY0k+WSZJx7HGERxWgBGWJW8QAEJZmrcq+Mq1sxHa9bpkIB6QNPbafxAOIa/RqPR4XDQ3KqqqoCSprEEDYIeCGgo8ZqvFBhqEiZRprEc6WgEqGcoBFa7AVbFz+UoxEmcBjjU6w005gSkPHnyZJv4eIvFgtnqn8KII6b/gj/mvFiSv3XPO2/n4G0c4pW9f1q+908dfrv5f7ThUg2/zvx0ADBlfFRilOb2pKFPJr2F94JcunwBeCvUeFTsep9u2QFjlKZZ8rT0X/7ff/51IRad6KwOKn/Ifb8E/9s5svT997Lf1+bjjTeiUlHau+dr9Hg/dJ3RpN64d9byfho7kjA0e+TWHe+dQOjEnm89TwfWLDsndYGBEEKVxeXQdn/67mPfLhqLWika9VAalfiW/2w0qoFaVOZNW0aYa6C5/3vBI7UZ6tbSGwwMDAw1wAhoBgaGGwVJvHbpbM5Hf5OrihWfw+N1Y6doXqDUsyadQqbHSEYyhypFR8HWv74y+vdZP7urn3a7LkOjYYrv+dCUdQ9NEcvyt25eNCv3PPKef2PpC201DhrIFJmoRyf2vjPt77nflhQFpOuaj6ITVOW52wMDgnw0TF0GPNClxhmpqLCMHJQc2ZBbR35Nnug2Ck3ojV5pvw5yrol74NdJyw9D80tLr6p15vvPeab/7tV59oNze3ydMrhfnwHde3VPSunbpb21JajGGuEfJU/xD7uWrsrecCVv0f+8gNTH/cPx/eTfwT9Pswbdb+r/615ox9cInT1+HA1vqktUq0Dnx98uehw1Dg35plB0eGBAXM0zHVOg46FjL1S0FAHda0Dz9FgYWjMqKmzXrpUGAv3JGgkO/1JumPB6dYFoaig0C6CbVfOqULpZkrBnMXC4kkzPKoHy4L2Ox3EIKWsctlwsCq1qPWMum+eIqrMflIMOyqFR1pvmTHODKpnNZmDqqfIG1YmmPLUemGODAaoOf4GDhkaVlpaSKgVaRQRGqLAHsM1AQVNCnNaQw5kDhy7o9VjoGgYYMTHRR44cuefue4wm00/FCZrAmJDy5LglT47zFJ/ZtfSNZRsue9Dl98cujtcKMRmj4hMr8jdsXfTGodNnylpOjPhS/iHy74B7+gQZI2NSn0eCfnWLi4rJvyE2+gRw/HJRC/38hkMTemNw32AthcR70rq/d+JM0Jpl3ynL7jwy62Tph39K//uHg0an9vpFSpeU23p1bxfZMmH0gsSa/OjVFjUVjXoojUp8y382GtXAalxesWy2HevUxT/+h1d/HzJZq+kNBgYGBi0YAc3AwHD9gcMUKfbSq5vffq308jmduxK7cnE47A/HyWTPL6eZqXI+n6RgL2gZcV5B8umd8rZN7/2uU9fYuEQFe1ApP50IQdcDxriUJ6euH95r0V2v7hKl/EUf5/3+hf7+a9L5N+Y/veiHFg93VmmjMXbi4+t3p716+ThqHWhCb1iias0P4zsnIAQEdCHZ1Rg42/mhV75N3bvi3Q1vnzyxJzd/Ty51TzEk3jNl7Qu/vc+CWgy8IbH78GUvGa5OWbRH+7glf7uiI2qLmRiiaQWkn3Tgu3DfFAreEPy4Y/yfcNFRiRgY6oPs8zkdVRwJEohpXEoWYy4X/6HMqeKP9YfqNXwcCtxImVeOE0jIQcWfJWQj+8CkkmiBQONymjzpP1h5mRDQ1bpYAQ42qGzK32Ja10/3KlTmgq4TqyocpBYc/as0xnCretCUgI6IiIAKm0wm6qfs8/k8Hg/8pb7SkUYzUMlRUTgUoegRq6qqoDK4P0nLJSISgoMr4qsemqc/c+y4LfCCLEgSCdIoQ7ZXioq+P/19TGyMwWj46cVAJvbij2mDXxudcbAKFby28uhvq5czC98fMe+1wy22Mh2As5IoTqDEuPoVny5cPo9aCRrfGyGsbUKH7gjB2ODMpfMaKrD9k/9vy4AD78z9+9Y9P+zdULh3Qw45rW//yMiFKx7vaUXNQ0uLNTXqoTTuCd7yn43GNLBRaEW9wcDAwKABI6AZGBiuFxSyY1incDpJ8bk9//hoo6vgaxhseSSObIoVDHo9CWRE5svY/wtPOBGPnW047B2tU2SDBNw053IUHv/orysnZP4/ITKO4zw6RfnpTQubhIq8P32QewEObhu97Fc1ZIWtD4x+cu2ut4EXLjx/AfWnU5HinGzKt/Yc8ef1j/dJDDjzntk8/pcfnkdNRxQmNJ3YC7gYxtnh08bFdybzscQRb3/zZLOkkJuJpvQGmUvUJCVLL5BdkCgppXvNtMZ2g16cM+hFhAPcF18+/fcv3125+0jx16+N+GPUNwtbWvjC0mtAB7SnUPO4ef9M2OaANgbNij3+BQP+J6O93shvCgNDi0C0VepxaDsOllsVQUD++H5YgQP+6GUcu9fnk8GWgl30holDSCwpDlpIPZeJXBVP/HxNJqPT5eB0kIlMvIbB1Op5EmsBEaaYZgBn6UowR0jw6iVhHSwGI6nafxkzuzKRUqb+1DhKIPDAAmZ1DThsoETZZ/oXkbgOVKlZqmm0qWu2VrCLkteqAAjV8aCkNpDmwC9XVFRQVei4uLjKykogmt1uN9aDtnLATQt6wWKxtGnTBs64XC6P5CE9iQcYVNXEaDB6gWYG5j1QhESHHLyOREr0ujwei0nvcDq//+67u++6y2Q2Sbf0arcao7XPw1lPJmsu8JGPDEk3HsRqQscLi1BfSoyWvr2acGp8yh/mvDIjNd7o94w+/6dZ41++jJoOsnALZRVjL+B6aLi2ce2JPEX7P7y05cVmSiE3C03pjRDWtuTyGfJv945daqY1dH5gyroHpsCR6Cy9cC53w+Z33zhTtGPzVHvEp02KzXAd0aiH0rgn2Fo+G0VvL3lh5SWEOv5229zR2mGAqK7TV+/kbMxnozEN1KDDjFlTji+b/WFl6Yd/eqFX7e1ZreibwsDAwFADt1g0ZwYGhlYEXpEExSchXuaUr/ZuO3l4b6W90uvz+giI+zMHs0q6GVYKbOal9+LJJzlFkvoUd+X5k//K2/0pL4synkmz364GonR/7vYN8Np3vLgBqQ+fOUH+HTrjN9V8K87k+PkQqelDKC26INU4feZcbQ/m9j3p4PjsARp8rxruE2+8mT0LXp8HIsWZuvQksgbFB3PPBGXjPL/nwN4dB/buL7wRnrmN6w2K47l/d9c84zyyn8qPxMer+1vtP+TtwA05coYm1kcmJvd5etKfs6mj2ekD+92opVFZ4ah54rZeA8i/ew7liUFp3Xl/p8+wW69e6CeCxn1TGBhaBHZ7JRVNDnlVkimH2ywO1GAw0NC+FESLQiae0TpqZJsWApHeK1V7QGOoGhz0rV9aRJYbni2V5KKgdaNENpyHhgDLTMWmaWTC6OhouFRWVlZeUe50OoEHhxFFmzYJwEFHRETQKvBkjxVPqG0S9NgtiqJaMdXJmghY8wr2idZBvS8UFpaUXGtUzW9KYJ0r/Lv3/snS+hNLJw5Tk9x30ou9VE4NobIju2vzrTr/QuyF0qBr+YfO1EpMlIsA+78+Yq95RTz5/iwyQthQ4D9j7NyFrM4WffSv4Oiy9oKahvW6olG9EUBta2v//gjNpnO1A2zViYN4nLPj6/M0sdEkfQ/qAAAQAElEQVQS373X6AULZlE1KeglEbUuNOqhNO4JtpbPhsHoKSouKyo+deRwjRw8x384Tw66dG8XONeoz0ZjGlgDUf1f/+/ne0LmUv6i/1m0xxl8vbV8UxgYGBhqgpE4DAwMLQZ1RkffYr8jn49TvGdPH/ti+3pn+UW6nxgRDy8iNIm3BcMZrLmh+F2laPAlGraeOIGRSESyV64q2/nBO9/mfcFLHqTc6tPClkJMn8GU+T2zfPzm85pJi+fM5mVv0wFrUpeAN4fH7R+MHv9WM94t/mLZotozRtS+O73NufWNvdUKd2LBu5nbi2oljh/Svw/+V9o7bfG7Z9RtiVLVjtVzF5EJcIWpS+BsyuiBxN+q5N3MDSeqR+SQeO1/THh1bsarr+6Xb4BnbqN6IwBpb9bqvXaVkZdKP3z9rT3k8L5efVTPaPeZ9zNwQ/4j42PNQ5HOn7lEj6rcLT0rKP7inTeosnZCBz8PHtN/FBUXPros84siTTVKP3x12Q7ShAH9+zfXETuwStHaWd3GfVNaH26WfmaoiYqKCkTCA2LiNcC9chxxzvXhL6GOeEOT0IJhrZ7iF01GivYt3ipkMBhNRvzbQxlYrDLh9QCnC1ytgp2ZFa/HGzC4fgEN9a8q5cxh92lSAdURWkf2LxGC2Of10kK5AFTvZqDXac3VDFW+O6TCtUpYU1JYrQAAKgy0Mpw0m83AI8PfhISEjh07wnngoG12m9PlhMSRkRFxcXHATVssFrU2kCHU0y26q6qqXEQGWpL8ntqUgPZrSXM4mdFovHr16qlTJym5fgtHnkjs1Z/uyzm8YfafCjTLut7zf3pvK/0Z7JUU0IXwijZ6cO70CY2N27D6rcO1s27X5S7Cu4l7t26oUM/Cz2n2n0pqJVaN0deLRmt/fiv2zvzTa2RdsNKkrt/elvZbErL4wvbsl09r1HUr9ma9NBsb1o1HkAlddzSqN1QcXTbzoKbOJbtmbMwjRz0H36WOasRvP5uLG7J00Rvah3L5vH9t3+WxoVaGRj2URiVuLZ+N+L63ky+CtHfltvPVpwvfX/k1OejRp3q1vlGfjUY1MAhJv936h6FYj6Vy14TF75+p6QvSxN5Ql44qGrAoxcDAwNB4MAkOBgaG6wVJ4WHifPncyQ1vLXOUFSCfU5H9gYp4Hs+1yS5dD/XwIlNcv1Ykon8001KZ0ymSwrkrPtv8bodObeM7dUN8y8RiudXR/ulxw1f833agcU98OL7Lvj6P39nehDwXTubuL6ETm/Z/+LUqa2u4r3sK+jofoaI/zU/f0yvtrhh09VzunsIqa7su6Mr5IKebwQNHG/fhOeqe1SPu/kfakPYGVHFiw9fnER+iHolDZr64Z/zLhQgVvPXLjG0D+vTpbKr89uDeE5RpTZry4gPVnHL3kbOe/GL2hkp0YtvUHp+nDO6X0hZVJzb2eyEzGTUPl/cf2Bvahyih5yPd45vQGyrsB+b2OErq7C7a//WRC7SBUcOnP1S9uTJx0OhH3jsCJO+ZT8Z3OUAfirY3+g+IQc3B4ZzsWUfVd5XfHsk7UUkfd/zTjwwKfHPin8x4/u2s105IpTtWj+nyMamGu2j3kSPFdIUg+fklQ9Q65294c+sRNUM6MSndtejN84Ga9np66vCewRVpf19KJCqoglWKacvbz+nXwT/Zqe7k1oNGfVMaiYLtsz7zUwcV/6YeUJe3bsw+Q300a3bdic+z3/4BH1zwr3Mcf+PN7B30MDptzriQSwI3UT8z1IDX69Wp/GbA6mFDSE9qIunVByX0SewvrKM7jYBapRy0REQzAlSyQkUz1PKDSvNH8FOUEL/rVNSDBvjzSZxey6EHV1o9Q209qrc9JFRgUA5AOouiSItwOByxsbFRUVFQ+fKS0vLych47OvPAI0My4KCB+y4rLfMQqWsS3pGTcNRBZLfb4RL1Clfpb7XacoDwPnHy5C/T0mLj42Tl1lXh6DB6wcD3J+wrRVL+yy+m/7UHseNaK5Dw1HP3BhKbeg1IIjpOJe/+anKexi7Hd26HLlwJirTWf9SgyA1fVAFhN+s/xnyELT66mr9rz2UPHiEEMWXYGE1547/eOqP9+a3I33o8XyQpuz825fFqpixlxqThb8NvtZT/p4XpbyQNGt01ClUnjnz8ySe7o+ah5MiOA6F3WXW+fRDdodXI3lARiCvYNcpddOLvZ8/TBloHTnqyOp5t/OjBg2ad3gtmt/qh0AaSy93v6tPCCl0hoTFbyJF/gfx74V+vziqJ8p+sIVfVqIfSqMSt5bPRfeikAduz98OwDapxSJMzuTo4La36oTTus9GoBgbD2nfB9rHnf7k5HxW8NnxVl0Mv9Lc2sZ8DaNerrwWdcCLxi+yMmKdGt/MPGKs/+QwMDAzNAyOgGRgYWgwK0X3WKTLM9GQFCz3by8q2/O1Nx9UfkOT2+SQdiYTkD0yE8DSYTG4VnhdwAHqaBZkqYn1J4tTH+U8JCsxtJV/pxR/++urSZ2cvjm6bRPhqLuD7x8IShobx3qztk0qHv5OHXYlLjnyYq7nGxz8y+U2tNlznR6Y8+fls7K8kVZ34ejtVoEAxo1e90H7RvNeCHX97TVn7QO6EA0BGeopP79pw2p/nk5Ofuvrm8j1Bifkuf5i75ELWXJy5t2j/we3Vl6IGvf6fT3XX0hum/sv+O+vC/2Tvr0TInb8nV7N/MHnK55mDmhuBB51449W5b4S88sArRd39PGPjeoOg+2NLnvx67qKCmnXmU/4w64XB2imEadCKOaNPLN2K1UuCHoq+54IXmhsdqI6g54b7nvzzkjs1J7D7zPmBf9peXLsaMcPXzf+t5qGU/jN3+4dB+Tnzd1Q30/NICAIa3ferST2/AI4bXTj02rRDgbOaTm49aNQ3pXEoPrIhd1fNU1UnDgU+UTW77ur32zcc0KYs2p8b+LIkdfnDuND9dhP1M4MWXq9IvX7xG3/MPEQ9kBW8iIvj6AX4TxouQfEf1wWV5sWmFv8P67006iAVYqaMMYndRw0oom/BCleXREDfqloVPPaSriao/ew1vkgzBEqXJw7bATkL9XYNgVuDeq4R/pALahNWdhYELW1NmWuLxVJRUQEss8vlMhqNkZGR8fHxAqe7WHixwlbB8TqDQS8I+gg4L8terw8SQ+1ox0ENjSaTx4N1oINqqCGgJVr0v3/4oaioKCY+jvQlukVhGDz1z8vK/mPWyZp2nCJm6Ov/PaVntRWAVbrRf1m+FdsLjV1OTMtam/DWrzYHb/MfMH7h44dmf1hZ0+LHDH/9kcppG/YGVyTpqe1/uDzwtRDGyHrvgi2Pd9Gm1f5Wi4V7NxRWX+r5+JvL+0WiZuLM+xln3g955fGZ/3zdT8M1rjcIurz4wvDtq147UbPOKPmp9ZP6a10qjAPnbj5TMPbz8yEeym3Pr32sPboBCGG2kFiwt1oOwpO27FfVlxr1UBr3BFvJZyNu+No/HOm7fFftnK0PvLIqTZtzIz8bjWlgbXR//NV1l56Eobj9wOy+6BUtB92k3uj59K9T3oZKSud3bF60I3BW88lnYGBgaBaYBAcDA0MLgO5jhbGTD8/TJJ3s5SXZUXL1b39+6cLxfwpihc6n43URHKeHyanJaIR5oE4HZLUEc1xe4ZFXZzRE6Y1WRWeQFJh1S14ZiTIvKvDS+YB9RryMeAmT1s6yf3+/9b21bmeFwnkkYLvxVfZTFg7d01/5dsUrC9L6dI8KeBlHte/Zb+bmP29Zm1bTQRKYXziZjp2VMPjIzvc8v23ZzMFxUaG2AEYOztywbewgf7aQuMdv176yZVlah+iQ9YgZtOzPn26eOLRnTGDUG9Vz8GNLvnp9yeMJtRInDd/8+pa1jw1SExtjej4+8c3TLz3VXY9uEBrXGxhtY3v+/n+gV3v6NaP1kdDP2157+8UewQN9a6+ZX7325pJ+PRMDD8UY02VA+pKv1r5ZO5hMsxsS3/Oep9auyNk2oktwNfpmffPa28vS1c+Gwdqhz5PQz69lDbagFgBw3P898/Hbms0I3BA04pvS2nBT9TODCrfHjnQ+BXuEyoHVWboHiDDFAQEKOOePplefYLPKC+O4vrJElT30QMrq9aq6hYIFOvAlHihj4hcMy8McCUhIK0Bkk7X6G1wgSrCCqklqHVlz9ofykwNsLtwoEGhjCaKABIcaYxAR+S28TC3JyCfrajVLzUH1p6ZqHkA98yRSMZx3u92EOucjo62xCfE+pNgdVeWVdo/s0+kFo8Uc0ybOGGHm/Kw+bpfA80BA09CFWhloyJDS9NT9WUdcob///jtIyelu6QEG3+XJ/7flq5nPP9mji9VvWw3WOLC2f/7mzwuCTLPx3pn/emXJ73t08cvamro8MvbNfVP7J0ZEhcjZ0v/1P7654J5AtiZi4P6c9Xi70NvXrP2y/vXnP2ObaApU47ZBf3hhy7f/OTSxlvs9+a1e8od7Aon5yMTbhi75fzmfj+1ywzbHNa43MOITUn+7/ZUlT94W0AWOoqOaKfcFW9vIAc+sP/3/4Ce9vb/3oIEd+vz+hS3nX/ptdx61TjTqoTQqcSv5bFj7LqiRMxkvwUP5tobfMUZjPxuNamAtwFD8zwvIvkDgoEfXDJHdhN4ARnsbDNSjfjIxqBkYGG4sOOUW3lnGwPBjo6ysLDY2FjUVN1EAHP+0FjPK2CVZkLylhec2/+3N40f3CL5KA6fokAkpBpixCnpFD6Mazqf4kNet+BSeE4wmszWx8+28Ofq740cU0Y58Dp3s0usUnaCHqTmnE3Q6PcxVyWxYxtNYQ9yd/R4a+fTvLXGJMDPWKRLXeA/oVti98INssbQI7cfAwMBwiwMsbFzcTeyUBfV/8onRogeDkrIypj4xgQu0sdfj9YGV9Hooswv/+xSsW4X8W3+CUB1VD0f4xQ7OOuKMLMDaryT5rl27WlFRQaU2CBuLJY+hLBkTy9juUJ1ouMXjEZ2uKqgSEL5wxmyOMJssJpNJT9IDjRtQl/aXKwiY346MjDSbzbyAPYjhRq/XS0INSzpNWELqal3tZy2p4SI4qKSsq5bv0LpRq5GKafUQ0S2x2Wxw3uVywQcAugtSwjE00OFwQLuio6NjYmKoAvW1a9cuFRRChejgQW/QI153++23JyYmUp4dEbIb9wa0XXRLHtFgNBiNRrg9qXPnyVOebZPQxk+aw0Dmx17thlYjBgYGBob6cLOPEBgYWjl6aQLVz5o1K3ziZcuWqcdMgoOBgaHpCN5dq2BvZJ8sXS7If3vl/5QWntK5y3QGXtCbOB/vg0kxkegAOlqRdcjr43UwbU24/f5fDn7sN9FxSXCy+OK511csKb9awPtw5EGOeFfBnFUPGRN3JeLOhRR3xbf791RUuZ6Z/l/GCDPMXdGtu0WWgYGBgeGWBFlUxdIbst+BWOZgvZXXYWdjv+sw9n2WiVqVgqgvcEMElFHAqxcvzsINOMIeYVoJBUyuYqdmGfO9Oh6H919cbQAAEABJREFU4yNuv4hEFwSWU43RRx2xEdGK5gTeH14QyTSAH9whYcaZo9XVKUQ4K+DmrPLOtQWda9SW6HEB8Y40CtGqMkZQDEM4BnYY3kKLnE4nzRwoaaC/sbQ14b7hPLwF0hySxcbGOmz28vIK2YtZfqxVzfmdqVUVDkrc6zEMkAxyMBoMkLi8vLyoqCg+Pp7j2QCDgYGBgYGBgaG5YAQ0AwNDy0FGskc8uPuTPZ+uqyz5N+dy6GUBZsAKgkmwjGMg8TqfovO6ebM5Jr5zp7vvH3D7vX3jO3flLFGKzOsVrmOPHi9mv/L1sX/9Y/dnF858x0tuQXIbOJ+Cp6A6sttX1gm8JMAks+Tckd1vLCkfNfm55J+lCDz7NWNgYGBguEnh9/AF+pkjWsuKSk/rtOxnU5hQ4GGBtAXGFqhV9aTPJ9FAfKRwBbhbxMMKsowasTNSoWEasFy1DwNWm1GALKaq0w3Oys+Y1w48qF3kplfhJNQcF8fzFRUVQDFD0yAZkM5wtaSkxOPxVFVVYa9twqRDAqfDKROSHS9oeyRglhMSElQpD+qaTaSfeR8MMHw+IKGhCLfbnZ+ff0dqKi6XUdAMDAwMDAwMDM0Do2wYGBgaCf9sUPHHE8QuW1i/UZLEa1eu7vpw68mDO3lXESfadArMm42yrMcbVxUJptUGg1nhTLFxSff3S+s3eLgQmyAYeMRzPlnCDkYc3pIb2Sah30MP39vvl98c+mr3tq32onOyo0yHi1Pgfzwf90lezstxPr0sX/j+6KtLX5o45fleve42GIyI7pPlqqMXkuoyhWgGBgYGhlYHxf/HH4iP4/iA5DFH/ZTB4vFN4D41d1C3ZpPJbDKavV6fKhMtyT4BG0ecPdZxxj7IwMVyMg0SrH0pdUpP++uvKEBnw8ugCBomXRdEH6NahDIhr/1vVU9nbQKqKwJMsdalmjpHA5kOvDNQyZGRkcA1wxkg2SGBy+VyOBzAQYuiCJQ0cNBRVmt8gnj16lU4CTwzTuN0YYduMj6guVGPb16vF3ggoCVY4tYLmLy+WFjoqKyKiY3hFBbpmIGBgYGBgYGhWWAENAMDQ2NAZmqITknxFBnPjWWF83nch/bu+vzj9z0VV5Hb4fMpQCnrebyTGOkUn0fy6QyIsxhNbYY9Pu7ufmmW2LYc9r0iepTYQdofZUOn4+GtoOONEaYHBg79+X39z3//7Ueb1hee+ZbzOYn8oowTKJCe9yHe6/PIV879dcWSB9KGPD72N8YIK683BuaJCocpayzbcQvHsGdgYGBguElBZJurGVcsg4FH5iQAoIR3/KBGgmaFadxAvkS5AlZleYsl0ukSZclDYh4SIQ4FSGKs6yGry7X4RjiAFWGeSB6DCeUgJwmvJIesv4KjM5CAh1gAw6vjBb+wMuWgqRM0pY+DKGYOK1BLGrqZCzSBqHkQwQ24XQ1aSO+lZwRBAKIZxwwkQs+UpIYEOCBhZKTb7QauGRIYCGSzyRob4xTdwFZ7JcmkE3DkQ0kWOBwKWQ7w71icROANRqPH4+Woy7OilF0rLb92LTY6GnoJJ0YMDAwMDAwMDAxNBCOgGRgYGg0ZpsccppaRDmZxrn9/f+LLT7eeOXpA57HJcpWOE2Dapucj8OQU5qGGSLes79Kj1/2/TL/n/rQoq1VGwEzzMG8NQwvLHA8TSkNUXI/e/V/s1fubb458uTvn22OHFXeloHj1MJ/GO5Nh5gtTZJ+3ouiLTzceP/LV4OGP9xs0NDIqCs9sEZ6t4vk0mWAiBgYGBgaGnwIUTBnDv5IEhlTgeaB6FQOR4fB5fSjAaxMRZw7MMdDRQL9WK3I0ujisYe1XhZZbZrkX+yMTx2dVphmOKTENf00mE7DMiNDccGA2m6kwNBXiiIiIcDgccB7YZxrDEM4kJiaKouj1euuK4UiEOGRB0Al6QSKkNtxYWVl56dKln912G+LYMjYDAwMDAwMDQ7PACGgGBoYGwR8OCZO6PLwROEX0uGylJbs/2viv/bsNslPy2L0epwBTO/hf0Hu9PgkJ5qi4iPgOEydkdLvzXs4cofCCF4cg9MpIxP8ivq7isNsVzDZxaUaON9xx36Bud/+8vPjyB39be+qbwy5nhU724KhBgg6mjILi1iue0ks/bHj7zU8//fT3mc+n9OhhtET5OEGB2koy3RTMsQkkAwMDA0OrAZFKlmSsUoX3FMEbHY6Mh92iuQAwA4s5U13IhVQcSDAQoI8ytUTOSqcXiPQGR9yoOaBVdSbgn41GoGUlv8Mzoi7GesEA1LNaFlSBhOmDO7xEN1mmaho0Up+uhiA1jljol+iQcSxFzHpjx20F+x0Tr2Tq4K2GFmw4VLqZMs5q9ajANFTY4/HAW+CXoUUul0vATdTRq0A3E7UNCf4SZWeBnoyLiwMOWvZ44ZLD4SRRB/UIBzFGtKpAQUOTDHqDA26UcKFOp/NCYSHpXhIokgl6MTAwMDAwMDA0FYyAZmBgaARgMurxeZHHaSu+tHvHJ+e+P+GuuGb22mV3JZZnhsmvDnkQr+jMfETkPfc/0OeXaT/rfrvZGqfwBry3GPkQkXLG8hh4NllnQbwiCYhex17MAg8vo7lT52mzXiy6eOFw3v7dn/29ylYqKRJMG2H+ziGZl0XJ6XV6Xa+//N9duvYY9tjj3Xvey+nNeEat88dEQgwMDAwMDK0ShD7lfL5A+MEal1BdO3m0GhaYPAa2FPPS+AymVLFXskxNIPDC2A56/Vww1a8gAfc4rH0cWGbGfLJSfYzf1ReZENeXAPsXE+6YUsbo+oCS0dRLmjo7A5UMx5RrhmYajUbi7MxhbWsCOBMfHw+JbdfKiMgz5qZVv2a6xA6dJeFQijgj6DkdlijhiouLgcg2m8zY0RsxMDAwMDAwMDA0EYyAZmBgCA06wVOnnTABKy0tPX327J4vc69d/MHitZu8duR1Cnqd5K3iZJ8eSzfrZD0yRbVJ6nrvsBFPdk65HZn0nI4nspIKjyMtwcSYIy8dkcWoczbHYSob+33JOCVxsZJ8MK82GM1Jt/XomNz1l4Mf3v7JR18f/Vfx5Ys6XhIkEdIbdYosuUS7+/Q3/zp14pu77x/Q7c7eh45+84sBGDRCEWKu0AwMDAwMrQLEyAbYXR4TnmDKfIpfGrp+U0UDBVZz0ASQi0TOKTTKnoxVq+AklaQQPW78PhB8z+MRgXhVCDdNvKYxm4wlqEl0RMVPLMsKjTaoqKUETKmfofYz0FoCWm2h+reBqB29sHavUadv+AuDEyCgjQTUkRloaOqCHRDWwDw1wGw2J7RpU1lhA37Zh527FUVTMUrWSxLw14JeMABDDRWBo2slJY6qKuwrzfFMiIOBgYGBgYGBoclgBDQDA0NocIEttzA9Ky8vf//993fu3HmtrLRKdJuQ3Ld7UiQv6Xwen8JJioAMmNs1Gi239xnw8KNjEpJTfLxJ4gSBIxQziaxEpnl0eqtwNPxg3ZCJ/gY59M9dcRSlgJAGL+jbtO/0uynTRpQ/eeDAgW3r/iKLlZLk5chsE98neaFuh/ft3rf/n3YPOvb1119++eUvfvGLlJQUq9UaExMDs1PIC6aUNEQSAwMDAwPDDYZCeE9F8dO1nM4frI84IMP/fM20IThZTFgTE+m3l0QpQiVVCRdN/ujwkq7A8yaTyeVySprQh5KEdyYhL9bMoCoW5H4Jr/9iQQ1Bpi7QxClb0ckkO+KszVF+G0FufICuppwv1cqgghjUB1lV8aoXKq0dxo0aToL5hpyp47PX6/URUMVnepWqcKj1od7fEZGR1tgYu90u+rxeWTIgP/tPCyJ+3NAqXi8YPTC6kRH0WHlFRVlZeWRUFC/oWDxjBgYGBgYGBoYmgxHQDAwM4eB2u7/44ou33367oKAAT+dkPCHzyei7Hy4YkxMieKPX6/YggzWufb+BD/b9RVpCl9vxRFcnYCdnzDJfl+ma6h4VFxf36KOP/uKBfgf+kZv3jz0/fH9cJ3n0yKvn8NZZSZYUH0wzdTab7dChQ1999RUNXtSnT5/hw4fff//9dIsuYmBgYGBgaB0AFlSS8AuhlpGN4jCzrVOwogSv1xswza1hg6kfNAowv3SfUNNAl4ABwAVTwpeyzzUqE9a7OagyYUCdncGgR0ZGIrJJixp0Wi78hdELVIMWBweqOkdsbCxV7RBFEW6vqc2lEDdoWSBENrndBH+vXL2SnNyZY+GMGRgYGBgYGBiaAUZAMzAw+KEKbsBfp9NZVlb25Zdfvv/++3a7XZ3a4U23EvDKvF30nCkuT06M5QXDyCfGpw0dzpujZMEs8cD9Kjok88T3+frN1qiXE8LeW5K1TYchjz7x4K8e3vnJ5r+tecMCs21eobGZRK/kk/y+YfQWaAsw0UeOHAECeuzYsT/72c9g+qru523UNmEGBgYGBoYmg6pXkAOk4zm/wAXmi4koM9kpBG8UvwZGuIxoaEHslox05BDfTAMHYn9qLA2tE/SYhDWbzE6X/6paDbCkqvsz0vK/OMogzUchIQ1JVMPg0hHmy7GitCIIiAYP9N8dCJCoFeXwXyWl0+Jw0YFbKCNMb+Q0Gs30vGqs4VJlZSWlmylZDMYd3gKtHBERASctFgsQzbRdcJV6QwMNHRMTU1VVpapI09JpV0Df+RScUhB4rFUiuj0eEa4WFRVhCttgYuMDBgYGBgYGBoYmgxHQDAwMfsCkC6ZYV69eXb9+/YkTJ0pKSoCDhjN0vkd1FXFceIXzcbwkGK9WucuqLotenfR53plrnvt/3q9z56SoiAi9XiBBkEjUpOvjX6wE/KyoZ5O9vPzbb7/9Yvfn3508cdXmjtZLVhOWgHR6dS6Ye9esBJ1zwu379u07duzYHXfc8fDDD/ft2xemrMwbmoGBgYHhxwKPqVU5oAqBWgiK9hDYWl7gVcpVCyq6hQICXMG5EBYcC2+gEPEQsXgF2FUdjneIyHCCUsY6AlmuM4yhqtSBAgQ0JYVpfVQJDsiK2n2V2gaCGMYkbrcbVsfhJCwkAwEN4wGj0UjLgjGAiwCMO1WCRoRrNplMVquVumYDW20g0DRTgZGQgrWy9VgdW5aNBsOVK1dgVd5kiUQMDAwMDAwMDAxNBSOgGRh+iqDeQ/QvnZgB13z69OlDhw7t37//woULMCujl+gEks5FySZWXpawP5YkKZyO9yHBLaMv//nVV0e//evb77RLbHNbctI9vXu379gpPr5NYtt2MCeEyR7MEnF0Iw3UaqBQO23V89roQCgwPYZqwJTSZrNdu3YNpoXff//9kUNfXSsp8Xh9DqdTQYLNIzu9XrNZUHjBAxNiHcfVKo46O1dVVR05cuTkyZO33XZbeno6kNEdOnSgmpKIgYGBgYHhekIN6ocoFYutrYSZXIW6PHM0USCJ+i4UuGolaBS0+AuUNna0VrBWMhCvmIblcZyFaiUO/+YnlYCucW/AYvoln0mYQTgiyfz7hgKxCvEOKG3oP9WLOSeuFOEAABAASURBVIiApsrUkAduJGafsaFWJaQRjazI6fyFBThxyj5Tjhgo4siICBgJWKOsLtFN4ytqHaXhr9lsBuKYCnFQOpv+hWEJ3dQFlyA9dZ0moSZwdSSqwiHoiYA1ZCjAYMPpcsViR3I2NmBgYGBgYGBgaCIYAc3A8FOEOiGkUXr27dv36quvAgcNUzVKPaOAw5G6PZbOCSXsAIVnYGSGh/9YDHgK56yyw10/OKrOF1zY+8+DRiOOSWixWGCal5yc3LFjx9TU1J/97GdWqxVOwiyR+igBMY0CSo4qMa16P9Ho9rRcYIrLCb755pvCwsJz587BtBNuhPNut1t1idLxAp6aIhNk4RaRycQTJ2xOOwFWp9b0APKHVp84cQL49+jo6LvuumvixIlAQyPiP8UUORgYGBgYrhOA6lTXg3nM1eIz2H1YonEIsYkMGK7Awi2wxqHsEiWD/Vx2IDhhwI1awblRrQ+/tRUU2RfQmJYpj4w0SlzadWLKClOmnBZBpDqAOOZxXEJYjsbBCTl8LPtdpyUC1bKrxp2qQvtZaR67e8tY6hrTvpyP8u4SzYE3GhHxnMaiISTcoboOjZNLsLaMrBGRotMNZh5GFHAeTDZdogZymS57A4CDhrvgLQwnVM9uKscBK9kwRIEBCRfgvmnjMXvuk3gjFZJ2SJLPUVVVWVmJRUgY/8zAwMDAwMDA0FQwApqB4ScHKlsBrOsXX3xx9OjRs2fPnjlzhkoiBgLB4xlawyMRUR6ZEsfUCYoeQ57w9+LFi1TEAwtQClgZA6Z8EVipA9PQcAx/4TwNXo8CTlgwV6RsOEwRYTIJWVEyWmWNVU1JSpTTmtBSUC1nq4YA+gQo+Nzc3MOHD99zzz1paWn33Xcf0OXNicjEwMDAwMAQHjLRrSAiyEDDSnJtkWUNuEYFV6BJwVBicQ8k6AVCHddZDYSQdpdSjZyIbdfpQitVEcdtTuZ1YUQ8/PUnghtUx5meoQMGATtlK1SQQz3P+QP/4bRwCwwJ6NK14vXhMxyn12NmWW82QXEwVIBjh8NBBxuIDE7oUIFy05QBp37ZtAjKXKOaAx4fVoz2GYgMh8MJjLYkCHiXGOTEVLoYGBgYGBgYGJoMRkAzMPwkoM703G735cuXN2/e/Pnnn9tsNqr7DKCbW6mns3Z6poLsRZVUKhlAhRfpVepDBPnQM+rME05SdyeVMob5IXDK5eXlqOY+X+0x9QjTSnAgTagiVJNf1h7Tq5SVDjn71bZLW0lVcwNyq6ys/Oc//wk0dHx8/KhRo+6999727dvDPFYVLUEMDAwMDAwtB0qMEnvsVU/6yVzM+dawlYpSHZMQazJrrspUvSMQtBDuBHaX52G0zwl6XvAJJJaDhIgtw4ZSqg5uqDoBa60nYaM5uVqBQ6F0OS0UVw1bVVwapCEy0H6fbhgh0HVlddhAiebaNjQQ/JBmytHgEcA16zh8C93kJEpY3BnIZSIFJnASia6o42mTjRyiFDNltwUCOt6gHUvLVde5UWAlHjKkvtJUKlqnNyg6yFbAMQtlXFuaLRxcvXIFqmQWDIiBgYGBgYGBgaFJYAQ0A8OtD5howVSwrKzsq6++2rFjR35+fkVFBUylVNK5aUITdILn3y1LOGs4Q12Wwrshq+fDlFuXE1aQQiWdWKoBjlRXpibTxKpYB2XqV69eDTR0t27dHnzwwbvvvjsyMpLmz6Q5GBgYGBhaCmA2cUg9l7f5xkV7P6GhCSetADNMeWwqN0EcrmW5CZlzYa/6DyhHXkdb1M1MNe5VZK/X5/V6YLgCAwmP6PHC0jhw1tgJWvEi2Ww2Uy4b76MS9CaTWa8XcJM4JOsw303zAdIZkkEaOkSBQQIw11QSRKWnKROtaovBAd1xZY2MioqIMBp4juQD+UM+kDM0o6TkGqQxR0QhBgYGBgYGBgaGJoER0AwMtyBUMUeYcVVWVp49e3b//v1ffPEFMKpqyHgUIHlDxgBU3Y2DrmpkEv08LJ3UqfHlqVcRFwippN6lPRPkRxxURJBGcxCCXLPV0mmeartUH2ptBYJqpYUa3SjIRRr6CjqtpKTk0KFD3bt3v//++++4447bbrstIiIiTG4MDAwMDAwNgAIEqoIwr8oHfISxozExtpzqaUxBwgyiQNjCoKh+VPhZe5ZmIuMIhISCBgMtK1RTGk6DdZdCkcnaFWKi14HzANuIwkE1hNSRWYeFmmUEBDJxUtaRZuqoNjWckbE8NCKqIDgOoazQZXKfy+V0u0Vq1vWCLtIEXLCRyIboFL7GwrbH7QZyWvEREwwLxlh7wwN2GUhqqv4BB8Ay06yorzeNhEwPgIOmwxtKW8MxDUtYWVXJEYkPgcer6fgfHkt8eESxoqLcVmFrk9AWdwvyPxi2EM3AwMDAwMDA0HAwApqB4ZYCJVIpc1pVVQW887p16/7973/TjasqP6s6/qhKykFEquocXVuLgxLQQQHutS7JVJ1Du403yNVavYUe1M5EW5kgJQ1ohVoNFIiUiALqz6qShjZ/OqWnk08UijKmLQoSD9G6R1Flya+//vr777+HOW3Pnj1/97vfJScnwzGtAKOhGRgYGBgaCxJ9D5PHPFZPpvoX5H9yzNW0v5zfWiHk510V7TUdka+o5pQ5ROlmYHj9rDNmZiV1DVmh4h4yqu2mrK5h09Vc7EeMkOzX4AjdECrWDHeQQMWYaIYD0e3R6QQO8bgSHJJ8CjQTOGVRFoGe1gl6pEhen1fEpDPWdAZLC1XWG4xmiyXCqPeSwA9gf6FhPk4Bg0tXuN0EVqs10hipJ+DdbrDFBoMBeGej0Qi3AKFMAw+qAiBB7tja9WlERgjYY9on+XwSjJ0sFgtkTjuK1/Eer9durywrLe2RwvskL5E9QXJ4b3AGBgYGBgYGBoaaYAQ0A8OtBqfT+d133/3973//6quvzp8/T72DKQlL0SJsKc0TJnUw91O3vlJQZyIqLR1UaFA11IiCap4ooKpRF7S0NdJIQod05W5au0ISypSMdhH861//OnXqVO/evUeMGHH77bdDYxEDAwMDA0OTgHUhCLuKhYcJRxy40iyOs3a4QomKQwdsLlCrig4TzA2R/VBInEEe8WHTALFMfJs5DrhcWHo2SjKWbMYEOSaCZUnykPVpsiKO07icTuB8gbSGZGZLNL0E1HOZwy75JAWrMGO1DR3vt/WUUI6MjLQSqBEmRFGEhXY4AAI6yILTURANSEh9olUtL0qvq8vwUA2dwkG5kBvQ2UajAWtc8zrFJ1c5qi5fvgxEuRojkYGBgYGBgYGBoVFgBDQDw00PdbJaXl5+9OjRzZs3A/UMsyyYQQWlpJ7IdRG1QbIbWm63dmJt1D46r6NzOZXApVtcVXEMbVZaARA1w7oY5Nou2LXrrHo3hwR1fVJFNrRNgJMqJ0759KBqqL7e1G1cbQhMdA8R3H///SNHjuzWrRtMelU3auYQzcDAwMBQL6j0hMlkBNvhwSa7BhMsY5tCHYr9iWvnIFM3Z+BJOWKhVOOj+Hc70WPMHstY2tgHHCqNJwxXKQONdKqIFtIsCassLaVoeUwfy35LyvnlJ0iVqJq0P+ah1oLCVY/XQ2slkxp4PF6DLGOKGcs9A8/s1fF8dGQkVMbtdoNh9RCvZ7jBbOCNJhOwz1RMw+URvSRaMgwtwNoCO4xjBhL2Gf5CGlh6p+7SUKh2SKBdn6bDFfUuOjCgt9BggzKppc5ghH+hMtjTmeNJCEQJKgYEtCh6oHT0E4FoL7aj6DirkUcMDAwMDAwMDM0HW8ZnYLjpQWaw3r///e/PPvvs3Llz9+/fT8PphJysKo0McNTA9HQuF5QYJoFUpIK+bUFals6r6xIJuR5Qwy2qb10uF3RyXl7e//zP//zf//3f6dOntaojrQ6SaMvP274zB78OnrWJiKEhyP84e/rK3GJ0q+LUunlZy/eWoJ8I7HnL52WvO173p/+7TdPnvb676f1Rsvu1rOkfnEItBrH4eC752uYev8K+tLcggO7EXrewGioBLSvVnbCB1pOr6y21zZh+ra0eTZSR6zXQfnZWkumrjjR+h2KsZOHDXLdH9LhcTrvNBi8qteEhoH7XmF82mYB6Lisrt9lscN5iNlujrBERFiDl4SUIev+6Ne8H1dqi4ldBQw4tgQ6UOoyLtNEOaTNRQF+LLhhj72yO8xFqm14CTl6Poxcq1Kva6XBAY3lCRZeWlVVUlKNbSPlZtJcUl9f9w/LPBan9X9zOfngaj+MfZE1/7fqPHJprsBgYGBgYGG40mAc0A8PNClWlsby8fM2aNVu3bq2srFT3kxJnJI0vFOe/hSOeSxw9g+UfSXiggO9zUP5hdC2CJn5qYu151T1ZnRaG52e1CtFBCJKH5mpFFNTeW7vmQS7YdZUeMoF2u26QU5WEIynJZWVlQEOfOXPmqaeeGjBgAHWFRq3JD9q2N3vkjDXH7fAwrNERdhs+SBgy+y9vPts7GjGEwdntb61Zl3/yvvFpExLQrYjifR9sOt4lc+Yg9FOAeHDTkg8+NRofntCrd+gURXnrPjibMmXaENQ0uPNzNq3rkb7yN6mo+bDnzR+XsSofRXdKNDqKgSdK/M2qvMXp0cwb8RYCDj/IcTjkHd6N4yegVQvCczquOr4fonaI3ETec9Sm0yP/WSLT7FdrJm7OOv/eHWqOBYGMDKj4FY5KSG7mgihVrR2n4wi8GYiQuUSdmr6ICcYvTNb6N0DpgPnlMDtN6gJ0roKlkgXqB23UG2m7zBaT1+sRfV6vhLMiKl6KyWTS6w16PfZQ9mDu2ItL0OHcyUCFOHiTDtGRKtGwFpRKhgtUIVqtvIy9rT1UGFodeNBtT/QWKh1GfaJ9mCuX/NS2nud4neh0wgE02evDyXDmSKmqtF25cikhMR5S3BoePPsW9xt3OuvItsnJIS93vTMFnYy2IIbG4uqhTetOd53xfBq6rmiuwWJgYGBgYLjRYB7QDAw3N6qqqt56663169cDDVrDRZfDk1UJJo3kJZO5K4lLL0v4LwkJpONggiehwFyX+ECFpHRVqCxzELQEcUgOl+ZP4wXRSWPIfGo7XHMBaF2etZUMeW/tKgWR47VRV+khu0IJBG+k52HueuXKlVWrVp08eRKmsiGz+rFg+2LGvRlrrt6X9VHeqWunj507eu7ayYMfPZuwe+mYkavPNjSXL2a06TZjN2qN2D27a5vZuaglUCurbjO35BzYs/YWZZ9/cjAOffnUjpxT8wLsc8GaB7qNWFWAmo7r+L0Qdy/OXFWe/s6hU+dyc0/B31WPih9kTtrCvN1uNQAprOOxukV1gD+FssScwOl4hFWJsUyGX2lDs7CKkMaXGatFYc0rf/xCxb8jB26k5s9/C5E5JgIaMolR6C+ppnWrYcK4wFkiFa3Icg3TT4cVisQpMJQARtnjBu7WWeV0Ozxe0eN1w7jDaNTHxEZHx1gtZjPkA6ftdltZKYxZytxuFzQ/MjIyIiIwiDGNAAAQAElEQVRCbzDwAk9bD6vW0BI6dPEBQy35wH4LSKcnwxQex2zkqY+zWmfgr1UHZ1o3Gj2Y6oBpLTLVjKbdRYcTNDe8AIDf6GD45AZ+3OslK/bYP9rlhhO4aT/8O9/rdSuotW51ah5a0Jg2Ea14pPHjo/kGqwYKV43o+sDqQsTAwMDAwHADwQhoBoabFTCJKikpefnllzdt2lRZWandato6oZLIAgEw0QYNhDqgqwnU+qDS03a7/S9/+cvRo0dbD/uMnDl/eO5TNHJt3luTByYElCuNCQNnb9k40np86cJ1DaOzCs41mKq+0SjMP41aCKGysnRLSf7JKH7e+jAmpnSr9iA+dzIfNQvX83uRt32bPXH0s8Nj/e+jh06bloL27c1jG+JvJSiBIAqyHFJ/o6GmRMGC0VgAo55bOCTwwXsf8WI0cf4Nnz8FlIEjJfqdnIHD5iR4yZzolUSP5MFu0jxvMJkjooyWSMFo1hlMXhl5fHK5rfJK8dUiWKotvlpaXuaVfUajyWy2WMwWo9GoI1ulKGkOucNb4hCtpzuoMF/skygVLlMf7ACJrLLMdFBB1KW9dBmYDhioXzn8pVGRKdcM9hpGHZSApsmopgf8pY9DJFBoRESvF6rkcDhcLvfZs2crK+23kAiHFrUsYELa0rXT+qIbh1Y80mgFaLbBCsrum+8QAwMDAwPDDQYjoBkYbjJQXx6YOP373/+eMWPGzp07XS6XElDeUJOF1Lsg0ds5mez1VUlSLiCJiBqA2v7OIe9V/aD9cpCBUISqKzSdVXIaBBHNtf2Xw9QqqBph5tJ01homK1ULMqgDqQO1HICaGwp4RlNi/dKlS2vWrPn+++9R60DxR6u3S73nzk6rJbVhHPLS3lN5K0ZYAyck+6HVmX3u7dqmW9c2PXo/uCCnwE905c1PSxv2l1MI5UxNS0tNSxu3PshlRty3dETqI8sP1eRPirdkpqYv3I0zsR9aP+PBQM59MtccKldT4cyDMtz3UlpqxnvEy6dwbUbasNWnxPxNU0f1DuEYtT87NW3sSzAn2zkjFdctY+1F/xXb4TWT0nvjErt17Thq4fYCDWtnP7YqM41eajM4c9XX9jBZaSqDCtZnpI5Zc7w8d/4YmnNqKrTFrqnPlZzpowKFDkgj+aSlvpSHasH29ZpJg1NrZ4KLSMvep0168b1xaWnz96vtzdx6pWT7gjFd7yT1v3fE1PXHbNr0YmH11TvTJq0+ZpM0mY9Zky+eXTd7RMceXad+UX1P8a6F/gd0b/qk9We1FGfdPYmf3fRddtve5aOgLSPWFAQ6Yf6kQPf2HTN9Z2E4wrTuxPX3dgDFH2Smpi3crX78vl7+QBr+2KgJdi9OS51EHmJ1Z+KPVuqcHIROvTS+1mPyQQ/jLsJNTs9cmx+yBeG+F9XP987eD76Ua9N8NcSCnOn+FpGP32F7HV2TmNgeFX93QvNwu83cce7aqkcD6yG1vlaBnLQfWj/wJ6f62xH2Kxnmp4Ch5YGZUL1BkWl4v4Ct9Atn6FRJZVVYqzZoGswEYz5YA0kmsQfprYH1aUUxGg1gIBWiwgWsLvFirra2tbfvUMOn5oyZXMzlYilnnyRVudyVTneV2yNxPOINOr2JEwy8wSzrBL05Ij6xXZ++/TKm/H7suCe7dO3u8noEk9ESHWWJirLGxkZFRQELDO2k+6LUEIZgzxXCpqv+y/4dWgFnbGrHqZWnaSi5DEQ2Fdmg7DMdadC1eTo8oPEG4S0c0JOUuaYKHlAZOjKh4loA0e2mESCB0oaXy+UE415UVKS05ngPTUNIC2jpNnBQN//gIaTdrIX6f7elku0vTUj1W6hGjTT8CG2Syj+diu1RjZ8qzSAkjGWsNcwQ8+aPSnvglWM1iy1Zl5nWZ3FuyN9C7a86mIzanVO8K3tUwOJ3HbNw+xVy9somsEfBm1qkY/MfSRv1t6C2N9Vg2Y+tne2/hI37av9ogYw0ZmxFKP8vY8njrjnqaEjd6nyO9Q1jaqPurOq5ij+0WVsLcufTcRexVsVSOPsbZoBUC3Va2PqbH2KgFdbmhvlyNex7h+r6jDEwMDC0PjACmoHhJgPdEHr+/Pn//M///Pbbb51OJ40ajxofYPD6wT/nJZNAlQ5WJ3Xq1cZmeGOmfI3tRjpppy5X0EbgoFesWAHLA61hgvqvw8dQr4eHtAt1zWhNTEiI9rNZ9t1zhg5beW7g3G1H8g4eeGti2z2ZfcatycdD825j52TNGpSEUOr4OVl/nJM1rV9iUEYDH33QnP/669q5n3RqzV9ybP3Shxjtu2cPHbY4r+3vVn2ZCzlP63Uue9gjM3b7R9Hi1YuFF5w1shPLC4uL/VmJxYWHPp3z8Kjs/PYPT/hN/7ZBTej22B/nTBveHqFeT/wR123ywDh8GquOjFue3y8LSjy1Y+20hM8mDR2z6hy9B6aRY+af6//OjoOncrctTT06/zeZ667UmZW2MshZXPz1mpEjXswfsOJAXu6Xr05M3ps97KkA8erMnT4qc1vctI9ycc6Le7uLLxqHPr/wgyn3BtUapnaTfpN9vB9kcvDIR1n3H8selrmpWC3iYnGNKa4kXrhYeNVDjj1wNe+/xwyadKjn3LU5p3asWzrCs3XBmHvnBWbF0tlV49Im7YnOWJVzCmq4KC1/5Zh75+Taquv/ydRxj845lzR2zBMD2/tLqNgxI22ZmPFuLlR75TC0fcHY//jCn1/YnsTPbtdfxt+b+Sm667EJ6d3McO7cmgcHZa4qTlu6LgfnNhJteyHt4bqUXsInDt/bGiTe1c18MfdfAcL5+O5P8y8WHlr/2XH/iWOff1yIevZJrtGZiQOfzvrjmFSEkoZPwZ/qPz7aLZBf5ebZIxb4Jn62B55O9liUM2fci7udtWtf9/fi9LKRz+elzP/0VF7OxmfvvfB2xrC/FqpNfnho5q64iRvJx2/lgHPzxw2d+kXIKWXq+KdS0d6s/lOW786312Y9jq8cC1+r5OfWHSBf2M7HqjunxoeWwkM+V/6ZtvqVXIvvfXfmwBpfyTA/BQwtD2CfgYGVWsBYNDRcsECElrFylCyjxrjyUk9k2a/xIXu9vqrKSo/XB3y5JTIqIspqjoy85957B/4yLe2hh8aMGTtj5qypv8+87/7727Xv0D3l9l8NfbjPffe1aZtotlhi4mJ1WGEZOzXTMYJSqwcEgSf0tE5doyasPE/2S2FvZbpxihpfeguQyJGRkepSNKWYaRQHdQlZCShEg7Gm+dPFYzhDmWg4T2IkKkTwGtPcHI5MqMPq1AImyj/55JMTJ040dgzT2lGHBQygDrtZG+F/t8FCjek3aUPJ0Lnr8NVFT5h2NXykgVGnSYpNH5pauO5vn2ji/hVueZcOQuqxjMHDDGP/CYNQ/urVW7U/+8ffW7HLNmRoWoj9UORXfV3lw9SQvTlMfG38+Jc0vuS2nZmpme+5h66AOh/5aOGIyvcmjcrCNqXdY2N7FW7/y3tav2bbjtWr8tsMH5pUs4wmGSzp1JJxY+Yc7Dbv3RxsjH7Xad/SMSPfxsaoXb/Jf5zzRF/Id9A08rgf6xHUqPB1C/cc6xvGBEHNahFYnNwvX5kYo80qfEHYrm2aOvTF44PIh21+2tWNmf2nZIwcv8Y9YtWBgP196NVT1WWFGSDVRBgLW0+dQwy0wg+Dw3y5Gvq9q/MzxsDAwND6wIIQMjDcZIBpT1FR0Zw5c/Lz8+kkClEOlMQWVEhcQTkwq1RqBbsn/6DwPsVK2GB9NbKqLw2dCqqajGoTtDnQNOrVatfsmlEEQ072uJqhCP05cAjVXTttPrSG2kkpV0sCm1YeheqWah3MwOSW5nb16tX33ntv9uzZMBluSGdeNxReADavRzdtfKHiva8v2VXtCdl56MyZgxLQ169P/dg086Ocub3I2UEzN+7oNq7vjCW7Jr4zLKHXsHTrxdfQtqRfDksPHevmjomZ970+591NxcMm0imjuOu15QWpi//aH323fM7HJUNWHNtIfa07TX6nd9LUtMynlj1xaVF/1BB8h0bkHJvZNdSldqnDh0VdWIW2duo/fFha4OyxZfM+jfn9tgOzaSC4tLlv7eqR2XvqypyMV9ON6OS+gyhlTubwlASEEjJW/hXNf0+8KKL7QmZVGyV3vXBw42+IJvSwrI2Os11f3Lz13GSonrhn07qS9DdfnTwQh2yCnBf9a2dmgXRnr4RaM9ZTefuk1MVT0kkVJr7zFpq+USwQUWKDpD7sxQlZB7ZMTsFrOt0yFuUM7DTigaULl03InXsHKv4oe/6p9DcPrRpNOjtxzMIDPax9Ri18PQNfpWWL6TmXft9Nm2NxQZ+PDi0cSPYMTHhpxYWDI5ZvyfnzQ48a6+lJem+3d/JWDPf70YtbV2Yf7zTty20ze9Hc5m25Px6q9+LaEVsygldBGpK4zt6ugTseHt3p9e0HC+f2gkl74b69hQOfn4Ze+3Jfwcxe8NE/d2CfPWlCelBUQGPKgPQUz2dotXj3oPThNSJwFebftc7/4ez0xMqVF/eNeH3NnpeHjAh6PHV/L74zTti/ljZhyPRVfzyXOnX95uPPzuwFk8kl2ccHrzi36lHiVJgwYVHO3VFpD760ZtZDM1NQMJKf3nKkXfakea+Pe+R1ZO02cHTG4swnevkVOfI27xT7zv7rO8+SdsEXdv7Zji+E6pza+G5Nja9kwsSVm6Ov9J0x56/PHpmeGvangGnRtDyAA6XCyvRtkJWTgy0bCSRIRJcVEvdPh0iwQXo5kEMgUG/oEjlC1NKkYPqwOjRXHQIhpKn1O/ziaxJ2BdZ5DUajXtBbLBaktyiIBw5aMFh69Ogx6KEHTWa8FEWpYYWTo6JjHW6v0+ngDcY77r6bN5vOnT3j9og8h9PweH1aoBVAnEzdsTkdR+ymjsplBPYk+WMa6wlZTCWbachft9uNo1vgl4zJZF7v9ZGYh0ZjYIQA6T0Iu1HrYKWYelVDWgVJJE8c2JDEIQSiGXGKTvb69MCJ+yQf8OuCnhpxnU5P+oC/WHhp64dbIdfuKSlGk7E63HPYkYfSqgXS6jKmKuqwm+1C/ibUbSV3LZ9/PKn652VM1s7e1gfSs/+w8bGd4xsw0ghrkoaPSEcvbNp25Qm/+fhu89rvrBMW4F/y+i1j0DBjXEbf1xau+ahk9Hga/0Hc+tbrBXdkZfYL0Vj8qx43ceeOhX2JIRs+fe3A1BmpmaeQ3+aWbNt2KnHMio/nEKMZsCmb92cPGWocPX7if0x4b+3BmUv9OZ96fWWOceTaCcHmskkG69AnW529565ekUlq4jdGmz/Nf3paStf+w7uK29AaW2ra8GFJKATC1U3cGe45osYg+CMxbOZHnVCfUdnU4oT/wNAckp/960fTyedh/Ip3Lx4btjpXnJO78VncqJTpa98p7z3q48+OT0/t1ZCPQTXCWdjwdaZ9VWOgFWRzg4fBYb5cDfzehfmMIQYGBobWBuYBCuI5hQAAEABJREFUzcBwkwHmQidPnqQOtpQ59f+l01PykjQEtBZqJg0RtQh5poHKGEFXg3yFVJENbRquZlzBoErWbkKYhij+iIuhX4pGSETV+lAp5upMNNXQSoLUKEhTKy3J7vF4jh49evz48dbtJFW474NNW/LdcJR/MNfWNX1gu5LiksBLTLqrK9q+P69hWSVMmPKo8fDaNX5JwZJ17+agYc9nJKP8vTkF/KOTH7FWp7WmP/9kkrgt51DDskb9Jk6ol1PT4tyB3SXdfj0gobotJWLn27qhXblkT2jXu3uh/JWTp6/Pyy+xi3xqxkvZGfc1nFnrP/qh6vlVdN/+KejsaeIVY3PayRbwwDUeH1U43SHy6HpnL/7U/OcWrj14ttguol4TV740sW+DqzDkmYkpGoGZlGeeH40KPz+I3Zr+9c9cNDhtoKh5ju269QpcpfXPHN0tKEPjyMcGVmeYen9v+GgUYyebenqS3vu74dUqLrm7dqKUcWN7aav3u2eHoGPb99bSGm9Q4jp7uyZSf/WQNX9vHvZ9K8hZ913qr0ZNHN3v1LpduNXFh/PyrWm/6oUaDOuEEZqlkTvuvQ+hC1eKG34/6vfEiGr6wHjfXanoYuFVOJSO7tuLhgzqL1b3Z0nbbqmo4MvdF0NmZEwetvDLo6fO7Vi3dHTC6Q1ZD/brN93vLt1/cU7uzme62gL52BK61dE5wQj1lXx04+lzR8gcvtk/BQyNg6AXgOeU/cLGCgkPzPkZTcI3a186JJMXUM8ycMEcHJOlZx1mqgNGn0QwrDavNQ2XQsyxXm/gsVELLL4qNWxZ7XVWSvh6RI/H6wVCGCxidHR0ZFRkRESkIJg4ncESEf3YyDEDf/mQ2WKFY4vF6nJ5qxwiwiSy3mazO51uE1yLa2O0RMa3STRABXgO+Gvs+0x2DuHWkcjEQAATDlxS5bD8FcAkvUJeOCncQsXHgMUmPsvw8nk9QCjrDEYz9Wj2BiCK7ipHldcjYs1on1fHk0iMJBSjz0dUPhCWPcHcM3QoDgapQIOxtrToAV4aCqaiZRzioVLQA5cuXvxg08ZTJ09AnkiRdIqMX/hBoLperZx/rg+Nspt1/m5/visH3TFhvPbXuOvkWUPRoZ1fNugXNqxJMg6dmGE9tmWP33wc//unBckTM+7Dx/VbxqBhRrsnZo20HvprwP/3yqY1O9HwzInJtatEftVTnsnoqzFk0UOfndZJfZcwYVXuqZfT3GrRbaBodLyAFN0vY94d9rXrc/z+wgc3vV6QNC0jrTFrfXUbrH5ZR3K3zEy2B1pt75zcDeWfvdDAjOuuW3OfowYhsuo188jZc5TJbUBBSaM1q8t9+8LwpduYh6op9c6dOvntb4MGSCrCWdjwdaa3awda9Q2Dw3y5Gvi9C/sZY2BgYGhlYB7QDAw3GWA2lZeX53a7myxnceMRJEYRNL+lAh0qlVyXpzPXukMsItVNjEAUxV27dvXq1SsyMhL9aEhK6YHQqZP5KE31r0wcNG3lIHLk/HTcB3l0KnLh7Fl07uyo/muCM0hFDYTxoWenJY94fWPe3EX90eHXlxy2ZqzDvhg455Sx3Wsqclujo5DdZmtg1u0SE1FjUHA2H53Nn9BvVfAF2pikzHe3GBe/tGTJhHULsA5JrzEvfzA/PZFvYO4J7erw70kc9OhAPmvZ6md/9WyqEYnHVy/bilIXPxTKtyh58scfGP/rf5fPmfDeHHgb23vCS39ZObSBfkPd7k+tOf3gU+++A209iXUxsMP7d1mpu4LvSfGFq39y+zYoJOrpyVr3Xiw8DhOxrjWbbLFGw0TIXouIb1DiOns7CH2HPmb8W+4+5xMDD+bm3/HYr5MT0KDU6UBJP5u4b28eemhyY+JodUpunAtXLdT1iSVNzp/Xr9a3KhWFE7gwRqf0z5jXP2P22eXj0pfMXj6auKsX71o4cgbwI9bEBOJO7bPBhLwhNHvIr2SNq837KWBoFIAIxowmEK5YBVrC/s0qakoxkz/aqwGDqMghbwicqeGWSy2p0WgQcLw+HE0QNQBQPUSGGSaDyWSJBP633F4F9HFK99s6dOnetVuP+Ph4o8kE9s/pcoke0WKJMJlMNru9qsphwj7CeFGWd/NAX7dv3xF7bfu8tvIyYjGB2ZWpXLMk+dSNRDROINWG9jPUhGum9aFr2MBQg53FbtRY6BkHFMT9qfAyCS0IJapjBkgiCJAPZGg0kUVCqB7c63A4oGi3S4RhFXaXRkBN6y1mi0s0CEQkWsYMtY/qckDnQe0EgfNCBThd8dXiTZs3FZcUP/TggwZ8762NRtnNun63Q2zJwr9vFrhid6EGILxJ4vsPH2FdC6zx+Jkp6Ni6DYUpz41NUcsNbxmDf7SNQzImJo/w+/8eeuv1Q9aJHw0NRQuHNGQoKiaq+o3t6zVTn8/eXWJNbE/1tPFvdWBIlpSRmT7/hdXrrqRntCtZ99p74n0LJ9+BGoO6DZZUsn3xhEnrz6LYpMQIcsZe2Jif8rrq1uznWI2QWYW/GlRQVIw16C6DSag7t3oGSNWo28KGrzNFja9AfcPgMF+uhn7vwn7GGBgYGFoXGAHNwHCTwW63Hzt2jM7Q1EA6cN5LiOig2HuhQwsq1SIYJNARhyQFaaQwwtDZdTlJhSxI6x2M6oZaGW2eDby3+VA7UK1Mw8luKi6p+kerUteIVPvMmTM2m404ef1oe00GDk5HH2/e8t20ubWnNAe/3B0YobZtlwTj4wM7pjVjwJo6+Zneyxe/t3XOvejd92yBzao45y8uwlBYO1i32yoRb6orI3cz1WYTkhJRt8k5OXVqEVh7Z7yyJeMVJNoL87dlj1yQOSx2G3X/bBbaPTZz/PJRr4zo+Ap5a0wavWJzZh1zlOh7Jr65ZeKbSLRdPLdl6TNzMscmbsudG3La6QuS/z17GqjmGk07l5+PUn7dCTjwtjAL7rbq2op01CKotyeD0yd2hmlbSQkcVZ902mGKZRSal7he9E0bzmfsOmhHe/MSB83FvT7gweSln+66krhvDxrySsPEXq43SJN7rTr3ZkN2xX63afq6kuHTpw1Ru8fYbeZzjy7JPHL8Ihpo2TT1hffEcevOze8fTX/zjy9PHfV6nblpJtghv5I1rjb3p4ChEQAr51d50hhehUgtI3/cYOL+7I80qKOUMpGb8KtV6Dg9XPB5vUpgJZeGy0VE0oInwsnA0cKNkk8i4hscUM9ms5lE2MP5qxEG66okKUhnIjH6FE5njY5LvTO1S5cu3bp2M1ljeb1RJqORyKgoGXsBcx4P8MJ6UXT7JIUXSAX0QlFRkckcYRBMZmNEbGwbIHddVVVGownsJ8/raPNVzSuq4AFVwhLMgZOqWDMc6zGB7qMBMPBVmZOIx7SH0O1wFzQQkoH9Ba7ZYDDRle2ENm2gjKqqqpiYmLKysoSE9nD19OnTVZWumJg2BoPBLXoc7jK8FMApQJ3LPqrRwRMncdxFHq+Mg0NyWK2jrLTsiy++gLv6/fznRG7rlmahW8BuEgt1pRh+fDRsr2hzNngyWp9JGjhuYvL6T7d8N3Ou7ZN19t6LRyRVl1unZazDS5QKi63PWXwXen19ScrsjIEh2faQhgyJ7uq1pGPLnsve3WPhkT0TkymDDWv/d81Q3ZCJ4/aEVRtPZaR/tuKgdfRbTzRuxb1uFH/04qT1YsY7x5YO8HO0x19Je/CNRuRQR90a/xx9dcWxDZlV+KuN+cDUzq2BA6SSMBY2fJ1DoP5hcJgvV4O+d/V8xhgYGBhaFZgEBwPDTYaLFy8WFxfTsO808J3mYtP8oG91353rBrkmgpQ64Ok4nT9yEBDj0GczEgqXz60VQ0w6u3zFp+q7XgPSjPmbtxzXJHAeWzUva+1hETUYiaOeHY5y1ry6XLtZFeds/2TLQW3Rp7btLERD0wbiN13vvgPlHztWXYyUt28vahZS+4+wnl3/0SnNKfHQ21nT/4ZLEb/ISk2bsJbsozRak3qNz5p1Byq42NhtoyGQ//b4UesT5m47di7v4Km8Y5e+zX1zREjHJHH3vLTUSe/RKkR3Ss2YPTkFFRYU4ffJXbvBXOJfmgdRfPDL/Jr3b9+Zo3Uet+36ZLNkHXhPNxwN8he90Y5Ptmpj2hV8On9e9vaLqCkI25MhYOn/q/vQvo8+0/ambc9nu1HSr/olNStxveD7Dx2Mtu/I3rbHOiKNzM2wMHTe9lc+2S6ljx3cOsSLSZO3fvyp9vEVbMuevjQnlHLGxX0fLF+2q4Z0SXEJcCXRVgtCp47tk9B9gwJzY5gd53yq9mT3Hqnou6OHNb89+/6Zqx6H+koem/9I2oOvnUIt9FPA0HBgcQliPjDpGfBHppQrXrnkSMQGwgATD1yEJZElBbhWr9fncDh9PuqZi/loj9eDKWqdTsZcLe/nnf3biiiDLZNFa6z7QVnahhh/Whkj8KxGY7fu3R8e9sjvnpo0YsRj9/TuE2m1erBShqToOFtVZXFpiSiKJdeuQd0QlmYWjQYsFU3bFRcXZ9CbBcEYG5sQGRndufPPrFarQgIa0iiCNMpg7XVoJRDNWF38hlKowYXmgJHFb/ElHFaRJyQ18M5AMd999929e/e+G6P3z37W9c7Unh06dOrYISkxoW1MdGynTp07dUzq2DHJYomEqz3v7DXol2mPPjbqvvvv5wXBYDIBHw81dzgcHo9XJPoj1Ecb63PIstvthg4vLS3dvGnTvv37sQ71rRSTsCZayG4SC3Vw0zZtFDV7zuY9KHnQA8kNyaBekwQ/+8mF6/5+bN/OT8RhzwaUlJtmGRMmPJWOdq5+6dXV21H6rPF1WCVqyNZ9UuM3/Pin61WzffHIvhKU8ou05IAVImZOA75/xu+SCv723vx17xUkT5z1UItZq2+P5SLU+1cB9tk/9GoUQtetnufYkGFMAKGyurJpUlra1G32FvjA1C6rgR+DcBY2fJ1DIPwwOMyXq6Hfu3o/YwwMDAytCYyAZmC4mQC8c15eHomWIyGY83E89oSS8EsHb2GaRl+yjsoOIhnHKUIaeUdE+GYdmbPSaSsnK9TnV5smpNpybWlm1BxxDLhLp3nVzCRIIbpxGdetw6jDrmSyqvjcqBljXTLQquOYGi6JCkzDxLiqqupHnpTyvZeuy+p1KvuBR2as2nuWysPlH3xv+iPpS7pMy1RdbvtlzOtVuHxK5rp8O2ZpS/JWvfDc/C9QckDtoV0nmH3lrVudl19SYquLibKkz30u6dDqNYesEzPUzao4Z/vaGRmrDpaIEhKv5K2a8szyi6mLZ9ModklDBiehXUumbjmLr0K5U2ZsMVpRI5DYtgtC/9y06iC0DlcepkyZL6QWvPHMpC1nbaQx+1ZnjnvpS9oYY7/0gfa8OdOX7yvB14oPbt6cj5I7JYbOqhEoOf7tRZhULHt27KQly5esfH3tttzjJSHzMA4c3Nu2f+GkV/KKafU2f5KPkpLb0+56eDhfuHw+qYoUQOoAABAASURBVJ4k5u/MGvaXi9E1breaDs54aF4OflCiHRI89MKnYr+sWcTfPHHU8xPicqY+tXzfFVy0eC5n+pQZq04l9OqEmoKwPRkKCROeeyL68MJh2urNzon+zcJZdzQzcb0wDhzUX/x40/aIx8bcR89gYejdH0PnpJGwkKHQPikZndq8Luf4xRJbk5aKGvS9qAZp8q4ZI+HRQ3Hk+T4+e803iakh5tJ3TJ47FB1aPGH6TtL5EnxWl/9m8bHo30weC+saqb0H8mj7lk35NJ8tmSPfrp6UJg94MBnl/NccchU/tYypu6rFyVG/aUv7Bb6ScN1+dt3051adixo7ghD39f0UMLQssASFhPU0eE4QdHqZk7ySBws8K8he5ax0OO2VjtLyigp7JZyRBT0ymiReMEZZ23To2OFnP4uMa2OKjjFGRUfGxSe07xARHSOYzJygd3q8VU6XwyU6nO4qp9vrw/wzHjmQ6H2I+FYDpRy2amAtcaRAIJ+jYuK73X7niMfHjHritz//xS9j27T1KTqFE5AO+1OXE0RbrV6PF4qAA2CBy8rLO7RvD+R0ZaVTdPt4nQHo8ago7JHsk30u0VNcVh4VmyDzBrcX+FxFAFJc0IeI6BAYdfAKr4PRikeSPTIMckTRyxGTjgMDIt5gMZuiLHGJbbqn3t6jZ2rXHqm397y7+x0923bsfFvKHTqDKSahbVxiuw6duyTddlvqXfd0vq3bHb3ubtOug1fhfta9xz333d+5a7fkrt1vv7PXiJGjHx87rmvKHdFxCe06Jpsio5AguH0y9JcoyQUXLjqBeYY2SIrT4ZZFXJ/tH237eOvHtgob7dubFnVawLB2szEFgIVKODbnqazt5Efflp8zfeyM3XFPLJ3i9+is5xe1fpOEd2IVb3hu0kb78EeqlZSbZhmNw56fmXxs1epjxnETR9dlROiv+nfZw2a8d/yKSH6o14yasqlCXX3u1GdgAsr/dF2g65aPfDEX1XSmTpmSNdyxadUH9r7PTAy39aSRBuuu3mkI5a75AA+ukBN+559ZfkX7M56YnIzyd6zbfrywuLxO6xWybvU8x/qHMZpKjJuXQbM6Rx7Nlbwlz2VtF/uPHWxFDfjANAqN+BiEtbDh6xwCYYfBYb5cDf3eNeAzxsDAwNB6wCQ4GBhuGigk2vs333zj9XopdwoTMByUh1zFrkMKfclc9VZQHF8I3sg0phHnD22k84c3IoF38F+/+Aa9p974hEGhCFHTgOMlaohsFOzA3eScOSWcXxcV2cBbiRvJPlPBDe1J7GtGQKuqaonQnGEqfv78+bvvvhv9uOg6+cu9SfNfzJ6fkT6fnuGtvcatOjU/dctIdc9+UubGHOOMydMf6T2dnkiZ+M5HC4cEJl3GoTNXDp0255UJ25ei0W+de/Oh0EXhucpfMvOf025W9ec8Z0I/f+nJ6Uu3rcgIUG4pL6xZeWrC9BfTO76IK9b3ub9u7Dd/2KeowTCOnp69LTN7/gRo3aMbz64YAiU8veWAYcbIBeldX6RJuk1YtW3lIDL1sqT9eeNC8bnsUf1p242JQ7M/fiG1rqwajIThzzzRa8emmDFj+5acK0aFm196b365dfiKbe/U8oM2PvTyl4vEkUsmpNLNsMak4S+t8etvWNL/9O7k/IzX/dVLfvTNLYt2DcjU3N1p1l/mXpmb8cC9olr/A68GNu1a0lbuWGt9ZsaoAf4nm/hQ1s5XJjfeV8iPcD0ZCsZB2UfXWkfOyHzgA/IePmm/W/vFi6FDKjUqcb1IfOjRgShv30NpqtwzEYZ+L3lQ/zppkjsmr3z6wKQNmQ++jVLm5B54ttGe1w38XlSn9zc58Oj5hCGzt7z5dMhyraNfPWhc/MzU6enr/KSWMWX8qrz5pH8Snnjn3XPDMrIeuCsLX2mXtvLTFfvSA5+TO2a+/9LJkfOzHtiJrxr7Tfv4L/3/MOaTQM4JE9bmxiyZPCn0V7KenwKGloUCRhwHA0Rerw8MitvrdjndUZExsXFtkn/WTTBiHQmTyQxkcWxsrA8BS60HU2+xRFgsZrPZ4nA4eOzrDOZMNhgFGCFUVJR7RI+jyuFxud2i2+lwlJdXXLly2el0SBIUwcONoihy2NU4vA8KdpWG4hLbdex5112dkjvHtIkXLBFAlWNnZKRzuiB70YcUvQG4YwHYZ4NeD+vZsAyL9ZQ5vCIr8AYf/qvzeLxmc6TLWQXVh6Iht0sXL8XHxtuqHMVXLkPrBL/KiKTaU20IYizwLBOFEfy/AmS9gtfbeVhMTkrqBPWQBT71zlScjyBcKbrSrmPnpKQkHHuwynGt3B4ZHR0TE017ODY+DhaG4UBvMLQ1m60VsaYIi9Ua3alTJ+hYg9ksCIY777yb0+mLrxYb9YLdVg696vV6eF4ovlIENWnbvoPH44EFZh56geMjIqIgw/37Dgh644MPPRQdE83zNyn3U7cFDGc3G4OAhZr0yCZ/kb0mb9yY1fCRRr0mKXHoEwMXZO3TroKjJlvG1Fmz05e/UDjvmXAiToFf9YUPbltI3ieNfnnbn/b2m3SaXu+9eF12/lNZfmF9Y7fMtevHvjRmnTYLsni//W+9Z40KG3+gkQYrccyKj06PHTUvveM88vah7AMr8h6oHk2kTntp8ucvvDdp1Bp0R9aRbXX0Rsi6hX+O9Q9jNOB7L92xJXnOc5PSNVntULOq5wPTODT8YxDewoavcwiEHQaH+XI19HvXgM8YAwMDQ6sBdwtvGWNg+NFRVlYGk0bUVATRnfD20qVLzz///JkzZ5xOF/DMRAzRfxUmVAaY/+kNVJwDcTU8cSTOnwaRKZwQmHnqAghZgaBLMOlCqnJ0YIrYEJo4dP46TktAE6fs6ovNyTn8vSoBrT2j7Wrt1aD8g54I3TsM6em8l+4jpsngLdw7duzY8ePHm0x16h0HgWpWousE0V6MvZqM0XFWIx82jdGaaG0KDVi8fkzq4sQ3j60K4S4UPmenvdghGq0J0S3pZynasBuXMTohRJGiHTtYGSMSolumv08tGTxi3dAtp+b0Dpyxb83sPfX8zLrldAPVC/E4yCXBmhhbs+JfzGgz5eziPdsykwP1r6vHaH+2WOvC9WToG8pLbL6wn7SmJr410IgmS6KtrI7PCb1U+3OivRrmuxz+K9m8n4IbA7CwcXFx6KYF1H/Ck+NttgqbzQ7mo227tu2S2icktO3QPikiwhoTE2swRwEnS+0R/LU5qsBIgrkBipmqIfvXWhW83hkRGQGGGQtxSFiewqATSNA8oQJQXna16BJYcFjA/uGHH8BE+YiqhAMyxGYXRhK+WhrQvEFv6tChU5fbunfu0iU+MSE6Pi4yKhKHBuQNXp/P6/GYzCawprAiTmSpZcgw0mxxu10JCYkeUfz+9OmU7t2BUQauFq5CtW32a5GREeXl5dBwMHZet9dRZb/w7x8c9opIi9nrc0ENVTOK6LJ6YEFXp2CPGXgLLYKsIuNiEhISCgsLfzFgAHDrdqfjtp/dZjBimv7ixYsGvQXSgDGNjo6GDKketCDwkZFRQL5DfaKiIu32Skqxe7zeqkq8V6lNmzaJiYlQaExMjM1m++GHc9aoyGvFVy5dugxlAct+9UqRoMMBDC9fvgyV8brFSJN52COPuJzOb7759ty/f/j1r3+dlpYWERlJhkc1elPmUItMt4iK94+GFrObzbVQjTZJTSq3ZO24fnMSVl16Nb0hpYT9VQ9bYSlvTt8Ju3/XErEoaqOZXR2+buEyr2MY07R6tuyQpoG5hbewqPG1CmtVw3y5Gva9a+qX4tbFzT5CYGBo5ejVqzr2+axZs8InXrZsmXrMPKAZGG4mwMyqtLSUeEDLkkTFHWEKil2SFKQQ2UiO6iVSNreusEL0fKOC49Ew9CjglxT+3obEM2wR1BXAEJHpepioSirUIITaPqH6kkjTgSHbSwl6iYByBGrgRCrNce3aNdR6AKPehJZIUxekvGXLjhnHrQu9WTV8zhZrYssT7zAQr7NIoG5bKtQPQXFBAYqJ1kS+R9aU25LQKVFsSvXC1dyfInz9W7g/669P8A2xjejeRiW+NdCIJvN1dz4f9rnw9T218F/J5vwUMDQYvFEfl5g4etxvgPrkdbw1PhZsjs8Li7MCMKRur2Q0GlyiSLyA3UjAZqii0g4rzQjIZYPg8/rslXbsIq3XVzpcRFVD58Hh+HySoEAyWKi2xsYntG2fnNzFbLH0/8UvD+Tlfbx1M1GEhsyNbrebBjykG3q0dRMEfWxMbGxMDLC0JrMZBh5VVVVAQOs4wWwyUWlmbPywxDMehGCvarynCrlcrpLi4nbt2gJbart2DZhxL7DLLhcQwS6nS+CFkuKSNjgeICbTu3fvfu1qUcH5H6KjI0TN7yW16dSkQgUQpwe+2xplNZtNCYmJXiR37NAxOi4W8bp2HTvE+3zAPkdFRYEh7tQpKTIiWsfrIiMjoSxoFFS7srLSQJboXS43kNQkODB/uegy1LZNm3i7ze5wOqDCwIADRS4TJ+6OHTuJbif0bRfg3+PiIOe42GiTQQ9X4WFB9RyVVUa9oWMSFJjUf+CAgvPnv/rqq8NHDvfte3+ExaLIZIfZrYUWs5vNtVCNNklNKffg6/MPWzPWpTeQzgv7qx6uwsUbl62191467jqwz6i5XV1P3cJl3shnFL6eLTukaWBu9drQxtYqrFUN8+Vq2PeuqV8KBgYGhhsLRkAzMNw0gGnP7t27HQ5HIPYgCx7YWkA5aDqB15LRly5hp7OGe0Df1BB3vbfWnro47GbVWxf9x460bl0xbXqbFTMGJZiR++reVZNWF/Z6cWwvxMDAwBAav3nyt2AggFf1eD1OrGrhg6VeEk3QazBYnB7f1eJSomihA1NijjFLks9gNgGz7PN6BV6nyDoZrul5nUHvdjkVnUwiESgmoxlI1ZgYrIAhuT0+SYmyWCBhRJS1X//+Hrfz2KGD5//9b+CUsXyHZiuVFsCxwt1QOhC3dptNZxCMJhMsf5tNERERFhNvstvtTlG0Rlsln8QJPNRQ5HhBDzVxRUZF6QWhrKzMGh0tim6OLJYD2R1ttcJdnZOTof4+jw9HNtTDgm3itZKrcBV4YagSdYKGoqnsFdDKVqs1LrEd/KViI1Db+Jhoh8vZoVNHYJZ1PN+uTRuj0QQkuBfy9XqhylZrtNPpBEocGGTIKi4uDhhwYIStegMNxlhRUW4xY/YIOqxDh/aVlVXQdW63C+rgdDmBQY4HYroCd63k81VWVUZFRsXGxvk8bnheUCW4sTKyEhjziqrKDhwyRVh63HEHENOFhYUnThzv2bPXddzMxHAjIG5d/554R1ZmP3SdcWrNX48ZR64NhExsVWjNdWNgYGBguCnBCGgGhpsDwGbabLYvv/wS+ysFwuhhEDch1dNYCZwL43isBCShkV8YGjW2Jg30a266PHTjofXOpqjL/VmNuBh0EgUiCmodr1Atzeug3KiT66TrAAAQAElEQVSzM0yY4QAm6toojgCYfsNTo5PVG9kbPwZKNm87lTgmK6PJesM3N4xDlu56J3bGgiUj1lFtSmu34bO3/OnpRssKh4MhMbGT/aejU8HAcMujU6dkN7DOPkXy8V4PJ/q8CuLAdPlkSRZ9vI6Pska4XE4wLnqOF11euMViMXNIZzQIOsQ7KivjY9uA2fF6vDpOR0M7wIHP6zGZDTqeBBs0CgaD3om5bR/2/NXre95zj9crXiq66vVV6XQC3t7kN5fqRh9OJxj0ZosiCMUVZS7FGxFpjYtPkHwIeN6oyEi84IrDGBp1gsDz8L9ALSAMKmKioytsFTAEMVssmJJ2u/HSrCJHR0d7PIJbdBtNxng+DihdWE2HSy6P1xITG9eu45WLBR6vwvMmyevCkh1GU2xMrNUa1alTJ4fD2a5T59jY2KIrV6Dc6Jjotu3blZeVQ26dO/9Mrxfwf7weqGQgxyMjo6HVVVWVPp/kcFQBp01Eq5WYmBgimc0DMW2JsERERNpsFYReB4JdKC0tsxBdbRhiQSfCLSZoKn7rxFokFgvw/iajwaUowLFbLCYscmIy4cS8zgtcOTwqXhefkGCJjDx69MjlK0VJSZ0MNPanov5huHlw5ZPNx5MmzJ14vUc04sFPPpd6z8pIa4WyCa25bgwMDAwMNykYAc3AcHMA5mPffPNNVVUVdX+upkeRhi1V/LMcQrCGy01lq5XG6xI2SljjxrCutcMn0krWpRBd+xYtK639i+ojoFEg6qAqUaICSofnVVRU1LFjR3TrE9AJE1blTkA/YfAJw+etGz4PXUcMyDqVixgYGG4ZiG6PV/S5nCLmjRWD6HLpjQbgNHkDr8gSryDghoH3jIyMwBEFRTkyMhIHFsZyFziWsF4wOKpcJqPJ5RB1Og7JitvlSkxIRJxSZSutrKyorKwEGpeKKYse0elyAs2qNxo733Zb6l135e3/p95glHw+GVEC2r+Oi6WW9QadoPfKissnGiVThI7zeIHj1hsMHA2DDGkgK7dLdNrcwL22bdsW6uSwYVoZLCFwukA9A9okJHhEEdhZa5S16KoNmGIvJtnx7TGxMcBQO6pkc5S1Y/LP2iYk2G22a6XXYuLbJHVKEvScXq/H0swJCXqbDehvq9UaEQWMdJTdXgnke/t2HYA4huV4qHZFBSz0AhkO6ZEiI9ErGgzADxvhFsgBksHASRRFyBAqCSwzFFReXubF/tI+SZJNJhMkiMIK1xwkg96WfJKIPJA+KtoKZ3hcE9nlFqEC1JRDv8GTskRGAP2Oew9z3NgZwGg2pdx++7Fjx2LiYuMoAc32qt2MaPfExtwn0PWHsV/Wl7modaI1142BgYGB4SYFI6AZGG4OAAG9f/9+mAhJZIctFikOOatp9FSnEfwznXMihlqorZ6JyCODh5Wfn3/fffchBgYGBgaGmnA5nUD1Aomp4wSPx0cYUuCWdT6kCILAA5fqFrEwhc9LPI5xADqF/KcTdHa7nWzBQV6fDy6BufF4PXAG/uoFweXEihO33XabB/she6JjooFULblWcunSJSjBYDbdfc89sk/67uRJ7OSLgD/FqhcosPhKhxkutztC9JBRBw5vzBk5HOgYjJ0kAY3rIUw08LaQHrhmnufhJBQqACFN/oOSS0tLo6OjnU6H12vBUs6KAvw1XIqwRADnC2cEvYDloS3muHYJ5WVlbTt2gEygH6DSkCE0p027DhHWGKCSoR8iIiKIqeVcLqfP5y9dp+NpaL7IyCg4gGx57JUtYAkOnQ5GTcBEA63u88J5na28EtLALcCYX7x4EQh6yBOqFBsbQ+M6QulQJ6r+AasCUVFWyKm8vNxoNALlDychEyC9gbfW63nC1qPKyiqz2YIC27Di4uJ69+7NJDgYGBgYGBgYGILACGgGhtYO6swLM7SjR49SAprGvsOBf2oBBwXy4Qt0+hR01X+GQ9h5yv8WO01RRY4gf2FdADQrqvuhuhVT0YlGhTG8HghZgbqCENKG0BbVlZVWQ4PKa6C6QfU61C6ij0bNHCoA09qrV6+iW9/9mYGBgYGh0QAzwSFOUWSny4lIHGGZhhjmSSRbSZEVmUb2A8bZwpspXYsXg/FdCmZFdVge2uXC0fPggMQJxM7OcGNsVCzwvJDmqvMqUKh4v5SCgBG2VdqioiPNURF33t0r0hr17dGjJVcue70+tVbUYIFF8xGK2Sf5gMKOiMAn4YzBaCSy1AgGG0aDUY1GiEMaSk6dhN2kwYKKHrglgjQQmUwmh9MJRtJitihk2dvr8cJJqExUVBQUHRkRodPzkTE4eKA1ygqtMFpwTEKgiRPbdSgvK7eYDMBBU5sbExMtEAAXDGy4vaIiIsISExNLXbNF0U35ayCF9XoBMsGDF1mhO8MgE+hAr9djs7sSEhIEocJsNgHjLJMRFfDWJhKYkSwqKx6vLs4QbTSaIiMjeSKWjbB+tI/HAy0YAsGwAT9BStAL8IQCdh6HWGRgYGBgYGBgYKiJH5k8YmBgqBc0ENDZs2fPnTtHHZQYWifUjcn0LWXtr1y5gmMfMQKagYGBgaEmfJIEBsLldAF7C2Sxw+EAOwLnnU4nWBOgaHGgPCwroYhuEUsd6/XAeMICMPDLwKWaiAwxFYCC8ziTiAgYNUCy2267DQhnGDbA+baJbYGNhTwLLxbabDZIXHytpMrl9MpS5y7Jg3815NHHHmvfvn2QlXJjfRAvrp3DIRNpaY4IcfiAhMaUtwsI88qqqooKG5C8UHO3W4R6UvXkiMiIsrLSNgltEhITgFs3GIxASQOHC1y2z+tzVDlcbsjWSUhkHs5BblBEm8QEa3R0TFws0OIxcfE/u62rjhe8Pkkmft9utwsyj4mJ0el4s8WckNAmCqjqyqqoqEiT2QyLv1AtaLjJZHa53NAJ5BaRLEVLWEDDhbsUSoReAsYZquEmahvASldWYsFoyNbtckNzcHxEjxduxAGEOQQsNnDiBoMB7oW/YMxx/5MlZ3gLPDU8MsgKikAMDAwMDAwMDAx1g3lAMzC0dsCUyePx/O1vf4MJD532hEqFGU6YHHLYkxcIa3jPB0SNsbeRTuvIqyBdII4ZlS2sXaLWs5iG5vMrI9MAhhwJXUj0pxtCrNbWaK6rCdrEDUHt2IMYOlw/qCf17OYCbQySEFHVn7VZaXOmXa2GJQyTmPpKU3UUtevojTCzhck5IQUYGBgYGBiqIeNwf3q9GayVXG4vjYqJBtOiNxrMRMBB0PEGowGoUviLfXKBi0VchMmsQ5y93GYwG00YZmBmwSYBi+3DLste4hMtSh4n8NVwpqCgAPhfTtBdvVbyQ8H5ivKKyKhIo8Egurx2uwMztkZLQvuopJ91vXrtmgeyIlZeR4QteL3A6YDXtgBP7JM8brcDyhP0Jkn2QJV4XonAFC1nMBodVVUwnID0vEHvA7bXKeqNxnKbDdhea2xM6bVS4GojIyJED1YUsVfaoW4dOnTgBb6kpAQ4ZSzcIRjARMOrrKzCao2OirTCyAd4czC2OBygyYDdkHkeqGqP12O326EJWLvDbIYeEIyGcrsNWGNgmqHrrDHRQEkDRQw54JCMisxDSQaD2yNWuXAcQoPJAM3WCTxkjCQ5MTEREdI/KioKKz7zPBhuoNQjIix6IV5nhLmSDpP8eGCF3Z6xRrbRAGsAUBWoBozLRKcnwmBWdNUDkpCBjlEjRzgMDAwMDAwMDLcSmAc0A8NNgNLS0uPHj6siGCHDAGItCJVRxf8DC6vD/LCiQzi6keYFlxXkfxF+Ngxql6VoXw3z61UaELeQ1rqxnsKhe4OjTVSDMgZdrGaTtagr85Cl1IgDGbg9KA09CTNkmMoiBgYGBgaGIHC8BxaWYdFYB+wtT4wXlrmAI55YEEEQgHw1GjAFC++9IrCvHqBp9YJAd0SJBECeukXsCg0srclo8ogiHhLwOqB9gWIW9ELJtWtff/tNcUlJhd12+fJl0eX2eXyi21NWVl5RWSUhPvm2ru3ad+Dp6jTR+IBBhIwUWFb1eSW3G4pwuNwOSfKKoksCLhx7CbuB6ZYlLIIBPKzXI/qwDjV2B4Yb49q0ASZd9HpcbjfwtoJBL0LNEedwOuLj49u0aQMELvDIwPYqSImNje3QvqOeN0RbYyCt2WiGBnq9HiNw8SaTKLoVTCJjUWky7uCio6OBaieRBk1wBoqA5WXgnXWCACXi5WesX6JAfZwuqC2WMQEKGu4EVh1Oil6vyWK2RsdAz2CSGiuf4B1LNM4znIFs6cq7KHphZRkYfLM5AmtDQwfpBWCuoTkK6WLgpHHYQxc8BA8dA9Q1qGjCCIeBgYGBgYGB4VYC84BmYGjtgDnQDz/8ACQmzC3r8yDWMdea1gMqDA0P7tq1a0lJST+6XjYDAwMDQ6sCsJwk8CAHS5VApyrYxZa32WxR1ihEdhkBQ0rpUax/Qbb36PUGnU4SBI9MlJd5EowhOiYa8sF6zV7sBI0DEnC62JjYaGu00+WscjiKi4svXboE7CoQpYKOtxhNwFND5jRkn91uM5vMMTExly5gJWpghCUP0Li8G4hn+I/8A5wsZFtZVQnpEVGvlnzA8XJQnsVsMRB/ZJnjIFmVo0pP4vjBgizUyuv1Wa3R+K1PBk4ZEkRGREI19bIeKhMXGwd1KSsrtesqnQ5HhBLRoUNHINCh2tAVQKxDEwCKIjkcDsgkISEBDuBGqBSw7WazGTh0Y4QFSznr9S7kArKeukibzGaopMUSAT0Hb6HyVZWVQCXjYIkGQ0VFhSIrAo8DGBJxD3xgBMLbYKCazrwQbY2Kgt7Aos889BnuZ0Gvc7vcYNmhAkBkCyTUBCzrQ83NJoPRqGcUMwMDAwMDAwNDXWAENANDawdMJv/1r39RRcg69DcwyGQPz1IRnqNyjRWy0NKjdHqpZks9r/3TqsDcCkpCMtL5xTgaWgoKqFXQt3LgjDZZyLcN8aFuGtQupQU1SmVbvZf2D9Xc0KpwwFuYJJ89e/bee+9FDAwMDAwMGoCxwMSxR4mKigRCU+awc21kVKQgCAoOgucBLhgYW2xriHM0JIHBgJ6E4KuoqgLjgx2cBQHSAJVcVFSUmNi2vKzM7XICFwr8MqWJZRw6D4saAwOLRZw57lrJNTBbERERFovFoDfYy8slk8FMGFsFh0DksZoGZrSRRKLzyZIMDCwkBoqWFzDrCqYNDFykJdpktgDnCxx3mzYJFZU2h9MRERHp8YhAecfExMbFxWLFZ5cTElsjjFChyqoqLHDhxOofsbGxUA2LxazXt4Wc7Xo9DC3gOuavdRyw3lGGKKCzsYaVz0N7DNhnQeCB6IZjXBmeB/LdC3c5cIY6shOMaGQI8FeEtng92HOcODWTMIYKkOAuMqCCgoD+hi6ALoFedDpdMAAAYt7hcEN3QaEVFTYoBTqJVBJIe6MkefUGvSDj2RMPz0jBYyEYQMEjkIkMV+2VZrb2zMDAwMDAwMBAwUZFpdB8BAAAEABJREFUDAytHTDb/Mc//gETGxrjrs50VHgDMR/oHw2UWw96RjBRP3ny5I8WPVK0F5fYxUYXXrL7tazpH5xCzcd3m6bPe313CWoqTq2bl7V8b8Pul0RbSUlxyJddRE1C8d7Xp8/bdLyuy/a85fOy1x1vYuZBEO2hal7eMpk3r1b2G14J+77VWfM/OPVjNf5HanXjUM+Hk+FmANgLMPGIWA2T0QgkMrCuYEpEUaQutzjAoIyZTbvdBlQycMRuqinBccDqAneM1TmMpqqqqqtXr0Ju5eXlMdHRXbokJ7RJgEHB1StXgSE1GAxRUVHt27cHnhSIY2Ba4T9gq8+dPYf1Ozz4BfcmJCTo9QZEzBZmovHSs8zreOCgqSM2VAOSe7EKiBenwZdknxdqDQQudmcm3sCQkIOKUVdih8MJmUPpQOD6fN7yinK4GTjc+Pj4qMgoaIVH9NgqbJCyorwCioaUkBXyL+vqYqJj4AVFkKwchHHWQdFE/Rlz7tiDGyrm80H+UDTc6/FgURMdUYuGLpUl6jqtgy7C8R7drujoGOhui9kCZUFvACNPQz2TWIWKzycZjQYatoH4RBvUBWYSYhG4bx0k9fq8HhJ4EPqO1BZroVABbnSron5713Ijh0CRDTYEjRkq/KTRTNtqz9+5Zv68wFNu7gCv5ZH/cfb0lz7Nb+6I+xb7ONX7xWzxby4DAwNDnWAENAND6wWlMr/77ruLFy/itzKnKDr8ggOZ+Dsrsp9x5pDAY5ccv58UaqhXMo3kLhPQA/USdXnGQopIgZcPz70wyY1VKnElagQwDKOnfD08l4NEmYPe6khwRXgJHCfUEl2kbWzgPtmQ0YRQoL06EoyIHlBHNm16tSuuXbsG81L0o+CfC1L7j197sZF3IXd+zqZ1h4pR81GUt+6Dz/KdqKko3vfBpi357galvfjesP79UkO+FuehJsGV/9m6D/Ku1nFVPLhpyQdr5nzUMqP2fYtD1fx37xWgHxGnlo2Cajy67Dt0QyHmrX1l06qlm75FPwp+pFY3EuE/nAw3C3gB2263W7TZ7EiSDbyg1/FGXo8khTg6Y8oY7DtRzOCAm/XJkPKaIHAd2ycCGety2q9euWivKJW97vZt2yiSWF56taIMzM614uJie6UdTB7cHh0RmdK1W1LHTopPAua0rKysoqICropu0eV2+zBzrLNERhrNJhlhvpVGPKYmDKhkzMBKmGtGeBDCyxIn+eCS4JMV0ed1ASctSx6flwpPYwpYktq2bRsZGQH5wNhBL+ihBGgg0MTWaCtlabEbtcsNZDS8MAvPIWDAadRlSwT2qsb0LhZ9RkBhW2PjnG6PS/TyelNR8TU9IcShOEyUK37Nai/mwr3QXSQQBII6VNhswC8bjEZB4CMjIykRb7fb4QZg7qFgeOslhDUw+7GxcVBhOhYCzh3yweIn2HncRzU3iMozZzKa4a9Bb4J+8rpFaAZU2CP74BbIhz7TMHLPN68SdAPsXcuNHPxFNtwQNGao8FNG82xr/spHH3hh+ZZLgX5u7gCvxVG4+901695evbsINQ+32Mep3i9mS39zGRgYGOoGk+BgYGi9gFkKEJdffvklIkIcmFnFVDBStLH/OD8LzONNqRyeRaLGQUvjaudFAS6VFAjsN2G6df6zNEENAhqFqv/1k85QSd4QbxVVFyRwtaZjeJDkSBiohHJQA2ufpzS0ekmdZMLEtaioyGazmUymm3Ta2YpQsOaBwZ9M2LMtMznU1eTJB85O9idcPaLP0m4bz64Ygq4jjENfPrVjmrFrtzBpds/uOg6tvfZKGmoI7sg6sm1yMmo1OLzp9QIjMhau+/upuXekohsGY/qb+3MKhG4p6MfAj9Vqhp8mAuJaQI/qOLyKqecF+LeqygFHYLuoegbwmxIWJsZS0JUuh6FKD/YNuFSgkoHhxYIVbrfrB0d0dHRkjLW8vLxTp07A9n7//fcup0s2yVh22eO94/bbjXrD4SOH4ZhGLHQBB0z0lHU8p8eBEAVquA3AcOsFar+JrgVH/aCB8vWIXqwQIhC2GaAXgCA2AF/McUYTsMbI4xFhORa7IWMCVwIqHFhpSN2uXTtKEDsdTqPR6BaxmDJYZziOjIyCfoC2QH6xsbFAjkNvEMdnn+iBDD0l10qjrNFQYJXTaTZHACAfngAaYjSZoHviYmOrqqqgblHWKCg9oU0b7CvtdpeVlgLLjxfpOXSlqMhM7qeDE6hDXHS0y+Xy+bB6BqSiotjQ15AGDDeQ2hEWC1QAKG+YNGHZaEEPiwEy1o/GGQK3Tnc4QV0hH+hzuJ2rWwatrlXt1o+G2LuWLrIFDUHhqhFp6x7NPfBsEmol+GJGmynoeo9SgtGsLi3cvbcQDV1xbNWjRtQ6kZS5PmdIUVJKJ/TjIPwYlYGBgYGBeUAzMLRyOByOkydPiiLdLVfXjIXEq8feQLobzHDejJOoGw+YcOJ4R6yvmo9zJ/NRq4IxMaVbNB8mQWH+aXTzYt+2T8T7sjY+m1S8YdO+G6siY0zolhKLfhT8iK1m+KkBiE5CogoWixkoV+BDYWGXqGJ4TEYj0LjAlmJ3YJMJjoFdlXySiQDelpaWXrlyBRIkde7csWNH4G07JXWCvOD2mJgYyAHGD8CcOpwOu80ORCqwxVBEt27d7utzn9lihjEDJC4pKYGBg9UaBVytk4BWDK7RnT3AIHsIgHuFnO12G1SOeGbzMibFJXoJsgJymUSMwH7TwJ4DoFxI0LVrV4vZIhK360p7JfatVnA6g94QbY3mdTxWrgDa3aB3upwVtoprJddIQXaDERh5naPKQcl0yDYiMiIqKgpIdqpADcYVSoeq6IkXOeQp6CETl9fjgatEEgQXhX3M4ZLAw3noLgFHHcTezUAfQ26YsI6yVlZW0kEUZAZGG6okkriLcXFxAqaYfW43DMMUuBFMOVXlJorPfGWlHcqA9NAuIKDVDrwVUa+9uw5FtpghOPdNK9vRUnDuLPox0Kwu9SFksbZW9pnA0i2l649XwVY3RmVgYGBodWAENANDq0ZRUdHFixfp3IbMpOQgGlMhMzm8VRZGhnheR8P6URWORghxaMU3ajv8hkGYxDRqojZSX1BBrQp0My8fmHUHXcVCnHUzyLRRulqgPlZw7/nz51sjAW0/tnb2iI49urbp1rXNvemTVh+z1bxu+3rNpMGp+Gq31NRJ2duvaK5JJdsXqPeOmL4rrFier0biqetrFgRZvTQh9U5y9c7eDy7IKQghT1i4NiMtdU4OQqdeGp+WmpaW+lITVTVCokZLM9ccste8bD+2KjONXu06Jnt3eeD8xffGpaXN30+O92enpmVtt9t3r8RteWB1ITkz9iWYjuycgSucltF4LZQAamdOqnVo/YwH7yX91qN3H6i2WjHSXcNWH8tfn+nv2MGZq762a59ax/TMtflhdSCl3HUb7X1HPDxk1IQU+yfbD2mv5c1PS5u+s3D3S4HcRi3EH4+6OgrnZj+0OrNPoLbap1ywPiN1zJp88ew68mmc+oW//jUe8ZWc+ZNozl3b9B0DRWurXrwre1Tg8XUds7D6g0r7rfzs2sz0GvVsRqsnfVxSvGvhg31T/Q2Z/Z7m01JvAhTiqdnD9EO4fmO4BWA0GoCDJsZRAUMP9ChWzBAEOWDsfZJPD5QosZ6QAPhN7CIt6GlYvLZt28XFxhkM2N0YCF9gUSHB5cuX4bisvAzsDjC/bdq0of7CQJnCLZGRkd27d7/rrrvgRsjQBXyt04UpcEGoqqokktOYQQauFvhlPQ5xqFeIKAdWnXa69ARkyIEpYzrKAEIWLCfUoaTkGrDkYPtiY2OAEKe+xsCq8wKPuWaeh1uMRiOc9Ho91P0Z0kBbgCXHks0mU3xcPPDLiYmJkMxmw2Q3IuMcp8NZWlaKSV4cKtAHfQM8stEAHL1AdzhBPkCvg/0GThnLOfskKI4IXjs5ouaMCEONKWaex4ViZRIeirbZ7JAM2HNICcURwWi8mu+jfs0+H4djP0pUOxtGCh6PCL1Fm2Y0GCIsETRuMxUPgVZAr9JohK1eD7qRZkJr7whsh9dMSu+t+eGt/m3atzQ9dVK1flTxx5lgBKfvEquLnpTWZ3GuGJwP+YkuELU11BoC/NMa+DEkVhW/NFUSqxPAkGb9WZoR/mlNm7EVofy/jCW3ZO8L2R9i4fYFY7reqRkRYQviN9z7XkpLzaipiKW5ihFkpKoHRcRc7rLb9i7HdmrEmgJyZthfTiGUM5U0Ydz6Qn8VCnKmj/F3BX4ch+11ZxIOpMlpNV+01douxccPrDyGxz+B5xg80lOBn75mPJMRShwsvLWq52rYcaD20dyZhh+NVHfDtXWr86Fg2L5+b+qowAcvXdvbNXFuzai09FGr/cLZdTyjBo9Rmz6Yydx6pUTzEa01lm7OkL4m6v4cMjAwMDQXjIBmYGi9gPnM7t27y8rKgtSZGW4ukCmurdUR0NKpJePGzDnYbd67Oafycjb+rtO+pWNGvl1YneD0spHj17hHrPgyN/fLVyffdXbNpEEjVgXG9YdeGjFpV+K8d3PxvaPRuswRcw7XVVLl5tkjJh3qsxgK2rFu6QjP1gVj7p3nn3ki6eyqMf0mbSgZOnfdgbzcLxc9YdqV2WfcmloxZBIHPp31xzGpCCUNn5L1xzlZf3y05TYCX9k06TfZx/utOJB38MhHWfcfyx6WuUkjhnf2paee+zxlIVw9sHbyXZfWjPtdYO4niRcuFl71kGNPcfHFvGVPDR23DQ0c+cSYFBPq9tgf50wb3h6hXk/gCs+ZPDAONRG1M0f23bOHDluc1/Z3q77MPXjgrWm9zmUPe2TG7sA0QSwuPPTKmAf+Fj13Y+6pHWszE3Ln/2b8uCn4QSzdknvko+yxKGfOiBlb63bXE3dt2ir1Hz80ASU/lnGffe2WXO3FqxcL101Pm/rDg+9ug05b+KuS9yaNyhj31PjXfI9u3BHoqDHLA95A9t1zhg5beW7g3G1HoBvfmth2j+YpO4uLv/5k6rhH55xLGjvmiYHt/fWvDsB4bs2DgzJXFaet/Cj3VO62d8ZHb3sh7eHVfvcx287M1Mz33EPhg4prMqISapK126n222d/eGTs2oSMz/YcPLAui9QzcLVJrf78lRGpM/Lunr72QF7OR/MfE3cuHJauZlhvAnR85Vh4asnPrTtA+qEzfNieCnycQvRD2H5juPlB3JDxy2zGGk1AoWJ1C0IuCwIWlxDdokSC4wH7CSexHJYsA6WL2VJRjI62AmF65swZWKsWRc/ZM2eBpbVarcCNRkZEll4rLbxYePlyEbCiQMgClwpr2ZADcNC3337HXXffBVytwWiAq0Acl5aWVlTYgEJFdNUU+Fm9QGWgTUYTUL04OiIPq6oICz4rMhbucAGprWA+mrgAQ80TEhKsUVbgpqFd2KeY1xmxWoUMFpAjAhdVlVXFV4uBRBZ4QVWahn6AZmJpLE4H1YOTcHfOdSsAABAASURBVC/UpGOHjhXlFVBxyD82LhbIdCxI4vNWVlZBV1AmGrhgqAD0IhQBt0CfmIxGTOgrMvSMzwecewQsL1OWGWrldvudlLHUBvaMxk8B6qDXG3Cf4+wE4L6hD4F5hxygsZAATpN7MYlP/AG8WISa4zwkugMUhkNjkIZQl/CbZcDWODOhtXfww/vFjHvHZe/rNPGdj/C9c+/MmzRqxuZK/9X77+pavD/vcOCHcd+unGIwGR/n+H/TS/K27y/s3ru/0Z/P8vx+WfADDvlMS/hs0tAxq85V11A1BOLerP6Zn8U8tw5+DI9smXm/WFhs6T930arn+/oTV+yYkbZMzHgXm4mVw9D2BWP/4wt8b7t+k/845wlIlThoGrHFj/Wo3RcwFBmXNmlj5Qg6FHkp3f3u+JHLDhRfLKZhnMXywuLimqt/2L74ryJ7ziTg6dzp7xAjtXJoJQyKpu/1M5ZgF3b9Zfy9mZ+iux6bkN7NjLqNnZM1a1ASQqnjcX2ypvVLxAnPrXl4aOauuIlgQ3EmA87NHzd06hf2OjIJB9LkrMArc6ixEOpuqt2lxYX5HzzXH0Z6w14OOdKrRlz/adrxzNP92wWnCG+twl5Vx4GL4Grul69MjNlV8yo8mj3RGatgsAqjxLT8lWPunZNrC9lyMKPqYwr3UMgHb8zCfQmkt3esW3yftrc1gOHHI9mnf5H1zrOpxnDPqGFj1GYNZvL+e8ygSYd6zl0bcizdrCF9UCXr/hwyMDAwNBdMA5qBoZUCZlAwB/vkk0+oYDF2cyZeSIpf0BgmPGSGoyCqrqjwOO6eDLNG7P6M8DQRz1QlJZR3sqzVeibKzkFyxtq3xMNaE+4vkIZ4aCk0EFAd+tHUHVuncq+qMCJxMOLoChjWr6wvLE+Q1nOjUNe9QSrS2hrWnj3S8zC3pFrPaho17iKNVqQKQGvvhfNXrlypq8QfDYc+2ersPXf1isw78Lsh01f98Vzq1M2f5j89zS8O+F1Jylu73nzIio87zdz4i3unpmfMfyUn49V0Iyo8dKgE/WJiZj8spzhk3l83Riz/RwmMdEOqKxYeR1kHtk1OwV5i3TIW5QzsNOKBpQuXTcidewfwfcvnH0+a+VHO3F4k7Zisnb2tD6Rn/2HjYzvHJ2gyMaYMSE/xfIZWi3cPSh/esvp6p/L2SamLp6SnQIEJE995C03fKBaIKNG/j/OUaczBj2hlBs3cOP9sxxfWrT8+2V/hmi3N77Lq3Ir0aP/bhOHDoi6sQls79R8+LA01BPmvD0tbV/22a8bOtROTQ2b+3fI5H5cMWXFs4wj6gCa/0ztpalrmU8ueuLSof+D+9Dc3Z4/G15MWv7Uw/96s3cce3bh/4RALPrPyXfH0gIWb94ijR4Tcrypu35aDhq4Yi9udMGJE7zmLN21dnDbaoknSadrHb83shR/rxHdeu5g6Zs3uNllH3iIa1ikzP1ph7zjh0y3HZ+KO+vr1qR+bqp8ydOOObuP6zliya+I7w2jpp8T0nEu/D7moIG5dmX2807Qvt9Gy0PDpa5N9aQ++snzr+FWjLSXbtp1KHLPi4znpOKNOT6xceXHfiNc3788eMpTebkfDthyY39vfS6+VQD01VxvdarEkYfGObZld8XHK+IUH+nWC2emctyYemZ7agAR5m3eKfWf/Faay/n7AH6fNW89NntkVheiH+vuN4eYGsJlAOlPvZmCNXS439szV632SBwwFVROmUhJmk0kQTECJVtjsERHwrVZcpaUeEbvcVlVVUW9fXuDtNjuchDNt4tuYzCYsZAEwGsySWe/DjCpQwAIWd5aB3jWbzN99/53dZjMb+PJrpVcuFyLZSyM/ABPsEz0WE/7oQ7a0ekT1WRH0MA7xYS1qzmc0Wbw+6kBtxL7bOpOgEyoqq0wGA5JkV6VD4HQRJnOVV/K5RbM5UrIgo1Giws1wI2RY6a6EvzExMaJHjIyKdLndV0uvAv8LbDVUG7hg+FNeVg7DEEgDXLNBZ4DKONwuEVhgyeeRoAONQCtbo6MdVVWQlUCcnaEnYXADNheyBUrajH20eaCOsXc5cW32kPCGJpMpKioS+GsoB+hroMsNeh30En0oQEkDW01pbjrasdsrgbUHrh9u1BEHaqgkdBd2ucayJbzHJ7s9Pl6v8CRss+oErR0FodaFppmJY8vmfWrrl31q7ROEOk3Clr39iAdeQeg+/N446OEhaMaug2j0Q0CN5e3aY814/rF1f/lyn/ToEPgZP5a3D8odbKT5xPx+24HZ9Pczbe5bu3pk9p66ko40tBC3f7DJNnTFxmcxbY0t9aKjbTILUWpqwFKj4oI+Hx1aOJCYiQkvrbhwcMTyLTl/fuhRY9f+w7uK29AaW2ra8GGhNaDJUCQhY2POUlJ/NAzGPHeCST2OGhQGoHjnJ/9KeOKdv2YNt2hK/zh35aD0QN26vZO3YrjVnz5xWLr14mtoW9Ivh6UHNKBL1i3JPj54xblVjxIrnzBhUc7dUWkPvrRm1kMzU0JlEgakyf7j/NUjJp1PXbwjq2/IpCVoYJ0jPQ0s3QYOMx4PM54Jb63CXg0eBw6b+VEn1GdUNr1a/FH2/FPpbx5aRT6lKHHMwgM9rH1GLXw9A48hwyDsQzn1+kufwsdJ7e2MlzbHlPeequltjHObRk3IvjBi7dGX0kiysM+o/jFqcwczxQlZB7aEHks3b0ivRf2fQwYGBobmgHlAMzC0UsDk5+uvvwYOGgeRp6H8KHtZnUQhNDTmQoEExpdhusXJ9ADOk1cgWc1XjTf1zIbUhIH3teIK0reKBsFZ1Dzp52FJFEOOzBEbIhdSL0nd2HtDVjU8tAEbUU1Gu67IQnAGZsuXL1+m091WhH5ZR3K3zEy2F5eUkJe9c3I3lH/2gpqg0xPPP6SZ6FjTZj3VDe38jOziTEy5KwFte3HcypzjF+2ilDBkevbiYXXG9hnyzMQUjXBkyjPPj0aF2/dj14zPd+WgOyaM15K5XSfPGooO7fyyZQNy4/2zwTtSA5tnu97Ziz81/7mFaw+eLbaLqNfElS9N7Fs9JCf+sAEYU+9NQYUFoRVHrBPGq+xzk9A+bVa111KQk1GNzPP35hTwj05+RPuA0p9/MkncllMtGjH44eqZqrX/L2FaAqSAyqW2S+qM0IUrdXTzlU1rdqHhI/wzk8ShTwyUcoCG0CZJHPZwL/Wx3tN/IDzZX6dVT7vad0oOdFT+wVxb1/SB7UoCH7aSYjHprq5o+351j2r/zNF1uLRLubt2opRxY3tpPkK9ZudeO72K8MIJE1blnno5za3m3KYbfJqOF6iOP9Yxj/SuvpPUU3O10a1Gg5/N6Kp5Cx/XR1DB3gMFDUrQf3FO7s5nutoCtbUldEtBZ09X31yjHxrQbww3N4BRJfpOMtUdxoSzDrOZwKiCyYAzRgIYBhD3W0WvNwq8Hmhryad4fdgX1xptjYuNA5LaZrMBuexyu8oryouv4v9g/BAZEQl865WiK6XXSoFL1XE67LzsdoNJN5qMcC/w1D6ft6rSDjS0B87jZVQwZzoDdvEF5lmwYLUKhapMAFErCDxZwsYLsjoerJ4MDLHJZJQVCYYcso9IQisKkOBmowmygjMGII0xD6sAV15RYdPpBGiZzyfTOgCTK/kkqDbcRf7KSZ2SiAO4AG0AJhrKhQpLEvb7xrS1x2uNssLqN9bFNhigJzw+L1TLR/oKWHJoL3aKNugFqDOHoAk+SfIQ9RK4pBcEL3G7BrYYhzj0+kQSg9HpcnIB/2vofxqQEFodHW0FghsSQjMhc+gR6C7smS6KcBnO+HySlwDGXvDySrLoDaih1UQThhw3Ak0zE+cO7C5Bo5+h7LMfKb97tjqenqX/8H7wS3UMH+/9ZCtK+9ULj02I+HTzXnzi0MFc1C9toIXm0+3XAxKqf+JKxM63dUO7cmupZNhddqxZU22ZsQ+Vza75eTaOfGxgtZlIvR9++AuLw0suqSBDkcmZ92lOEZPasLtR4m9WncrN/pVPbUVCDyCuzxYWVNftd/UQx9LRfXvRkEH9xequKGnbLRUVfLn7Yh2ZYFmG4IGNqubhx+GFw5aeGvLK+syudZQbcqQXov/rQXhrFf5qiHFgr5lHzp6j66z/+mcuGpw2UNTc2w6sfOHnBwvDVyncQzn35fYCNHrMo5oBm3X0qnPX9mg41vObJ03I+vYXa4++kuZP1oBnFA7NHcyEHkv7+6FZQ3ptJZvXRgYGBob6wDygGRhaKWCCdPjwYer6FJBODrFiRD2RudYuNfjTBeW+i4qKPCT8UaP0ta8vpJLtiydMWn8WxSYlRpAzdhjFapx9et8Z5OObkoIH7/kFaEiyccjibe9YZiz4W+aDryHEW5MHT3vj5cl9Q8+vut2fWtPBgk+9+w609TTeZHvhLEI9utV0FjFGw1i80O5CLYkej2b98d6gc9YUqomRPPnjD4z/9b/L50x4bw68je094aW/rKwmnRPaJaCGoVNyQ1PWgag7hwxLT25A5hfOnkUpY7vXjAdljY5CQCOp72sHC+Ib6jZbvOeTQ6jbBEfu9p3+M8kpaN36TcUjJqqMQwwU17D8cW3PnR3Vf03wheqPW92dfLHwOEzSutZJBNi+XjP1+ezdJdbE9nSSaAOyROOn04iH0pBWp9wV9GlGvVJT0baTZyBxAxIU71o4csZ7+ciamEBq68O11XzRavRDA/qN4eYGsJmIaDoTUy7p9WaPRwSyFehOYJmBBq2oqLCYLWaT+VrpNYs5OiLC4na5Ci9e7NSxY1xcHDChwDI7HA4SPhB+MqmXrh1YXWBUDQbsLGwwGmQJr0w7nA6g74CS5rAkhU1ySpBzjx49LBbTnl05topyxSfiZWtcEwWYWV6PBSUoTQxVoELSVVVVQArDeayqrGAhC2CB4S+UBUV7XCKHdMBZ8zodEaPwVlWVWLAUhpcaQ0zm+nzQnCpHFdT2Wsk1SJbYNpHKVgCghkBD4+CKJjOcN5nNLpczNiKWrCFzokckO68Ul+iCEktLSyMjI+EWiVSgsqqKbNjC7DAQvdCrkK3EKbGxsY6qKkhwtbgY2HBrVBR0loU4dENyBfsv+4BNhj6n6ttR1lig8qGxJNig4sFBFzHpL5PdWoYIA9kLhSQZWsmBWcdhon0+ntcBuw1d4RFFolJtQK3O2TkUmmYmCs7mo9QJXYOz0tB5CUOH9Z6++svj83u79+eiESuG8L3RQ+gpoKQfMn7+hT1lfP9Efz5n8yf0WxVcQO3fuIShI/qj+a8tn5I28w4jcp5a/uqn6I6sX3eqTpHcvg1qIgpDDUWISW0g7MdWzX5u/hclxnZJ0WRuLcLi622NqRuxdPnz+tVqeSqS6sgEy3wFD2uiUzSLAvbcqS+8h0aufXNE3eR3yJGedIKM9FDDEd5ahb0auvMDIFe/y0rdFXwhxYfqQZiHEvIDXBMFezfll1hHD723+lPdgGcUDs0dzNQxlj55Du/XOGsvAAAQAElEQVQ+bNaQPriSTW8jAwMDQ31gBDQDQ6sDdZOBidORI0fU2Hcwz/F56/SdEYh3Ep4rIjyhEnQCCkhJqDoY6HqC5n/9HHxaMGcqlFEXC9yojlJbTUU5gu5VFTngUllZGUyVo6KiWk9UouKPXpy0Xsx459jSAf6ZyfFX0h58Q5PiNAzQ07Ub7goKYB7QrTOd7/EJw+etGz4PIac9/9DrU6dkD5uXdCl4Kx/FWUw11xjon8vPRyl44pjYFobiV4phkK2ZM4k2Z8tbp8Re6cN71Xk1+p6Jb26Z+CYUffHclqXPzMkcm7itnt2dPy7atktCX1wsDpCeFHZbJeJNqAVwas1fjyFrwq7XsqsnfT4ryv9k25WJGe0amxupbcrYAzumNWX/ZkJiZ/i4lsDEMSSRfGzZc9m7eyw8smdiMv3wOT8dd9eMC6gJaFCr8/GnuYaz9pnzp1DKw51RAxKUbAI6QBy37tz8/tF08eD48tRRr9dVoWb1G8PNAGA2gfTUEboWzLXL5SLiDx6w/HDSKWL3ThgMQCpghMvKy2Oio4FvjY6O1gHdqddjPQ0eS1UAlQxUaoWtwulwUg1lyhRD5sDbwl8sAe31QT7t2rXDgQfdLiCUPV4P9qEmmtEV5aUosMcKiFUgrLGglw6PKHDoP5eLmmDghemGKI/owby5D4tpYHULoobsdWN/Z6gYJIZ6touIANunJ4ofcbFxUAfsfI2Qy+0mLtWyJcIiYT9kCYwj0OjQFsgnPi4eYIRWGQxgP2ncRSgO0sDtRPCKg1K8Ho8B63MYcW2xFJgO3kgyrgw0AyoBjDzkBgw+5AyVgd4jMiYC8MUWC3Y4NBKCXhTdQEZHWCKgmdABOk4HDDLhxwFY4Rq6Hy5BDl6vx2g0AasOXDOMtkS3aDbqybEPGmGQFdHjgf6DnuLtlWaDHghpdP1HXz8OEpISUS7e4KK1QFLNLTIDHk5Z8Mm+gocrvrAPmYWFoQYOThfnfXLoqU7bLyYNJ/pdJJ9uk3NyZnatv8zEkdMyVk5YMiJ1CX2f/Oib6ye3kBxXyKEIEiUPQoY6b9IQoIdefW7+3m5L9+zN8NshcWtm6tR6PHRrgli6XqvOvTm0wbe0Sx0+rO7VSOnsqqcytrbLOrA0LdzGrPAjvQYjvLUKe1UM2fkBkEfTbdW1FemokQj3UEJ+gGsi+al176AZD7ww/u6AplZTnpEWzR3MhBlLN3tIX7OSTW8jAwMDQ31gXpMMDK0OlGwtLy8/e/ZsQ1hXuldUxj5OsoJa3wbPnzwkgsuXL7ci92eEvj2Wi1DvXwWGqkg6tW1nzdlS/mfbz2neSme3fngK9et/P49DlAxLS5tD9tIiizVlUNa8EQidL6xrr+v2nTnacDG2XZ9slqwD7wOSzjjwF73RwU3btHfaczbvQcmDHmhZnee6Ie6el5Y6iYZNN0Z3Ss2YPRmLbBSh1oxeA9KM9k+2HNScok9waNpA1Gx899nWAmvGqoOncnOrX7teHs4fW7utUVNqTW3zN285rjnlPLZqXtbaw2L9N1v6/+o+tO+jz7SbwIu3ZKamzdhajtDFI/tKUMov0pIDSx+2PZ/tRk1CA1u997Pt2mA88HHdiYx9701pSIJTx/ZJ6L5BAfYZpog5n4aRmmlWvzHcDABylgYYADtuNpuIwAWOuxBgWnVEcVgEFpWoOXmuleK4gjKhWSEBkL0iVi42Ak8Kb+HAZDJR/WIgtOEuYKivFl+9cuUKEMHAojqqHMXFxaXXSr0eL3WvBnIWeOSuXbvCjUF144jTMmQJLLnJaAKKNiYmhjgFY8VqKJqS4LgaRHYZ19YaRfWdJbL6XVVZiavt8eLQhVhFRCwvKwcqGdLgeBWKTFtRdKXo2rVrcAb4aMiktKwUquR0OaHyODygoIfeiIiMgApRuQxgw2GgBAw7lANvHIRzr6goh/7xEcYZp4DzTgf0XmxsHLwFfjraGg0dClXFvs86rDECZRHyPRKYaFplyBv+Qq3gPDDmVPsMHgow9Q5HlY+IpUBBUHVIDsXBPcDvA/tv8EupKDriBy2TUIToFkZq/xFW+7qNudpfItuOT7Zq0yQ/MLzTqc/fem/rxf7D++EfaCwMbc9d82pufqdHR/RS8zm7/qNTmtvEQ29nTf/bseDfOEKnrm0388tDx07lHTx16NS1PStGN341tA7Qoch7W7Qx2aRTWzafVd9175GKvjt6WBPAdt8/cwOHhYcOgx1KG6LaITKMaRyIpdv68afawVLBtuzpS3MKUFOQ/9cZ80+lLn5lcgofPl2okd59994f/q5aCG+twl4NNQ68smlSWtrUbXb/Vfhoaa1qwafz52Vvr0cRIuxDoR/gbTXErA69kg7rwZo6GlOeXb9xRMn8RwNRMZv5jJo9mAk9lr4HL3g3a0hfq5It+DlkYGBgCAIjoBkYWiNgNvXll1/CXEvdl6qGAQwCZathCocnT5Ks8s9qYEAdQUMK9RdTi/LWkXhEOhn/xYqPnOZV815EpqA0HF/IrNQ6a6+qfsTqWy3U5oR5q80Z1Rfkh0ZNVGur5haUTI2XWLvmavjBoDxD3kufAtzyzTffqPfeWHgqNFJu+EUCoN/VOw2h3DUfnMUx3J1n101/ZvmVmu7LCSWvTwA6rgQSiFfyVk2ZsOS7hIzpRPOxa/qIqMK1L2auO4ezEs9tWvdPhLok1TEZtJoOznhoXk6+XUSiPX9n1kMvfCr2y5pFxBYTRz0/IeHYnKeytpPLtvyc6WNn7I57YumUUH497ZOS0anN63KOXyyxOVELwThwcG/b/oWTXsnDsdPFkn2bP8lHScntUUsgsW0XhP65adXBs8UlRKzSmTsnvd+wvzWFxq2BfhnzetnXztA+oGeWX0xdPDu9+cHpjv/90wLrY2P61TxrSZ8wAuVv3JyPGg9c28LlUzLX4acMfZy36oXn5n+BklMbUtmEjNkTow8vHAYfISd2sis+uPw383LEXzw2PBahTn0GJqD8T9ftK8EZw6WRL+aiRs6cKRrYaqMxb9JY7cc1c6uj/9Ln1MCPYROk9h7Io+1bNtGG5G/JHPl2WKnzBvfb7sXqIgrDzQSFSF4A40k8bbETMWFXMSRZApIXGFsYD1gsljYJbdq2bWc2mUTiC4xtqKxg6tNgAFoZcoA0VI8CKFGJOjwT5egKAmCBS0pKvD6v2+WurKqE606nEwsZA79r0Hfr1i05ORkFtuzIxNBBGq8XC0o4nQ44ExkVCRwr8MKIxNbDOshu0St6JI/XVeXQczoDL4AhxL7ABgNkVHz1qs1uh6oCKy0TL2moIVDYWBjE48Ee1j7OUSnKsq5Tx59FWKJ5nbHoconb6XO7fC6XVy+YIyKibRUOr1fxeRHlnSGzhDYJmES2WBISEoA4joyKAhKf2la9wRARGQlFAKcMHRsVGQV9iznouDg9hmA2mWkkYRgpAcUMoxCnwwGdoNPx1LgDrUytOTDsOIChKNoqgIfhICvoHGDhoU+xrAd25XY5XC7g8h2iWzAZTJEWTi8oOhwbWpR8Io65KGrNfdCgRddUoFYCvn/mC6nix5kjl+ZWW/YXj0bXUHpI/dVD1n0fbCro96hf0QoLQxdu/TjP+NCDvTT5FLzxzKQtZ23U/q7OHPfSlyF+40rO/euiiE6t+c34zP9euXzJqve27j1V3IiVuET4gOfvWLf9eCEdAgVfxkORU/PHz1h7vNqkrnVWe6omD3gwGeX81xzy643rmTF1lypIndT3vgT03SdrD5bQH+olT724u75dXO06JSGUt251Xn5JCW47Spjw3BPRu2aMhKEINRA7sx6fveabxNQmLMaLe7OGLT03ZP6KMVZ17GcXQ0oohBzpzZ6Y2Ngiw1ursFcTx83LoONAOqS8krfkuaztYv+xg/HnCT+auJypTy3fd4UOOHOmT5mx6lRCr3p8tMM+FL7/rDn9xfUzRq2mAz87mONxb5xt++ijNXfKWYcsXbc45dj8CTN2Ywa8vmdUzxi1mYOZOsbSZNDSrCF9zXQt+DlkYGBgqA0mwcHA0OpA9Tdyc3PJdEgKUJlKXYH6/HMShfzX4h7QgRiEnL9u/qCFtJimufNeP0fgRuVMJTJU6YyG3Bgmf/V8XQmuXbuG5TKJp9iNxdnl4/ot1564I+vItsnJY1Z8dHrsqHnpHefhc4kPZR9YkfdApibZQy/vvGvTyIx+8+lkzZqauW79Yn+InqTMv6298syM6emp08l7Y6/JH71UF/XZadZbc6/Mz3zgXurBYkwcmn3g1cCo15K2csda6zMzJj2yCQWy2rgxqzoIUo2aT1759IFJGzIffBulzMk98GxDAwSFh/Ghl79cJI5cMiGVblf8/+z9C5xU1Z3vDa9du/al7tVXGoGQBIJje3CClxxwwtgahw4ZMDKicUaIJng5QnKC6BkkvgeJM4rko8i8ieQxQsYEnAcVHy/4ihgS8UOO8I5GMmGCYwcSEZCmr3Wv2rX3rnp+/7W6i+qmr9zB9QufTl3WXrfd9lr7u//79zfGzHh4zUny3zBuWLh80/zlS+c0LmXXbdj7xLWJlqaPWps+aiPPvhPSmPkbthj33L54zuSl4oOxjSs2PTHvxC8R3B3r/+1A7T/cdMUx31w7e67x8qvrf7fooS+yYaqrtwu/Nkn8wrAJc595aVnfZ/lYXb7s/Q2j71o4/8rn+Fs1PPGba9+/v4H/vk16aP3ypluXdJlLGuPnr332xodnr2fD1JBHPfbbP1nRcv+sUmLDsY2rXl89p+zey0AFam565uf7ps9bcuUlS+htXcOqV5/Y3ji//24Ncd72/PuvD4y946vy+vCcE1lkcJ6LtVVVPbZdUDzEo0FBscr6fL54PI4yPFdhgfNiraqy0nFcYFbaKdh5sFGylchRHLQ37QXeNU0TzDeTyVLNigdlVI8K0JxKpchMA3zXdtLpdCAQCIcjjMArZf9DW0eXLr7Ac4rtgIMDvKJyHIINCZpTvarCDZ3xgkrYNo7l5VGaLJjTmQywdYBouI5FUyV7ZcOyclVVVUDhYL7hSBgcHP/TNT0QCIH/GrrhodDpAvovMgqCWxfcYjKZ8vsD3F6MEhfbZH+hcutnCvRGl6xcLk/R3Eq0ogKN4kAwYgwK33KATpkJvaoK+osvdENXmRf7K7BsHIIWNZpbj8PTGIqEkCDLLmfoGDhAdj5v8bSKBcwheT0rjLtC5xVK54hilOEQs6UbBl6QbTcVcNUiFUY9ODXsPNXYb218R7/n+kfmXfk0fx+esujZn0T/9+ylZWWu+NrXjV+sG3vVlG7IRcbQbOeuGV+e1LueBxvH3c/fG+PnrN606qpjdhN1DffOrn/tudo5sy5u+aiVHXrjH+cvj4cbn3pp9dDioOsXPHz7L7+77rZZa7q2QL2+796KLJ716mLej9rrH93xg7fq53cHQV+06P9++A/XL11y5Wb6621MXvDyT6Z8b/YrXSO9f/2q/XMWSlqfgQAAEABJREFUdplZGxO+tXbz1x6Z/upAHTKmLVo1bcHix+a8toLd8NN9T13DjKuWv782fP093VsRteba+zY+9a3j2So0N/1nnFlbH2ysf/DoDDz0q03zj10k/uoHm694/vpbJy8VeLrHTm9YGni1GvBbddKK1zeOXXz3bY1l+8DXu/eB3adm1pe77Kpqr1my+bHB3VcGPim131j72/Dyv79vTv0K0eSYGT/Y8tQtx8y2On7+z9f+R+O8m28d/86GBRMGPkeD7lFPaDMz+t6ffL/5+/OuvFRsynvspWtPaEvfQyfx91BKSkrqWClnY0ZmKanzRR0dHRUVFWyYwn+Vhw4d+va3v/3RRx9RanWOoSm8xy0PfgES5pdk/OlXSoPj0oUiLrR46nav4hZ4nE7fOSOK6tGqcI3qZUejclQuVhaY3NU6j+Up8gjo0rceRfHysB5BXUveyr3ifEshw6VvRUO9oobF24FjfAaOIBaV9FdDr2NLNLlXbJEYbFd2x540WfT82Pp7fVL+tuTB/dnPfnbFihWRSGQA0o3Cwpvy9CmTaElbRqAm0l+zrhXvSFjecG2F0d/hzAjXhgcPZbUSFOZjhGsixnH15JTLilOQshGpDBvHFUJ7ZmQlWhJDPQVnXifWW6uzNe70eYK6z13NKZ2FbXeNn7dbXFX2PZBBC3AN/N9Unxp43vavuXLa+/fuWn3DGftv58wIK2xlZSU7Z4X+//Y/m3BXV/N2GTgAjOasHFgnXmCJNIMEam1ivHlKBqiDh+axPcA6UlVdpRtKR3uHR6UMBIl4Arw1mUyCRGMngP+BO4slDLsIilxOZxyyWwZgzflMHxoNhULRSJQ/jVQo2NZ//G7Xv+/4jVJwsDCyood5NVUzw9GKsZ/7XN3IusqqSoOHewIZo3Zh9Gz6yLXDq3oDwQD6zNv1uE7B5/dns5lgMAS8C0ZcKBaAnkGNq6qqM2DTeSudSuNAfyCASgDbhTcIvfZ6gbrTmTQ4dUVFpco9PXSwacBiD/UcGL2muiaeiHtU8pj2+/ypVBIAGj3ESIG2USfn4LTzicdiwWAQw8ekGaapkSt0plgA1E6Q80Yw6FA6RFMtKugSMDfr3iRgQ4U+ZDPkx51IxPEVXhxuPoxTgHED32PqMKJkMq4bXoBy0zRwstCqxXsolnhvsTCythYlxYbqZOnk1nYydLL+9g5WzwcrL5v56t9u3Hb09mfi1ZuvuOfje7a88z/Gs5Oo8q3Ir++pvnNvD24r/nr386d4kE3OkNX/SndydWD1zIalF65te6zheFal/jTwajXwtwPvA4ewS9z/9MzLXv16+Q2GwU7Kcf4Cn+A5GvZmpuxXcaARneCWfqidPDd0ru8QpKTOck2cePSJkXvvvXfgwo8//njptYyAlpI664RLoCNHjiQSCcEuuy04Cn165nT5b3SDZv48L12OFo/X7UF4epQj1KEYR/TJfJXuRIglln2qDShKSf+OBcelbvQqzLoZcbmFiHi+mA1N5VS9VGEJyhe7RZaU6TTAATur5A/XDgytVOyDa47/8DJhu1x7Ij055RpwpGetcCF3DvX6xHprVPT3K3Taz92gAxmggDr83g7YXMvObU0zb/+00efzQ9xDmV7gXrO41wtoK+5EgubGOmOgxhTD6/UmkykAaMM0ohUVnZ2dikcZPXqEP+An8stlWZbw8QD8FdbJtmPT9sBxCcKG8yKdIAh1JpvpjgL2mKaZy2aLLmi1S7ejuT2FEOrMW4SzxVNZ+M7n9wl3DnzIHOaxPMJ+Gm0JQ2dVIQCL8mC44MUF8sQIdHbG4vEEMK5l5dLpVC5nRaPRTIaCl0HMccMcwwao1XUNlLwtmeS98qGRaCTCfTByaDGTTQQCAM4+DIpHiNN+AvAdG57q6ipMGuAyOoJG29vaKquqdLLpCAjbCxyeQkOU71FlCjN9vkg0CtL98ccH2lvbqisqdcLpXtumqeb4GoRdMyvMeDyGJZtPaTYSDqPyTCaLznt5c8lU8oLwSEwtzhzANPoMKE7uHNmcbhhK0cWKj3kQMeBnT/qHk62T9bd3sHoOH9jPjGio7JPw+EtGst+nTrbX9sBbkQH/eg+yyRmy+l/pTpnUk7eGDrw4DvztwJM/hF0izxvZq8GBJ/M4B36C5+hENjMDjegEt/S9Gjr9v4dSUlKfAkkALSV11gkXS3/84x9xYTawk7KQYJ249mPn7eXNeSJcwYIajBw58vy9EJWSkjoDikx/Yt/Mc/DeiRQFtHq4KzFlEiY6bFniE1BQfKJDTFe9KtBnKBSkhIE6WXBQAdvJ23mUAapOp9I+0xcMkkczSLFth1C+WCiC1aKJvJUHVxXOznhdDBWtPKXyS8QTFJ7s4s5rMZvO1NTUVlZUxDvaXLHl4KZelLXPS8kGIS8hWlvXdAGdwXMpJwRPfYwK0TQZfXCzC2Brn99PiQZdx2dGitFiW1sbhhIIBIGYgYCBd9MFguxhTUNXxF1csF2AWtSOkZqGiR5iQvAVepWzcj6fNx6Pg+eiKiBg1cvAzUNFouReTcPoUN5DHVXAl1GP7TjAzXwHxTRdx0fgyyiJEuj/n//056qqKp/PNPnMGIZJbib5vHDMwGLtdjNlGjIX0DlKVlVVCqtufIvxojO1NTX08FnBi6YNQ8eh6IXKTVUsss/OgK0zqRPX5K/fEH71kflLah+bP63OZFbrmz+5Z+Xh+odurGdSUuQNveOXu3es/fleVh/2MSkpKSmps1QSQEtJnUUSQbi4aNm6lVIfi7CmUhJCj9JHYeFlwbj9olKkMiJVoNMTXg89d41wsRiimbK4pmWDPRYqooP7TOvXZ2FW5shxElWeeHBYh/SyBxETW/pQBDeV3vYaoxg1JPJBMSkpqXNVxojRY+L+EylwSmSEa84F+xWpPlR08h5ysVCw3rOCDSTKA2aBnhnhY5dSEabiKSw6oWDIMDXHttOZNIp1tHe0HOmsrq5yaeVXA4EIVp5sNuP3+Vzd9ZnA0xnyQ7YdwFNaghWP4zqBQID8KGwj4Cf7i46ODocYsS+vasFguCJaneiMKeTupRTIiYPWNIeLtiJugXs9q4YeLBYKVs7FghjQjILjsYtM9WiqqmFttPM5L8+paOh6BxeOAq1GHWC+PAQ7hyGgV8lUKuD3o2QimSATkkIhXFmZSiZpILlcgZNlXddaWltM0/QHdH/An81kKcrbypses7MzYRgBzWsoDHDZBsQPBAOoHzVnybfE9gg/LizBBTIW4ViZcgMqPMEjQD+hakVJxRMQBhgOhzE5+FyQaGxuxMZG3BtAtSDmBsU4FwDusZqD+FtE8m18XmQ4CmW8IqUkpVhUNFvRUpZjBoqa5pGGhycqf8NTr68ecf/KxbMbFvLn04xxjQ899+j8U+p8r9fWjk6co/4DQ5FRO+YkeG6cHWreueYfn94XvXDBhsduOg/jds/3X0UpKalPjySAlpI667R///7f//73FPvTQ31fvQjLZvKLoMtFVvrHjiGhUsetPnF8rw8HxuX8OWIrFosxKSmpc1VTHtq27cQKSEn1kMhuR+4brqN6PLhzbFNaP0csGTmnYBrkswx6m0ql/P4I93R2QDxD4VAikQSqrqyoIP/iIuW5BQ2t4w/ZYDlKJskAOkhp9PLgs7hTDXjtcldolYcDV2qVILQWod6CrpvZTAqYWSGnr25HL/wTELZIyQxVL3FVD+8AeotFLxQKeyhZQtHr9ei6AcxtEbpFMWZRPLInGAoCGYN6V1VV4qjW1lbbznPfZxX0GQU6Y50Yvm7o0Wi0wIcsjKoxB9FIBP1OJVP4HAeaSRRUo9EIEDA6jErGjP5MMpnEPGASEsmYaRjihjH9VBjwNw7ETPI0jwqoMTlWF1koGGxtbRtROwK4WQSSC2/rSCRMyTM8Cj4RuYKFExemGnfPQbTpXjJjuZyF+jGlGBTOk2GY6XQGJwtvMY8eD6VGpAwdHoVuKBRBuilTpNltDC11QqprfOiZxofYadSXl+zZxs5fjZm3dts8dp5o7C1r99zCzlud57+KUlJSnyINIxJQSkrqNAhXMu+8846IfT72y+5/R1XyGj62HiZ1kjSsS8c+CwufblxFD91aWkpKSkrq/Jau6WKp9njoSRrASsBZv9/H43NNb7fAokVgbyab4SnvPMFgEJ9ns9n29va21raWlpYcoK9ltbW2ZjOZRCLe0dlBjha6Loyeg8EAj+cloKxx22YKK/b7gqGQl14bFC7dddtbYd35EcBwKZkh9/jCMWTZgTfcIUTXNI7KHVRYENkn6HksDwowToHJmMKrVVVVYTeSTKZUznM1r4ZhEhTmD3vhtenz+UwfUDIIu8tjtNGQ3+fLQOk0PgWzNnQD9RA3z9vk9axrGK/P7wtHwlbOQjfIhJrnayZzaO6sTb4chQL/f3IOIWMTMvRgoPZohapOUxS2SNqM7uNzOh18uhi/tY+G0DSORclEIoHqA34/Jg1vMTN8xhyQaO4xXcTU85sItL4bpoHTKiYBXbJ5NkgmJSUlJSUlJfWpl4yAlpI6i4SLMVxK/f73vy95NZRzZHFdp3i6AKdIrUPXfgXKLMQtB4vlhwzR8qKs/kKv3INsUJDNvx5uaE/JyKLc16LXt6dNpaSLvUZRSpzY51Eltw0x7eVWJ70SIYqvBIA+fPgwXYHz6CopKSkpqU+5XFpnix7VSzG6Lvk+Y2W0XccmOZZl08cc8mIh8fB1xOXR0B6FGDS+SmfS2Vy2srKyuqb6yJEWbAZa21opgDqfAy1NJpLYTlRVE70l7OtRUD9ANuN0GQuTYehYqPKKB8yU1iwFqxg9RlXk+wesaGDM6Eo2m/GZJr11HMPw6YaOCvOWRe4T5P2lEJXmfSuyIjAusDLgLLhtOBwqkGdFCsAanfz44/0YEeohS2jNa/D4bjufR9Pg0TxaGSuvgm99ANyuW1tbA6xNHhnJBOoBDx5RWUtB07oujDKsvNXZ2WmaGoUeC88NsjShxIZkxGHnMWwxgajHJWJuRysqIjz8GTOMCQHyZhTaDHpv8UEUMG/A7uFwmJh+Lou30WgUAxfzhs/Fom9ApoE6UQydcQs6Zk71qviYPLiLAt9DGifg8uF5KSkpKSkpqU+7JICWkjqLhCuWWCx24MABwY6FAXR/hQXABc0UFtHiQ3mRc9YKJ2vfvn3ZLF3NMikpKSmpT72ATYFfRcq7bC4HAsxXc7pxye21iuC2GdsOBoL4EPAUgBRENRQMxcF2/X6y1ODIlUKAQUA1TSdrCMfnN8FFk6lk7YhaVC62FtXV1ViAwEZp88CUvJPHUSCtgLKoARzW7/MLPxDRNxBbHIhGQVdZkQE6Ow5ZUhD8tSw0h57gcBDngK5nMhmBlfETvBVoWCOYTkHQBY8bCAQxmNbWVhzFka6PD1HJpNM6T2lILJcDbgLHmQwZVes6cDCPIS7UVFcfaTkomo7H4iiJeSCW7Ngq7yTwMiUb9KrgxxUZHyoAABAASURBVF5uSsY9nUP5vI0KijqaoDBncPCKaBTjam1tw4ocj8erq6o9BTJC8fnMZCqFe/o88WAe1QonEH8ggNcUdk3OIR4xTGo5T+HPPttH6Ri96L+uehTQcC2vGbrhVb2ut6DwXRyKYc4xQOnCISUlJSUlJfUplwTQUlJnkXB98qc//Wn//v24YuFpf5jC/yPF1REr9r50EeHP4rWIS+KXYXQxxq/Z3ON04cAF8Gm5ShLdE3Hc/RmJMD4npUyAQ6mzPHth6dg+NfRq2TEJDEvVDppcsdQfnJFPPvmkubk5Eomc5ihvKSkpKamzUI5jY5HQNUp5B0bpFG3LsvIUEcz5L4X82slk0qTkhKzAvIrmzVg5wN14KgkeGg6FVY+nrb0tkUhUVVZqut7S0hIKhZyEQ2i46PH7IliewHldJ1N0VV0L5K1iJFyF9YiiinNJ11YKijdTdJhh6qGw7VEdStwHqkwbD4BmAF/DNAB/29raAv4A8zNQbHQb8Fr1qrm8req65eRdVtS8HhBYNAeQTU9l8Xjkzs5OvMZwwI4BfyPhMEUHM3JnBv8NhcNiiYzF4+TEofko3Z9BWRPT6bSXe4Xksjm3AIQd5XflaekM+COWnW7vaB9ROwKTxjMHEux2HNoDAGGDCTucQeu6Fo9nyLvZouBljAKFCBz7fbyfPtM0Co7Lw64Z2ifgbtvi1OA1uD/6U2AFix+OT3w+P7g0zhFWfkpIWHCZjcWdogGAxQsO6HneZ+KUenXVZjwPNLZy2bxrWnl0RjkF2ZWlpKSkpKSkpM4VSQgiJXUWCddLL774Iis5PxRLCQVZ2YujEgBaRECX+2+coAF0see/c0hnufM1ThNuMIjURkxKSkpK6tMtSnzHb2GKm8e06itEeEGf8RMQGT8BlDnfNCjYWWEOBeY63LCLvDjAcwmAMhZPxNvb21WvF+i2+cgREN6PPz7w0UcftRxpiccTwWDQo6r5PIUzF8nHuaBrut8f0HTD69XwFWjvqDGjvbrOVA/zEP9G90RCQAHBRVu5XBZU2qOQRbXGXTtQpjMWQ5WoHD3BXkV4SYPS2rbj8/lqqqvBbfPc8bm9oyOby+LzTDaDYslkIpfNYmU0eAx1LB4T4zJNHwYbpkSLCQwZEDybyR450oJeoOY0SsZiKC8inclDQ+m6mV3kQeWYSOBgTAV6rusG9jHk8sE9TPKUQpEyHOJA0+fjltYFw9DReYzNtvOM3zbGHApYrFH+QBaNVggPE266RVsvzqyLYNZkIk3O1wUcjgnJZnPpdIoSM6pUGJsShwNrtCudoKWkpKSkpKQ+5ZIR0FJSZ4soTCmT2b59u4hl5s+n0qddXx99rZRAKy6HRLyzsOMo4ddyV+IhNNwn3BbtsNOgkxgQNPQoaXbyJGZ7KHXiinfv3r34KSOgpaSkpKSwfquElRXbcbCgM8vmzsU2X1MoRSEANOMOxSo5S9Byn0gksYKA5zpW3icMnRSlqqoKR4ERV9bW4if4LJYkXdc++eTwqAsuAGnFUaC6qAd4N+/m0VxlZaVu6IZhpLIZy3VUVqgGKTbNfD6rMGwnPAVXKRRcVAt+SokB/X70MJPJaprh8/stUgI0OqJUdDF0DzlBAyV7NS8P4qZegc8SnCWk7snQWIquUwgGQ8LBGTJMk5IcFlkkHHELoNh5jSddxPBRZ8Af+OTwJ/gqkUxgiTUNA/Q81hmrrApbeQtbporKCrqh6xatHAA3A2fHfFBMtBfd8UQiEdDqIiv6/T7Q4ZaWI4lkMhgIABCjPOaQ/DryDkYHfB8Khogvcw9rkOhUOoUXOAX4kPuWkCkaSqIV4T0Nqsw478YJQAE0wXj+Q5cCAgp0a4GR6zQAN+aQm4qQWweTkpKSkpKSkvq0Su6EpKTOvATBxEXahx9+KKyf+duiwjwFSmPDeOpB5vJianfIs0f1lKezE1eAgjuLGoZOWvsMzMHFW4EeZi0Iwn3qmKnopGDoJUeOUnPDCmo+NgFgeSbAUoW93oqpOz4qLY4VfRYB6f11WDhjHjp0CJetpmnK53ClpKSkPu3ieQXpsRiHvJaxjPh8JrhwKknJAxUN0NjEwoHlHkDTstIoVhGNguS6rqN71JxlVVREs5lsW1sbYCvH03Ew5arqaqxLY0aPyeZyYMw+ny+TTgO/AjhHImH8jCcSPFKYdhohr0fxqlY2pXnY5z73uT//uZBKJQhAO9hmcCtk2+HRweTsHAmHTMOfyaS9KnfIME2KEe6OevaSibNbzBOHxUBAz7EsWrlcMBT0+/yAsJSST9M6OzvIslnX0TGMnZL+WRaYeDgcSiYKHZ2dXh6Rbecpd9/IupHpTLoiWmHyUYjUf0RyFdoYoUL6f68HZcKhEHAzE6ZkZGyN0WkFHsTt8u7h88qKikAgkMlmqquruCOHG4oGsShXVVbiZIAykwOKlUeXdDKhxtuchxIYeoLBAPqct8kOG41WVlQWo0WwftD2bCZj20SxW1pawNzFQ04Fssim/IdF/rAapsLHuy0TdUhJSUlJSUl9aiWj8KSkzhbh0vE//uM/hhW8LANpzzm1t7fHYjF2emV1tsYzPT9yrZbd217bvOW1zdt2N1t9HzZIma5vt+/v8ZWVaG1pTvRTY19K7Fj5wPL1u4dxhBRX69YfL1n43B52UrX7uSULf7ythZ0/ann7yYUPPL+bnRZ98PzCB57c2sqkpIYoD8Up60CV+Eeewq7Do5sptDYQCApLYnyCr7gvhxIIBmyHEusBd3rojq2SiCfw/0CxgKGUlNgtxONxMFRyeOZhuRTCnMv5/L7W1rbmI0cIAjs2uCrKt7W2ptNpIFGA4FAwWF1dPfWvp1577bWXXX45WViQ+wSxVPButGLlrFw2lwFsdRwRFwzyC7xLocTkwqwWeVgxMC6OBWcFFne4KzO3Yy7gQKLDRYa2QJM5pXVy2Sz6ZvEqEvE4eojdT11dXSQaYfxWOg2T89xYPIbVM5FMcoCrxBMYY74bNDOe7ZB6q3kpByBZVyfiGDjKo4zP7w9zs2n0BxRb1w2Q6Qyn9hh+IpEQsdg8UWHRIUtolMQkFzFXKIx7xZgrlBe3CgDtURYHYkAKf1CsQP7dupeSLhbEoDBYbo3iUiC2RxFpOdAfgenPKSWaNq9Z+kCfa80pWYP6Veu2lQ8sWf8Bf13+l/bTtoUYeJU5dbPhtr777MqFDyxZ+fZ5tcKdhB3CvleXPrByazM7DTr/dmhSUlKfQkl6JSV15lWKgH7nnXdwTcVjZ+gRTook4pbOlF3HdYWDYdcxiuL14hrPoOcYiir+OXYR/8TbYtHTXUopjyYuSXEL+KcWGf55iqxXGfE5CjC3qBQGpOHcJFF0nh3jgCEitft7PUCkcKnMCXomlvdtUFjfZ3/67EbJ9kREbYvKB61fDBmX0K2tracp/Nm1mt5eedtX6kddMXn6swdKH1tN626+qr5+1rzbli7/3n3zrv5yff2d65p6XrAMVubA+nlX1d/6+PpNP7552qTp/7q3u8VdSxsnX/9yi8GGKmvn8488t2bxS6frIvb8Ua5py/Pr3z3JVyJH3n1+/Za9WXb+KNv0xvrndhxhp0WHd6x/7o2mDJOSGqIIMYOhAne6LsULs4Jj52nZ1n2dqSw2AX6/H4gTGwNgTRGzTF7M2RyINZh1OBSuqKgQ9FPTNUpjCIRNT0wpkUgky8OWoVi803Fz9RePD4XNQ4f+nEp11tREC4WcP6i3th5Kxts9roWWUWG0svbCiyZOmXzVlMlT/b6AsAIDUI1TysIEmjB9OmP5dCZmOxnVW1C9ZEsNNA2hY8FgkIKaFR6YrCjovEf14EsPh7/A4jU1NalkClw4EAhUVVWFwiF/IJDN5jADXs0bCgUDAT93wHDGjB6NQ8Cd0TIKgERXVlaOHj0KJJ1AsAIQDEDMTa3tPDZIZOtccGmKWBG4eWRdHWZD1zT0m89A3KXnxlTgacw6mLfPZ6JCkG6RFjiVSmOJRrvJZJLva+hhLPSfB3EDp3t0XcOBqofcny3LotsGKoA1WV0zMrymxNG4j4C+4Vygwy62cEpR0bzYugHDo/Usd7subRvOCTWtuu7K767ceCjX15enZA3qV5m9G597fvth/rrsL+2nbgsx4CpzymbDenHh5OkPrfuPTnae6cR3CE2/fHL1c08+eVq4/Pm3Q5OSkvoUSgJoKamzQriUSqfT//Vf/4VrmKPQs5yIciOOcrdmD9HVcmNoKoIP+eXNCfyn3aPRcysH4YnqlF4W8sgpCmdrampip0cHn1+84v3ozTddUf7h/jVfnblsa82Cze/ua3t3274/7NmzfsGIt5ddOe/5lqGXeW/t4l1Tntm2acPqTX/6SePvH31yK8+q2PT00rVs7r/cMZ4NWca0R/e8vmXPA5OY1Hms/WuuHD9z9f4hfHgO6Vzvv9RZoCJfGkCPsfwAmHr4TWZ6yyOFwabTqTRWDbz2cYthfAXwHAgGcBTwKNYsbk9M96hxCEBwVz5DVgT2jUTCQNhM2EwVCocPHwZJHTFiBCApaDKwaiQc/sIXvmAaRmdnh2mYwNncesIIhSP/7ZKJs2+68a++/FfoFWoGfkUlaMWycgC+dHecETrHLVVwZ279kdANHV8BlENg4MDoDndANn28+wSasxiv6TPBc9Gf9rb2TJoihTWvNxAIRqMV4LadHZ1HmpsxDwDBwMrt7R2pNLh2IBgMYY8EVo/mcDjGjo4Js2x83tHerulE4dPpFOC7ysWTIrqa5k3E48KIIxQM8jDuHEbE483JVFvcUMbPeDyO2sDQBSnGDGNQGLWw4RY+zjyU2cWxSpeYQyYbxWAoCPosugShsbxtZzNZO08B7JgoxkuKk1U4Z7IRHtj69gE27dFdzzyx6hv17KzU+b6FOLB65rgrnz4wxNKnbDZ2bH+T1d7x7Furly+6qoZJlWnCHa++8/q2Dd+Q0yIlJSU1JEkALSV15iV8n995551MJlMC0L0Cco+iUfFFkXlUlTtEl6cpZAqnnMeHUQV+HS6ELZ7FkPrE+9ZrNnpVOCwLFJxiEZH93nvv4QKVnQaNnfvS6+tX3dHwmaMfWS8+tnx34Lpnfr7oigrxiVE7edHLP7rO2Ln88Z1DLbN/12+tURdPDPPvxl081t3bdJCx5ucXP3Hwhh8sumJ4FpdG7YTxEemKeX5r3x+ahvjhOaRzvf9SZ4FU0GfVC6pJQbaqxwUvpuhbBSQX2wBw22hFNBAI8JR9miCeoXBY5MoD6uUexJrHo4LqUu67QhG1YS9AufI8gM7FTDYD0FxVVYVKcjkrFicDKMd12lrbOjs7uUeHPxKNoB7g6SNHjiRTScu2Vd0bikYqa6q/eNml4yd8AW0B8ra2tuJwHJJIJIGV0aUkd/kAY0VXA/4AmWMUuzYrXdsUViQMzTGxxiWyHgPsYu8SCoXQHGpG/SI+WgRNk+113s5ks36/r6amJhKOAI4DEId4gkGMtuGrAAAQAElEQVTUjJkie41EAkfhWwxN9XrzVl7XKAYcjJhDZYyefD/QAQy/orISk4luUP08Tly4b6N1jpspbBnHCi8OlZs+09x61W7fah2nxnHIRgO99flMsW3z+wN4HQwEMBWg54L+4wVOVt6yaPyMzgiaVnhwAKar2C12TshhzB8e+iNNZ0Ln9xZi3398MKzyp2o2si6LRkJM6lipxoQJY87u/0akpKSkziJJAC0ldVYIVyZvvvkmpazh4hcnXehTvC4FNQu3DnIhJMvFgkgSSJc5SpfhBut2eygZUAwx3EYcPiwAXTIPEe0O65pq4L4NK4liSb2cQAr9G30MUbiYLHH50mBLdXLTSeWYWwVKrySKpWHiJ65m//SnP3V0dJyZ68/Mlhc2s7HfvGNGuMfHkWl3LBidWLtx2xDLjJ10mdH0/nsJ+jz+4R/2q+MnjE68tmL59iuW/NO0cP/NH1g7r2H603uspufvmjWpevw9W/HZwXU3NzQs/Y0osGNpQ8PCNxNNz86/7NJx1ePHVV86c+Gb5Q82Jt59en79xfyriyfVNzTwf/PWHuQ9+d2a275ST1+Nr6+fv+bdRNcx+5+dV/+1le8mdq2e3zjqQn7sV+YsLat2+8MN9fPW9Yhk/c3yUrV0+Ow1uzu3LZ096djK+1DzlqW3NfCS46qvmL1w8wFriN9So0te3L9t6Sze0IWTrn5wS4tbNq6LJ1398La426O1HqO+bflrPY0Irf1bFnZ1G6Oev/q9RH/fjmqcv/p3A4yKT/6z91wtzsuFky7DJHQO5Vs66fWLtzC25+Fb+Pl6eEc/Hw5pfl7r3Lu2+zyOmrXstSEaL9LZF9XWj5u9fGt5z60Drz04e1zXL1XDbU/v6jHDvfrT9WvTf/8hp/W1B2d29bBx/tpydxuXfoEv654lnN+jDupidInE1lVz8Bved8jb0VGgMw1dv//8V1f8ljZZe9ffR03f9et+Tgo/wy3Pza9vmL++19S9t/LKhjlrZUD36RVHyQwQmUNPFQjVy5PUiay2YJdEZu08lhXydy4UuPUzmSz7TJ/P7weMTiaTgv8G/H5xFHCn5tWCwVA0GkWxzs5YW1tbPBEfPXpUOBTGa9BSgN0LLrjgk8OffLT/I3yCatva2w4cPJBKptBcRzxW9CgFhWXy1n+bOPG/f+m/i3yAqB+FW44cicfjlkW+G4DIOhld6NlcNh5PcDsRB73FSoeXtg2snA8Eg/hJnNctAM4C7Pp9fl3XHNcNBoI+jpsdR0QrEzcPBUOGaWLxjMXiKIbDrXw+FAqDHaczGbSLTQ96G4lEsOvBW3SMZ0M0RMpmrMHAymDKRW52AWQMsN7Z0ZFIJrO5XHtbOxbf2poajbs++/ik4aC2tvbOzg50A68FDUeFGJfA1gGhYMDkc4s2cLSu62hIPJpGcdyahh7quoGJ4eHblAWRrJ9pQiiLpGDWwgb6LHLh6O9PLi3NNz6Mm2yb7yn9nelTA6xQLW8un9W9PI2bXfbnetA/5uV/Ki/mS2F/7tknbwvRW/0sDbt/PJP+2JaXdHct/VrDrF8c6N3zwf7ID/ynmP6qN9zzImNNP7mR93P59lKZ/laZUzEb1O2ybvDFru8Vx2197eE5pQp7jF10ZvOBrQ/P7HHGB1iae6rf36We6rtjA6/y5ep7xbfefWx2/deWbT26RbK2PtRYP3vlu1aP7eLgv9j9L+LHatAdWt9z0vw8fgdu29jTEqT8V1RKSkrqjEoCaCmpMy9c/+By7uDBgyIwdohXJqrXW+zy5SCR88ZZdVUj1Y9wKf7HP/7xzADofXt/z8LXfvnYZ2nrv3Q5Yx/u3T/EMpfPW/Hl9++agiuWyfXf3XLJ/Qum7lr5vU2jv/+Dm2oHbN9qOfDuq4u/Omt508ivzvnGlBGMjKo/PnjgSL7r+yMHD7zw4LSrn6295+fb9ry+/qGrWtfPn7nw7a6LmP3/esv0x/ZNe2zLnh0731l904jDB1rG3fjDR5fMGUl77tu+sXz35Cfe2bHzty8t+dKu5dPndxuGZFpamp6/9Wu3/NhpfGrjtt++tHrRuL2r50+++l+79uJW54GWlp4e2PmWloMtltt9+O/WXD/z/qYvo/Jtb/1o7ti3l0+/dU3fV+P71lx91fzVLQ2rXtq2Z9umZ26JbPpuw1ef3tvr2xXrt+DbVdezHt9So8/fNe3+3VfxhpY2HNkwf8qd866/ZU1u5up3dmzZcMelH//rvGt+VGbv+OHj/Nsn3tqGjt1+yd41t11VZgqxb81Xp81/s3Luhtd3UnNf3rf05ml3/TpR/u365FdFZ56abv34llse/pD1o8TW+6ZNf2jHiG+uxQy/8/NFU/ctn/61e7qvx0rfrn5r2853frpg4tFva6d+a8kPZ+PXacyMO5f8cPGSH143vp8PhzI/b3zvazeurZn3xq92vrN+yd+0rrtt1pKtg3su73341rt/OWEZ9Xzt7ZccWnPzN7tPn7t39c0Nt/0qMm81fqm2vfWDhqZVsy9dvC3eNawtt4Ha5xqf4Wdz1bRk929jP/0nJV+4b+aDzlz08LcvLb+RbVl88/3dPUxsXTxt+qp9U7+/6bfoyU/njvjV/MtuXtPklka34/Fbp928iU29/qbZE8xjRnFg9a2zl+6b8gzOJn4Zrg/hV/SS2Uue+v5NY5n4LX3lrpuvW7xvzI2zb5o6kg7YvepGnJSxd69/hzf3mV1dv7e1M7/+pcNbnthQ7hOaePFnTzbVNc4cy6ROpwCMFR4HTfdxQZl1rXTzlYNpb1trm7i/TKSVICZLJBPiSalcLosDg8FgwXU7OzutvKUbhltwhSsxkOvhw4fztj1yZB3KgBTjqEw2UzuitrKq8s9//vOhg4fa29v3799/pPmIYRig1ZFwBJVkQGljnR8fOmQBIRdcfzAwavSoqqqqlpaWAwcOoHLAb8a3HDp3schSIHYSnwOeZzIZEFYR7+zV+A+vV+SusPN5tAJYTKbVptF8uBmFhcM13qJvFuUyzOMOb7dXclElEw+XshemU9gjYYyoCYA+EU8wbr6MwcYTiWKhmAAQz+cp4aHjGNyLw+IpCrEnwuEYPJA9qo2Ew9yaI4+jkskUKsGmC1AbbaFX0WiFYZjAyuFwCPDf4SkHAcQxewDKmG2eMpHmNplMdBlxeOi8YLzcIZp1cgG7e70UDB6PxdEoWDZouHA340kOz6Y8hAP8ya2csmDxghn4SzLxJvoT960pdX3WgDXoOzsmLH11T/cKNf1nXQtrfPP8+vnrctOwPOGP4bKZybI/14P8Med/Kle8/xmxoKxd9Jfv3jPlvlf6Tt98srYQvavtd2mYeNXV7HdPrn2vrPDbv1jdVD1j2pjh/pEf+E9x3eTbf7iYLNRqr1pAp2Dx1y/sKtP/KnMqZmP813t0Qyx2x644mLHZk2/7t9Zp319PG5gf3GS+WTZ23pn1Cxvu+tPVP99Evw/8jM+7+VZszK7DFqVraZ69ss/nigb6XeqlPjs2wCpfrn5XfOOKex6Y2bnuroe6jrLeXnbXL+Iz7190hdFzuzjIL/aAi3gvDbZD63dO6r5+48QDr/1kXflMxl9/uvtXVEpKSuoMy8ukpKTOtHClhYsWHkrDRAQ0D5gt8mc2RUJCKibidFzyhi7iwo+uzQqO4M8oQj6PPA19oXRA/3L5UcKqg7B1sShin0XorqDYvWKTu94qinjAFu3Qu24CLoKgjw0HPnH1GQfd6wnWLi/G41IpZlxV1WPbFfmCSuMSn5RaF5+Xpq7LHKX7214GHaUgcVyvfvDBB//9v/93EUB9Wu8ZtB5oYaPH9mVV94UL69nLf/gjY2OHUoaNmbP27Wm7d/z7QStS3zB19IGV169j39y4aBwbXB+wmVt2DVDSYl/dvGkZ9/EYM/+xnzTvmr365W2rrmpkbM+zP99Te8emVdPp+qf2qiVP3bPtyp+2jpg8nh5+3LNju1v/0J2NE9DzmrnP/JQt3GDtt1ht14ORrdbkte8/1hCh12O+/9MpX7pv2s2PLn/xG6tv8LMhqPWS7+7s8vibvmRDeu+4+194cd/tx4zCenHV8t2jF7y1adFE/ts0Y+HasU7D1Y+tfPEWNNT72zkPbPxS1cwrV9y/dubGed0X92Pv+NlLCzn9v+WJnx/cNf3pbdbibRvuoMuGCQvXPtM5adbLb+xeWD+xazJbJ/z0zaeu4VHnoxdt+KtL72qct/SxLfN+1Giw1vWPLN/9lSf2rb6Oj7pmzg+2/GWo4eqH19x7zaIJ4tvKuZtfF1NNXZ1af0/9/D3sor4m4IM1i19uvfaJXRtm8rZq5q56IdJ8xT2Lf3bHb9HbXt+Ovv2ZSWPuaph/6+M3HfrBlAlfbpyQf4M9bf3lVY0zui+z+vpwKPOTYNM3vrN0UlcrP26tn73mhd8sv3YaG1B7zNk7X7qFn76rFm1YunfUd9c/u/v2709kLS8tX7qn8al3V9/AO147e9k7F4Yvm7XsyXnbvn8Ra9n8yr/X3PTMz5bM4L8kcx5+4uOdM1fy38Y+B8V1oOmS9Rg17+FNq1Yd3D7zyTW/evTamQaYxV0vm4te2vJ9cfLQk9fH33zFPY+8OfeZ6UbXsZ9dve+Jxkifg9j9wo93j1n00vIZE+gEXPvAE9//P42Pd9RuGFd69neP1bjl0P8oofAdL2y2rrjvZ8/cUV82cPF72zjv5vCsXzy//bvLpqpd5/eRN8M3/HSQG0hSJ13AqQWx0IBBY+lXFDPgV/MFx3KLqpLMpnx+HzkLOzaAKXlNFPM+3eNl5K2sKMR4sRaDmWJpAevEKpPLWbqmBaJ+29XzlgWsnEzFOzs6AaCxSwDwjRO9pZDedCZdWVkZi8XiCZDSGOg2dheBgN/N5/1enVhwzsYLLPnhcHj0mNEHDx1EJWQUonjydp5lyKU6n88pxQJ4eCgUVou2pvmK/MkhxtdH/jgXLXsC+wIEO7adTKWCoSA6ht5msllGa2IepJpDZzeRSIRCQVG+orJSLK/AxBgjlkryy9boykX10uNEmBmULxYL1dU1INQmB9yoBZ8DWps+H0YUiUTwCVbbYIDMndF9NA38jFZQj2kEbBXT6M3lcpgTlORxAMV83tYN3baJ5Gm6jm+BsPn2RzEMnbEQpUC084DdpmGCKQNYY2XP8kSROCSbzeGFx6Omklmv18xbrkf3Um5I5sk5Ba9bND3sLAgWGPhP7vip043dq9mLo6fMmN7Qbx0fGHN+s1b8fb524eof7qu/69kXdt+xaCJr3bRpT+3sJ15e3Eh/obr/GJb9ue7/jzn9qWyd+vDOl8SaO3ruqk1TPnN94yNsaKM6vi1ETw20NEz86pyxTz65aceKy6d0TeNLr7LJy2fWseH/kR/wT/G4KTPGWZvYmnh9w4zp5eiw/1XmVMxGXf2M6S19daPHimNtXrmUVqjusc9esnlS+MrG5d/b8PXNt3RvKEcvePmn4pdt7jM/SjHIcAAAEABJREFUPogzvrV6yW9/ejstoRMWvfREYtScVzfuXtRVw1EN+rvUSz061rJxoFW+XAOs+EydtOKnC7bOuv8fv/bmU5PfX3z/89jxrri8z9b7/8UefBE/OuTBdmgDzIlxwy1z/+ecdWt3LloxuWtCnly1xbh+7Zy+byJJSUlJnVbJCGgpqTMvXMk0NzcLQ8NBCyuEi5lOXoq9vlC4X0RXlexUq3g6GjkvhbO8e/du/Byu4ckpleXmmWoOp4xROxFXI41TxxotG5c9cui6f1k4ydq/5ZEHlix8YPna9/o3c5g8d86AnNqY/vWjLtLqpL/GFn/vAR6vaoGcRIP60ZKqztJWVxjLuIsnqnuW3r1s7c69LQmLTZy76uG5Vxzd1Y+Zd2tDGdcLX3v33Anulu3vsqFpyg3XHEXykSumTGB7Pzw2BNrd9uZmNuHmGyeW3cuYeN+2tg855u7r2wnfvONatuu1o/nTx9zQeDT2/IorcA0zfvY1Ry/5PjN6NDt44GjG9tE3feeaMs+TcMO9t45nm9+gB3Xd97e/za69aorV2trS/W/E+Hq2/62tB7u+nfDteeWG3dxlhfWppre37Fevu/1r5W1dt+HDfb/lrLyvbxu/8w9jrE1bhjrBbIjzE579tbL0Sl+cMhXXdPsHfap0yi3Tjp4+o/7SCezAfl7lv/+fbewrDVOto1PUUjd+Ijvwy51UZ+03Vu/ZtvxvnNK3NbgF0/3b2J/Cc2ZOOfruokvx+/txM8XiN+3cFh/XOLWurC1rzCXj2Gu/2XH02Fv6oc+QlYgzwzx6v8QwVWZZ5VFcU+bfUJ7/c8pDW7Zt/va4eHdz8Zrxpd/bqd9eMCGxbu2bXaFw2zes2z927r3XSB/L0y2TuwljXcdiQOYVHkU4XQCzFrllMLCpSH/nM02XhzBj6QV07rpXTEyTKDZoMngrz0zoA5VOJJLc0gOEN+M6LoBvTU1NwB8AShZ583hYcbr5cDOYKZhyOBQOUKK/gLjzCngaCAQBdsUdcTQxsm5k3Yg6FG5razvS0gLYimLt7e3JRIJ8lpmCohY4K7fRYHx3QGYTDkX+kpdItwzT5MHOVjCI+osGt2Omu+AeMrVA+XA4hEpy2SwAMYVXZ8CoMyDpLhUjZw8olUqhLcxCMpmsqqoKBUMYDY+41tEWpqtA7sx+kYAxmyEuz28cF3w+v3ARQVvZXA4lc1aO3zRmIO/5vCVit3EjwOvldiheLyYRDWGuhcsZfoJNc6dpykcooDlZoAQC+DAUDpFRRzAAUo+OqzwtYZFDbcd2MCmUhzBLsdSok51xDelP7mCafNPMo1TLuPyS+u4VqmbO6m17Hm3Ilf7cVeNPa/mf637/mNOfSvW6BbPLboOr4xfc2ciGpuPcQvTUgEtD/e3fnoTVbXvXM1LkWjbjlq/XHtcf+eP6U9zvKnOKZqMf9VhxfvnmFnbRnFvK2fG42++dxt7d/FapZ7XTv3r0l42f8Ql/23D0Bu7I0WO7l+aeGvR3aaCODbzKl2uQFX/iomf+h/niA/cvXHz/ejZ3Q7+ZHvvfpQy+iHdr8B3agHMyed4DFyXWPrul67dq5/NP7h+zYF6DXOClpKTOBskIaCmpMykRKotrkj/84Q+4JHP4s6v9lhYByxRsq2hdAFopr8vLDYuphiI7keiaM+MO0Y+UroxGw+tSn+V7VTUU+Fuyfi4/qhT+3F8NA9Qsvvroo4+OHDkyduzYYaUxPAkaCwL16n/soxjmXmr6cC+bcOMXhlimXIkt/3vFjqmLd85oXXP111ZaNy+5d/T7j9wy7d9/0h2Z20t1tQNHWY4dWd3PN5NmX1+z9udPvnbDozNqDKt1yyM/22PMvHdq12G3v/yc8Y//vHLxnHWL8bZi0pyHf7LqKHacdEkvTxEAa1yZNB1gVw3lmcSauqFkOD94YDcuUsaNGca3/jCuRXcnct3vQ9Hec6abAyzUky7uFSo0YQJdMDXtZ9cyaq7pgcnHeKnUM7e/roai/SQZ+ngvP/XqML4NR0IsER/G1eyQ5qfv2PzB1N/pO/DxXsY+WFL/Zu8vJohbgYldq++7e+mvW426MRF+FixcG3+eDah+e0iztG/vrClren9RP/ixpElfn1Oz7smfbJnzcGOtYbVsXvn4B+Eb7inDEMcMs+XNZdffs66JhWtrOPFw4gABXb8wYBzTl9/18+dbps+tbX5+5YbEFUvnTmBSp1umYeYBUwmwEs0CygSpVLn1M1YLsinWNXDMfEde1QhMAxabpgmsbOUs3fDhWNSQzmR8pg/AFyjU7/PhwFhr54i6Kl3T3YILGBqLxRLJBHDtoU8OEQPNEQPFV8C1oUDIILNjrcDzH4L2oipAXnQm71EAr4FOwXZrR9SO/8L43b/fzbmrg9Ztn42ekD2Ihzypk6kk6DaOisfjSjQKduvyxY7ui3OfCqBeQGHHdcGgUdJ2nPaOdrBjjAkIG9y2sqoK7QI9A9rqAR01g5HrlBhQC4GbC7sScGoVc4KPFX/Aj0rRGY8HrafAfbH18Sjkgi1MSIr8kTL0F4MV8c4A99FIFMgb4wWYJtaveMDzufWHm0qlNW7GzSjBgwZo7PP5MCGow+f3o2N8ev0FpcBsJlA7uDZuFaSSKd4NFaNGJZjwdDrVZQzt1bhBB8WwA2oX+CNQFI7tN1GedW9Izsyt6CH9yR1M/S/o8d+tues7y7e2hmtHCuJKf3/K/sgM+KfymAXFCAyVnh3nFqKHBlkaar/y9SseXLb2zSVTpxstm57fql63YZrBju+P/PH8KR7GOngyZqM/la84fMYuHN9z22hEAFsPJLLd7/tIY6gO6bQO9rs0WMcGWOXLNdiKP/GeJ+a/OHv15pr5G5b1n227/7Mz+CLerSHs0AackzHz5jcu/e7T65sb59W1rv/xOuvyZbdfxKSkpKTOBkkALSV1JiWuPZqbm1955RVK2oMLyK4MhP1LoRTwEI9UKnHmYoE/5VoUmfeGxZ8VEVV91OnijADoktNFKemf6El5Nr8hVtXLoKO8CTZ8AF3KOlhCzzycqodlR7n3yFBcNXCi33nnndGjR59uC45xV04Nr1z/9g52Tc8tr7tj+9vMuP6ysUMsU6Z3Vz34YsWCt2bXbF26fPfMtW0/aGBs7uVs5mU/e+OfrjnJT/RfcfeCK36x7LYpr4q3xuQFLy89GtMR+eLcpzbOfYpZ8YP7Nq749uL5N9ZuKj1iuafpIwytrK6De5uwvx/bDyw+PpfOmtrPgPq14pKlZqjfZhJAtMZxL8UfYhSN5Zdh+/fjYmv8Z0bjyomam7h631N9PqOa6bOrVg4QrK/LqhF1Y9ivD7b0cVei328T8eSgMfU9dCrmZxDVjsD5H7+67Ym+Y+ve/dHdS98ev+JXb88bK37LrBfn1991vFl8aJYm3PjO6wuOk/Oqk+79zpS1D86vf1m8DV/xnZ/9cIBAudbn7/ruOuvm9fuWTomIc7p7Zf2sJ7u/Fk/prl3zwdzZW1ZvD1y3YdbxoH2pExQlFeShzKW1wO/35XKEPh2bNgPg0dgVgHJimXa5KzE5PxiUH8/QgwCdwNc4BDQzHo8F/AGvpnV2dgDpxmNel7PXYIhiqNvb2ync2HZSOIQn7gsGgxUVFSCwKAYsK6Ctyl2PAZTBalEJEKpY6VDmwgsvrKysbGnBf6MUQYwPUdR2bVYgZzBDNwBb0ZzJs/bR2s0DtDEmUGy8BddGNzhstygEuFgEOi9QOmVvMBTCPGAsNqUwdMCXbfTQ6wVYpyEHAwWOgNPpNI4CScd2B4AYPB0dAFtHJ0fWjURLVi5XJKZPk4OmgYy78x9mTNPomr08xW6nksDlEcykR/OgG0XaQBVN04c6MVEjRozgps+5qqpKbMoAx/EW+NjLI7nRIu4KBAOBdDqj8PSCINqYpVzO4skPKRoap0MEenPDNB0DVxXV5Y89oSWaB3L0NkvOXWcGQJ/aP7m7Hr97+dYLl/32V3O7/nxmXr35kns+HsKRfS83J8M6e+AtRJkGWRpY3U23T1921+vbrOmXbnpph3Hz+mvV7p4P+4/8GftTPOTZGIr4jDW34KyV7fqseOakkIbj/10a/FSWadAVv2Xj46s76q+YuGf1w2vmvXT7sDMmDH0Rrxl0hzbInBjT5s4Lz1m9Yc+8xjee2Cn9taSkpM4iSQsOKakzr9/+9rcCPZdYZ5/iD3vSI6UKd9vo9W1XBkJpi3HWSyD1//zP/xQX/KdXk+b8wxhrwyOr9/X4tOnpR9Ymxiy4cdKQy3Rr/5rv/YLNW8FN/Sw2YXzX84Fjx45n8aNhLydHiW0LZy1run71nnd37tmxc8/7ew6tX3RFV7ywtfWBhvrbRCZxIzK6ft59t5PNwuHSwXs3/nJvj+G89spuNulLl9Br8rb+4P33yhLabP8/29hxyD/lby5n2196o/xR2JaN8ymDfGff38Z/9cZWNuZvJh9vZpimN14rP03u3hf/nz1s8pQvqV3Nvfjyq+UxyPs3LV+4Ysv+UlfXv9LDTWL3q8829d3OxC83GIlXNu4sb4uSql/94z39fLtn0+YDbFrDMMKpTsX8DCJj6l9NYq+/8mK5Ycz+V5c+sPw1ymh/4N33WtmEhmvHdl8fJra88Ct23KJZanph4+6yjzK7Vj+wZO17Q/o7EP/1koaH9t6weue+HfT7v+/3uzYvnBQZ4IA9u7a77PKruukzTu+WV3s8pD35pgVjDzy5fvnqXxwY+807rh2SGbrUSZbCo5rJ6kElzwceL0wLhEigJzgv4C+IsN/vB28VmQOAdMk8uuCCw9JrLxkQg4cmU8lUKnmk+Ug2m7WItHpMH0VYA/4CEAMoA6QCQ1dWVFZEK8LhMKoFLSVfDooc9vj8PvomGg1HwjgEvBUFwE/RGV3XwcQ///nPT/jChLFjP0P2zekMAC6wOEo6ZFGdRKNAsehSl3OH69qcnjMevGw7tm4YNAoeEI2SaDcUCqHH6VQK7FgYKGvgzqkUWG9K2GuEQhgT9jWAttjkoGaVA2uBejE6oPN4LJ5IJDAbmBnUj0pQPzFfNMrtMsigjM8bmgAmdjgQB5jGT/RKvEY/uQdaUfhio+ZUKhWPJ3w+E/OGMtigebhPiKZ5uQE3PYhG9tx5GzAadVLcdoD+KwLvxvzwmG8SkLtwS6Gp4OkiCsWuRItn+GmzU/on9+Bvt+PP5181lP588pqHJLGgrPl1+R/GBNYydoIaaAvRSwMvDVRgxtca2eZXXtv3xsb3xiy4ecrRnh/HH/kz8qd4GLMxFPEZ2/n8pubyJmjFHHvVlSea2vYEfpeGcCpLGmzF37/mG0t3TH3oZ5t//sS1e5bf9q/Dvhc9jEV80B3aoHOiTpn3zTH7f7Fu6XrpryUlJXV2SQJoKakzLFzz7Nq1CxdvPN+d5lUNhXkLBQ8ui7oS+HSpyCNAnGLRUb3kJVgo2m4h71FRxGGKy6OivUWeG9DTHU0jrmbYA7kAABAASURBVHCG5fNQ5CkK8c8uFhxWcHhSQ8avh8s9i7uSEJ5A2E4p5FnU37sqj1JUPfiHbuBf4WSQ9S6C3/NtSb0Ki/H2elte/rjdM/ilrNva2irSTp5mTZy/bE7NnqXXzV769t54xrI69772YOOVj+2ZuHhNKR/LUMpwta5/YHnTtO9/n2diuWTSpKYX1m/HLt9tXftvrxqXXnyiVx09Ze3/w4edLL75/oY7Hnxk1cpHfvb8azv3dmUexzXGVybFf7Pstsd2tFj02OT2F15pYmPGHk3mXnPk53NmPb2jBZQ507r96XnTH9sT+eYDInXS2C9fPZZt+cfFzzdl+LFPz7vrTeO4dus18+6bG3lv2fQHtlBVrtWyc+U3Hthi/dXXZ1TQt3Puvqnr24TFrETT5iXX3Lcl8o1l9x73o5E1rU/Ombd6ZyvmwWresfrOOY98UDNvoQh14c29ec/1j/FRuxaa+7v71vxHbf3Y0rcfLJ9+z7rdzRbv6ppZdz4f6y/0avKCFZMTa+/hbZGT4d71C+9evS9040z+aPHkeQ9M7P62qyffXnmw/qH7GrumceSYsWzPC+u37D7YGi+B/t4fntD87P/FnPrGZVuHeU+ndtZ35lRuuevWldub6Uhr35aFd96zek/NRLqTMuaKy2vYB6+sFUNu3fHIrfdvLQ/m6nNQA4hm6cDKO+evp+FRhau/e/fSX7Ox9UP5XbM+bvpji9v64gM3Xv/gSvz+P7lxy/Z9A462ftJUlb228Xnxq9i0cf71/9rLJLT+3vsarefWrE9Mmn9zPZM6E/IrDEu+hpsERTtnZxTXZk5eV5ladPEz7AsAP/u8ehA4WPGABaseSrJHsJjcIXKgtFhHYrG4zzQvuGBkOBwB8bxg1KiLL/5v1VUja6pHRiM1mYzd2hJraenMZdxAIBrwR32+SEVF7Yja0boWsG3m95EPRjAYJMMN2waLpsR6LqU4BqomkwoutIgynxn7mcsuvQyomhIfkwtzNpW0nDy4qpFIZLFnAXhNpdO0e+HbG/I+pke0CoDRQLEFHitdUVmJn21tbblsrrqqqrKq0ubmyKDn3Mbar2t6uKrCBuhVFUXHtkgrqopVcPAWLxSvGolGOjs6gYaBqgGyQe87OrD2eD0KiDyrjEQ8blFliqZ4DK8WDJCdNFi23+f3etXayqqQL1DI27qiFrlLNXplWeQ6AniNBRoIHkMDiUZPimTUis7qwqKaJyE0I5GIrhtk1e3FvAXwmiynC2S1AaCPhhgdZfo53M9kshi7ZQN4g2GzgsIwBLQI6u3pFjszOgVLUkmjL5taw5peXb+d//nEUnj9/duYOrRj+YLy4ndvoR0I9Wvvaw/ceNeumhNEaANuIXprwKWBxCNMt/zjnCffHXvd7IvKe34cf+QH+FNcO3Ysa3p9/Wu7D7R0nsyQhWHNxlBEM1aza/GtS17jv0zxpi0Lb7xna+VNK+484cXlRH6XhnAquzXwin9g9cLlu69Y/tQ3alj4uqcea9z96PzV+9lwNKxFfLAd2hDmZMKdS2akn1/9XOKKb0t/LSkpqbNIEkBLSZ1h4SJk//79PPSG4pe7cv6AGqv9bK/Ap3ksDzstkhHVp0iJRAIM+gwEQPkbVr2+8aGr2lbPaxx3Sf2oKxpv22jN+MGWN+4YP7wyjMXffGTxu1NWLb1ORHDU3vzoqnFvzLp0XPWFkxe33L7h3inspMqYeNPt19Sw0V/9TiMFZ2V/t/6uWxtHfW3lbn7JZFzz6Fs/aDzyr3PqLx5XffHkWf+anPFwOS6f8i/rFxk/n1N/ybjqSybPeuz9z3xr/ftLu6O5L1r0fz/cYLy55MpL6Nib37745z+5/Tjp+eXL3t+w5Atvz6eqLqyvv3Ud++ba9x/qeqzVuGr5+2tvD2+ef+Wl9dUXT7py4Rvhsm+PR9c8unmh8eN5k0ddOG7Ul+cs3VUzf/2bpczsojn2b3zUF9ZfufCtL9y38eVvjSn/dsTby67+cj11dd762u9v+pe/6q+lmjlrtz0z7eDSOZNHjR836tLGhXsuXbFp4/yuaRozf8OWFZP20beiJx+Vf4sZvn3VtyZ9/G/zr26YPP3ZA/19eALzY723c0d8cuO1w51K+lVfO5+tm4VJwLga5785dsnmn3ed/SvuX7/qmtbVYshT5r12+drNC8uupfsc1EASs7Rn4dcm8QrnLD381WdeWj60eDdj4vV3zKhhY6fNuXEU3ube/cX9sxrrL1u1p98jam56BgN5e4n4VbxylfWDV5+4oVel07+zaCwzrv/OnDomdUZEjhf83q7K/08E1Xq4dwV2AiCYoWAQ9JNu1hYKoM8gpKbp85m+TJayCDquW1dX5/f5sKCgvK5rAL7YVHhVb8uRlubmI9hddHbGILBRcrrwon4ThBQtgO6iKmHcbPFgXVBUvEUfUEMykQSEtR2bbKe5+0R362a0Inr5ZZfXX1SPQyzL8pCRsgcs2OvVPPwxLHIOcV0K8nXdAr+HXST714hX01LJlNjD6IYBzpu387E44HgrOo/uhUJhfI7NTzyRyKQzmk6eHmiax2erIpkhz/pH0cqgwNlMNpVKoUs4Em/JSttxNV0nP2vi4xSnTBHKwQBqw2xgxjA0yprIY6Upa6GmoypMDt95OSDFgOzk0cxTMmKiUZXBWbM4TZkM1YCBY0rT6RTGiE9FtegX3jK+qaMxql6cC8wMukeHgHDn85SN0OX/4wYdIjz8DOrkL0lHNemh9cuv7Vwzawr+tGJ92TJ17bMPDRWD8T+VYgdyMS03d+1v3Hzci3K3Bt5C9NaASwNJnTL7+nC8tbUn3TvOP/L9/ymuX/Dw7RMPrrttVkP9N9cND3gO3OKwZmMoEjPmf+M2Gnv9uK/Nf8F/+4bXl5+MgO4T+V0awqns1gArftPT85fumbLqsS4ji8jMR5/6yp6lC9c0DWO6hreID7ZDG8Kc+Bu/f/cY4PJ7pb+WlJTU2STlrMo2JiV1nqmjo6OiomKAArj8aGtru+WWW44cOUIPpdqM8sg7jjBxLhRFjBFPKki5frp2OrjWMnkqeR40rYjLmGLBg0tHh0cw4b9sRonGmLBUPtZo2OXvRNwNXnp5iJPKhes80QyuG+nqCFeObqFUmDymla5v6aITV7FFJi6bRXx0ecq+/ryYhUq96hUE1PXCoxT5t13x14yPqfttr5pLo+MZGj3ljsxCpf6w/sXz3feOReIJl9xSFLl4LaK2cQqEEUp5671elCo5tqtobtGiRVdffXXXWej2p8ZVMTs9shItFKNjRGrCxomU6X1Ea9wN11ac/Mf9rM3zR33XWvX+2jmlp0R3r7xs1pOX97A5tuKt6LERqQwb3Xdw9j8987IV4zfsfeJafN3ZGnd6fHtUrhXvSFhGuDZ8Ejo/UEODfTtsiZ57+532k9kZ8SvR3ywN/O2QNez5cbfdVb9s7Mvbvn/cgXuZREvaMgI1kWP++6NfaRpTTeRk/VIfzyxZL363/q7M8n1rbyo9sbv7sYar/69Jz3z4xIwBZmng342dy0bN2bZg0wnM2xkVVtjKykp2zgr996laezyWyWXTuWyWr/6uU/R6jVzGSqYyuBGNJQ1YVCz0+aJL8cgKAxXNkcNDwe8PeFU1FodieI3VLxEnEo2NR1t7Ow4E99Q1Tdh2AdEyvoiHQmCsWpE/IQXwrelqOkMPqAf8ARDhzo5OtMXtmxUBS7lhsRoIBrA8gX2jAyC/yVTyP3f/J0CxWN9QvLKK4pohn88n0gyaoN2AuKapiJvZxaJhGsCwDrkhK+C28XjCNI2qqiqFKUDc2O4I+2mAa0yIV/OSJ4niEUkRQcmFvQYWzUgAnNoD+oxPamtrMRSAY0r6p2nYILn5LHrC3Z+zmub1mgbAbzaXxQBQLJNIoTawZ9TOo5g19AeFcSwqxyocCAQsLrJ89gK7G+KxJ5QB4qeND8+yAWBNNwkwaQS1KegbwxXOWqjB4aka+ZwXQc4B/IXBCCA6BuVTFZ9h4DThQzach8lU9aSsGb11kpeksoq7VuSa41oSTtKC0lXZkLYQx6j/pWHAxobZ89P+p/g4Z2MoOr4ZG1wn9rvEhtqxk7/id1d8fIv4gP9tDjgn7o7FV8zZ+s1Nv134KX3C6VzfIUhJneWaOHFi6fW99947cOHHH3+89FomIZSSOpPCxU9nZyeumkRSO4qXoY+7rkUU4XTRk5qWs9QS8OUkmjIQcl5d4InpRUVdWHPgyxsBWLsLd2UwVNiwHaVL/WGnVwPnFRxil4ZSrDwnobgOLM8gdKyPR3+VMO5o+dFHH4lbCOyM5CDCpVHNySjT+4iaU5TqpPngAcbGRwNlH40b/wXG4nTBX9p7YyM+UI+Niv67pw5y7LA0UEODfTtsqScw6uF2ZuBfieH/wrAT7xK0a9trE+a8cyKX7v5wbT8XpSf/V/p4ZqnlyEf49Y+U+0VOuLCeoBx+/Qe4nB7od6N17ap11uXLbj836fP5IXHXEwBULCUAu7puYjXwBwJYxrM24G8e24CiWyRoq1EIMNaOVDpl523VY4Jak0eEYYwceUFba2skGgmFwqlkku8K6FYy6C9QMsCoYehY0gkP02tDhDxnszm8DqsBAGyg0niCzJTzVh6sGQscgGwmnaEAZ4W8jwFVg4Eg4e9CQTf0kBK68C8ubPrwTx/v5+H/ipK3bRBe02eOrBsJ2ouaFUqyV+jyrXZdyiLI7+P6OGWOhCP4ivNogHUlk8mga26mkEmnNV0nzw3LQqMgyOg8bZAcykZI92iLRa+HW2r4/R/v/3jsZ8aiZuFnTS7P2ZzfQLWUqpHcsfOWxhE82kV/0qk0uDxBahe38Iu2nadgcO6pRfYgBlB1XgQm4yjUH4vHQMP5LXaC+IJT4wXOi4/YOl7kUKCmpqa5uRll8BmoB0adSCTBl1FhPk/E3MrnQJ5T6RwIOHeyVjTKW5gjD3CC7GciCWGZTvKSVFbxCa2qJ2lBERraFuIY9b80DKTh9fwM/Ck+ztkYio5vxgbXCe/QhtaxU7aJPc5FfMD/Ngeak5YNj69NTFoh/bWkpKTOMkkALSV1hqXrej82xH3DUBHKBAlgKuKgcX2qnJKwGKm+1StWemDw3R/X/vDDD7HxPH0hz+e4xk77+oQVy7935xhz8dxLKhjr/MOaFY9srblpw1dkcpVPveoX7XrWOK+TvI/52+vql654cNZYY8UtF0cZi+1Zt/iRLZFvrJ1x3H8/Pli3+r3wDT+96byet7NdPJyWOS4lFdQVHYi3QBZc+OfS3kAhewu34IJ7mh5fngfVYukBCM55Ld3rB2B1C4VMJt3W2gHWiQObDx9OZ9I+00ex0qCcXi/qQbU8UWFe9eA+tw1Ka+fz3N/Dm0qlYjEb9DkajeJ2uObVwIWBVoF0UQPqFK7NXs2LOlGP67j0nJZL8bzVVdXpUdaBA4eAjC1uTIGdCShwMpl0XAevKbMyTxuo8X5/irYxAAAQAElEQVRWV1fjfTqdoUSLbkFEGWP3Iqgu6LOoobKqSlU98XQqFAxZZBtdVDkEBxw3udCrRGcrZg+dJ79mVkymknhBgeG5HM/cSHskDIFyBno1jBeYm+YKpJsYsU/cP0aj3Aojxx+d8nAnaAuY2HFsSqVYxMRmQsEghXLzwG3GWb9tE7nmt6LxD/sxnLqi+AplsNwD8WuaXl1dheEnEnHC65TFUcWdA7QI1l9ZWYXb+yLsGkedoqBmqV46e7cQZ+JPsdxQnXadgkV8IO1Z87NdxvVrpb+WlJTU2SYJoKWkzqRc18UlX5yL7CMUDReQgJkuZd3jtg/kqNiFLwvcOIOe4tR8rlNQPfQsqpVzigUioShc5FE84oK2yIYUjVsugbZx+aR2mV3Qi0KR9TKzUAo8/pdaZCclaKdE3oWBhohF8nTHXyvDD6cumXsMMSS51I3hZWssiysXiLnX4aUC4ifOdY8sjoXCxx9/jOtnCaCHqrG3b95o/OM/r7z5a0/y90bkizc989KywR0G/bW1o2vlRdX5LH/4vKeoY+94drP/wX9cNf/KH/O0RUZ44uzVO5Yet1urtf3Vt7JfXHDvNfK/jDMpxeP4/IYnphSJNYMO51zgTh9F7DKl4Mk7RcfSACg9tKI7drGQt02/n2yObScWjwEcp1Jp285nc1mHFVNW1qN5Cx4lmU2H/UHgTiBSMFmTjIyJyQKcol40QQbN5Pjkq62tFQg7EcuaRkjz+vGVSxHJulfVigWvajD0EPQZoBXoNpfN5e08sHKOIn9dTVPAq3NWwlAU28l0drRnM5nqmhoscICwAb+/y7WZ7Coc9ATrIth33qKoZNuxA/4AuuElRE2Y2Ofzi9vqIMYUal3kT4a5DqVotG1UIoAyYDe6GutMdHbERo0alU7mPQzwt+BRXUUpRqOUchB7KmyWFE3N2+T4QViZWy9TWDSPMecbHo/rMsoQaFkoHORx3+l0iqP8IqYAncTaToPl3B8KhUIoD8KOqXC73MlUvrArum6Ypgdjo1nKZdFT3TBwwwCTnMngrT+XzWOPB5KPF8yHgXtYvuDNE5VmUqdBx72FOLU6Q3+Kz9LZOJ91shfxgWTtfOWX7qR75zXIBV5KSupsk/SAlpI6hRqKB/R99933+uuvx2Ix/hAuxfngekahS6+iwikwD4VWeKJ2+q81xGWTt2MumUiSc7FKxJmsF3kwNXlA0zFOeUO92GgvD2iVwrA83O7QW/qbULI/7nJhFh7QZT4VJZxa8oAW+LiEfYfoAc26A4oFgBZ+IKUO94LIfXpAlw/z2GOHaMEhnjLuFYvUywO69FakMOoV+HysfzTrGQctxliaz0Ag8PDDD//FX/wFK5teyaOlpKSkhqLzwAM65NNyeffPHx/I266qm6lkvODSIo7b0cFAEHdFAW2BTdOZDPl0Gb54LE6rPFlFu6mcg/UikYjblOxOATF1bAcrejqVBu/16SZIKO5Xk6EE1h2XsvMBVWOtw4c4HoBYrO8+n9nZ0SnMmgmtmqY/EEinUmC94LThSCAaDXPTCfJHBjXOpDPAu8DQ2IG0tLS89957Bw4cwHJm+kwAa+xEohH8Lzpy5Egya46EQZlVrxf7k3A4jIG4HG8nU9i9EGd3bIpNRm3hcATdxv4HDBeTo2hkNkKOIaaJ5qqrq+28DSTN0/g5YTRnmPFEorKiwnHdVDIZrQhjawOYHAoFONKl9RntUrS4lcO9XnQAbzE6TVEBiHEU+Dh6yDlyUZh48ISEOk/nSPYdwh6Nr9ri/rGHRwB4HTJ/BuxmIMs4irtzeF0yy86LjQ05gXB7DUBtFBCoGseGwiEAeuwIsN8K+Eww/oCpV0RCZFcyNBcOGS4tJSUlNRRJD2gpqVMq6QEtJXWOSXBJcfEmkDFd5ODKk3IO2pQXSNN5KHM3guYiSKp5BWXO0hUpJSz0FDwqz2vD2PBMm4usSEbPypC8ngf2We6lXmkAS1bUfdZ5UtwPB3BS7o8+99mrY98O0L3++t9r7KW+lZdEGVzB7t2798ILLzzj/o9SUlJSUmdA5Nigg40mUzE//b8BNgq+bBAstjWNoDDILyhqJptNpzNWPk8WE9ziGSQUTBQ3pGOdMWwYsnZeoT0DqKsK1mkS3qVVXtzMpvTCZG2sEOQFMy0WVP68FMBrPp8PBIMUm2zbVVVVgKcU/KtrkUgUmw2QXm704XKQ6gpvDbKdKFArqJ/Ml4MBuinemQOVjYSjQMOeREID7fX7KbOx4gEFQAfE1sXK5cKRsJWzVOLS2OdQ1HAwGMpk0tysQ/GqXrBsRlYY5DAGJg5yDYIs6DDkMY1c1krEE5QMuapKI84bBMPF/euwHrSdPGg45pDPrYGJylt54bOMY1FPyOfngdT8gTPceue3voMeD7qE+ef9sfkC7WCaTROfqIlEouseueoBW8bMU5JGHhDQTagLoNLiBjwPDMecBflOQMHnFGFt0CNrLMF48DWlMcR36KSVp4QQIhVhSXJLICUlJSUlJXVeahjPm0tJSZ0slTIH/uEPfxAPlnbH7XLzDH4diGsV+qrQIwkhJWQn10I7m81wR0KFp/QhQ0LOfBkbzjMNxcIw+G8pklfpFuuf7bKeccflh/QqcFIewlDKxHqy8iGGYDMesCwSDPYS62uKRKR2KSHhsaM7doC92hJvAaBPygxISUlJSZ174gu3ALWxWIx8n13ynchTpsF0yVVZ1zUeYGvxAgQ6wU8BjsXSjwL4FvekQT2TiaR4iIpRcLGTyWTAQkX0Lghv3rIqohVgwmg0Ho+jvN/nA7w2DSMSjeA1CtC3rFhTXVNdXeXndsnkduwWQE1BUfEC/UQrqNniocpguVWVVUC9fDQKCG97R3tnrBPEnGNZ23bsNNpOpTs6O9FnDMHvD2i6DtLt9/vQc5TA5xhWe3s7jjJ9PlSFsQOso0w0GkW1wNAdHR340LbzaKKzsxP0urZ2BCYKAwEWB4PmXs/WwQMHROQyD/Gm58wwSwH+xFI8FkMxHIhGsbMCTQZ0dlDALXAXDQVdxaAg9FewfkoCWShEIhHT9FFgNV/3k8lUOpXi/tSuiNdGVWRjTRCcQD+gcyqVJK+SAr2g56WYkuN5H1Et4/ml7bxN5ciE2qJTWbb9YFJSUlJSUlJS56NkBLSU1BkTrnbGjx8/YsSI1tbWLucKbngsIp5xfeK6IM6agNL8AIYLKhyVy1l5HjTNhDEHxTgN2/F5iJLXQsdKmFSK1+WOH12WJmW+IgNUgmK45sT1tojqYlJSUlJSn07xeFtwSCBUCtotFq1czqOqhI+5vZXC3Yddhaf10/VUMomFOUFRxppwcAbSjUTVbCZLwcXklcF4MsCEaZCtBN825MCUiXXaeewoTAoixo3sDA/GJVOOTCYbDJB5BQ7E9gOAGPwad8G9mo6+EVlOpigUGvfLVQ/4K9YvNPfRRx99+OGHgpJrupZM5Li/NFlQmKZJ7ZIZhRUIBANB8qTGuAB8AYJRZygURjn0yKuq4LA+0wTn9fCuUmJGVqiorHDJfzmHNTccCtfV1YFii4yFI2priYy7bigcxv4nZ1ncxKzY3t4xbtw4njgRmyUKLsZ4Dd1weYJBkffP4wUB94u5pQBtjowzHN8bBtZiJRQMggyjb0WVccMNp9vZrKjx2GbOzSnhYSKRxL0BNCL8u1yuQMCPewAg1diwgZWHw2Gxh8OEYMYxRvEWHSt6FK+HTLpFtUzGPktJSUlJSUmd15IAWkrqDKgUMDtmzJhf/OIXDz744ObNm3F1pHLTDVagNEGMO0TjshPXJZxHFyn5oM9Hidp5xM3RuoS/sMptHguOyv+ztovCU7ggALJbPOrjfKyODboR4b2lCN+jn6MnZddHFFXFreTLnZpLrZRS83W5ISs9j+0nwWDJDbmXYUV5T1BPOXFXWR/pEMUh4tnY8mP7c5fuJXHgsc7XQtz/kTyjy7MdknFnt8SoS9PIuk+6SPMovsXh4rFiXJcyKSkpKalPmTyKTgl3i0WAUKbYyUQCoBYrAnBmOpPJ29nW1gwYayQcVhTXdLR4PGnnXa/X9HhASxM+v4+CkdMZ0/RheQYC1rmzM5ZmcvDwcitkD9PJ0YvnV+ALEDYbnrxSVV0NsgrSCn4KigqCzFNKqFibUuk0Dsd+Ip1Oa3qVRi5faiabUbjjh+M62IrE4/FEMsHdmWvCwMPhMGpAbe1tbVmKU7bjiTbVW1ArKw0jClRrmEo24w2FQ3qRxeLxiopKEOd4IkE+GzynAqFhbgmC5RUzoPnM7pwQBHYJB4Ph+nyaq6GH2RxlLMSxPtvujMVE0mYMPh/PA3DritrZ0hriXfKBRDPW0dlpGkbYH7ByedsgLw6d2y5TfkLmxQyAKdOjZDwjItZlTpwV8RAVasZ4UQZfqx5KCJnGhPtMdAMcH1sDTqjJhhu0Gz/RMYwCh6OSYDBYKLixWBoIHgP0aprYV+A84BwV3QI2RthNCHru8cjHUqWkpKSkpKTOZ0kALSV1JiUy0S1duvTyyy9fsWJFe1sMlygU0ewR+es8uOCh8CUC05RjHVeJuZxFeeFtW8BqSFEpMQ4FNOVyA5tOnFUq9kWNj0902chhcgl5i8/7NF8+WfLy55qFL6SoX0SHQbjsLHanUiydERFpJX6KiCpciOKUCZtLeeUpJSUl9WlTgTs08wTAYLzebM5yYrGKygrgUWBiEfyL/7P9PnziL7BcLp9OxQ3dh88BcMlwQ1VHjRplU5hzsZCj+9M+k751rLyI8EU1FF0LgE3WEA5em9wpokDeX2ow6MPKCTwq1ia0BSiMG6cqv0uKTUcmk43oQexAwKPBuyGK2PVq5AZtOxXRir/4i7+orqrO2/na2losxUDDqKezo3PHzh1k+pwHiY6jJ0DPGGOBP9tVpM/z3Msi4VE8FZWVYL4YTs7KYbH0cQsOMiLL57Gx4QYVllhmMQLDMGKxWMDwxTo7Kf1gOg14DSx+8ODBYMhfURFFgURHZ1VVFWg49gTYOAEBRyMRAHP0mWcaJJ8NoGRyEbFywPvYJhT4Xgu3jJleLIVFY2eFPmMG0D1UUqTIcV+X01ehKO4c4xCcKa9Xw8aturoKhQV3zmTSmF7U79L6rvJVHmeogO0cjci1Aj6fyUOz+Z6BtgQywaCUlJSUlJTU+S0JoKWkzrBwyRGNRv/u7/7uggtGPf7YE7t378ZFUZF5hEt0kUfXgk16cNHIc6mLaFx6wJO7RfMrIvOaa67Zt+9DwTS7TQS73DyGLnFZVQpYPonqumBjXb1Sjos8D+o6Xfq25LBc4sKsO6Z7YEvoY6sqd3DuFeUtkhoJxFz6UByi8iAyhV/wl2oW8dGebglajcvadDrNH9GVkpKSkvp0SeHPBnm5AwMINOMrBZYFQFiFrzJAoViEAE+BULGCgORivShS2GxR0/VEIl5XV5dJZ2w77/AAZ1pfPYru1X2abpO/kyYaMihhIMOx4MbAqhsW3wAAEABJREFUx+DAhmGKB6gKHDcDmAIW23RzNB8MhkRAMVhzZ2eHSk4UGhCzjxHaxl3zkReMjMVjAK8TJkyorKzUKGViPuAPmD4fusT9l7UvXfGl3//+9+3t7RgXNjnZTNbn0xLxODoJkA1QW8xlqyqrbC4MFG1h1IGAF92gZMv8gSGQYtQGvqxpOgBxjhIkejAKQ9UMnpDwSMsRvECB9vZWxVMMhnygzOFQCJslUGCg61QqKQwxMFJVFTOqUAIMD2Vr9Hl8lI1Z6XqqCXPCbaPJOxuVA3zn8wqK2Vm7tJEQJTFPeCFixvET6zhq1jUd+zEcS2bP2Rwmn/I0FrEnoTBznG3wcW5UbUcqQvic3wZw8mTtDSptCdMS6XsmJSUlJSUldb5KAmgpqTOpErvEhcdf//XUCV+46Fvf/taHH36YzWQcHjXDCzH+pKeJqyaHp2VXuqN6KUBJ81444cJbb731hz98JJFIdDkVHlcem/I8fidXXXUSA+YA2qP013ov543eNfQDoAfutKi2BJT7K3vs5+XQufzb0kSJOKlSsVL8tXgh6HNJog+lCrmPpD+ZTOKsjRgxQkZAS0lJSX3aJBYvbxcYJXFmmgLEBKxUmB8oE2jYNAhr6v6gYegKU+PxdDKZioTD4JxYQSijYCLhNfSamppcNudRPcCjIX9QpXhnVdcNhS9MOmfQpkrxxfgcRJjifAuulbMi0Sil43McEFMKcvaZnR2dgNSoLZmK5e1cKBiqrKrEshWPxw3DqKiouPjii/ETOxOsa/gcxzi2Q6yW32oFgP7c5z+Hyvd/tB+HoA9YED87lm61moaBXQ1GW1FZhS1Be0dHZ0dHdU2116thQQTd5su0h/uJqSan5OlMmjzKVBVNJ1NJ3MgOmCaaUGxahdOZjNtyJJvNTLjw8wDCsVgHQDiQMpgvMWKN7JlB1gGpczkLizDvIUFkmzI5M4fCog3gfp59kHIk4qtgMCA2YCJDA6g3BWujrTROTgrdC3C/bIwrTwbQmsoD2C0rx7cEjN9qpnQdhlEEascsoeZQKAi+T54nDmWZLnjpJraJmwEFyjst+LtonUlJSUlJSUlJnY+SyENK6mwRrldG1I1Yv27ddTNnkgUkRdbgCkiYb+jC/RllSkbDAn36/YG//4e/HzN6NC60ZODMaVafOevLw5zLUxT2+pZcLLPZcDiMq+Iz/+BtYsfKB5av3231X2LP+geWrHy7lZ02tW5b+cCS9R/08cXWHy9Z+Nwedtz64PmFDzy59TQORUpKSmoA0bogbmd6FN0gv2ZA5/a2diBg02eCcqKMlaf4ZOwHKFaar/4oiZuXWICwYaiqrAL/BRsF8wUbjUajBdc1KEjY8PKaycqDarDzeSsW6wQUxieAp4cPH04kkxT2bNvYZvD0ei7YNFBvJBwBF8YihcNTAK9JYq84MJVKg6Li8wlfmFBXVwfwChRr6Aa4KoX3WgRyDXIM03F3/G/+5m8+//nPJ3hzaB0NUHRzoWBTssJcW1sbPq+qrub5+pIowN2TGX52dHSgIcDpltYW8cwQhE6iY+gVWsSBOSsXDAQrKysZR74d7R3AuBdccEHAH+BoGJsllklnAH8piWIKNaMPjsDlwp8ErzWuglvAaQDlp6wMPtqA8SQYZJMFrIyX2GvpZCQSrq6uxgyL+wUg4wY/O1pXQgjcjSafE8ymYZq4x6wbhnDHRhN0pvkjaxXRCoxCbB7E6o8eommRE4Kdd9r93JKFP97Wwj41Omv3GOfE5ue0djLRtHnN0gfKt5Rdn4jtrrV/24ub98RdJiUlJSV1siQBtJTUmVcJSqpqsbqmYumD/5+/nfFVTaM88BSn43F1HVdfjJ6u7c6qx+GnjTKNX/3KjTfOwlG4whH1sMHS65XUZRnRXbjkIDHAIUXybxw26S49VXoskD1WXdHEHoyclf4VTyAkSFQ4aLt9ho2XIHIpmaG4YhSPyorKMSGlTIOlo8RlrbDp6POhWvEkL3/iOMDOtKydzz/y3JrFLw1AdVu2P/f8xqYcO23K7N343PPbDx/7Ra5py/Pr3z2Bi9nDO9Y/90ZThklJSUmdWTkeyqlLsb3EZZlmBiyH5d2iqvtbOmJN+/a3dSZ0X8Cj+5yiBzA0GAqYPm+kwvQHlJyVSmdiisfRDcWrFceMqvUyR1cLqXh7KkH+yICtlNuQMRW3s7WC4rGZks/n0x61kE7HEql2pjiVlSHA2A+bPmxuPpxIJD755JNUMkkx1NwhCvTWzwVyCqwM1FtVVYW7pljBAIhRM9YvyrPnFiha2TRBnykkGYTadXzguKYJ0vrZsZ/F2z179hw4+OfmIx+3tR+OJ9q8WkGYhEWjkcqKCuxDgGXB01F/JpsBYwfnBTrHDdoxY8Zgc4Sxo0VN81JOQsft7OwE5MWLVDodCPjRJXBnFAb9RreT2UxHIsanVdd8RtbJZ2xL9/s8uuYqxVQuG08nOzFHyXgig+EmY7E4ZT40zIqKCsLc+TxWdfSN0jo7lI0Q1N51HbBooPlEIonOoBsoCfqMr3j6DY/YG8TjCWBt1ImpU/mejfZqjs3tpDWxm2hrawXPx9t0NtOZSibyWUtVc0zJOIVcniyj+0wBfe7qyLvPr9+yN8s+NTpr9xjnxObnNHayadV1V3535cZDuX4+Sbzw0Ly7vvvtx3czKSkpKamTJQmgpaTOLgFWVlZWLF26dNq0adz0me68i2AfXMng+qfAjaGL3Dz60ksvXbRoEeV59/lwtabyBPdM6hTr2BjnPsH6oN/iyhzXzCK2nZ1RGdMe3fP6lj0PTOr+4MDqmeOufPoA+zTo1/dUj79nK5OSkpI6Myo91eQ4ZCuMl2CgQJz4+fHHB1pbW3HrVyQewAthCgHsG+R3nXnAMpS2rBw4L7YN4XAol80mEwnAU+GPgfI5ctggbgu86+H3RFEBCohYYIUp2EKEwuG6upGo8He7fvfJoUNt7e3xeFyECePnJ4c/6WjvyOfJ+xiImQyYDR3E2TCNSDTiUShrX85Cy1l8IgKL6RGfcCgSiaCtj/d/3NrSkognBDjGh5TzME+9ymSzZGnl9XbGOgHBNa+GGcAnInD4SPORXC4LCB6NRnlPyC4ZX4k45XQaFDeLgeOTBHlaJdFVTdeCoRA9QKZQyl8y4uCBxmTTrOuoqsizCGLsBo9QBifHh4rSlTHCwAwrXedFpAfkJ4eOxQRihiORMPqApjGZlpUHARe7L4dMt3XUAxSOIYtHnSwuoHMUMAwdaDsUCqNmnC/Vowo2LXzVbNwcSGfyVtejSOfAdm7/mivHz1y9n50j+jRtbM4SDb6/OoMn5cDWtw+waY/ueuaJVd+o7/XJoqtqGAvPeXj9Uz9af+8XmZSUlJTUyZIE0FJSZ5FKV6G4FHz00UdvuOEGXHGpZF9o80u1PE+VUxBUevTo0UuWLMFP8QgnSpYo53F4CPaZgq//gkO6Lio3bh66LXUp2eDQDzkpGrg5YR5d3jfWMz66ZGBdPpPl6Ln8cMY9oEeNGjVjxgxPWRrDMyejdsL4yFEjkH3/8QH7lGj/vr1MSkpK6sypK6MA4VEN8FTgZr/fJ9y3mpuPNDc3Y93n9tBp1avSXWc/2UP7ff7KykocK+KUfaYPVBTFwG39AT+Wmo6OzhhXBl+kU13OFbkcKkFLAMHYXbS3t2M9CgSCCrdmth2i2MSXAaY9Ss6y0DQIby6biyfiQLxtbW3YhgATO7aTzWUdMjZ2cYdc8NZUOo1PCgVXpCIkpKuwqqoqvGhta01nwK5TSf4/0G3AaIzdNAzUA3QdCoYArzEPaBHfuiKfsMJ0Tbc4liXvjjxthzBwsv7QdSDuw83NwN9oy3UcFM9mc2C4Ij8D+onxYg75ronSNmL1Ba3n4/UDkvMDKao6kUxkMlmRYBBMGd3Pk2NJXrhtiJBkh8+Mw32cDe6UYugG2sWBjGw0ciIRtMWhPJoT3h3kqKaCayuY9iNHWtAtnj1Rp2en6JEycvlIk/UHJtnlaQ/tcyaSYN8fmtg5pE/RxuYs0RD2V2f0pDiM+cPGAJ/UTblh+vgIk5KSkpI6aZIAWkrqLFIpux2ujmpqav7pn/7pe9/7Hl7gQghXPOKRTHGJGAoGb7/99ssuu0wYC+JCCJdYpYuW4QLN8tR8IlHegNc/ytAvjkoJAHkE91APYWcOQA/QYunsiCkq1wDHKscIsADXtPX19f/7f//vL37xiyLk6pSo+fmbGxoWv116v+uRrzXUz15z9Irx7WX1DXPW7mfs4DqUXPob+mz/s/PqG+55kbGmn9xY39BQ37B8+9EarZY3l1196bjq8eOqL2287dm9fZtG/2Z5fcOS1xKJravm1F/cHdviJt59ev5l4tgLJ1394Jb95QeXf3sxfdsymBNm/HdrbvtKPZUfX19/2/LXmnuNfcvS2xr4t+Oqr5i9cPOBvrq6Y2lDw/Sf7GFsy1000oabn5WxUVJSUqdbIrpZGHHxhIFk8kwp7nSd/ITzFpjpkSNHOjo6wGHBK8GGKWg34I9WRE3DFIQXywq4ZzwGRpzEW/DogN8P+on1yWeadXV12CSMqB0RjUSjFRV4nYjH83b+wMEDnZ2dYmE6ePDQn//8ZzQRiUQEq8XeI0NhvllUjqUqm83iW8DjyopK8FMcCDSMm9+RcBjEFpWgPJBqRWVlJBzhKJkyHwLLAq6Dr37yySeo/6OPPiLrZ1YU0DyTobx+wMx+3kSBQ9lUKmkYBvgvWlQ5HUYZEHQBbUG8bZqWPJZt9AQzRt8B4mazkUg0FusUGQsxUY5tU5rEAsFxlMDcobBuGCD1qteLvgHE03ySZbXBXarzgPVY09E6wLSiEHoGCscGTGzDMFafz+QcnxzJ8I/RKs9QGAQ/FAqKrIyHDh5qbW1zKAkkWtFQCcVlE41XwccJppOlSR5dAuUXuQcFsgeGxkkpCPJ+etT/Wsk3A+UbgPKtwoG18xrqF29hbM/Dt9DqWf/wDlHE2r9l4exJosJRjfNX/y4x9BZJbutrD9POobQZKNsq0JK98M1E/O2Vs7D6z1wjYq+Pbkv41qKlL8fefjc2AzU32Fy9OaBRsdP62oMzR10o9ksz73p2V5wNZWJJPbY389e8y6ew5bn59Q3z1/fa6ry38kqxiztW1oHXHpw97uLuDdvTRzsw0HCsHUtnNVz52K6eRVvXz2+47KFtfc5Ny5vLZ3X3dtzsZd2bscH3VwPtNstmD79Fa5vKWh54M9lL/Z1fmvAbH8ZuePM91PS8dft7fXL0X1mvBv5tGVbHpKSkpD6tkgBaSuosFS4/cFly5513PvHEEwDNlEWHdbk/+Hz+v/8HUil5HS546DqNOw6z80Jn+TB60ecBSpb8OsRrXGdWV1ffeuut//zP//z5z3/+FNJnqO6/XaIe2PRut7Pz7rfWNx1o+d36jd1+du++/UoLu/RLY7Fvtj4+eOBInh80+fYfLr7pCsZqr1rww8VLfgiitXIAABAASURBVLj46xd21xd7/Z6Gx615P9+2Z9umVdPZaw/e+D9/3df+Ot/ScnDH47dOu3kTm3r9TbMnmIwlti6eNn3Vvqnf3/TbHTvf+encEb+af9nNa5q6LhT5tyve/8w3V7+1bec7axf95bv3TLnvlVj/I2MfPn79LWtyM594a9u2t350+yV719x2VdmDwPvWXH3V/NUtDSvWb6GuXs82fbfhq08fG4kz/sbFS+69agxj9bfQSJcsmFzLpKSkpE6vuu5NUgSxK/LpAUgDwnL7iEJFRaVtOwcPHmxtawWHzVt5rDmhYAjo2c7bAKHC/yGXzYGIVlVXhUPhzliMkueRpUM6QHn/tI7OjubDzS2tLYlEwqU8eU57R7u4b1pdU4NKEgngqWIimQQJz+ayoMK5XBYrFKUttIF62ahRo8BYAU+DwSBgb1t7GxBzMBQUocGtra0f/fkj/PRq3srKikg0EgwEwZfpia6qalDjZIJskcF5iYkX6C36hgJ4TUbSoWCWAHKWGLHHEw6DaYd5ELYeCoewaGISAv4AKDD2RV6ixlYeXJvfzR3zmc8kk4nm5sMXjBzp9/uqqquDlNqXMg0y8h7JYbzoBrB7IpE8fLgZ3chZOTB9kG40ga+A7HlgMm7nK3V1IzgHdw2DPNBQzDR96CemBW3FYnGyxs5kMA9eryZIMQ+CzvDUjgnMJ4pdcMEF+AoTh3NAXSWf6CyNBR3zqqJX4NHofyqdsnKWMEUBqQdax3nEaWdDSFxxEjTwWpnBUt7Skw6Xtgq1U7+15Iez6xkbM+NOWj1/eN14UeFXp81fn/yqqPCp6daPb7nl4Q+H3KK7d/Xsybf9W+u0769/Z8e2t35wk/lm+VbBOnLwwJs/ueXS+a+yS74+p3E8neD3lk2Z/0b07vV8a3ET2zB/ysO7jh1o3xubQZrrqcSW274yf3Wu8ZmX+BZoWnL9/JkL3+4PMSZfuG/mbe9e9tDPt+x5ff2KmfkXH5x96QPdAHegiaXQgdu+sXz35Cfe2bHzty8t+dKu5dPnP9+Cns/8+pcOb3liQ3mujsSLP3uyqa5x5thj2sfQbm64bUNyphjaw425n99y/Y/2Dj4cY8qcq1jT00+/WO7CvHvdE2/Gr53WYBzTTnzz/Pr563LTsBlDb5fNTK67bdaSrXTs4Pur/nebNHsPOnPf+BXqXH4j27L45vu3dvVn4M3kMZPQ3/mtnLJg8YIZIxmbeBM1/a0pdb0+4f/uncSOnqlSbT9A09veemxu9M1j9rFD7JiUlJTUp1inkn1ISUkdl8ptHHB1dNVVV33uc59buXLl22+/jYuWkSNHXnHFFQsXfofyAvWUsOY41X3DdVrprQj6xWWSiKEududILPVf4FeBaIuU77DLueLYmst9LejAIlPZcUrUIwLKxCelJIGDAvpe3Tj2W3ye52LdyQahkhGHCI5m3XMijhLBZfgJ4oxz97d/+7c4iWS7qShD6dIJqH7m9DEr335n/331uDzZv/OtlskLFrEnX9t54PsTcVWwd/vORO2Mr07seYwxbsqMcdYmtiZe3zBj+pjyr1r2X/bSu8um8hMz5+EnPt45c+XGLf/fa64z+mj6QNNnV+97orHr0cXfLb/rZXPRS1u+Lxq7atGG18fffMU9j7w595npBvvdk3e93Dr14Z0vfaOGvh09d9WmKZ+5vvGR/gfGPmid8NM3n7omzMsv2vBXl97VOG/pY1vm/ajRYNaLq5bvHr3grU2LJoquPrDxS1Uzr1xx/9qZG+fVlddSM3F6Y/jgj9mmMX89vfFaJiUlJXV6pdgAyASdFS9uUGpKLs8cRaXcd4qp6kWdc8w8Vhms7x2xVCBsFTpiimZ4DV/I51cKRbXIHNUq5MmqGJw3EomIgN+KigqiovG0U/A6eRcf4ivAX+BOkF9gaPBZsfr4TD2TSaEk5c7Vi1aenDoMw0AxCsxWDdWjKUzH/W7Vo+aYReYbjt3Z2YlWXEp1SAKzTqaSHe0dIy8YqTAFoBmkFRWCkufNPJg12Cuwb3NzM+7ZVkSjsXjM0B0+cA9Wys7OWJdXtWXpZKZsZ20LhzjkqqEX+VNGuC8tFuhgIODxU2C1Vy+2tB4CHvb5NZ4n0M3naVEu5vO6zwPya2pog9w5AJQ9RSVomtig6B7VUyiSLYbjql7dpQjmLgNuHsRNNhqoHA3hQIBmHsdN0csCPQcCfo62KY2wSukdaUuEvQ1eYzAoIxxRgsEAxQ3wGcbwMVLgdW7wjc0JhqzyIAOTEhvmsjRXqjfv2rgLgaEbKbK6Lm0STpmGvlYeK2PClxsn5N9gT1t/eVXjjC4A2rr+keW7K+dufn3ZFbzCGQvXTq2/p37+HnbRkFq03ly5dPeYo1uF2Us2Twpf2bj8exu+vvmWGlFFy/7xz+x4Yka4qx/7d/02zqYsuGMKdeGqJc/9xHjk3RbcjO6FZPvc2AyluZJaNr/y7zU3PfOzJTP41rtrC/TytlVXNfY1Pwd2syXvbLp9Ag1z/LwfbJk6GsNc9vicbd+/iA2iPTu2u/UP3dk4AV2omfvMT9nCDdZ+i9X6G+fdHJ71i+e3f7drG8Y+WPPIm+EbfnrTsXfOW15avnR3zbwNW1Zczt9Pxzbp4rsa5u9m9YMOZ8LN86748bI1L7Xe0DUJ1os/fXL/RUvmTz62r62bNu2pnf3Ey4sbaR84+qZVqw5un/nkC79Zfu20wfdX/e82DzRdsv7QD6awsjrX/OrRa2eK7WL/m8meGvD8jp863di9mr04esqM6Q2i/LGf7Kf+91Pb9EUvjWaXzVpeto8dasekpKSkPs2SEdBSUme7cDEzZsyYhx9++Ec/+tHTTz+9cePGf/qnfzqWPgvse85YB54XwmwDDeAEffnLX7777rsvvfRSXDDzZ2kL5XkFxeXojBkzcBJvvfXWsWPH8qvQ0xHkPbGhwfhg23Z6sPLA/+/VPROuuvH2mVOaXt1CscKt729vCs9sqB96bcb1X5969LZA/ZcmodaW5r7Lhufc0lgyzmvauS0+rnFqXWtLa/c/a8wl49hrv9nR9a163YLZZdd76vgFdzayATT6pu9cEy5rreHeW8ezzW/Qk5Lutjc3swk33zix7A7GhG/ecS3b9drbAz4wKyUlJXUmRLcv6R6mh/9UuPOGU3p0BtwWNDMSjYAvg4c2fdh05MgREE/dIIdoYQmN8gQ9A0FhPQHQDJILymwaBpYbEFPQ22hFFPeBDZNsiwsumUIcPnwY9TcfOfLJJ4faWtsSPIAXNFZ4QKNalA+Hw6DH3KCY3CFQZyKZEPHFlGfQSyZgcYiHBguXZPQzxw2RKZjXdXAUCgaCVBuOzWYzlVWVo0aNCofCLS0tbsHFJ4ahB3g0dN2IEdVVVShpmmTcnEqlKS7YddDCJ598Iu4BA2yTuTOjpH/4JBqJgNf6TB8GnkwmbR4lDZrcPY0Kp+ROLBbTdQNcHiAY3basLrdl13UwFRiWsGymjIVeyjcIBC9soLOZLGi7mOERI0agfXzYxoUCmBheTwFgGiCc3FF8JroB3I+1HicOYw+FwtgbVFZWRiJhHwVTq3beBmIGlcZRGCn6gjGSxwhNs5tJp9HJU56d+KSvle77299mE74974qyCiPT7lgweqgt/vLNLeyiObeU3xUfd/u909i7m99q6f7AuP6bM8oW/7oJ/y3CXv2fd658bfeBeIbVXrNo1eLGsWxIGkpzJdV+Y/Webcv/xmnt3sbUXIjd094D/aVgvPbbcyeUD/Pb37mBHXjtN0Ow+Rp38UR1z9K7l63dubclYbGJc1c9PPcKzjCnfnvBhMS6tW92heRu37Bu/9i5917TB9/89/+zjV10+/zLyz4KN37nH8YMaTh1N917ffjdn63rsmtrfn7NZjZj/ty+ZrVmzuptex5tyJW2dtXjMZ2795+gm1l4zswpR99ddCnG8XEznZOBN5O9NKzzO6j6qG3iot/u3Sf48rA6JiUlJfVployAlpI624ULJFyu4CIQlJP1jCkuV55SFFKkrciiw04NiC52pycs56e9OjNAYG+fH5YMlMtz9J0Iny05NR9fVb0SCQ5cEj/r6uruvPPO2traxsbG/fv3v/fee1u3bhU5o0RVuPKcPXv2rFmzcEFb8uJgp0eTGueE172205ozeccvP6if8+MxtaxhwgNA0rfX7dy2XW1YMGkYlY0dWT3ksqPHlvHkj/fuZfv2zpqypnep+u5vJ9z4hZ4R70ZgwJiRSRf3CtyeMIEunpr2s2sp8ohNHNcjdpv5w6DhuxM5JiUlJXX2ScXSQEmGHY+qFuw8BeQWXBBPkFks7vF4Ahx5RO0IkM1sLgvUa+Utv2ZQ+r6MN2ElwD7tQiFLPg+Aq15wXnBkERCNwy3H6ujoCAaDmWwGx4KuJlNJeprHokd56Bapz0+3RXl+PPFYDwg1cDY4MsVAq5pj27qmk+mzrkejFQ7PtpdJZ6qrqnOdObxAi1jyyHga2Jpn2RUMHaueaZAD9aWTLv3N//kNPgS3/fOf/2zoRihYaRElT6KAV/UCAQs3D/z0qJ4KDMlncjibw7cEd32+cCSCCl3uIYJWRH4/cFt8h6YxZAwQX2GWyMcZs6MTREafwaax7OKnTZYieWF7DRidTqdQCUaIScOQxX7E7b6dzxm0xf03VIqh9iiZTIZDcNxUDoj0w/yxJ5cYvWPjcFSOb/EhThmmGqMHaE6lUyphc8yJjTodcOdggLttUOxz6QGyQCAIDK24iutV0RBKCnOV0i/JSd45HDzZa2WfFbJQNDTEFg98vJexC8f3BJ1GxI9vEtnu9732IcZVy3esDt/1+LrbZj1Jb8c1PrDi0flfDLPBNaTmjiqxa/V9dy/9datRNybCr54tMPPP91f5+C/V99zDqPV/eRF78cN9jI1hA2vs7S8/Z/zjP69cPGfdYrytmDTn4Z+smsZ3VMDN05ff9fPnW6bPrW1+fuWGxBVL505gQxwaC0dCQxuOce28uWNnrlu7c9GKyezdnz75bnjuS9P63pLFf7fmru8s39oarh0pQg7iYLsT2AmqxwayXANvJntqmOd3EPU9pcfVMSkpKalPtSSAlpI621W65Cg5PrO+rkOEyUMXe2WnTEUmkgmWKLNyjF2zcOFgPdMJ0lv6X78AuvxtqR52Ij3tWe2w5CEvzsGDj+g6mV9gazy7EHTRRRdNmDDhr//6r9evX//hhx/i+hNf/d3f/Z2gz+XOJOz0SJ3yN9ewm9/eEWfbto+++iHaO185Y+zyF3/dWvfuFvaVJ6Yet9HJcDSibgwQ8zuvL5jQ37e/PtjS65nZgZMQfri3iTWW17Z/Py4Oxn9mNK6iaj/DWEsrrqXKrmAy5G9qyBVPSkrqrBR3cqC7y4zTVUBPAGgn7eQscqIAPgZFLSoF0FIsJQCsYnmjJdijgPnqhhFLJYoFco0AY3XdQiQcBtIFkKW3jstz+tlpHlorzKPa29spgNfJPnb0AAAQAElEQVR1wV5RCeoTIJi7XijMQwucz6T8eLksAXHy5TCNEdFqLHfZTBY9jMfjzUeak4kkZRHExqNQvGDUBXUj6tAfblKh2PwJIcBW/G/MmDF/8Rd/EYvF0ApZULuUoA931gmpZ7PoQ2trK3j0+C+Mr6ysDIaCLmMal2WBw3r8rh+NYvAFvqyjAm6sQZQZAxGp/1BngOKQ/U6OMDSYL/CxiIYG7dV1A2PhFtJkbF1ZWYG5487LQN5F4fvMXcJcupFfoP/xOGhTBAFgR+DyTwG1MbEUx11ZpetaLBbnTdhAxkDP6FU6kw4GAiJYWziPES73Up9x24DyTGK2C7jLYGu65uXGHeJ3oDsPoaMVXexgMBCRZfpUuXXVDH+tdKxhV8isHM6lOpQWa0eAzTa3kN9x2eHxzCBXq7XTlrw0bQlzrfi+HY8snrf0G2zErtU3+NlgGl5z7/7o7qVvj1/xq7fnjRUo1npxfv1d/Ub67iXUPK78k31NTWzC347uu3jPiY18ce5TG+c+hc4c3LdxxbcXz7+xdpPw7jBuuGXu/5yzds0Hc2dvWb09cN2GWTVDHhqzXNxw0oc0nIvmzr/8ycXPbnnoEvbks60T7pvXz15x1+N3L9964bLf/mpuVzWZV2++5J6P2anSwJvJnjrOX6fh1HZ8HZOSkpL6VEtacEhJnSc6tenspPqSeESarnt5qBfrtnv+3Oc+d//99z/66KOLFy9esmQJADQuj08fdO6pqVc1sl+/8uCbW4xrruZRw2QMvf3tR174Nbt2euPpsaab+OUGo+mFUvJDUmbX6geWrH3P6vo28cqaHvkMEy++/OpANTa98dq+srfu3hf/nz1s8pQv4RrJP+VvLmfbX3qj/BHL+K/e2MrG/M3kwSKPpKSkpE67OEbmiQQY3b4VTzIVyVZY9fJkBiNG1Pr8PtBkRrHSKhgo+RRzhwgs/SDUWF6ET/Qnn3wCnltRERWOGfiK+KlXBSQF3u3soMjfVDKF1xkuUGk0HgqGqqqrTK7Kikoe9ez1B/xgtjwhourVNA6piaKCyfooONmHbzraO2LxGEUBuwW0Avps+kzAdErxV3ABnsWaSJHMft/48eOvufqaL3/5y6NGjXJsB9gaQNmx7Vwup2t6RWXFuHHjRo8aXVVVJRwwunMqFC2AWzLMoIyL4PP4HB3A6DGQXDaHkQKUB4j50mSiKBH8ANFblAEg5pUoqBANxeOU3RZQOJez4tRzSp7BqX1eeECDKaMk+kMVsiI6KdB2Op0BK89befFEWnV1NSo/cqSFG1WTlUcoFMZxdMY8Kk4BaDW1mM2BuQOvM75Ji0aiBKYVBSAbE6Vpep6Gb1k5cgQR97PBnYWtNu4W8LNzynYOg62VY8eNB2H897KFu2XnW02DVrj+lR6uFLtffbZpiC0aU/9qEtv5/KZyY6/Elhd+xcZedWU/kad7V89pqH9oG71UjciEhhXfvY65B44MyUFkWM0dePe9Vjah4dqxRnnJAfTa5i3xsrfxN195wQ1PvZxSNQ44sdbWBxrqb1vH59CIjK6fd9/tE9iB/Ye7i06+acHYA0+uX776FwfGfvOOa/0DDG3dxvIz4e7Z+MLeIQ+nZs6tjWzz0w//6OnXWOO9t/Szdzr42+2o5q8aStXws3kKNfBmsqeO49dpAPVVW/PztzU03LUpMcyOSUlJSX2qJQG0lNT5IH7VpIsgaDZ8CVuPoR171CtjKEXL3ZB5KFDhlNsaHq9E8HihW72+FaMWlBkXq+XpDXH5KiKmxRyWyuAae/LkyZMmTcIlJTtzMiY3TE28un5zeM7Xuuw2yBj6zVdfTEyZMbm/jtWOHcuaXl//2u4DLZ0nY/c8ed4DEw+svHP++qaERU967lj93buX/pqNFc+o0reJF797y9K398YtZiX2vvbAjXftqhlo1mpan5wzb/XOVstlVvOO1XfOeeSDmnkLRSqemjl33xR5b9n0B7ZQa1aiafOSa+7bEvnGsnv7Sv5TNxpXVjvWP72jqbU1TmO1tj7UWD9n3X4mJSUldZqk0MJBGQUVp8CcgqaoukrUEuQWCBp4UvNq0SjhS4qiVT38WSHc+AStZoViPp1OaMwT9PmDpr8yHMXh4MJYjJqbmwExUY/ruPF4PJvLAhmnM2m8RiWRaKR2RK3f7wtHwljCKDSYWKrHZ4R1r58VNfyz8xQiDdiazWQrKyvjsdSH/7Xv448PNx9uLxZAWp1ctsDNk70Bf9SrUQoEEGoeUFxIxBPAr2DNEa4LLrgAGBovRo8ezdFwDNw1GCSjDwwQ8B3gGH0DaiYunLdzyTRmw6eBgquMwpBxu5cmhHGCjAPRbYyCgLVBds+Grtt5m9C1YWheLygwVmTTNMSCzp2mjYqKSm4VAnquhMMR4fjBKTMDEaY+JxKg5+RbYuXQJbQC7ozJB1wOh0MA78TuMRfZLDZdAP3YAmDZb2trx4G27VCgerEIfo79GJhysTteW2yIcGxXZHRBsfP4SvX7grh3YBgBvM6k87msrTDN44vGrUIyZ+d4RsTy/MYnVYOtlZO/OkM9sHLpyu2tFnMtfDv9Jwcj5RWMHDOW7Xlh/ZbdB1spsFRU+MHy6fes291Mh7TsXDPrzudjNUNtsXbWd+bU7Fp865LX+Nfxpi0Lb7xna+VNK+7sz8hg/N9eFWr5xf23bdyLzQDL7F3/0g6mjhnRt4FD743NcJobc8XlNeyDV9Zi18H3MI/cev/WgaI+wubOe64pH+Z3X7UmL7n38kEn1pj6lUnx3yy77bEdLbyl7S+80sTGjB1Zqrn+3vsarefWrE9Mmn9zv/4OfGh7lt5yz9rdpW3St9dmaoY+HGP6dxaN3bX66V3GzXP7DScffdnUGtb06vrtvJqWnSuvv39beQLxY/ZXffR0eLvNgTeTfUzCsH6dBlLtzQ/ME7Xt4zvF5h2P3L3kNWvKjV8JD9YxuauUkpKSOioZMikldT5IBOGetWz3fJWg0rim5Y8b99aZCnnurZqrb5jMtr/b8Dclu2duDL12VMPUmv6OqV/w8O2//O6622atYRct+e2m24cfLdJLY+Zv2GLcc/vCr01aKD6YMPeZl5Z1B+90fbt4XuNq/t6YvGDzT8Lfm7283/queXTzJc9fP2/yUnHBEq6fv/7Zh7rz7RhXLX9/bfj6e+Zf+Rx/r4YnfnPtr+9v6JNoG9MWrZq2YPFjc15bwW746b6nrkk0N+1t2bevxWVjT4s/iZSUlJQQkGQBWJdIa9GimFwbiwsYJpAoVhTNDEDAl6CiwKyeggNOKtyNKYzX6wn4/RRQnM0WFSaMOzo7O6urq4UtskiZm8qkFI/iB4I1fYZJUcYcFhdRHqiaLD50w3Fd1eslrwzXSaXSgud2xmJuoQD8rfB71iiIn5wv26gQP4GnffxZHw8BU4rUTmTJ1hl9BsJG/RTUzMO683a+s6Mzk7FBfmuqq9FJsjzmxxbcAtAv7uuKG+rcnUPDJ8yjoEIMjTyucQ/YS/XEOmNAzxgLhgb+G+Qi7uza4k4w2Sh7vYDv3CXDEQYXPJUFtky4c0w+HoGAP0dByBamncK3eRgyTgVosterkhmJR8EweQh5HnOFwhS/TEYiODt+gZg59CZrFHBq9AH94TeyXdwzAF7PZXNFHiKA1vnDakW058VbW/Xw296A3Tkql8Mckp+J6sWMu24B9wlUhZG99ZBTUwxLg6yV/sZ/+fntTfOenDWF7JXZ2Oue2viDN788/+jxF92+6lvv3PZv86/+VzZh8bZ37hjTXeGyqzct4w2MueHRTf/y9uTbPhxiiw2rXl8b/vY9t33t+a7yE2/fsGHJtf37aYz99rMbWm659YHGUffz99gM/PzRfoDpMRub4TR3xf3rV+2fs3DOZL5LMSZ8a+3mrz0yvd8ntUbf+9PvNy+df+WlCVFx7bTl7/zoptohTKxxzaNv/cC6/pE59f+XeD9mxsNrvl92+5yj4S1PTvrOnDrWr7qHtnjWq4tFB65/dMcP3qqfv3fIwyHSvfK7Bx749pT+m5n00PrlTbcu6fI+NsbPX/vsjQ/PXl/qau/91bE1DHe3OfBmsu9JGPqv00BSJ614fePYxXff1lhW2+tLeu1j++qY3FVKSUlJHZVy3B6pUlJSgwqXfxUVFex4NXSgjGun//W//teOHTvEE7X47zpfcIvFQq//vktxu+VvcU3jKTKdq9SuED0F3LMKujxWivxSiI7FtZPKPaCFA3JXmTLzZVTSFe9TLFKHyvyjPfRPKfWkFL5d8rLoM8+heOGyHmPDHzKlLDVi6dhSVaU8h+wYlX9YCmE+9mKvdC7EnNBFLKfPuNS89dZb//7v//6kWKAUue0jO49lJSiruxGuDRvD/vZYuVa8I2F5w7UVfZe3OlvjjhGpDBty0y8ldd4JKyyAHTtnhf4Hgjor4s+TJ5fNf/JJc2dnRyyZ9AA+FguJdKpgE9kEncxmc5TITvMJg+aa2prPjv2sV3HT6QyPq80DfYaCUfxEnTwPoZa1rT/t+1PtiFoslplsJp1OY5+AhSxv5UGEgWXDZNyhaLoGlgqsjJ8UK60w0/BrXlOsi6Zh5HnWPjBUwNC6urpQKIydweHm5o6Odqza5OCcyUYrKrLZzOjRY2pqozgEyyLINXUpFMLKiC6FQ2HKUui4wOuOTdy8vaN93x8/xouRF1yAFkDDQZCxCcHbSCSs64aHjJKL2BlgPU6mUuDZAMdokVAy+lmwhNs1VkwcBVaLgpTw0DQpJ6Cd8xAG71r60Xl8A7wbDAUD/gAIr+s64XCEm2U7aAugWThggKoDsmNEqLxIDNp2OIZmlGbD270rKOJ0+Pw+bGfyeQtTnU6lMbHoNiUYBNjmyQwxcB62LPyjKYoZ9aB7AM0YGn7yhISUohAdQEMcwVOaYnBoVdPDwaCmKn5Di4aDOF84kPHNzCkyWxtwrbTirQOts8OvcAgFMomWtGUEaiJD3BCJzQAzIjXh43nibMjNWQmK5DXCNZGhNTNg+YEnln/L+pqinctGzdm2oMsVejANOLQBu9e69ubJi2tWH/rRoF5t3V09vsk/Pg1ruzjcX6cTqW24+1ipU6ZzfYcgJXWWa+LEiaXX995778CFH3/88dJrGQEtJXWeqARShR0Ev/RSODE+Hg0Ya0PBTb2+LxHbYznv0SSE3d0Rb4vDDOcZ6G5ZkXU3ofR3oLgW7e9bVpYyUZQcONqo5LkxcuTIadOmSQPuoQqb8prj/fZYqbjgGegAo6KmlklJSUmd1eLZfEkAsnzhKVIctMejGV4eoaz5fDwLsap3dHYAd1ZWVfKcvh6Opy0QVXEHN5PN4gU+zOZyIjMBKspZORQAVCWvZL+f4pG95FMMRhyJRApugdtuUIt4EQqGQHhxF1sj2w07mUoCxSaTZC6BwkC9PGdgBp+gq4CzwLXoB1gqWHMkHDYI5npRFY7q7Oj08Cx/kXCEh3WrYt1Ex0LhEACu5qle5AAAEABJREFUwvQP/+vDdCqVwxCSFJeNysFz0ZeamlqMGvUDfjP+mJFqaNlsFqCWhydjkpQcp8AlDE1sN5sDZwfsVgqUxFbXNQyhvb0NtYn1GoMFksDoeUh4osgNtYGngYDptn3eQsVoUdNAtCkEG+UFR8Yh7e3tlZUVwlcaO4621jacBREBDeDOPbWzuJOO2QMAR7vg6eSo7fPlOdrmTh3eRCKJuQoEgiimKD4bb7pTIArjafSTZ5tUMfN+Qzc1tZQ0UvSEnRoNuFYOss4Ov8IhFPCHa4fFCtXj6eRxNAdWO6xNxYDlB+5zf9+2rl21zrp82e1Doc9skKEN1L2dTy59Lzxv/VAyhZzY5B+fhrVdHO6v04nUNtx9rJSUlNSnTBKaSElJSQ1bpdjqSy+9tKqqiklJSUlJSZ2YwDczVq7gukzhT+Qwj8sfacJqk7fzRZeS7wEV23kbhNR18ql0yspZPGWfSUbGhYLpo1BZl55fcsE/wTHFc0iC1YK3ejXy1tB03bbzeAtGnOUEFvSTpOloTEc3Mhmd3KXMZDIFzGoYBeBXcNu21lbhrYwWi8WcQs7RqnDwADtGW+DdZBzhpWx8YNzRaBTNxRNxNOQL+ERYtN/nTyQTgN1gx6DP6FhLSwv474gRdRXRKGhyDtRVUSzuGaJRADLReddxCdBzW2dWYK6rWWRk4QUOJlsMzIftKJTHkQmzi1QqTRkaw2EcxaObTdQM7swNmilhIw2eJ38EUkev3ILqEMsO8MhooHWXrKXJQZue4hLmJzzTY8E0iGVj5m0P0Wr0nyKvi0WLW2nQrQLGMGl0RoviiTFF1030DafPdelRM3QJk61QMcotKd5yq2iyt1Y19IrGBXCfy1kogzlHE2iISX3K9cG61e+Fb/jpTaf45rr14rPrrIuWzJ/MpKSkpKSkTqIkgJaSOn80QHSMyr/xdH/vDiH4uJT0pjwWmDtU9HDGKHIaWwoZLu9DKSPf0be8TJ/WIuLAUvnS21L8slJ2LAYiPDcGqEpcBLK+grLLVd7DAQKfRX7CYvfFpLAoCYfDl112WS9jEykpKSkpqeOQx9BN1wesTGuNU7ALNjlR8EeGQDw1nWJggUqL/Pkm4N14LAZgSpYXjgP6SUxTUYCAWaGYisc9lMqPgoixaIPjEl6m+GKs7My2ipoOQgqcautakC+TQNOaqlIQrpW3QFqxXmsUfO3DEbFYvK2tTXTSHwigLTBT1Iw+cLpqiFhg2+G4VvWINLz4Cqwcr0GFMSjAceGhgUo6oXg7qGwul9CNcDCkt7VmVc6DuZ+15tKDXITCFR4+DLgMskxRwIUiPkmnMhgOgDIANz5PxBM4Ei/wLXkrO8VAMJDLUhh4OBSyuCMzquLRxLQxwIgMw0A/0b0iWZAZtk3wF3BZ8fBHoDw0doxQpXnwOI7NMzSSeQgaRf0YBebZ0Hw8JtrKc5qPCeYMuoBzhI0BIL7IUdzR0V5dXUM3FRTauaCT3JPaZmIv4RZQJ0rymQTEL2JWwbVBn2OpHOr35XJi5iWA/tTL2v7qW9kvLrj3mlNs79D8ygu7x8z5/twTzv8hJSUlJSXVQxJAS0lJSR2PcDlaVVU1fvx4CaClpKSkpE5cYMMOpRkgew2FcRcISueAG5+eYCiYdxmIqs/0AU0C/3o9nmi0QvhaAOdaOSvIEw8K8w1udmGDsVIQsUFOz4zflw34AwSg7YJXJaIKsAsujP+BHXP7Dp0BWzv40Gfb9v6PPwYTBqVNpVIVlZUoDtqdTCQ6OzoouV8BpDWM7gX8fiBXDpfxoZvNZgjLWvlYLIbP0YRhGiGX/KA9FNdNziGRSMR13FEXjBLx1LU1tZUVmdaW1lwuGwwExB1joFjc9QXiBRzOko+zkctZKK/pGl6nU2lUDuCLnkeikWwmK+rH7OHweDzu9/lSqRwqrKysxIHxeCIYDOC2MeaKu2Tks9kcxou51TQvOD5eo+cd7R3hcAgjRedbWlqi0UggEAQXRs18+AHMBl77/aYwd25tbUW1FRWVeG3beZGCUdSPCtEZdDhaUeHyqHbD789blofPgmn6+BgLgshjROI+O471EIV3VNVbKLq4/S0Se6AGygYpGfSnWsbUxZv2sFOvups2bLuJSUlJSUlJnWxJAC0ldf5oUOfio4HAPYv1ClUWsc/Hhj/3qV7eyngrrsoGOoTHUCvFk5/S/aRo0Glk3dMyefJkMOihlJeSkpKSkhpYQJy5bLbIH7cB3s1YlGMQy7N42qhQUMBWk8kkQCQApWFQUDM4qYe7J2uaL51Oo4aC62YyGazpBrc2JmDNil5N78pVwM09dI3wsbDsANMEpw6aIYXzUA8BWQ1cFd9yW4wRlpUH862pqQbVPXKkhXFDD8dxI+Gwh1s7G6bJ7Ts017XQTZDlliMtqleNRqJgxIDXFLyskc1xjpivwQ2sFX/Azz0/yOsZOHvMmDHckTknnDcc0FzLMnQ9m8thEtBnjBGlKXIZ/TfMBBdlTTRNwFlwXsFn05m04toFF/zdBW4GU8Zk4ivU5/Go6XQK5btJMTHlioooKDbjthhgzVlK2JhBv6qqKk3TwNgxq4ZRiXGiAL4jLlwo8Dhoijqvqq4yDZOXwWwzkckQNWMImWzGy1MXelU1T5HgXjuf5w+RkYc1eoL+UMZILlE/NlD4AHPADcEzwPTczltYf7i8hwEmJSUlJSUlJXVuSgJoKanzRAMbTZTKdL8sA6YK/98x9Qydwx77SenzPrvU1dzxp0g8hRI8fdCgZhQLBoPXXHMNLgslfZaSkpKSOinC6mNDjgM0aRi6SuwyzxcmSt3rLXRZA4M7h0fVATQDCoOoCoerjs5OHEomEgWymHAcYWSMFw7FQesasCxPXgjITM7KvnAYtWleDT91/m0mmwX5BcMFWgW5jkYrbC6QYnDkTCYLIuy4LvoJ6pq38+Dgfn8YDBfrJloBfW5vb8Pi7ucx0Xkrn0wlRaZE9BAjQh8onpcVcTixcrKQ9ppB0y24KH/BqAuSiSQ5e5CrNdHzbC6Lz7NZK55OoTC6aju2j/nE/iGTy4QjYeGLRUzcJj8QgNoUj7wmcwvXJd8MixyWTdOXAZtWPFRhLgvqjm+xjpOThl7qoRfMF1wYncxmc6aPsjZikhMJTLIPBzLOqTs7O3EsSoI1u9xEA+U9ZPHsj8VjJcMuH49xxtkhuxKaQxo7yDTmEDhezXsdfpZBw1GD16sJszEcSiYkmiZcoel0pB1KG+nxCFAuJSUlJSUlJXWOSj45LiV1/us4+OipS7Ze0rlObT/3uc99/vOfZ6dlrqSkpKSkzmOJBVHhae6AGjWvF/QUvJLTZ/LTEHc68RZo0u+j8FtQTXwSDodFlkJQY8BNCmf2UAgzaDKYZcBPAbOUJ0/X6PkkYGfupAy8C0bMrTCiOke9KA+2SxBW10KhcE1NLf4HPuu6FActgpfTqRQ6kEwmgVdVL1htVPWopmEQwi7SY0/ZXA71RyNRKJezuD+yDYBbIExbbG1tRRnd0EHQBYnOZrMoX1FZgYZQeETtiLqRdfgEnwNSUzpECuJmXtWLOsFzUT8qSqfT2Uy2oqICQ0DlmTRReIo4zmSAaIMB8tnAV1icwccrohX8gS4OzU0fKDCBcgygUAQ+xsBBnznmzXN4XUgkEuI1cfNcrqvPusGDrDM53oGRIwn9HzlyBIVBk1EJWiTvbCuHCcF0YSYxQEYR5SDLKgqQEbZC8N/O2/zGAPUAZSiAnKKl6TYDOoyfAOLCdxsDpyyL+E0oFnmv7IGfLZOSkpKSkpKSOsslI6ClpM5tlaKVRRZ41p1VT3VdhftIimKFYv/XLUXyxChFLvPk74V+oWqxqLhHswUqbEgguXTV1Mv4g52k2GH+XDLVLlw9KEVhz3YH6NXxOTjj4vZLX/qSruulVIdSUlJSUlLDU7HL0rfIXE1XgCO9mlcvGEC9bsFVFG8ikcQqgxXZNM10lhL/YfUBa3ZspypSYZoB08Ty7sGCn3NSzOvRDI1QJqAtsU36H/dd9gAB0xJZLOpoxsM8XhfLl88E3MxjyfToWjyVsm0Hx4DSuq5FMLRQaIt1eBg97hOLxUBOAUbTmYyP4oJ94NEeTmlNn48MLhwnno6j6WAg6joe/MumbXrhFj2G5riu6qGsiihJGwxGw0E9oVAIHBmv8aHqLQRChmWDcaezOSDobDgU8obDLngt9jYYjlc1FEo8KCitqZjA3MkE/Q9EfsyYz2BO8AKjAO3FpCUScc6vi2C46TSZmfj9AZ7ur4C1m1qk5RtYvAWD8BAI9gCOR4wIUC9QMh8ZpgL7hGIwFMSUAnybJp0vnIZwOIRdkmHo/E5A3qO64MjoaSAQAKAnzw0rj26jaRQWySGJUOdy6EN33ma6rwCQTS7Pjk2JEQsuGhUknUw5vGouizsQWU9FEOzZzzyWLQG0lJSUlJSU1DksCaClpM550WOq2ezhw4dFFnWJRE+1yNLR6/3c5z4n0w9KSUlJSZ0siUhhJsJfmWJZls7tGig5oeOAINNbr9floBMsWMNblcKZUTqbtzwKbr8SbwWK1bwayLRg0CLIlrLY6QbVxm8woxKXZzgkOKugCSBRRrHMhUIyldR5XDC4c01VNT7EgS0tLagfiNbQdRwpTLoMEwxWLxDkFfg16PP7EokEGgCS9lLGPKLqZFoVCiVTFGGdzWSBVk3DRD+jFfQ/8poAT6+qEqYcoLEfffRRKFilf+5zpm3rPHYYTZQwLpk+513gYBxSV1fX3t6Ogezd+0cwYgwZxfy6F7fVeRA0ZSP00OsAh/saJtjKW8JsjHuVsBEj6sCg7Yzj4cbNFsth2jVNx7YKh6AS4GxMSIDDa3SATE4UlkymwmFy/7AININlezVd4/kzKHVkLB7zEWH3i9Nq23mK4/Z6cdbAo3EU8D1mLJezuGe0iS7h7GAC0UGVTqiOecOcoOeYbgBuVVFApX1Rg0lJSUlJSUlJnbOSAFpK6twWz5buplIpuuTrNi8erisxZWTn3sdCvfIKDiBR7FgOK64S2dCcqUVvS6Hcx9Y/VBX5/3iV7Hg1FP9rkY8eV79MSkpKSkrqhMXDlGkl7bIP9vmamw/bBQUgGOQRUJWwdNFj522QYpRMpVP5bA7lKysqCvwLYWcM8ZR2RJkVpogEgxqBYDoebFTcQAVszVOSP0u4Q+QdWtTAOtOZdDKZRCVkr6F6AExTyaQnyPK2DQLLM+Pls24O/QmFQqrXCybLKXPRtp1QMOgPBA4c+FjXyHDZ7/dhZ2IYprBXjsU6vV4y0wBXxeFoHRWOqB0BrqvwzqCtbJYsLLCMi/x+FuXfc4S7tM8XJOeNXJa7grgB1Iuac+SJHAqHMC50u7a2lqaSPEYo+pvArkW+FiircOORdIpWbdSmCB9sjydnZfGzsrKSXLddYbls45PW1laRYTidToZCYUy7QqNXRFCzMHTmGydPPm+JCG5+mjSvl5yuq7KtozgAABAASURBVKuqhT13JBJB39CfWCxO4ed6ADga5XkfcF68mFgelq6BNOMUi42Hzj2picXbFDOu4hzy59SkBYeUlJSUlJTUOS0JoKWkzgfhYglXeiL8WXhoDONgkRGQQ+eho+dBquxmyicOoIcF07sqGaIzyAA1DNYuLg4PHTrU/QyvlJSUlJTUceroctNthgX2StzSMESeW6w4WNl9oQgTd0ALLuUqzOc7Otp9pgnqCeBbsHIU0Vwoig2AV6MdPt7qFE5L+BU1ALrie4GAuXEzmQ4D/rZ3JigfoIYyhXA4jMJhTnWBUJvb2oFfgUqTqVQoFDR9PqBQHK4DjKoqqLHOw4pBjVWvmojH0QTKUCQwOV0Y2WwGOD0ajfLsiJ6uh7SKHLirnnAkjLeoHwVwIOgvlm70h9L9FT2oFng3n6dEf+TCwSFykR/LXS+oDlBpoF5w3hBFWCdBfhPJhKGaOFDEfaMPFJ6s6ZlMlt+kV/htewffUN00NF2YYpuKiVbEJooyKHIJdm+aGEgWSL08SzNFlJOjiCvczxi35sBrfI8PQZnJvpk7VhsGZkvH56iQJ4d0RDpBVARQLgy+RT1oiHfJKwK0Mb2YRvwy4BQXHTen5ZiUlJSUlJSU1Dkr+fy4lNS5LREtdfjwYZHmXvDQ0uVQ3+pFVs+7FHqnJb2h8vHHH8twJCkpKSmpkyWejoEYNLgnmCxgJd6IYNhsLosCYonHcg+kKZL4ffLJJzwgVyc3DMMIBoM+vx+vfSbQtIkXQJwaGUKrxKA55iQfjFwWANdxnVQ6lUymwK8rKyvJEyMaRdOoLZlMfvTRR83NRzicBT8lOEthwo4NrItqux+3ItcL4sKMrCsonlrXM+n0kSNH4rFYNBpB0zwLXyFvWV5VRXM2rwWto3N+blKBvoWCIQsl8hZQsslHgjpTqWTz4eYMyK/Ph66iKhyYTCbwU8R6Qwqn4Rg1bsODLVNMd4H8QFAtJodMRXQNJNcG5LZtToSLPp+JIeCePXY/aA5I2rLIdgNlAKZRBtWiAxhvIpGIxWIoiZmk2wD5vIjI1gjuKw43p8ZsoTyORbWYXfBwctwmPxOF5t8wfD5fKpXmhtEGCD6ORYt4Qf4ePr+XQqa9ZfHvRUGoiUrzDR6NkUg6ylHHmJSUlJSUlJTUOSsZAS0ldW4LFzm4Vuns7BQXMNxG0CmFM4syuDJ0lfJDmFdAZ8quczT2ShxeCoIu0dWhOB2XjioPHOZ+iKQ+a+gVHN193X088hzL0EU2Qt5uqaGh5CRk/GK4354U1a6qi56OjgSPdeo9aikpKSkpqaFLrJJiNQHUBB0mx2em5Ima2oLwAlZixclkMsKJGEDWwmqvFAtWtj0eG3nBSI/rAN0WWbHAvSDIy0Jhju3w3IMsb+VBMME6bZuy9KK5bCYLTAw+GwgEc3lay9ra2hj3oQYdBjNF09FIJJ6I5xwbELpqRA1QL6Aqlki+zWCBgL/Ib3h7uJsE4yZg8USCfDm433F7ewdn6ORoEY1EAVKPfHK4sqLSH/CDDvs0PZMguw+UzKXSqLYiGMZmprqiMptMNbe1hsOg6GomGwM3BmTGLAVNGrvp1XNujpygHTccDpNZs4eS/mFckWikGCPTDt3QchY4tYMqALYxb2iFHC1MA8AdvUInQdUpMaBlgSTjcyfvCA9uYWsWDofwFRg6JXPmgdvg1DgKhXFqMFKHXLTdIll86HwPQAHLuk6hABygq2gOHwo+jhkD2c9ksqDPAPCg8oZJYdqYKHSPF8a5ogBqsW+h2OoiGDQ5aPs83kwylVdVnA4mJSUlJSUlJXXOSkZAS0mdD2pubna5Ct1iUqdSmOGO9nZc954UxxIpKSkpqU+zhDUz0CQjR2Ad5FFYNoMZG7qBO8vdZg4GaC895FRkps8kM+U80dV4LO5VVXwi2Cj3u1AASPMiaJewagF01eaOw8JNOJlKonxlZSUWsXSKjCySyaTfHwCSRuV+vw+t43UwEPR41EQyKSA4mUqTs4UKsAugzW98q+hGLmehTEdnZyQcBhoGwEX9Ob5E4m0oFHJ5/1Fzzsrhu2KhmEgkAGErKioy2YyYAoopLrg+ny+dSdN4M2kKx9Z0HIjb2eCzBZ6M0XFsEGeMxef3gTuTQ4iuVVZVYryoM+D3Mx42DhwPIoxDUAnHx+QqjXbBzdFaS0sLqgU3B19Gi5hwETPOwXoATWSzxLhBq8nIxC3wUGuDfEM8injyjMaSy3nIF7vLQJoSSPJ72DxfIp0F1auK/RhYczKZwJ4BA6I0j8lULpujasj3mW6Te3liRlSO3nLKTy3hpBT5PQnd0HlDeSYlJSUlJSUldc5KRkBLSZ3bErG3uF46Gu98jPNycTCXDRE9XXI2FJHLRw8fQpCviIAeSqz0EDVEL+Zju8GO6Wopv+JQjhUXloO1S5VlMllxNSjDn6WkpKSkjls8J56HM2iVwnddB0RTWBjjbSKTAb4MBkOaqgvfDIpBth0vdwoWlhH7P94/YsSIuhF1Pp+JSrA2WTkLJQGsGd8DmJqJQ6ghxQOcCnYMsowCeAvWCdRLjsyhMEg3ugPuSU7QKlkYG6YBnEqbCL7QcbsPg2KpdR10VSkUUUMsHs9k0twCxAAtbW1t8QcC9Jb8l9X29nbRybqRVf4AIexAMADkbWdzlCyRUWZCcgXJZDALsVjs3////753797PTRjPbTFsdIxigWmhVTLpdM6yIoDcEZ/NDZcBoMGvCS1nc8DcGDVoMnqI4ol4nNkMVBpAOBgMci6fBxjHvIJcQ9zgghIk4jUmDDxa5wJ9RgNFzp0xRqz16D9NAuPEmTZL6A8zTR+mlptyFPC92D1h5nVdEydUNJHn5tcg+9zimdIP8kByH2ogJ2tH4SkZbZEZErMqXLz541UFkdXQzqY8/DdB9cqrNikpKSkpKalzWDICWkrqnBeuc6qqqlhPU4timYbr8nxsJsAzEud7HO0O4OMxFABdnjuRnYLuSUlJSUlJHSusPuTbwK1+KQ64QKbJeIFFBvAUvBKAEjA0m82KRHnAsoJUmgbZE+M12GjezotIaqBMMNZIJALgSyUBtW1HNAToiXo0XbM4ck2lUrjratvkfYz68C0qxbeoCgdyb2RKl2f6TFWlDgChApXrhq5SDkAVeBftxuOxysqqSDTa0dnZ0dEBeO33+zEGm1svU+w1N53QeEJFNIoh4KhUOo3Kk4mEwOjAtfiwra3to48+au+gB4xQOVA4+iAyKHIErUQ4GceHJbMsMh4pFIGhqZPc+ILwey6LIaCYxv2s0SgNrch4L1TA/lA4JDJgYET4CWYNds/juxXX5Y4ofHoFtQcIptF6acx0IlSvMPSwrHw8nsA3OFM2n2ERNA2uTbkdKfyczmA2k0XNGCYGhcnovsdPZxwgH4eDdKMvClmm2Hy2HL67II5NwJp+MVQeAp9iUlJSUlJSUlLnrCSAlpI6tyW8I73Dios59dT000FmJX2WkpKSkjo5EpQZzBGYk/FwV6DULv5rmhyHkhk0LfdFeuyJvIbJFMIDphoIBnLZXHPzEW7sUPCSswR/9KdQpOjgXI6CiD0KeDB+Aoy2c/FAZgKylZUVwvEDDQGciihd1OwPBEBORW4J1CW8LHigsyE8kZnC0Ft0BpW0tBwBQq0bMQJ0PJNJo/5UGig2GwwFAaxBh9ETgOBDhw4dPHCwo7MDayi+ArZGl8Ba0cNUMvnJJ5+gHmBfkHH0jbNynTpgk4dyKBTC8MmDwwH8peBlcGRi0x6CuXkrjwIK34GgcDAYIksN/haHEGovFlyKH/emUmlU4fP5aYKKwpmEHn9CnZ2dsWwuC9QrJhBHoTWcApv/FBkaAalFzDImAbf/UWfpBjZQNdllcIlGees2AfdUyu/3AU9nszmeDrEgdhE8gaFPnBe6teBR+dDEw1X0MBb3QtFRxnWlu5qUlJSUlJTUOSz5MJeU1Dkvcd3IihQgQ8/XKprIwN5lUyikenodIuwycOVG0VKUtL1QbuJxbCvClGPgVIHlQcE9Wu/5bZ9OHaLmHrkTe77uYSrS0ySkvJNl2eQLx2EJMrRDFO5WSRFPYt6kC4eUlJSU1PGp25eZQCpPMOgWyXi4AFTqODlFIZrs5B3V0CgIWaWAWVoQFb4WeRRd1fFhxs0Am4Kw1tTW+nwmzxPoiXV24hBwTrBmrFbCkhigFmQ2EokAp5KFdDafy1mGoYvQaZNS8xWBO3GIcCjGC3LJ0Mi+w6uhRZeHaTupdKep6cFAIE+hynHTB3iKQk4i1Y5W6kZWoUwymSwU9XQ6GY6EC0VPNpu98MILAWkJc2etWCwGhg7M3XLkiJVJ7nr//a1vvJ5IJNAToGpAW769wbJMXcD/CZ5LnY+GwekzmUzLkRbAd1Q7YsQIwPdYZ6yiosKreLlxs+vx6AUylfZjQjjQVTAVZGDt96EwSDF3lHbAfHOWA07v9WrhcIjuAahiQ6XU1NSgUaz1gMgoIPIrpnnsNrmUUApBC0eBs2M3ZRgm5hMf5vMWT2ZYQGfwCeYZx6NRfCLYPd+DUag1+qC4CoWu06YFs02bMUqlSPHjTj5v4zXwv0X7jYLlyNveUlJSUlJSUuewJICWkjrnpcjUNKdb4N+sUCyIIClJn6WkpKSkTlwOT0IoYmZBn4n4ekBCAVI9lNfOS6bPruMSRy0UeZo6sm+mpIWKwjPXqYDLsVinqlbh0CIjMw0Q3pyVA6IFPMURqWTK9JmiQoBRNJC33Ww2U11d1dnRmffkwVWBSrnXM1k/A9q6XWSc7Kf5sUxkRKQciV4vKDDYq8dLcBmto6RI/Yd2rZylcKMJN0BZE11uLSJqJsMNtxDwB3A4eoXOxzta0R8eA67whH4FqpYnGwwEwGkNQOAsELDPBwpLxJaHHaOqUDCEafGZPrxoPtKMzpveLk9tjAtV0R163F1WPLZjl/hv3mNl0hkesEyh0xC+Sqcz6BgOAY63bboLkEgkAa959LEOHE/m3E4aw64KBpPJFFrBUdgCFIpaJgMGXaisrBCjwFcichxVofJgMIhGLbJVcXi+aNz7J6Lv2DaPay7ingKdYo9ScNxkIilIt/CYph1HwRVh5kxKSkpKSkpK6pyVBNBSUue2RKQzrlUGLkbElAp7SkeJkCuR5khcqpXy7/UXX3zcGkptot1jA5CH1RNxeHGYqQvLGyrPxDhQrDcr2vl8IpEQR4nrWykpKSkpqeOTCECmF6qq64bAl7lcFosRlnisR8JAA6sPaKxX9QLCqlRSx1E6p5ziLUqCYAK2hkNh/CM3Z1rqKfcghf3qOsVEdy92ZKPB2JjRY9KpdDAUFB0QIcAgpdgaoFd+wy9smtE10NIc976gkF6fz2+YLg9zBloFeEVzYi+Ry+VsYuiqV6O2QHjbEm3RaLS6uhrEOdYZi1ZEnVxeJbxeAAQGqm5q+uPvfrdLOESjuXgsdvHFF4PnokJ02++L8tSLdsE00HUoDQnBAAAQAElEQVSwcgw5Eong8EOfHApz4a5wKBRC/YpBTiaYKAwWBSyLvJhVjrnx08pbmAHT9IGYZ3Ouj6/gaAVDIwfnVJICtPM85tkm2w1UEk/EwX+tXI7DZQobt22Hm0cXuSWIjb0ChmaTHG4kTdHZIk4cBfBJjsvkGR2FhbeXGgWkBpV3Na/munki1DmcDmzPCuK5NJ3sRwq8e10WKExKSkpKSkpK6pyV9ICWkjrnNZQIaMpEWHp2U+lxbHkM79G8hZ9uiRkYmGLj4rCjo3PQYlJSUlJSUoOKwmlNA6uPYZoFQFiygCD6aRgmeDD5L3tVEensodBoBRgaCzvearpWLBQpVJkHRwM0g7GCVoOBOi4HoLpGYcgAnZpm+kyKsHYdyt3HBUoM9IwyqBwYl6fUsyk4WuFMXKVYaXGTGx8mEnHgZrzGJ3p3fj/w3EAwWFlRmUgm0hmyzqBGuekHuoQCKA9YDGQs7uyCTWPTouvc1MPjae9oR3+w8O7du5d1+3dVVVXzBH2eUDBEvJsihV3w3XgsjnmgqgpFtA7iXFdXB5rc1t4GzE0eHRRKTPgeUBsLOQ8cJgiOD/lmiWCxCIv2+32YZ8wSqs1mM/x+vMfHxaiMLZh+LmdhrjLpNL9HrhIy5t5lok5+bJbfLQBwp6sqsHhyO1EpQyN+YvioHGcK1ao8hh0NoW+oVmB9zB5eULw54WwNkBqt8HSFZKomcDbOco9dnJSUlJSUlJTUOSgZAS0ldW6rO4jJKn0weG68Yg8G/SkXeVz2NR39g/ijH4p09uJ5XiYlJSUlJXUCUj30MA0RWKzSlMUOWNNllKfOpjx+gXAum8M/cFs37VJ6OnKEVoVhcYEn0wMvLj3VlLfzhz85XFFZAcjp8/lBSIv8Mae0ncHXgM6xWJzSGHopyx/ED1Q0bvkMVIp1ESg8z3cXXk5OY7EYoHB1TRWKADSDz1K6QkpkqHd2dgJt45OOjo6RI0d2uUtnMughEXNhIaIoqWQKPayoqPCZpk7pkwlwH/zjQYzq97//D+xkxJLKQ4nzGDw5Y5gGcdsC3ev1UFy2gyEGgpFMOgPoHI1Eq6qq0MSf//xnkZUxHA4Vi/RYGOrEMRlOcgMBv5XPa0VN1z3ZrIWx58Hoyf/ZBcLG/wVDIR5u7ABJ24xgdyRCMdccBJNnBhZ50OFEIhGJhEHzU6kkn3bw6yw6hjlAj3GrALcJeErDvAgSx/BRv7Dj4C4oPu7U4QJG40OMzuQCNxe7OJwBynJIgduoOQ04zZsu8vBncqxmUlJSUlJSUlLnrCSAlpI6tyXCb8WDosIOAtctjGwi8flRXwhVAFLhZqEUCx56Ja5RS/4b5RWeUqIq0gMKG5A+v2Xd/HeIiQQLCqfCCrFkSO0myqXEiX0U7paHAsd6pDcUHevlwtGVs7Hodr1FGebgalxMnQyClpKSkpI6bonAWD8ws6YnUkmP7rVdp5gvkJEFIWUVyxQFNWczoJPgyBr9LAAEA3GSv4buETXkrbxdsIW5Fj3cpClgpuFwGODVq3qdIjFtYFZV14U9MU/CR1G8lRF/HOogOIsl1HGyHuZ2th3GsZlkRz5LbhLhgB+01MpZ7fEWitQ2jEg4jF6l0ilg4qrKqmAwuPePe8llwqvu378/EokEAgFAcJ/fR+7PubRpmAC8hqmbmqoUXJUpoOZq0Xn5xRc+bNpDSQw1DcBV05RRI+pqa2qAnjsScXRdLxLdRm3oPOakkLGSqSQK43WsM0Zh2hoZKGPtT5OpNAWGO7RSM8WrOpi1TKbAg8TRZzJ0dpwijygWjs9AwzR7YZpDnjOQcH4ymQDz5RkFAeEtNI3ThBmjfI+ZLHWSPLhVwa/xFaqimwA8PSSfWwMQnFdooR6RWRGzj8khuM5dobFby+VyqNPHXbk5yNaApwXRVrlTCt7iQ1SGkjhTTEpKSkpKSkrqnJW04JCSOrclaCnP2FPkD64yqdOmTz75RDwszKSkpKSkpE5MwgUCwJEzTUU3DJV7PhzNPkfUVMQI50XuAbrPWqSnoIA1wSgZ980ghwqeQFDYPScTSRBYvNV44sHqqmqeVc/VhTQyfwDLrqioAH0GUM7msjw5nx4OR9CBcCiMVQ6HBPyBdDqdTCZRBnQVVaVTaRTGW5Sx8hZaAXjFW3wVjVZQrsJUmkyfYzHA7WAgiHF1dnZScHQ2U3ALIo9CTW0tMLdXVfO2jYG4HIp/9NH+zo4OcGT0Svgs45Y0vgXCRlex88HQQsEQHah58SEgOJldZLIobOVydAO7WMjmcmiipqYGt9rRKO4Ui0Bj7qRBazdnwVYwGBAm2phqmiE+S+IWOP9R4HbPwlujCPqMrzBeL4Wfe7h5SNctap5BkaE/IvxZpClGbWhCIGbGHaVFQDR3ThPEuQAwrWlesqQmn2hqS6RhRBmRtjGVSgpLaCYlJSUlJSUldc5KRkBLSZ3bKiXB47mJKNlgsf/EffiWQp4py1BXJC89w3tcCfRKUczsLFYpenrojLiUxnAohQ8ePCgCnZiUlJSUlNSJiT+R1LWwAj56FUo6R7np8nmg1VBUNUyDZ8CzUSxXzBm6oSqqcBwGkBXp+xweI6zxOF68AhUl6+R4HAcCIgt0S77DtFnoehCKone5yUOssxPEllEkMd8reFTgYyBgEFng11w2F4vHgH3RDddx8wXqCbCywjcW+DZv5cORMDrQ1tqGAxPJBLoEokpu1I6jq8zv84P2otFcNuvRizlOijs6Otra2vAhxQ9Tgj76N2LECMM0Qa4LCtNNI0Ct0E1fjDQUCgE2k1214mltaXUL7mc/+9nRo0eDs6Mb1dXVLS0UtEy9p+BwFR3HMi2YsrBUJkava7atZDJJkPRUKo1e8USF9Dk4sJfstj3oMzofCAREqDL4bxanIZvFhPA0g+QxgvNTVVWFjuO0eL1gxAY3EgE7xv0ASyQ2xCGmz0RtKI+p5qkIfTjbIlsjxoUPUTn6ALqN+ccY8QnOl/CG1vjkY45RD5OSkpKSkpKSOmclAbSU1LktkUKQzCLE+2LpRx8aClUt5d/7NAf2DnHs4mqfSUlJSUlJnagUvSvToAe8NR/rBBIVN4lVjlKBlSnloFfL23mR7YHMKIoFpjHxoahFuEJTADTQpofK6IYBzoxPMmmKUO6666xwqyt6bqrLiYICe8Nhf8AvXCBQJJkkp+NMNoNjwZ2TqWRlRaVIe4CjvJo3HApTBLRtp9NpwzCzjMwuwEzxNhyJoMzhTw4DIusaUVTgab/PRzkV6Uav0tzc/Mc//rGlpWXfvn2HDh0SZlYUhuw4F4y64LOfHXvByJHBaAS8PJvLpdMp0Ha0joocHj6MnrvMpQDkIkMTYMroeTqVBs4WrBZzxWGuFyxY52kY0c9kMoHBJpOUoREDCQaDmUwas42SeC0il7nlhcGnpohv0VWcAB6F7eDUAH/nrJxi0XnheNqvkjM1xTjnLCuVSlVWVuJAoGrT5MYjju3ylI+O1wmFgpgZgGmewlET9hpZUg6t4C0KgJu7PPwZp4xz7byIf6cTLSUlJSUlJSV1LksCaCmpc1viKrEr5FnA0OHkSi85Pp/rIJUPg4mA7GOjsk98dN1TpAiMXz7H5VbRUlJSUlJSxyGFoo4VMlAmfFykpHPFAmipZVkgtsFgyKMbZLJRJGMN8NNoNCpuglKks+uAQQNTF9wCRS4rRKuxXtGB/qAwc8BrQMx0Jk2o16NQ+kGVvCA8eTWTTqMwPvGHA1kerQzWXFFRIewg4rE4XoioakpWWHCFnbHNHTNQc21t7aGDh6IVUTRREa1AtTy8uih6Tod4HCuXcy2KF6YQ5iD5Jv/nf+7e+sut6E+RG4h5NYYDUYBMOaprItEoUK/P789QLkEWCoXRSXBb9KfgujU1NYRoFUxLkPINZrNtra0jL7iA4q9tW4QbYwJBlgsFchpB//ECsFhwdgwkEAhYVg7dC4cjIgbc69WwsKOAx6MCE+MrHIXRKgorZa0QJ6iQo7jmWKwTdBvsmJ8ysooucKDMTTPyYieCAw1dx9iB8gnCezVKXchPGZ1Kxig7okWh1pgrnYy5UQPReUyyQd4dNn9wzSOsqOUNbykpKSkpKalzWhJAS0md2ypl6isyp1C0uz4pOsrQ/uv2cJVy7p09jsYisru/JIQidyLrJu+e7i6XXpRDaDGoIeYzLKkXVu4C0EVPiUEXXCYehZb0WUpKSkrqOFSe/pesITTF6/WYhmnZBdVyCx4X0BKrOWBlJptRDQfY1LGx1hfAWCk42quKJBC0Evk8ikvmWpqqoTy+EkHQwkcYxXLZHDi1lbPS3jRqAOQNBANk3+Hx+Py+ZDJlmgroc3t7O0BwOBwWkc7JRJf7MBAqephMp4scyFKLaMwtBPyBVCqFmlE+EomkU+lYLEYjInCqop92PhdrP2KbOmBurL21uro6k4gd+uTQr998A6PSVU/esbHYax5NMzSeUJl9dswFtSPrsAbbVl5XvY6V10wvZqCzoxNgGpNATsoK+S8DjldVVlVUhPb9qWnU6DpMoO73pbnTBSVbdB2vSsHjAMp45/cHeEbBomlSGDjguaZlQzyIG7OKMRFK1o0CEXbd61V5yDMzDMLZZHLi9YJZt7S0+HwmasUtAXySJJsRj+o1vArQMyVmzGazPFOiE+BJCHFWKyoq8zbwNN0GgEDMUY/AyugYZ98UXo2jgPMDit+jqrZlB6gYbhuoGAU67bouk5KSkpKSkpI6lyUBtJTUOS+RSIdJnXbhOhMzP1y0LSUlJSUldazELWGXApYpVx5logN2VMgbGpw3AwxpWcIdWNcNt0Dhz4CsFJPLCjZ5NZANNKFnzogBoHkOQxc/6Q6qt2iYAKQURg1IDaAMPI23Hg38VO1KZpi3ItEIDrG5eEO6V/N2dHSgJF5QqDV3JcZbSoHg1fymrzPWWVlZ2dnZiRpAWtElLI6oByLnD2Dijta2trZIOPJf+/baefvQoUNoOpPNAu/ydIvc/Noj8gQqE7gCZIjhyVk5XdMF/sYL9BNNA2pnsxlOgVUUaG1rveCCEagnkUhEKyq4x0XOVlWQ9HAkgg/z3iwQMGrGKCjfoG5wT+p8KBTCeOOJuEaW0CDOXko4+P+y9y/QllX1nS8+13u/9z7vUy8KLcRYWkZQbLClRWOsYAPKkCA9xKsJJN6UMX81jhhkXETGQEKGLekbJX8jpFWwowhXBDoIlyg2tkVEJVpaxLJQ6n3e+73ej/v9zbnPrlOnHpx6Uof8vhxO7b32WnPONXfBnPMzf+v7Ayem8O1Y5gt0gNlxX7g7+VEK6Gw7TkppA2OAaWDofKGA7wd7Bv2ZGA76PnC2JqPOjU6nC76fkMG0ju9FWkVH0m1D2UBTX6FHexYfAldFuZyBujvdrszYgd3uVHJtXwZHs1gsFovFYi1XMYBmsV4M2rVrFz1dKy0UpWWkni4tVkY9VUppesjEMFYHVbzwKQ7s7ZtZr/Pb7QAAEABJREFULzqunj9d9JFq4cGFqLDl42m5quh5PUlS2WlhEPa9MlksFovFOgb1Rxzl+Cyf/skK+UISyoEYB/Wk2WxaORtvPNeTzy2lEk+nlm1JWyh6OAc4lRh03CPOOAwcrJITplkKehtHvVEe54BfN5oNcO1ypawisMn3w7QAuKXnchdUtFarUQx1EPqmj3G41WyhAZVKxZUCJEUtnW6nVCoJGc0dxZFyychEhgaDKyuEjRN+9W/PbNv2q7179pDLc5IAIudtR0HblFwvdGpSkoyNjW3YsGF0dFQmKvRxU4TLKWEg0XDAa6oljNqdloxoLoBx46og8FevXh3HSbfToQyNMlwZ9Bn3TpbNnS56BuUDCudyeQBfiul2bJNSDtooROUGlNvJ1FWVStl1ParXsnD7yhsa1aG19boE8ZTXMaVvxLKUvwc2DNSchAB2kqKKoaFBZaCBE9BvZCeSB6QWylOFbEMoASO9lQYpkSpWEvlEZW7UE518vTOBWlCyNPfgIGgWi8VisVjLWAygWazlLQqASpKpqSm1cFUPaR6PjcbzstdTrGze2XlpJx+vHfPSsy9qKjwt5bxALBaLxToBUhHQlmWCS4IZg0hm8lEbTX6kUgtSDLJFVsJgwXbJBlMm5+I00yhXnqGMnsl8IyWDjt5beTlF8GbkAiHmM9phCNs3sc/13PGxcWzzptKgmQAu2R+TSQWqJkuvOK6UKxgZlTOyTJrnKTfkwPVMwwBMbrfbaHN9ru7lfXBS8FZ86vlBHIVoRrFYwpEtW7Yk8oEh3Amgtp5Sq7CZLJMiaoDX4N1AzxSUTeHbWaFYIFvkKG61W6jdxge5XCyfOgIEV4AYLyYnJjqdztozzwRHzrJeZgvgapwAzpvP5SyN6DYgtWlaympZhSebZH1hKnetkNi9BSod+ORrjY607aLn+bhTnIPJhcLWANsg9egiItfFQhgE8lNwZ2UerXmeiyMjoyMoBRAZbZCImTaq2+0OykGbdfJKAWJ2ArmHjZvFyegEcHZcgrsALsffAYpPtx2cEMeRYTioMWEAzWKxWCwWazmLH+ZisZa3VNJ2rF7IbdEwZWhwJh8gPdTJyhtZW1zCwSdlyuf4IC2RTJ9shH2c5WuHSlR4cMmHe90XQMCpDxVnsVgs1otShqTMhm7YMpcdBheLomKJlmq6Hsukfzny0bBBJTVdpiCmh4Q0CVVV6j+y3QC4VA7OmBiolIPEPaWfA/FfTYUIW+TdHMXdTndicoLAt2mF4MV0YYpCyC7ZDzBYogoKVY4j/B4eHkL1pmTb4NFUtWWreQguB5Mtl0tzs3O/+c1vCvnCyOjoihUrBgcHarUqWDCaQSkqqMH0bBPKB1qVKQ3JKhrcdvXq1b/1ile8/LdeMTA4pPbU6XTQ4SAki+Q4HhkZHhwa7EVeo/FxjKtwK5ZtCwmd9+7dQz1AN2dpsj+BdHHv0imbIqBBhHEhqG6z2ZqdnQWVhtAJHqUEzNAzYNB045TxL0U/4wcv0O2WRZkGUZpJNiC2fDorw9clN61TlVwRZ8u0hF4URsq2G+hZYvFMpRyUUQLKkZtC1lVosyklKCw9Vl+ZKb87ub1NczG1L07hz5yEkMVisVgs1nIWR0CzWMteWKVQXJJmymUdPaR5uAyE5GUh/xFabxnTT0J4QIEa/RwSq+qHYa39lID9oo6AZdXJiyrtu2r0P1UnLLJXVpkJxdGoX87C8sV89iftwPL7z0Gre1l4F7QI1A5g8MobRLBYLBaLddyydSNn2gXL9vUAwNLJ5QAlMcwAsCYyD15qZJEfxEEICgzKSgxUIzOoHNk7ZLqhy4DZ2EoBhUVIkbxkmqwAroqPVtATRzKRgnvqtg42Oj0zDWy6Zs2aSqVCCQbjCEUVrAJZaUi/KUBbDHb5fCHyQ5BgMF1w8EazWamUm60mzge3nZubA4MGjx4aGmpAzcbg0LBF0dparVarNxpAwVHkY6gnv2ORWZptmEkU+7G0CFm9anzDq3/7Fa96da5UScy8lpHriMyRaHTdbhwBwoqyKKFJ+Vw+TVAI+SZTkLLvmR2tUa+vXLkSRLheb4CYl0ulfKFAWRPb7TSMAY6Bkl2XwpnxEsM7GqkGesuiPIXkrh2ECg0DcGNO5aaejI8WMh48T5YjDh3HJEBFUgOpo1i86E+icBsoyqR7tqpWBeVHUSQLzAN/o71JnPSdPfDCcSjAGT0vv3yacaAN5O8R+2GY0refUvy4SDKhJTTh0Hm+wWKxWCwWaxmLATSLtbylLDg4CeELIixc1cqTMTSLxWKxjkea3NQEJFbbv9gFBqulFIKGoZwcAume4dg2eVYQ3ATFJQ9lMEoKrY1l+kFpBk1Z8rAVTaHOZMGB3yqwGmXSWxkK3W5REkLCu53u7t27gaRLxdLIyAiYM9XlB8q+A7Q0CiMnR5n3ZPC0loXkDZKkZA0RkjMzCeSaPDpcV6/PAeCuWLmiCT7dbBq6lqcgYjEyMgwIDlCeUChzlM1bZtFer5ZUSvlXv+bcDb/9mkp1INEM1w+6rgec3fW77aBdrVa7nQhMe2R4GPfi+X6n21bVo38GBwd1I5uanBwaGpY+yyhWoHMKBRud4zi5Zqvj+x7qwX2pEONmaw63M6xK83xwZBk0bao8hETwbQqgljbN6AEblwMWq03rcrkSBD6ZNSexLN8Bfy8Vi2DHuB2T8hk69BhZmroe+ZOgAejDbrfey/S4f+M/VUHW+MIS+TQVuaoIijTX5d8D6QpCyzS1B6AyNAoWi8VisVisZSu24GCxlrdUzj3KH9jLnpcqn8elX35C7DJUgvhFRVFWIynxAknR+XReR3vtES7RZb9p8xIsFovFYh2l+vuXZDch39pk9kv58SjeWQ5gOIh3XajTiaQXh3r6BgCWPDpsyoNHKNkE7KVIXsphl5KzsKO8MqRbtC7zASoTYRnWnFERQvMDH1B4fHwcb7f9aptExqiXwm9VmkFVmiMTBkpLZE+1udPpDgwMgMDiNABW0GFg4qGhQXxKuQLDqFKtjI2No9J2uyUTD9Ld5JwcblDNFigimLJWaMVi8Ywz1g4Mj0YYck1btxzddBTsrg3UQI1brRbeFgsFdJFNrhi2Ri9scspOEtwmjpyxdi06BK2q1+dQOm4Kl2BqhOYB446vWIFalDM12lOr1lavXoVz0BcUBq7LzhSatMsgzg7+LhE2mVDbtgU6je5HXbIxTTW7cbtuu9N2Pde2LDBx0zTAjnEOXrjdLtpQLpVBn1EgOg1VoPBOt4O3Mpyckg0q2I2uAOO29puuWCgeX4TKckz5Em0b1+JM3w8Ei8VisVgs1rIVR0CzWMteCrMKscC4OTu8yTFraTqtMjGyWCwW60Ws/mawslcmnwcLINInO2CyiSDYCmSJ15ocnuI0LZVKgSSSimNSjLNp5At52pCeT1oYRzEOahRaK7lzqvZNdZX7Trd0MGVpcGxNTU0BxU5MTAAUDwwMoiLAYnBRkGWyvJBG0gS1bScIA3k5vW01W7VaDaAWNFa6VZDpRKVSUfn38HZoaGhy357G7PSvf/0sBSALCua1ZW69JE40XZRKxd96+W+96lXnrlx9Rq5Q7vphKpJU2lmEoZfLOcrFIgyDVrtNQda2XSqXnZwzNDiEW0Pz0F3FElBy1mg0iyWizCbdOIDyfCGm7XtkwaxilkGiKW0jBWL3QpildYYpY5ANcGfLMnFOu93WyTvb9jy/UMgrFo/WqvB0vE2J8htC1gJ4jdMiqpS+R0N+ibhDlbpQ+Ufbhq54N24fKBl1USJE0wS8zudyMpIgURgahePLlX0Y5POW+rJwHL0hWCwWi8VisZatOAKaxVr26tslH/zJkbMGLgzd3V/CQVdoC37E8qey6k6fly9rvYjyAyytNVVAr2MzDn9msVgs1okSxhVClwYFJ1umDjoJ2gtsbNuWoJBhw7TMTMvAbQFJgTtT+qgXMQ24TBiaLqYLURYIL85J4qT/fJJ8SorS2UmmSfA0lYHJCnFKl48AJHpiYp8M2iVgalGtBo5LD+g8ru5KCUlaQajpYJJKpBvhEnDnVqtF4NswozD0Pa/Tbv/qV9v27d0bBL7nuvhIhfqmSWTq2sjQ4GvPPWfDq397ZGxFpVo1ZXUgto5DNtbtVrter6MZuK+BWm10dBRkdmCghlvGaa5L9FzmDyS/bFBjlN9sNtWdzs3NgRerSHBDWpCgNHxCFhlEtEkojUyqpZrNhvKn7scdg//iCAoBGqY4aEOfm6vjvnAjuFkcBKRWFtJoKr6aarVSLBbQvej2kNIYZipHYqayOEaUNxLHUbgpv2Xi41GE7wsfqZBws+emQsHXOAMXRlKCnrvinBMsFovFYrGWtzgCmsVa9sL6CmuVAw7JFIJp+vzexGQlOW83kc77aBxYktAPSLsnliJlWXi0rheH1KLMgfPN6JHfY6ji8LxeLKpi4dve7ehkySkfXqb2YIHKHtAsFovFOiGKskQ3AUwN28rCwMXwUig4wMoUHquJju8W8nkQY9M2MfqEYQI6DKAp7Z3lCJUJxXYp5lnXFEUFMs5o1Mp6CX4lpwYmti07jMJYmmAA45bLFbBUTb7euXMniHa5Ul6xYgXx5VSmJdY1ypjneuVymXBqGKEooqU0JlLjQVoxFTnrrJfNTE9PTEycddZZge8252Y6zfozP/9Zt9VIsgRTCrTN0MBaLcdO1p2x6ow1a4YGBvRcTuiGB87t+zOzM2g23UuWUqI/L4cGTE3uG1+xwvU89EAYhIDLaOfQ4FCpCD5cQuvwFjfXbLVKxWKXnDQy4Gmw6aHh4aDjghSD7Q4MDOAFQXmK77ZlvHNE5idkgmEVCkXcpE9mGiTcuIpfViHYeFEslgqFLCFzbYovdxwKlI7iCPeCI2lM6QSlYXQgUx3mZRLCGLAeL8hcWxp2pyZNWjBrkAHrpmyALicYWRR4GQo1LdkNPuC+jOAmS2jl7o0bFywWi8VisVjLVgygWazlLbUuUo/csk6xyFuT0TOLxWKxTpAwrChPZ3JjkJbEZOwgs9tpcm/ZkjG3GHmkSbQMPU5i27DBdBWDhrCRbJDJs057yIl0mha68nzAOWC1ilmrVHixcqVIKZxZyLSEaABAc3tvG7/HxsdUELHaanWkIhnsDJirDJpzOcqzJw2Uy57nglADIs/OzUahu2/fnn/5lx/s2bPLMAXoOgC5SBKg7Lylr101Oj46Uh0acQpl03YM025I42MKdh4YQGmoXc1t/MB3ck6lUkE7fc+bq9dRHRqj7KdxC9JsJAJMr5TLtVoNTUIjawM1TI+owB5oJt8PlfYw5+RQMrqU8g1aFHiMQtBfeIG3cRwFUkKmGkaf2Kbaqk+lr4mexGT0rIKvHdtJZTi5dORQRhk5XdfAnaUPh45m41rlc6L8oDWJyy0p2bc56dphWGSKjW/Htx1HPWKF0xxpmS0oo+SJydjBYrFYLBaL9UKJATSLtbxFiQokxEwAABAASURBVHrmzSKWDkNV4LDip7RyOw5+fcgVkTafo+8Y1kvHENR8PAHRfanosH4JMqorUznoxXyqqEW3oyKgmUGzWCwW6xjUHytVIgchxxpQXUKiMqbYsmzQZGVbAcRJhsLSIwIfgS9n9ICSRn4OOvk2EOIUdDKRZ1DeWGYj1HRpWExRzBjuAUBBpdM41WwtCskBGR/5no+CgHdV6j8Fan3ff+655+oNor0jIyODg4M4WCgWwJ0pXx/wsOehZMBcFJvP5XE+qkaNKNa2bJw2Nbnz0cce/vX2bTmZChEjKlpnaknJ1NatHHnJmhGjUBgYGs1XBizb0XSjXCpbg9bExASoscqv6Hk+qt65c2c+XwLnBX1GO6tgutU8PiUT6laLkK4OfKzHfjA3N4ebBhTGrIZyMJrmnj27x4dHy+US2DJOLhYLgNEWwXrwYks6a0eSRCdu1yWybJndThdHQL2BwkGTq9UKYHgUhbZNfaVCwnGkXCkXCkXUTt+FoUdelKYZkL4y8ZAlk8e0TEtIEwmZEbGLpqPTms0mugsdDpytnsvCufgq5cmWbB5tPJSKJc/3qpUq9hhkLYZgsVgsFovFWrZiAM1iLW+ptauKu5HRT0cBfBVy7a97WUcrFS0lWCwWi8U6QVJ2zH4QgKlSZjzQTVs3TCMzKAKa0hLKcR6EVO29YiRyHNuXeQKjIJLxzpraQAWiBvcMo5AmCXEqDaCzWNoKAwkHYQAGGoYhkHQmvTvAWzvdLi5pdzqFQkFtsoLktlptQGEgVzTMMq2UnJFLOuXZS3Etzgz8ALAYH+HaVruFI/iUao4Cg9wjYk0kppEzhGbr2SvPOvMVL11brhpGbcX4S8+yC5V2p6saDNKqTEKU5XSj0eh2OjiCAoulIhBtGAau6+by1CszMzPAuAMDA+iQiX37gMiBpicnJiQuH8JH6Ce8LhWLMumfWa1WwXkt8h6JMG2KolgmbyTaC1yOT0F7NQn00ZKyVUYvgS/jLTqtXC5T18URisVxtAfbAZJlW+12SwWGJ0ks8yWStTTaSUkXyf0ZtNpFT+IEtEqZgcgId1O5b2ciVHYcOG4TVcf30lVvozjCN5JKjzR8FShTsFgsFovFYi1bMYBmsZa9UplRKFtIn7PeS/VrQYDuYl9jcYgQ5sUIW33ei/PNemWcgrDfRVUspcZFWQGzeR182sEH1RF1ef/Tw8WVq+PKKVLjB2NZLBaLddxSo4livhbwMTiydH6AgJIp8570XFZZ8qSlgxyhMiFjog21G02fJuTFoZlkNwEEqhOtNcjxmWwqYtuxQU4BUnVNBzjGVXNzc4V8QWa5owZ4rpdzHNUMqprMPLRWqwVgnc/lh4aGTN0EG3VsB3MNaWGszc7O4EWxWJidnS0W8mjUnt07t/3bL5v1BnHbLM6h5cR29TNGV5z9kjOqpUIxr+UHh8CV0XTfdUUqUpuCvNEGW/pOoCXlUhlVAMIW8pUoClEjanFB2QFm8zlQWjBotAdzGeDvubn64NBQpVJzXQ9Qulgs4ZY9t5u3HGnWYerSu5n8LnSD3Dx8X2VfVJOoTqej/DfI2TkCAReFYkF5j6iBfh4cW3RhmtSn53Qg9GrNkAHOOJMso7MEbJoCz3UDTZKmJTmZddBUtaAQsnWWXh6oS/lvUHC6TD/oeW6+UNAEWULTF0Rti/BpQjHXbv+RLBaLxWKxWKzlKJ7KsFjLWwqwkv9gD4L2aGnPSkIlvpfOkcpSsH+VerGQt/aTENL5+8/EB8Spsf6UyQ0zRaj7F54kEr3IVaPvdHFk1Gsc+IDqIemzwu7KCHLRyQs/VdeqJ5H76ZsWniyXsnRQhlDxg7EsFovFOi6pgYniYenxGrto2lGaAPCCHGO4CgMikpJCaqUS+GmshqcgIIicpD0wrQ4S9MQkn3ajM6BVMo5I0nanrZgyMeiQomv9wFdBu5VyRQFljLX5Ql5QdRQ3bTqUKI9sqXUNgx1QdafbWb16NZl+kNGEg9qiOMzlyUnZ0ES3VQdFbTRnf7F1y6+3Pht4ga5ZIgYjzzQzfsXZa1/z0lUrB6uWaRm2U6sMVcqlBqh4FuSdMvh5t9MlYwrTaDaaYNyAuZ12J3OyJA3iJHR0ozZQwmuC6XFcG6iN+WPguWEYrF61Fqwd6LZYKKOpMzN1NDIIIl0z8SmocalU9jxPjex4i04jtJ3PoYuazabKT4hbwDkg15lk+ugxnFCfqxdLxVarrQyje3MeTQwODuEtxY/LTkZrcQllLCTcTJAaZ5bLZem7nakpDQrP5RwUTEkg7R5kx1X4IvB1JHqsphZJgqmIFkVpoUiQPU4ofBvzDn7iisVisVgs1rIWA2gWa9lLrjaP3fuYdcxayKxZLBaLxTp+KUJq21alUqm3mqZmgl9GSVytVhuNptASx7bb7Q4wZT6XVzyU9kqFFqdxEhODBjaNoxjcOQhVJj0Ln1JEs+2A/DZbTWBo5UEMYAp+Ck5arpQBVXVNNy0TQBU8FJ+iOJyPk13XzecLmYzhRWlzs3OA1AO1Acs22p0WICnaDIxraWa70/nXp3/y81/8a6fbthILpBscPDO0oWLxvHNf9ZKxgdGCmQPk1i3fygUic/0ozvSBykAcCzQeVc/MzFi2RR4XXgr6DC7set7Y2CjaiFapxIM4s1FvoEPQnsnJCXRUo9kg2+WIfEZqtRpd5boAuxP1+pqVY+g3SYRFFMUqihzd0u12InLGyBkGGZWg01AdGPTs7CyKAuIHpEaHoBbqq1JRRmeLEGA4SSk0O6MgZbn9nOHb8j1fkm4qEb2tQD/OwYv+PoFlgeZTBHqpVFLuH+SdQu4lLiYTtkU2HeD+0vSDzKZVbDuZe6Rqc4FneiwWi8VisZaxGECzWMtb6pHbXgRulh1soCGP47xMW8BJFTM1yEqyp4MXNqmE2rhORTjL7Doq8PmAKo7ZfeKFordLXMIdObJbhT+Pj4+LkxkGzmKxWKwXvRY+8aNgJcipQd4WGcXJxqGpizAhw+JisUDPI+m97MGu55LbhiBwDEYJ9mkVrSDwPTKDoONAsdLGIQPA1A0d54dRmKUZAK6Tc2LpWazpZCcF0CyfGMpyTk61CjxURAJXUYSvyALfRzE4E2wXSHRmdqbVao2MDKKZKAqw+9e//s2v4m27du549tfb0UgQ5JJZypfyQeSnob9yZOTM8VotZ5bztoO6NCuw8mahGFNqRGBYuxW2w5DckFEjOS9TAkZi391uF0AWxBZAfNabBYjFi9/s/Q1FZCex8q3GHQ0NDXmuh04gwt5sFvKULBG9B148NTUFvk6mJTaBfXSIothA6jiIuwDq1Sm+OwHjBiNGL4BBz83NDgwMqkBvMqcm95JEzpVoe8APfKLoklyjwDAIcJX0eXZwGlhzPp+TUcyhAtC+70lr7wLov/weJfoXWhCE6DrMI9BCmZBQzGcs9FG1tARBzTF6AKDcYgsOFovFYrFYy1k8lWGxlrcUO6anOOP4yCRYOzScPnLpgnUEjYyM8COxLBaLxTqBUkkIoYAy4Jl6EodxJK2gBcXqgm96IT41DJtAZy6fkB80WQxHFJyrg8DqBZ3grNDCICRjCgKgvsTLAqTZpqhbX5kgAzfPzs0SEi0VQXKBgH2PQLNKUQi6DbaLWvCCBrtU1OfqFCitG5EEu4YBbhsqzuv53q+e2VavzypLkKHBobJVzvQsaPi4Kc/zHcsqFHKmY+tmTpj50bExszwSaPlOy3dbXc3SlcOy2hoHdkU/AIKvXbs2iillItpmU+C2h9IGBgf27N4zODgIzN1utefqc4ViIZaMHg0DrUb/7N2zFy/OOOMMU1A0MfVPGKFtoN0ooV6vFwp5UF3Ji32gZLBgNKDbTXC8UqGg8PmNgaxQKIKJk9t2BrCeT5JYXaiuLZXLgR9Q+LNtaSHFBKAngbNtvNV09LoMEdAM06SeocjrrqyoS6xZE9VKVVlRo4uwwYBm4kLDoDh09ZchSfG1apmZoh8Ei8VisVgs1rIVA2gWa9kLa8i5ubmEkhAKmbCI/tR6uQL7aQfJvHlRjr7DSqXjW2gp/e9GiwK6VXj44ToNS19xSvIxslgsFuvFp97ooR0iVwGhZ4MS31mpEaW6mRmgwaZhggWnSQLqWq4MqNSCGKlAM2WiQb3dboMsg4TGbpykSdftYhaAt8CvmCqQr4V0cwB3Bs+VTtNWNgvAWlDDGbCpRLSOinQG3ca1hmkQhgaPTlNQ5pUrVgL1Yp7RaDRBVjudzp69e3KOMzE5iU8pc2C5ohu0QVvOl7tuJ0wir5XONppBlNi5opN3NN3OzEK+NhprOa8L7KsLHdU1QbvBspM4oQyHjgOa7LneylUro1Y0OztbLpVdz8WneD06OvrSdS9tNpsGJcBI0dRt27aBMo+Pj6M9gMW4nXXr1oEyoycLpQL6B0cAgp2cgz5Et5QrZRSOKtAFhIh1I5/PYTdfpmckSI3zY2kJkqkHwig3BsgymUejc7rdjmXbykbD0HVcVavVcDL4N2rBW0wMlGc0rtd1aZOC91lcKBYpaUeaDg4OoMBIfn34ayCtNig6O4riMBK9zQPJ/R3bIU+VOGYLDhaLxWKxWMtaDKBZrOUtLFdarRZWkpQfkMKh5b9pJnMGCl3T9jPkjJ6lVdkIVaKbhc/89gukC9JMLBk9n2L82sfBx2z98bzlH3wQfXXI41gqs/8Gi8VisY5Nmr4IKZIJgxpuwDE1PTMtzRKGo1lpkGphFlP6vSBn2biU0tYlxGp9zzctE0xZN4zYijtgo8Q9M5RQLpdBS5VxMwCucofQNd0PfOnyQR9Vq1WQXJX8kKYFugaOjNLwQzkJdR2XzMzMpHKTe3h4GMRVpS7EyBfFseu6YRA0G42pqSk0Y2R8DFgbwLRSqViOLhwzpJKtTrO1e/fU2rFxw7B10w6F1ujocRpqhlUul7qun3YbpVIJ2BewOGpHYMpovEp7iP5Qjhy5LI82onndTpditP0Al+D8sdGxeqNumcTZFah97rnnqKmGGYVho0FI3fM03Aj5muhkWYZOw2vqEJ8CtPWS7ntEltWADvRM/D1fAJhudhu4cfWomS7tSlQMtUbmIVRUq9XGRaiXHKLDiPytLZOsOah7U1lahnbimzINoz43Z6AE24koxFvzyDk6IiuPKJLpB1MUXiyWgPsLhbxl2Z7nojH4svpzNhaLxWKxWKxlKgbQLNbyFlZEe/fuFawXQkD/Rw6RZrFYLBZraeqNI2pAwQanZZqAqVocyfwOmeTD+DQn8+lpmgUqCy5rApImaSKIfgbKF0Llr4sTQrHYn07iBGcCieI0/FZJ8DzfDwJir8ViEWOZ53m4CvQZbLTdaeNCZXAcSpNi8uIAfpV72CDCxUJR5f3rtDuTkxOJhLOApMVCoVar4QWgNoCx63ds0yrlCxN79oLs7twx8eqzf2t0YEQ3nKJTTE0L+DwjM4oOOK1pGu1WG4yYsvAZ5mwZF+AuAAAQAElEQVRrFqhXMnF9aHiIzJrbLQLElN8PqJ1cSrDZPjU5hTbjFgDMG2DQlhVH8djY2Fx9zu264+PjoNu2QVy4ZzCta/V6HbcvcS4WQXQtGgAeTbkNkwTnoC4n50hGHLquX6lUcao03Y5AjdH56GBc7jhk6zE7N4s+rdUG6LOYIDIlEpTR4ug0RagT+iJ0WYgJwg7oTBHrhi4D0C0Kddd1i9i3Tgkkc46MiaaTURdwOb4vFVJt2Wz5xWKxWCwW6/QSJoqYWR3h04VvGUCzWMtbWPXR4pCCc1KZNnBJccEqpJcCrOSy6gV5rrMfyLwUenvINInioByGtGaWy8pjjo/uF6iqS6UOaV2Cleru3btVVBQDaBaLxWIdp/oDkDQFphx0HlCmHGLAowMvVkOhIrNeFAd+ALIMOqnCnJWnM67C+a7netJCWlJXHTDUdV28LZVLmDOA0gJY4xSwXZDZWMqQNaIc1NV1uwqh0lTBNEZGR2amZ1auXOX73vTMNKDtzMwMymm3G2EUEbF1nCHbLgPsGgYY9PDwCCXWy4qz09NZnAChBp4X6/nn9s0Nj68eLFeNQoVS/1mJH8bg4BGhcjISQZkFYOxccWx8DKB2zZrVKtcifudzedwR2oxaJ6cmz1hzRqPROPMlZzbqDeU6PT01DQ0ODAIK9yKp4+iXv/xlMWefccYZIyMjQOcDA4PSHCMZGBjAPXab3Uz6fpTLZeLgCfUt+qxRrys6DKYMmgwGjZoHBmoRJdsgmw4UNTo6CtQ+MjyMjpX2HWm93sjID6QlJw50GqqTOwJpGLn0cJpDXs9YpKlexcxmdnYO5eM7KpXKCkZblo1vpFgs4DeahOP4/rCXYFs2mi1YLBaLxWKxTic999xzr3rVq47w6cK3DKBZrOUtrHKazSYWKtL+WRyVFDZleHrMwloXK0yKNWOxWCwW60RIbWpKGkkhurS5LN21iEETaU3IMpi8nFNbekEImQpC+QVjMiCNuOhj23ZQCIqKwkjTtUq1Qkg5SRzbkQbTervVBtgF861WqyDXaj8VRZFZcZoB0QJw75vYVyqWKDA5CgFsAW1bzRZGPco8QYHVphEbKvw5XyigySC5wLXgp6CllmYODA4GrtdttQtj+bbT3dXoru74xRWFQHeSMGw0W4nQTdPx/K5tWUC6nW5naGio3e5gf3fFihXze8DYWNYBnVEv7oKyXOgaMDegsNp9B0wHpB4fHwe8ljkMBdoMyN5pk1Oz63bRWtwm+mdmZlqlw2i1Wk7OQV1qMx4nSPqP17bMc0jpEHGkKO89ikL0G+ZayiIj1mPgbIB9mUjQSCkOoJskMQi1DDMnG5CBchl3gVYV8gU0Gx2O1gKI69JIenZ2VqVbRM+jAfgIr8lQhRyoyRtEGnpo1WpNbqlr4Ps4Dd+mYLFYLBaLxTqd9OMf//gIABqfLnzLUxkWa3kLi6+ZmRksWjKRZiJRaQg1LTuQKmfZYtBMRo84sZe0sPej0RF57sIzxdFIhR4fFdReegTxwtDmpThBK38MsTQdsg1HDqZuNBpYN2K9zRCfxWKxWEcraaQ8nzJ4XmpAoWBYG/g404GK9QwgOpLuxoZhZlksuWeqPJ1pApCmwhIgwjho4gRDd3RHhTYTxpYY2jKtTHo7yHR6GuhztUb0E5QW5Bc8FHgUqBoFKgtp3/OnpqdUQDSF6woBbFpv1FGmsp/yg8A0jHKpoktVyhWDwp8HKpUykCtGzjD0Lc3qatbg0EgaJ61ulOXzXWEluWKmW263g3vz/UBQ5kPPtvO40W6nq6KACZoLivvGXfi+q0yQS6USagkDwsGKOxs6+VzjrQridnI5TIJc143CEHy5Wqnm8jmAc5SD9oOnFyn6mKi1MuugfIw5MvSQCQANSqeBqZHQAI3Rjcr4Qs0B8vkc/my3GzgSBD5aqFPeQlpG4a0KMwfjBodHy8m6JIzAjn3PQ7ejFpVmEJQ/Tui76+1bS9cU3C99g1lWqVSk0Uds22ZIUe0W0Lnch8ij91BvmnASQhaLxWKxWKeXAKP+5//8n//5P//ngz/CcXy68AgDaBZreQvrqHa7LWgdi6VpTIdocSnkImqBsmyBiwRAM1ZtOEGXkVX0gG+W0k9KL3RxrOoD32MA0Ee+ZFGx/RdLBNBLac/hAPQRLm82mzKp0QvjYcJisVisZS0Mu/THQSOgepvPO8opOEpxZgbajIEbfJMAaph6XfKdyOKEchKCL+dz4MdkOpwJP/CJRFtm0AkAQDHm21IqX7HyFMbBarU2NTVp2ZS7D0g69EJQ6UK+gCOAvDOzMwDNZ6w5A+fv3r0baBh7rtIsogTSnaQJ2pYvUMQx3g4OktcEWTPniuVyDXUB7+atvKu5e3dOjI+t2TcxUSqWaoODdrGa6jYwa1dS16Z0di4WigDBOFgoFtCGkdGRNWvWDA8Po2SixoVitVpVgdtdt7tj5w7cI3C553oqsyLQrTPoAI57novOGxoaxG26njsxMYE7fcXLzkZrQaVRzuzMnNBSZeiMaRLZgOh6q9kaGBhA5ziOIwOTdTS+UCATDHSpgtqopd3u4EJ0Di5BMwzC1g5Zl5AofyB+cH6xWESl+EhQJklaZ6E3cAS/FWtuNJooDYWbMlehEcVDQ0MqgSEuD4KwUBzEF4uKAkFFJqFpW+T+bAre6maxWCwWi3Xa6d/+7d8Aml/72teeeeaZmChiS/6555778Y9/vIg+CwbQLNZyFwDozp07VaIb1ikWFs9YL8rgJl4WslgsFutEypiXrsV+FNJmrdDk5jGNPsVCQcg5ACAmeWeEAT6NybSYUuGRSbTrgefSQZmNULo6AGeTYwbBVtvxpaUy6C3gLFYLQNWgunk9rxwqcBqAKZYQWlduxOra6jWrsZAwTAMHUT5IKygtTgaYBi01UxOomo5IoA666hgmoKyC1KZhrF6zJonjXD6fyoBlUF1gX9Mwld3E9PS0jLwmdxG8Xr16NUqzia2LvjcFTui6Li4cGx/TKXrab7Xbo6MjaCrOQdUqhyFgfZREuCmAXfTU9me3Dw0OgSPjdnHC8MgAmrNv396xsTG5W0/B5tjIR5+gTFwFFG7botNuFwpFoHzA6CDwgapBkNM0QffiBVi2SjjRbLbQOUSro7BcKmUy2U4va4UmKM4a95rQDaIDKRuh3BhQYen4ClAg2Zp0u4p9U7RzvqBCqhOJtikzoXQEp80Gi5MQslgsFovFOh2FKeIjjzzyvKcxgGaxlrewoMJ/7eTYKOOIVSiuioE6vGQWIzIT1JRvtLJZPGoP6RMklXZpkRHHUblnnBCprjs4q6F6AveQiJkyO3HsM4vFYrGOQ4vGu/4jQdIJ2jJCwpfgquDQOGYKA8gZoFXXyfE58ANTZh0ESs1ERmBXE6CcFFprGgqS2oYNzkv02SAwTTw6SV3PVYHPgLxakQrA5cqYQrpA2CgEYJSgcJrhZLQQH+HyTruDEtA8x8mViiUyYa4KXdPzZbKVAIkGjUXVlHsvopx7tWoVdJXippNkcHR0aHAwSVNA3ihLlJkG0C3wbrlcRuFgyoC3g4ODoNvSzZnuCPdo2460fiabZjQM53c7XQDcjtaZm5tDI4HR0RsorVqlhIFg4pVqBXeNeiM/QMO63Q6utGxbmUEnSep5fpmuomDwnJMD55eZA3u+JWpfH39EUQwoDDicEH7uTQlwR+gcGUVeNWhLgGZTZAwi5wzq9tFI+lYMstvGLaQa7trB90zOHgbN1tBg1KIio0HG1TcuJyHS90Mj+298Zan8KjXaejj2B9RYLBaLxWKxXnAxgGaxlrewymo2m4xBXxBJL8hg6R7WLBaLxWItUcoNGRvNwJSgmYHvRnEk6MmbWPpFEHcmt2UhfbcoUR+wZi8DBNgufgdJAL5sqcjZLAPqdXSyhgAvzefyrXYb/DSJk0a9AVALPovS8DqjXHxkLYWDbtfFazBlFadcyBcCI4jCyMk5YL6e7+HIyMiw7/koFecXC8UkTSzdkmG7OkDz+Ph4q9VCE/Hp8PAw0dgg8H0vkr7VtmPP1Smf4dDwkJB0eWpqCoX4jg8y67le1+3ixnzPk0HTPl6D/AIxg1CDVo+NjaHBuAQVYVtdmmaQ/UWhWMAN4sx2u61nwvW8RLYfN1WtleKYwqVnZqaDMAB6rg3U8BEO4lpAZp3uPUHPU7NFhi9BZgVM0OhKpUruInGs8g+DlYdkJKLj5FyO3kqj6nKn07Ycm6rLUoorl6Ig9CTGrdEb8t+w0I3oB8PASwudg1Jdt4vqcnlTmVbr2DIwTXyDcociFTzTYLFYLBaLtZzFAJrFWt4CgFYLG5VCEAsWGQmlq2CqTAU1z0dWyZia3ludFqz9jzIVVSRohYOLTkWUjfRmli/2W1Mfrw6ZmfDY6PDC9INHQMwABKc4UpvFYrFYL3r1g6DJvsLM5GiuCZkxGHTSskywaMorOO/2gBE8JVPllE6VKDmVPDQjJE2+z2CzILPqASlgUEog0Wm3mi2c4+RygR9QSgPTAD5W+fdAb4E+gXRL5RJF+wqRL+Yx5ZAOFTb9tmxcCEDsiBwoKX5U2LJySZbt1VCabpoe2G0QDI+OoKgwIhsK4PKcY6NY1IvfaDdaAj6LCwGO6a51um3UQnHcmt5oNoCM8XbPnj1DQ0Ou6+I0MG60Z9XqVagRoByX4yNcCHA8NDgUylhmCoUuFMF20VcjIyP1eh2F4F6KxUK5XMZx23ZQkecRZ1cDuuPYkraD/6L9GWi5zMRooUuBs3FOpVKW1hndXM6Rc6cMzcbeANqJAlECypTuGSIIYvmAWVIul1C8inoGbsYXgRdoQLdLiRYbjaaMpDbyhQK+Wt2gSQUqQjNAqBNNp8yTaap8pVksFovFYrGWqfhhLhZreQvLISyNVHAMYVICy1j29CyhM7UaXQBS5VvpNYHVUa8MUGksX1NavIrk1BlxYMEs9v+ckOQ6izDx8cQmqyeXD0m0+0LPy0UmByWxWCwW68RooSOHpgyVhTTfsEywUdPE+E5B0L6UPEfDW0qUJ824ACvJWEOqP55HYUSfpuQirZh1EAbKiRi8GtATpBh8E0WhTIxr3U632WgC6VJktDSDBpIGLLYoHNgAOcVrz/cAnZ18PhFZHkgbkLVclvTZAAVGaSn2s/HGMsMklq81DMnY4LbzuThN0JhYqlarVcoV13NBeFER3haKBbVfjkZG0iIDQBlYud1qg5IP1AZQU7PVVA7UYMoo6syXnJkm6ezsHC4B4J6rz3U6HVwyOjqKI2gFOgFvcb+7du2anJxED4Ag4zh+z83N5fMF9GoYBvhpNJvT0zMzM7Ou62kEgi3pDUL+0ugEkOs4TjRNl6YiqUrtiLsAfQZZLhOs7yRJDESOT8lQQ6fjaUp9iNbiOJl667rKTIhy5ubquGUcw5dIbieuK8vXsGFAniHSGBoXgI7zVIPFYrFYLNayFkdAs1jLW/v27VMPxgrWKRdWGxB78AAAEABJREFUsBRfxhHQLBaLxTo5IlgsMw0mEaFYadFMcbW6ocdR7HmeRQHRFigw4C/l35MxtqCimXzUCafJ5H7Ec4FfNTqkZUmGC3FysVhsNBrSbNoGNhXSobjeqANDF0tFCkDWjWarFUUhhSRLYA3Om8RJtValRIjFYiJdj1GFLQOzwWEz6YZMe8wJPZylgoLVTjmFaScpMC9a1Ww2gWIpKNs0CvkCSp3YNwFYvHLlSpSP6nAmtthxVb6QR5vBvjvdTrVapWFXUIg37rc2UAOxBUFWztnoKJygOk1FELc77dGRUZypcgyWK2Wgddyp4+RwJsrP5RyAZnBndRdoD8BxDvQ8zcifJElarSZuEyfgNGmeEWEbIKMdaDLiwDkKo4MSSxIdofYcBXHLzBxC4GChkEf3dzptVIHqUAtQutobQAk4gqYm0lZbWXgrVJ3I1JE5I4feyPTMRsPSRLBYLBaLxWItWzGAZrGWq2TQUzQ5OSlo0ZJEZI9Ivo0q4kZmr0kPE81MXpGmYSw6iqvUElHXDHHaaFGKwv7bk419VY20ip5PRXjwOQalJ4oM4zTqLhaLxWK9OKSGOU3aaxgykhaAlSKCRUb+yF5Eef7i2AEmphBdT1FXSMi4aSBRQFtQS8BcjPqmmeK0wA8wbCWSDYOEgjXPzMwA5paKpXwuPz09DQJLPs7SwdntuuTnkSQ4s1qpghrX63UgV1MaEyukCzirSX9nyrknpx++D5grTBmInYTklTwyPOLYDnD5zPQMSgYFNlKDPpV2H7gpFa2M+czqVatlPkDyvCb3Z12vVCq4L0LMQrSaLXTF6tWrUSNe4yrcGqDt2NgYziwUhvfu2fv0T54GsIYq5QpaFfg+IPjU5BQuHxkZwQ3iNsGsgZ7Rh9SBUWxZJtoMrIzOrks7bLwATUelqDqfz9HUiFw7irhxXOi6OsovFIsFTcdbNID4u+PoFD8O+uyEUYQOVlMVw6CEz+QBYlmoCyV4nitNVTKVfhB9pdIeChltLYOjgcsDtYuAcrQ0pThoetyKn1tlsVgsFou1jMVTGRZreQsLMBkMxXExL4x83+cIaBaLxWKdcIFFmpZF1sSGCWCsIm0l06RdT0fiSxmcG4KokpUzGKhMRQhSmVK0cab2UMmIWfp4ZORoHHieB6wJJEouy7JwkFkn5/jkMYHCQj/wAWEpLJeindOBQbK8ENLyS7k853I54qcOWXxgbxY01pGiSuR4SHzc90CHQYHxGyehEBx0PReDJnAqOXi4XrPZBHfGa2W+ARE5LuRVDHUYhIVCgW4wCCkfYEYZC5UHyOzMLJ0TJ6ZldrtdytAYBLhk5aqVgNGjI6M4gntBS3BPu3butGwrhyNh6FEywwinTE5OTEzsGxoaRGmu66FtKMd1u81mA0S+Xp9DgaDt6ETPI6sTdIxKxlirVcvlCpgy2q8mAGij8mgOwwgVSSeNdD6KOZWuJp7awpYJDBOZ8DDGFyUJPnl8e1KA4CoOur+rjbugAHbbNmhTQVMb8CwWi8VisVjLVBwBzWItV6lnWrFSUi8olx89gUrBz4c4W9Oy/TbLcoFIB/CTZr14Yjo4byiRHliTflBh2sGNEYdp5GH5bNbL6K7Nvz2yDbQqZ+FvcfisgycqRJqy2KepKu3gu46iSHlwq9glFovFYrGOU/30A4Zm5CxHpEkU+JahuQGxS+UdDC4Jcmnnc2CdMnNgqhuGjFYm7gxQqbyDhaSZNH6BSws9TmKVmk+lIgTVpdR5MmFgp90Bg3ZsQtiFfAGkGLUMDAwEfogNbscpgNuWilXDolDsMEocJ4cqND2TCRFBhU0TbRKGTIEowMktMxeTH4UOnK0Jo1SqgrSWy+VUknQynrZxQmZadhzFzWYHtHfNmjW1Wg0cGCWiAWg8oDbILNqMW5irz6HZYNAEowUlYPQ9H9fihdt15+bq+XwO5eMuwKxRPiC1WSZH6dAhI5FqpUKoOpePoqDV7AwMDLfbrShKlFPHrl07V6xYCbAOfr1jx85isYQ2DA8P2Y6DWrKMODIux9dSkPkb0YxEWqFIP+2UmH7qgEfr0gAb1Fwjj45UzR9kBDQ9XmZZOhoJtC2zEUayWFuiexsnqohynJwmDnqMQt3J0URHUakk2QygWSwWi8ViLWsxNGGxlquwmMEyZm5ujkwD5VO6WPjQopQ4LuUaTGkhKE/V5D8LCa8mM//RW3rRx7Vq3UveHfu1mLpKyL3Y+PiQtFdlOjocCNYUA8fyVPHwJdDng60w+m8PruVEAWix/zlobVGZ0h2yxWtCFovFYp1YUaRzatgG2TbnLMDlBGjVo9R2ZI5hW7YXJbbks6lk0IIcnzE0Y6BMAFJlEUJtMGMCoPy18FuTyQyJmfpezskB4IJ7AkPjdyIFBq0cMDCfAPktFssA0ENDo81mM4pCoaElGgVO2znaRM5iGwjZtPO2A65s5PJhEKXg5NL9o93qYnPcNnOpI8Igdmw7EFm5UEZLYgoTNquVQYypM9PT3XabzKB1IwgpkLlQGMK91L16o95QQdloT7PRJFJr20DVeFEqlyanJgHBMQXCwWKxEAZ0C7h3FII7V3HWOHNocHDfxD4VJI7uqlarQRAl8smx2Zk52zHHx8fBjoGGsaO/bx85aEsfDAf1olJJqLPaQA1tnpqaxKQGVbvdrkwtmIRh6roe5Qk0yMSsUqmg39GBwNNg8nmZbxBzs1QKbcCN4PbRhk63A1IfBCH5apvSx9u2aMKh4WCkvDvQw5ZpiyQC78Y3G0eRYLFYLBaLxVq2Ym7CYi1jYbUT9/MRKefn+Y9orSMtCAXrZIotOFgsFot1MqQGF9BMhS8xpqtwZmBlxYtp0xnk0zT6GXEty8SLKIykeQZFTOvqH5njQXkNq23mSrkSJzHgZ45EDhjAuP2sgCgY0JMsIFBaFHXoWZ8YJYKVFktF5bYBYit/8uVKOZfPUWR0GAqZ9tD1PGyQo0CfLJhTx8mhENOySqUS9sZxU+RbbRoyp1+A88l5I5en0GzdAAGnVIpRBNTbdbt7du9Rdhx+4GNGQ52gG8VCcXpqularAZ0PDg3iRkCl0QxUBzaO3xOTk+QTIrBP7ydpOjQ0TAYaxaJKPIgCd+7ahdZa0nmj0+ns27dvYmJSOmwMAFLjnC4hZlv5OxcK+XarjS4aHR0TMq+gsmOWsy4d8Bl/AiUT8kYjhdZutdAGtDmUdyGNULJe39LNFpSJNvquVCpipx4lUIFZpu+fyWkqMh3QWV6uKZItWCwWi8VisZatOAKaxVrG6kj1AKimqeBk+TxoKrJsv6sFhUGlC5cu8ilRYxE5PTDw+bBSUVQLTSeOQGAPjho+Geo/sHzClckF4eE+xQp5amqKos9OyzyEKmsTS2lwcFCwWCzWaa/9pliCRhbynQDJjQlEJr3hRg15uhrK8VomqTNV5K9CzIDOuArTAvBfLZMpfDWdnpfShOu6oKLFYgFjhEnJ7ShcFwcp+59pODmKMg78gEKGDR2A2pExxYDa1VoNf6jqcJVlWpnMj4fzBSXQMwM/RosIQUtoDt7a7nS6XRclgsbW6z5Ibo+x4r50A20Dd6bLM5ErUOwwUDIFR2cZyDKYL35TsHCng0pBh8G1a9UqYHfXpTJBrVtpC3WpMHCVXRAv0LBczqHXWep2XVune8RdAHeDbpPVNO4qcwDEW80mWDf4b7FYRMW2/BS0GpMmFViNt9PT02gDWo5OwD9oIXlzz1s829SMEk5utVrVaiWOE8BrdCPgMjC663Y16UMN0Aw2DfosH1ZL6ZskpxL6CtvtDspH7QltMaTqeTWbIqIt9XchZ9nz87sTCaB5hrBQPENgsVgsFusUiAE0i7VchWUJVmVhGKqURByGe+qlvoLTNgKaF1QsFou1jJVlBEvJEcKQ0c0WQKQfJ2DOoL4aJSbQZPq7SG2CgkGDOyuvKkpzp+kEM+NMxQ6rSGhwT4oRjv2Z6Zl8IY8L6/VG1+3K6N1AuU9Q2K9tOamDF5hjmIZdLJU8z8drUGeV2BCFCGmITMYaQWBIlwmQ8VAGAkdki+yiuqKkxiDFKAGUGxwVCJi8p61IZBaFM5tmq97WVWS33AVXAd0YW/FCWkXbnW6nUqmUSiUgadwD4C2Klcn96L7QnnKp7Fd9FQY+V58DdD7zJWdOT00DGIPtqjE6nyNsDXxcKpd8z1fJGHGb+byNWwOtFqLw3HO/GRwcIk8S4uxEmVEp2P7AwCDYMag9YDx2nVHd7OwsbmpgYEA9hZbL5VT4M1oF7I4mAe8C2Y+PjxNMj+KUjLl1lWjR96mfLXL2IF8UVAHajEsGBwY939Mlv6fYZ0pU2Lc7o+/6xE41eIbAYrFYLBbrFIsBNIu1jKWifuQDm5oKds4O9Fw++LWKo+kbPZ+oZH0qR9+piXdeSmOOcF+HS2B4yBjq/sGD7aeVut0uW3CwWCwW68RLSzWKLAZ/FoDOQjOVOUOakplGKgdcGpv0jKJ3DXLfkF4NFCubt8klA2NYEMVgvo1mQz3Q025j0zRVds9GaoC1knNFEBSLRQBf3TQcI++6XrvtpglmFHqxWAKrxRGAZrBw2zHBcHFmoWBbJvitjNHWjShWtsW250YUg2xbYWDYEsWWS6WIPCu0SmVAEu3EtvOyJS2dTJ9dUPE0jTwvAoollw/barfbKgRYwW5wXsXHq7UqoK0tjxeKBYBpyjpoO6DVaJWTc4as4SSJszQDXscJpkUJBoHPXc/FhW63i9uM4rjdauGu0VdoWKVSyANO55zZ2bmBgRraiTJ37d7l4ZYdp1AoAB9Pz0wHlGDQGB0dAbL3fU9NCaRPSKpCiYeGh0CN/cBDb6AElAjOjhuRkeA2OgdcG1A+D3ROOQkj9KUhHaKBrfGl4HYbjTq+OVTqdjsyM6EjZ1Yg7DjZwE/IHtAsFovFYrGWsxhAs1jLWFjbYP2jwKh6bDNdnBtQ9G2g+04d+gJSfKLgqQLQhzwuTrkOl7Fw4afi6AH0wT4bWAMzgGaxWCzWyRHlFFT0maKZMzUeZdKNQQtjorpJGusUB41TdDLo0DXTJD5rGmYqEw/mATQ9D/QTSJegM0XXkpODVSbrDFQQROG+qckoiQFn9SgqOHqz0TZ1u1QtA6EW8oUkScMwSDMTEDaKslwO2Nk0NVEq5tTwh71w27LDKKSAZccJgyDsAtvGZO4BgiyDuEGoG/VWRrvkabVSxYQFRDWXz8msiRG4tmMXkjQxKbNfCuxrmiaKVV5h+RwBaz/18dZ13YGBwcnJCZkbEDg7UuHe5XIFLQGb7oRB13Uz4vJazsl1Ou16o5HKzI1jY2MRcWh3dGwUUHtycqpcHoyicHZuDrcpsXIV5aPAkeERNAPI2zSNarW2Z+8eXdNzOXKXJkqeJuMrxkGxd+7aOTQ4WCqXqKtT8HcdNbbaLQBoeafof7K3RrNBmS2y23bQSFRRqVRRL+Zv1Wo1zWxci4rk/ZKPiuOgg+wacuEAABAASURBVMk9RZFrU6RyE0Iz0pNiNcZisVgsFot1asQAmsVaxpqZmYk4IuaFE5lgkksji8VisVgnQ2DNwL1m1ttSnX/aKaM9UVPGAtMZup7ECYAyUKwy6wCVjuUDUp7nA54CmxLD9f1utwMk6ns+8WgjIdsNGeeLjwBDG2C1+cxxQIZzc/U5lDkbgVw74KooxMyR9XGxlAduth0bR5IsUU9TgT53Oh1dA3/Oo1WmzEJBaDhJQLEBZPE6CMN8PoeWoM2UoULX0AyymSZrEQ34FdUA2qIOsFnZQqfTbheKxVKxiHZiu1eZXeAW0PihoaF8IU+YFsB6pIDG1Ot1z/cGBwdXrlxBvhhRTJ2jUfkGUXjX8323280RQbfn5uaAg3Fyp9MALEefrFy5CreA5k1M7BsdHcVHrVYTnTw7OztQGwDxxz3l84Vms4HGiFa7WCyMjY7OzMziZPS262I3Wijf7WariR4DE1fZBX0C95HretLNYwC90esBTWs2m4VCMZMZOwYHh/DdobvytZLaQVcmKrZpKqdvAG7BYrFYLBaLtWzFAJrFWq7CYhLrMRUBTQ/oZmplonIQPk9MrknhNPoSsw4uXQcnA3xBTDmUwUjfZuTIKQrVmUvMIqhO7peGW1MpjwSLxWKxWCdUNHpqFNXbH6HwopetDmjVouSBvZTCaUYhz1mmnCukBVWmQoNllHRK6QdlHkKAUZwJCJvJ9MSqTEwk1GbqyPCwqduz03VTEk+gX7BgsgGh6N28nDlQakEwYQVDDZ2cQdKEvL/AcMMgRVH4yA981NLutFEFkK58QCsDru10u0CuuBx3ACBM8dFkJF2gkG3LxLVoP8rHC7K/KBZUXLDqB7wtFotoQyKtkzH4zszOpDILImF008JVOGFmegYgG4VTrsJOlzw9NB03UqlUG/U6KiqCxUuf5ZzjgFmnaYTGKPsLVIfyK5VKu02YvtFo4gjwMZAxKtq7dzfuAh2u/DGArR3HBrXHa7odz8eNoP1A6t1Op91q4zgYN5i1dHPGdrXAAYnRE/Q/+W9Ylkdu1D5uAefghfw2yWyabLhxMIlVhg/ltZLy41YsFovFYrGWsxhAs1jLVVhHYWF2mA95lXIqpIK2OAidxWKxWCdJYKJAmSCbXpAqoEx2W2mqZ4DRsSnDh9OMvJItaXYh447jMAghjFIAu0IGRwd+4HpukiZ5Kw+kCa4qXSZCEF+60LaVI4TfDSiG2rbLWhlloGq8tigZogl+7eRBVCk+GmMfjgmdphsqGjqKI5mjbwaNLZXKMzMzgKfgv+SVHEZEfotFgFq8xYVBkJTKJbR/cnISnwIZg8za0hYZB92uW6vVcAuoHSXP1ecIoycJgDIwNEVw+766wRUrVoA144hjO2gApQecm61Va3PaHN6uXLkS3bLnuZ06WWiD/zrYrgeGBinG6zghEDw9XTcMM0lSwGIw5V27dg4Pj4Bu79y5C9cWCjXUMjGxD+0BOJ7YNzE8PDw7OwskjU9brRZeoxYZYK7t2bMb1+IFJV0sGqDbnU4nl+uiQ3C+aeZVKDQKxM2iAeVySZJo3fcD9HGhUFS+H77vWdKKRGWzkJklNbB+CohmsVgsFovFWrZiAM1iLVf143bns/8d8KlKOKjtfyejdGn1kooDswX2ImsWhPHOpys8bNSwrh/jKmhhmfIBXXVUltn783l0OLPpQ37ac8c+KCh70VuVxfEYIrVlziXjmHuDxWKxWKzDKev5bQgLiFTTLUNEIs0wkJuWjt+ZZum2lhKhNhwHgFKFyMbkLhwmWRalCUZ3PTUAnck1Qggis/W5eqNRrlTyxQIYMQBos93KFwrKXrnRaIBrCxlf7JFVcaXT7WCYtCmymmKTKQzaopSDKNPIDN8DU/UBSDvtDgFS4aG9YKyBX09l+kFAXpkmUXM7njY3TbDbMlotytoHaAw+OzY2Bmw9PTM9MDCACzGq4iD4rOd7FIINjqsbOIKWUPa/1FfnQGjAyMgIXvgBRSjjXvC62WwCXqNw1EtMPCTa6+SsXM5qo4W6XqSoarvZaigonJA3NFlpyRhkSmyoJlTj4+PtTnuWXM7C0dFR9F6r1R4dHbEsMmWmVsnZF0B/pVJGpZgISEPtbMeOHegpYGj01cjIML4Rz6P2uETJRa1WrdcbilYDdisDa3wFMiVjO6bI7pS+ao3oM0C8jK1OQZ/x7RvSjoPFYrFYLBZr+YoBNIu1XIWlzvT0tOgB6INinjOZlnA/gcZ7haG15yW9RwbQR3a0OIIWXzjf5vkkgEsqRCHmw/HiQwLog5tx8Ntjtgo5MhBnsVgsFuvYpHLOYYPUNICcjVin1IKAuZluZHocez4GH10z9AyHyAcjzWgjWdlwxVli53LtVkuTNhcArOSBHPgysZ7pKnIchoCv2IOVAc5WKOOd4yBxpHGEcpemMGeRmYZBEbuVsu0YWUq2zjLfoA1KTXHTtSrFYhtmGGa25aBgIGPgXXDqZrM1UKuZZq5QSCxLZGmc0satZtnkE0JtTlOUZpFvtDWfI1GALJOZsq6hqKmpKRDbfD6PI+VS2cnl4jhC+bgW3HZqckoj/2UKgkYbKtUKoDP4NXWUoXfdrmM7lm2Ce7daMVY9uBY1Ydc4DIM4zuGWC4WC3IPWui76U0NdoPCtVlOyZgF+DvQ8NDQEjuz7AbpR8XFQYzDxIi4uFFvtljSb1lavXgOOjNdoNgD65GRAtiRhUK3VcLOzsy5la7TJ6oSiwuWzU7ipdrtlUpB7TsiwdPREseRgZxwtx9ZCmibYdAB7NpdmFMZisVgsFot12ooBNIu1XIUFzI4dO44WmzItPYHqR08LFovFYrFOgtRAIwV0q0dRopFvs6nbFiAsAWK5gQr6DLxM+8wJRR2bOTtLU4OS4NEIBWYKzpuk5NRh2vZcfQ5nKrAbheFcq1Uql21p34EjKBpc2Jau0NVqzZEOIPlCHlQ3AeVNwk63oyKR6/W6ehiLIpfJ+ThA3aVSUYXuJgGd3mw2wWrL5ZIQERoJgGtbdrPRBApHmZQaMaA0ic1WE+1BOw3dKJaKINT4B9AcPHqgNkAO0WEUhIHKe4HXqDEHGp3PoROKMnIZZYZBODwyrCytcWRmZkY+AJbJLsFpOWWdgU/37t2H09B7YNDAxWEY5XIOKLMMhjYBmeMkwV3gZEDhvfv2oi580Gg0gZyVHwggtTTJEN0OGVsDHw8NDReKBV3oBbtAJieeL/21Y7wYGR0xyE3aU3bP6M7p6WlUvWrVStwDWgIyXiqVwf1R49xcHV80mmpnNgWcG9p8tg9+3IrFYrFYLNYyFgNoFmu5CusfcniUL8S8LYYKgDpYKsJXnaOMIxZm0hOnROqxWXEcDh7Pq/4NLjQV6UdeHy5b4FJiulVKQ5RPyevnexJSqYQEi7UcdN8DD3zpH//xxz/9V/W/DhbraGXb9mt/+zXv/y//5V2XXSZYp0QqzSC5GMe9RHTAummmWfJoLAWQioEJPBYjVIzhPo6BUEGAgU1BQoEvgX2LpZKhU1Bw4Pu1gYGc47TabbwOoygv0wD6QQDGWcqXgbAN0wQADcIQl9i2VSqXUBTO9Px2FIUYEAcHBtGYfC6PFk5Pz3S7HTQABBYjJP73Ysk4X0M3q9UqSovoQt8wU2BW4FqjalSqFZyGS0CcUZHruiDFnke2G6DMYT2Uz21lIMjDQ8Ou5wb1YGp6CiC7VquBpGtCQ8lA3rgE2B2/R0ZGALJn52ZB4lG4Yscg2u1Wa6hWMS3LcXJA3qgIdFs+eJXJ3IDSgEuIwcEBXXp9oEwKmrbMmekZdcLY2FgNdcn+RCHtdhsQeWBgAJXOzs7u2bMH16L2RqMBpjyQDAiVAlJmZcTlg4ODwNO7d+0qFkv4z0cie9SujY2N4ssMAh9EXxF8bA/gFgp58qfGhQrx46MgTGxpCc2TDdZJFc8QWMcpniGwWKznFQNoFmu5CgtOLIEE64WTjGOyOQKatSx0wy23/O9/efJjf/qnb37jhdg4ESzW0cv3/e9+/4nPfO5zP/3FL2667jrBOvkCeaQwZ4k1dU23LC2IsP0cGIYpNAFUBFJpOzbOlC8jnIlPTdPIUl1SXGFbdk46V0QyZhk0FmwYIBUMNwzIVsKx7a7rKhoLylmoFMGLpe2zXS6X5DBHPDSRxso4Amqs4G+lXMG2dxYGaGShUMBxXTdxfhSGMoMemYigBcDZ+J1zLDdJVq9Z3Wl3AIKBg1EdmX7ESblU3jdBIckozPU8IF3wbgDZ8fHxoaGhffv24e7Gx8ZxCZoNQI0bn5qaIgOMfEHmWhSTU5PSRwRoeJA8Q0wLteOOLGnNDAyNGgcGavV6w/SphdVaDaBZZmJM8KLVatdqVRB9dIjv+SgT8yuUhmtBsScnp/ACR9CHGPdR/tTUJFqu4HKj0XQcG7gZ56suwjnkpi0NTIrFIj51XY/SReoUOl0qFfE2CELJlE2JuTXP8/ERqkA78wV8m5kthbZlviuNUPgJNtZJFM8QWMcvniGwWKznFQNoFmu5CgukycnJBXG+cnVCwdAq1jgVveXK/hWLiuGleB9NJDJQmKwj0yPXkwlVKEkXR5OEXUUW02PDpyrIuq8TXqMK31a30+9zLNRrtRo/Fcs6/XXfAw9gbfk/v/Z1Xliyjkf4+3PxW38XhOI/X/Vu/KXiKKdTI+VNHCWtyCD3CYzljmWmMiDaJOxqBn4A0pomiWlQTHQun/eUW0WiAQqrATGSophlTTimJaxUJKDHBJB91zOElkZxmPlWbdCy9CTVcwXC1jk77/ngy4SGPd8Drk2o8nyaaPmc0W6DVHuSTaedxKtWB3w/iGVF5D4RxrphJHHiJV7OcYBf0VQAVsM0UpnKT+HaJIkbTfKSHqgN4I4AYTVpypy382j5xL4Jsv2IyXg6J0O8cSE+BSZ2PRcvgH0N3TBzZqPeAOZutZo4wXO9XJ6eT0KZ0xO7QXsx99Hls19BGOA0y7QitC+OQbRlgUIanRjlSh7X4i1aZUlkDMKsEgw2mg2UgS9CTatQpio2l3OCMAR1xqyMrFF0HX2CFg9WBlEI3mJjwHW74PVDQziSYg8AJReLBVyFLw54WnLqQqfTRSeAa6MB8ndAk64stIRONt74fapnUqx/L+IZAuuEiGcILBbrecXchMValsJaCIuxnTt3Uob0+TR62nyCQfn4pziYwSpvCsr+p6mMhBl5Rz5/TE3W+9EyIY7Fclo7UOKU6ORV1C8Za8gVK1acerzOYh2tvvSP//ixP/1TXluyTojwFwl/nfCXSrBOvtTGJxioSJM0idI4FhRZTGHFwJTSPjjGaZ7r9t2ifd+PJbUlNwxLenVoOmURLJfx3cmtZ80yzCxJS4WiBXprGJVS2bHtYr6QAS3roMP5Qt4xDBEnkcoWKAs3LMuJAhQL+C1azc709AxaUS7XCnlgWb3VbIFQd93u9Mw08eJ8HhUBKBcLBRBnT3oiA+BiHlLl/o8sAAAQAElEQVQulSi2l7bBM0qK2HXxVm2Xz87NAtEGQdBsNlWsNF6UyiXyv0rJkoKCoMOw67r0lppk+YGPF2NjY0NDQ2QYbVDc8b59++pzdZxZrVbXnrm2UqngLizbopBk25auyrQjPzs7I+jJcQefFgoFwF9UVC5XGo0m2lkqlorFEvoPH8l8huTgLM0xyE7E89xu1wWGJvvrdocofKeDloPq2zJdoeuCzof1+hzuESUImoalaPD09DRuCjXi6wCY3rNnz9TUFGB3o9FIKTOjiOPUdnK+F3peECWp74dpJtKMI6BZJ0U8Q2CdQPEMgcViHUEcAc1iLUtRME6jgUXmcdBPxqbHK4quGhhgW0bW6a8f//Rf3/zGCwWLdYKEv07X/NmfCdbJl8o6QKnxJHGOUw3g2PPDLM5sh5Co7/lgzboMGwYblZYUZPWgeCtKSGLKGGFaJl6A1aYZBeECp8YyPteSyQbBeXG+k3PIecO0UBGwNLiwEDHqB4bFa+xg+2GIuQcqwlloWLFQVBn5ErkXLi2nMTKaq1atQntAZ1Fds9UcHRkFw41lBC+gMFoGVI2qgZUBi9EMh/IJ5gCRgzQYGx0LwgDTGxSOgl3PBQWmjIXSUhlQGPeLxpfLJVQRxVHOyuklsHG91W6h8QC71UoV4/Lw8DAuByN2TA215GTod7VSAfCtDQ7t3bsXNY6Nj+M4SDHxZcfudLqqK3B3uNx16W0+n5PBzoFMT2iDO8sMHJlMrYF9aFPabuvFYiFOklzOQTvReMo9GPjdTleGSOfQMPQAqsa2gO9TgDNlRaR8kbHyhga/pqesdB0VobeBudU33n+GDMd5t5t1ksQzBNaJFc8QWCzW4cQAmsVarmq1WmJhdkG5MJlPv3dkWw0KlU5TLJ+wlku0paFoFVfVD/5VVSwxonlRe5biWbGo5L4Dhjh69ZMfHo9UP6s2qISE6rhKDyVYrNNbwE8c3MQ6gcJfJ05UdWqkBj50ODlLBBFIq5akpmGAgwJK4oUc0olygj7jiDKakAZYmkxwp4PhJmRiQYHSIL04u9vt2kDNmY3zMYRZxJyJboPDVqtV27Ip1jqi8yWe1oFHoZAsI/w8IKvMkkfFJkm30zFMs5DPuy5haIy4hWKRyGqSoAoyPhYiimPUODBYxFWBH2DYzOWpEAyp8byAlVEXXgBDoyJgXLzGTZTLFQzj7XYbLacYbE3LFwgl41rTNtGGTtoB8B0fHydn50rVcz3KjijP8aUiQd7K6L2JiQm6WbqjbHBocHZmtp/uD9xeRR8DBytnrUIxVyoVgZ5d18N9g1NjHhEEPtky28DQcSYozFkdRGtlHkgxMjIKyoyTNY2ANb4XnIx79zwfDQBSxteBEtA57VY7K5Vw4ezsbKlUGh0dpZh1+o40StuYZp1Ou1Ao4i6sXE5RfvaAZp0k8QyBdWLFMwQWi3U4MYBmsZalMnqalR4U/XcVEXPMDPokCe1RSYp4WchisViskyG1/QmOCYLZ6rhdP8QRykqXaqCrZi4HiEwRtYCXcYxlP0ixRobHWhzF5HecZflcHieQI4TnEue1LZRQn6tTDr98nt4KqgJMdmhoiOJy00RQbC+xY+lfHLTbrQKYrqTGuFaZYAiKDs5rYQDwjFZWquRxARiNk9IsBbNGsQC71UoFhYdB0GjEIyMjQM/TU9M4GZqcnMRW+sjwCApHy3UZIwxCrYKIQaI9n94C+YIgl4qlTrej8hAODg5mKVFpHASiLZfKIMvNRnPPnj2AuQMOeUnjFnA7lmnGgQeIjA4cGKg15c696iKA9N27d9P5AwNgxKZpVGtDNkHwBPeLBqAE6eBMCQkx1ZI5A8nOxHVdsuSOom7XdRybnKPLJV+mbTRMA5fgu0Dv4UIc73S7uJ1Go4n7zecL0qKasjXifvFbZX1stVug2NVqrShFOT0ygZIBpF00TKQ5ikx3OP6ZxWKxWCzWshYDaBZruWp2dlaFC/V8lnUKf5aPhKaarpLPq1x8tGbpA1IVV2xSThsyXxTpIbyiF+HUXoT1/GfKPFpZEeLXUqJ/1TOkJ4OVq6YeT8lY/dHaO5UhZJRicUlF9euVQU8MoFksFot1UqQGOIrJhYqFRrtrWbaWZr7n5fJ2HAemhRE2wSmKaeJkz3NTGTML6AnYihfK1MKQKQHxW/lsmJQKr4g/Kf4xn6+Uy6ZhhmmcpXqaZiHZToSAy3OzszERVbvTbmPGIB8AImBN7BUjqG5UypWQnD8iDISA191uR7ab0vphllKv19GwWq3mBe2pyUmw6WKpiGbs3LkzozwUWqPZcGwHJFoh7DiJbc0GPc9XKKwYd1S2y5jqYM5DaQxNc+XKlbgctBqVAASDO7uBCzY9Oja6Nr8WCJtCuYsFYOKcQ3S+UW+hUnSFaVrlUjWKKARbDt/W+Ipx9AJ1bCEP7pyRkQg6M8b7KCITDF0mTiSwbuBeBfoNv1UsM0A9yLKKhtYowaFJ2Qj9oFqtKLsMtAR9PjgwiEvK5EBNOwSWbSfoXHRUkkiE3ZVx1vh2sIvgoddwg5p0U6H0kobMMWlZFDYu/b0Fi8VisVgs1rIVT2VYrGUprAAnJyfl6khfkNtP5QlMJSUm9bIRiv7b3gvKpy4fYaWkNgcR1yMbawA9p/N5CcXSuOtJzQd4nIkNZeZGnYB6tj+L49LrXW4Lwsc/cNa64Y89LlgsFou1fKQeuCkViz0rZCLC4MiAlZlBQbdEQFXuQUEmURkQqu3YZPXQboM+T09PgxGDljo5yluICyjJIDC0bRULRdDhgVoNJSdESVPfj1wXRaWeR+HGwMfDQ0ORzGcIdEtl5HKFfJ7cvjLw4gTwF5zUtohoywR9Ip9H7Q45WhQKpXIZp5GVhDSbrlVrANa5PP2Dho+OjBblTeEEEFshHash8GU6XxOlYqlULqmHjeh3moFNAy7jjsni2fVw3DCN8fFxuSVPR9Ae0Gr0xuTU5PTMNMVia0YYRLid6ekZcs+giHLizsS7YwLNuBOUhkvQP+jPYrGEe0RvgAtjTgAynssRDcc5oNvgxXirTFHktaD/AoC7XK6gJ3EcLcZegXTzGACVBpp3yLgDl9q4/bz0H6E9ANoAKABJ45JyuRRLq26ZrdEjr5LAJ6gfhkJucqfZyU9B+J2PDJ+17gPfESwWi8VisVgnQxwBzWItS2H5tHfv3ufzel4sDtQ9ghRS144mN6Mh1/34zamBWCwWi3VSRVn+chRyG0QxuSEbpmKyciZgem6onogCHsXJgLDSNJk8iIkOy9/SZTihvH9xTGkGDVMF8JKFsWVGMVlIJ7GIwkSTAbc4B5y163Zn5+Z8z0PhBMFl9j/P9wv5giGjdHEy2HOn2wVXLZfLanM2Id/nzly9DgaNzV1QV910MAcB0QaPViHYAKyu59ImeZaVS2U/8NFyqjRfQONBx9GelStX1ht1HAfQLVfK9XoDLRkaGoqTGINvsVQEfW7UG1OTUxltI2uqQ3bs2AHMXa1VNVkg2DCaZxoGoHOzSaUB7wIQo/mgvZ1Oh7xEpBtGfa4OlCxTLFJaxfJQqd1BTzqhFkmHEwdXyQe6cAuO63ZXrFiRk12kUjuOjo7geLvdQt8CTJOviJ5PEjB9H6WBbssvK8NdjI2NoVIU1G61cWuoOp8nlxXsJeAW8BaMGjMLgHh8ZXiLrQGeZ7BYLBaLxVrW4ghoFmu5qtVqUfjRvP+D+q1CexaD6Uz0s+epXILqcJoeOmPhEtIY7tfCAhdpUXWL3h6VVOOz+RyLzwt81clHUy8VnamArqO5fVoWHuU2wAuhYGrLPTe8f+P68zbdh3f3X7PqjRsvv/meLfXDnJ4E256864b3XzR81rrhsz7y2OHLfegj6+Q5h/q59I4d4vgaveMRtHndK1WB69e9/eob7t3aTMQhdVQns1gs1rITxjJbhtECPqeU5i92XS8IQt8nAwcybZCWGhQRbBhAn8oFApwXzBf8Fy/iKAZypfjlQgF4t1ar4kUuT2kJMXnAWAZ8jE+lSbTue76uaUmaKPOHaq02PDyMTynomJpDv1zXRaWmaaEiiVABW3v+0aq0EiSRdLPZxKSl0+6gqdg+n5ycbErPDdUenKCAMji4sg7DtAUMXVl35Sn62CLz6OlpMGswWSBpVARIjQJxCjA0qlYGyiiqVqu9/OUvHxkdQYMrlSpa2HVdMGi6lqyfqZHoOjRJTo3Ec8/9Zt++fWpqEUWRdJoOFd/Hi1q1RuzYcUqlIk4BEx8YGEQh+XwOhc/OznmeOz4+XqtWUSPKR+/hBInvc1EUoosGBwdHRkbQ29iyxm3i+Ete8hI5n0nwWtlJYzsbJc/NzaKRCou3Wm0KCacH1agrwihSqadPvILpLffecvnbL1r3oQfw7r4/OWf9kgfQ5qMfWdUb9A85VQh2PIySz+nNCl55zhvef8vdz5yQuziqkk9eM1gsFovFYh2FGECzWMtSWLo0Gg162PaICJh1UoX1qu/7pzuATqbv+8ib1l9+3e3f3z5VD9SxYGL7E//9ujeff/6Hv3PAGix49vHbP3bFulevf8PVN97+/V3PV/T2bb8UJ0nbvn7N+t/ZhDY355vc3Lb59r+8dN3bb3yidVwns1gs1jKV5Kc5wzRU8LJMCYiD2H6mrVNMCYBou50OICZmCF23G4URmWyAStOsISsUC2STQd4PZL5BMwcJi/ECuBlXgVCHYYAXnU4H3DOgcpooCuVHYej5HmrB+UDOlUrFsslXAhwcbQAdtm1LOVRI3+c51/PAVXHx3OwsweJ8Tu3wOo49NDQ0PDQMgFutVlXwL+X3I3MPuqfBoUG8xvFKuYLmdTpt3NfMDKFnNL5YLIBrg+fiBrrdbr6QLxVLKCGKozRJwXABfJuNJmrUhIaWyxulcGay13CcRr3RbNLt0CXAw2GAGmWmwQDNBvBF+eDaOB+9je7CJQro4225TDYbOBmdoyzNpMt2GRB5dmYGgBgtQZ902m05N8tU1kEi2h3KnRgnSbfrRpTUsas6SoFmvEbXgXSr1I6yWIokCCN8C+2pqSlcjt+e656UZ60mHnj/75z/5r+844ltu3oDaNKaUgPom6577MgDaOuRv/jLB4LDfZpsv/uaN732Qyh5vpSgte37d3z40nNee9PmpjgOHVXJJ68ZLBaLxWKxjlJswcFiLTOpFQiWNyrgiFZZB0YHH5qHZjr9aJRtT9dMcXyJ+46hzQe7f2hZbwdM329YLY8vwSekn5RpcZnkfUmBYcdwd7IPj86CA1JmmuI01pbbfv8DD07TK+est/7R+ubnHnhq7QVvrfzisS0tsOm7/+Q9Zz/64Ka16txdd374mhueWXLRybO/3EZ/rn3jlReuOujTFWflxbHqRzdefP3jamXobNj4++urwt316KObp7DSffauy9+3+sffvHbtsZ3MYrFYy1NEQnW9mLOKlh5kYRvsMsZwrxu6GYUBJX9I01JZEtJud2BwAExWe1jWWQAAEABJREFUyIelwhBstKgZGuC1oKHTKBYKeI3xK9GSnJ7DjIJMh8MArDPDVCHVu90OKHCZVOoqA2JNA8nVdD2mGOFunswlaPRuNZrVWrVUKs/MzAC5GpoOkOq63tjoKKXsE5pMpGfioG6QjQba008PODc357kecV7bqVQrAMdRHAwPD3fahFyJzFp2Pp9XsdX1Rh0Fov0AzfVOPUuzfKEArAzKjGJxL2ghAC5e43Yo2FnTnZzT7XTVJj1OAAI2KVy7AJIMEOx5rqbpuHzFypU7d+xEY4aGBjudLjpJJiEMiTsbBopypJ+1/CFz7TiOKKxbaAMDNTQgl8+3moS8pZUHODsFnoMyQ/jKcCOFQtEh2Qp8Y5aCugCddcMo5As4FxBcxUGj5eicfEFaRDu2TMmIOZ5YMb4CqD2XO/ZB9dBKtn76PR95aEK+PnvjR9dPffb+p9e+cWPlZ49ggiAm7rnqfesOP4C2HvrkX953eEL91M1Xf/h7cu5hVDb8zu/99oDw9my+T25s7/jK1e9c8/h3/2CNOCYdVcknrxksFovFYrGOVgygWazlJ8Walc+jIq0KvB7CfKMnbf63/JkH1uKFlrbgt5hPlrh0o+rDnSn9GY/27o7FHZsyQaXp6e2s/fTd/0MGMlcu+9Ljt11SefwDANDnXPu1z1yw7XNXvOFvtmL9efOXn950wznz5zvV1Wtefc5Fv/umcye+tun2Hx2x7N27ttAfa97157d8YoM4cZq+8zN3EVA21n/061/9xGsqvcPB9js3Xf1xrCS33PLJh9/7pYudoz+Z9aLQxNaHnt4lVp97yYaRI5w1teWRH+4Wa8/ZuGFcsFgvAmFc07WskHPyjuWYRpJzwihJIoz7GMAwGJFHcBQEoJ9xEgOMup4nI3ztSqUMBAzurJO1swZEC+6JATd0KaZYyLFMmSAnMXCnGQQx8dAwAkIFsQUJ7ZAPco5gKIXrUui14tE4wbJtjIPNZiPnOM1GAzMTJ5cbGhwMo8gPfDSmTDHCtusag0NVkGUcqdVqsj00gFo2+R03O0DPEaXgS9N2qx1G4djoGJh1mbybOyCzQNvFqBjKRIhosJ3Y8vGjBDi7XCqjUvBolIPTMMWhPW+hoYowIF/smjwBcBfMt1QaSpIQvBhQWCX9AzKOo3hkZNhxcr4foFUqKhnlr1q1UoYwhyhwcnIWQ32SpOg9fArgnglMw8h0uz5XbzabY2NjZIhtmKVyadsvf2lZNtqGwlesWNnptCn8vFBAJ6MKaUtSwm1ShydJEIQqseT4+Lj6lvGd0IaBzDBNEeWaIdM5FlUg9onU0/d8XlplOZfevvW2jdXvfAQA+nX/x+1f+I/bP3vFxk9jN3rL52//0bW3vu4QlzYf/eQHHgR+HtmwIbdly0HPS03cdcNXJPbd8MGHv/zR8+ZH5v97211Xve/GJzAy/9Ut97379ncVxFHrqEo+ec1gna5a2tAfbPv+49valbPfdMHZ/O2zWCzWKRQ/ts9iLVcpu+djo58ngD5rx8ZsX1SibE6meVpbcOz4cc+D4i3vuKSy8APn7D/8o7fKV8FTP543a16z6cGtzz7+yDdvu27TOzf+p9XPV/izv6AAaOOC159I+gyu/a27Jfge/cOb9gNlavJZ19z2UdXmhx58JDiGk1mnoSbuulj6cr7/4SV/S1u/+P4PbXr/l39x5LN+9uVNOO1zWwWL9eKQGu4x6ABgGgZFH8cRpQ1sdwBpu0LmJCBvriQeqNWarSbOzkEORT2rCFxcWK3WVPJAsFeQVvDlJCWvXyKhYUhGFmnidruapqt8C8DQOAzsi/NBnnGh67kUlazr4MsDg4MDAwPgqcPDZH8MVD0yOoqP6o0GqKvn+cDQlKVQtrwp3TxMsu+oomwUomysyPoDmLhaA4EdJHvlnNt1gWhBYPfuo2TLtmVPTk7i7lBXjjCxjyO4BOAYONiihIGUjBFb2PgIMxMcRHX5AmivnyTx9MwM5Q90nFKx1O10UA7uzrJMdEir3cJN4lPp+JyqbITKCFs9Z1av19HxfhBUqpWRkVEcl5TZ+PWvn0WTcINkvU2iQGlXKonjwcFB3MurXvXKlStXDQ8P6dJRBD0PveQlL8Hv1atWnXXWugGpl73sZShZfUf4glAF+gfUfmhwSKZJJIMUfGVCxqGLE6odT/9Y/W/3kks3Vhd+4Jz1wT/eKF+1nnj6UGZcrcf/4pNkvuFc+qm/fnv5ECU/fM9T9OeaTZ/cj32p4LPf+6U/v4heJY9845+PZWQ+qpJPXjNYp0ZTX72CbLtfvuk+d6mXLG3on3rsVpz26cemBYvFYrFOpRhAs1jLTCqlHq285AOnyp3w6FwgMrHQr+N5+ak+L7GAXFNWIu2w3tMLbanV60U1LiWR4DHoqPIHHr/Q8yoO/fTVyOgZ6sXuXVOLPipc9rXtz87g58FjdKjY8ex2+uO8c14mEwCuerlM73Puxsuvv+upujh2PfusDKwWF553zuKPKhf8p1fIF/+8+YljOJl1+mnb1+6UgEA89NVvTYlTqqnvff7D119399I9Z14Ybb37+us+/LnHT3HnsE5DKYxrSVHMLL2ltITVSgW8Epw4TRIAzXwuH2GGEEaAnmQMncQ4R+X6M0wD1BXlRFHYbDYp36BlYzTGye12e2521tDloKZp+I2TaZjWtJxMe2jZdiapMS6ZnZ0RBExzYUgB157rxtLpGEdQOFhtPp8rl8qYmgA5t1qtbtdtt1uu54FQo4R9+/Z5vgfmCzaNpju2I/E3FQXcjTbPzM785je/UQ4e8s6FZVqAs5j5TE5NosDZ2Vm1Aa+TATY6QkMPUFrGOAbmBr9Os3Tvnr2U2zCOC4W8dHkOp6andMPA5Si5Xm/MzdUHagN4jXOAqtFFykRbyLkE0Hyj0UTXYqB3yA/DwYtarToM1j4yPDAwGFL8eQJGjDt6xSteMTY2irtW+HjdurPQWnxN1VoV3bV69eqxsTHche8HaAx+4hgXFsGpMX0bHR3Ft6YCqHFQZlMsUJMCH3MuVE3WIjIKW5xojY/33Cd27lvM4ZxLb5+RM4Qf/NHBDhWtx276y/um6cmqL3xq4+ihSv7VdsX/zvlPr1n8UfW8C86WLx57crM4eh1VySevGaxToq13/MPT9GfyyN0PnmJUPP3Y56778PX3bBGnt565B9OYz36POTqLxVo2YgDNYi1XYeVzuqe/e7ELX0G9Xj8dzEwOq8IFv6seniWj5Ed2nFBa/qvn5NIufuD9b6MEgEEij7a2P/H1Gy9+4xW3PyuOUUVH+WU0uwc3t91oyz+Tn2/bcfQns047bb33wV1CrFmLPZAn73lwQpxK/ezRz9799Xue2CdOa+3+wZ1fv+fuR7Z7gsUiqWhfCICYUGaSACV3O121rQtwiY/SJC0UCoDI5K2RA9LMg58WpO8zTqPYZ9cjU4h8AewW5LrVbnW6nWq1io1tQOSBWo0yE2o6gC5OKBTJPGJwcKBSqaQEeaNWs9VoNgBPqbQgmJ2b+9X2X7U7Hdd1Z2dmXNfL5wuB9NMYHBpCRb7vjY4SYAWVRqVoBl6gpCgmhotGyryFDWBl3AsOrly5ErXjTADcPXv2oFgAYFwOdoyWgy/jHErAqGsA07EsZ3pqGsQW/+A17hj8l+hzEgvy4rDm5uYS2T+oCPB9YmICsPiMM87ALaNbiqWiLY1EVq1auW7dumq1ghqHBodyOZDxFB9J6DwyNDS0Zs0ZRVJp5aqV6BCb/EP0fCEvQT2FQqOnFC+m+AD5feFs9aRUTho7dzpdcG3c6czMrGTNJUD8LoWca8qRA/eFe0dT8VrIgAGVUBFf/AlPOOGcd8F58sVTN1394Yd3LXGC0PzOJz9wP+Hnd/3Vpw58smq/qo76IGgeHLjaajXUi59tP4aR+ahKPnnNYJ0KPfPt+/DdrF2DCcIT3/z2qd2F/cVDf3vP3V/fPClOa+148i5MY+7d5gsWi8VaJmIAzWItP6lFpsoa1HfhUAf755B7oK7t91cWSe9HSzU9PVyxh3SRPsAwGtWl9KNnlDxQWzJ6XRgTfch6lZaYgXAR89XmdYTzDwfrU/mhSnn/vFoE/fEWy8jTextg5Jqbr9sgfSN3fH3Ta8/ddJ+gFPA9WHxc2rVNhRb9aPMWlLb2gne9+8qr371xQ2+59/QNV1/32JIfmTxAa9e/Xv752N/fse3Adja/88U7dx/HyazTTVu+fTeWlxdf96Wr1gvx9L3/fJgonqA1tXvrE1t2TbWOREiC1vSOLZu37J5uLpGjHPG0oy6td8njT2ybbrqHPaN3I/Uj3kh9etuO+a5IBD8fzlokAE0ZHWwGQWhbZr7gmLZm2UYmkkyAxvoYtMvAqoXCyMBQzrZFklq6YWkGDf5J6piWqeuRH3Tbba/dxRgJIkyhzbYl8xA2O92m57WSNLBsPQz9drtDBs0BBU03mk0MmCtWrgTXxtvJyUlgbtftDg4OrVm9Goy1VqthPDUMo1QCXC2Oj4/LTIZlSnvoOKgCMxOcgKuUNwiRbl0fGx0rFgvAwTgIVo6r8Br4GB+97GVnV8oVnAZSPDoCjj26es1q1AIojFvdvWd3FMUUsGyaoOfgztgV3vHcc2gtSLXneStWrEhkDHhCUyYDs6Gzzvqts1/2W+Njq6rVQV03x8bGVoyvQEXoA3BmNDuOiYljfK9UiMijkJQMpnWV5BCIGTQcs6uVK1dUa+U0i4tFbAMEtgP6nEMNFFAe+ga6WNMAxCmdIyUeTMDlpYlzhltDpahCxmIDiEe2ofluW8ecIvLj0IuD1NJsEetpKMJuJJJIF6mWxlkcihOr8ff+t4+vpxfJ9rs/dNGqDz2Cl0H3iP/LcR//5PUPUN6Ft33qr99WOdxZa1/+SvnnI//1K9sP/KT12JfvOR6SeFQln7xmsE6BtvzPBzBBuORjt1/zCkw1v3W4LeolDtY0sD65edv0UifA3pFOC5rTu7Y8uXXHdGvpEwS65HtHbIDbmtq2GVOII051qJxtE/MnxILFYrGWlxhAs1jLTyCmWLFQknda4PSo6yJfC/VQ6v5repbNmfw5bLFLCubNyMJDO0oX6COQ5T59FkvTIU8+AoAWR/a8ztQNiSVWvfAtFqhyaXp6x6Gvu/bbD974VpWMRRmGPPyRVevPefPH7njsuCKin+0BaDFyyW1Pzvzz3V+4+Za/ufn27z719JfeKVPDTd/z8b8/Jv/dkXdcfbF88cxnL/7jO55Q8+ygte3h697yJ3LdS9q67bmjP5l1mumJe+8CArjk7RdtuPTK84R46h/u2rb4lNZTX7xm/avPWX/RpZdfftH6c9ev/+O7th3817b19O1/fP6qc89/7eVXv/mi89e9+vyrvrr9CBFBO7546fBZ6666n17f98fSOuasjzzW/3jikQ9ffs6C0s558ycfmTrykrX++A29S665/O24ZP0bFl2STD/0yY3Dr5y/kfPWD7/9lhkXy5wAABAASURBVMf6TjU77ngD2rDpgebEAx/4nfWrzjv/DX/7CyEe/wAO/s4t1CfP3PJa6ZT9hi/uEiwWDXm6+iGTjTgKfM8PPLwQ0hsKu70YD+UvAehbq1RBg3E2PjApFaEWh1G72fK6Ll4DDWMcBCptt9tqq9i2TU2nwOeBwSpx0mYzlAkJY3KcKNZUfLR0oMrnC0NDQ+Nj45ZFBReKxUqlUi5X5O44Daxg0xHlq6CsFbTTmxCbxutOt9NqkxUGLjFMA4AbbcBVYNaWbYMs2zIQuJAvoDw/8JOYQoNxJmD06OgosLKhG4DOL3nJS0zTUCHSOAEAvVat6WRLRtYWZ649k+yYx8bPOuusM844Y2hwkHIqWnahUMwXijJ8WxpbG0a5jB4qqCyCuBbFrlgBCF6Rkyxtbm4WrB/N99HPfoCKAN+le3WAuRjgPK6Tvmih73mdTjsM/JhM0nRpeKLLDQMnl8/hm8HlgNGoMZdzZFfgfxMa+hMXRkGAVRm+zjbIdLOF77TbaWOaQb2WxHSVfuIzb5z9R/f+4FMXjarshnKG8NBH1g+fe+kHvvj4oSYIwWM3/+Xd2B0zNn7hry6rHr7Y0Uvfe4ksc9tnrr78i5un5J5c0Nr+0PW/f9X987tr2579lThqHVXJJ68ZrJOuZDPl0DY2Xvqm9VdcdQ62qG//2kFTyiUO/RjT3y4H1quvfsMF56x69cYbvjdz+BnCrtsvxWh7DYVriAeukiPv8Mce73889eiNbz53/boLLnrz1Ze+FqWde+mHH30eB4zm927pXXJNrwGLL5E3MoypztuvxhRi8VTnOx9BG9Z/ZmvzXz97sSzn/Q9OqYOvvZX6ZNutF8lpzKW3czA/i8U67WUKFou1rKQo89zcHNY6/ZTohwryPY19IV4sQodjBX5aW3BIOWe/92vfv3Jqy7fu+Ls7P/uojANKWlvuv+Wq+z979h/c+fD1F1SPodCguuGKK68WonLeNTddOrL/uFG55NbbrvnO1Xe2xI7v/WDHh9cfvcG0866PXfe5R2/ZktCs/fI33rLgo5Fr/o8L7vzKA0KsP/vMYziZdTop2fzQgy1hXHb12xxh/N4Vr7vxqR89cO8zH/3EK/pnBI9d/7arvj4tjJHz3n3ttW8cnfz+PZ+798Y3/+jAsDv38Q9vvIaYyPgFV7/vyreOTD127x13f/L3nzhscJ7In/17V7/7VTuevOeJHWLtG6+8cBWOnTOmPms9/oHLN903LUbPv/JPr7hobPrxO758z1Nf3XRB986ffOaiQ/+Xgkvefo285No/f8+5Y3M/+fzf3YFL1j97y9a7rxxVN3LDpe/Hjay77KY/+b0znOBn3/z0Z79zx1VXON999KMbjPlytn7xnZdv3TJXGV09KgYcIaoXvvvKfOvn33h4a1BZf8nFr6oJccbZOcFiif3bv2CTGIOcnJNqWqfTAU7F6N/pdC3TxFxB03UQYRxUbs64KAhJjWYDKFnlIQwktgbNJtaZZYC8aprRbDaIfCZicGgo5ziSdMfgryChpmmB8QL1ojQUm8/n8TujbH5RCCpdKBCo9TwMjcDEjgx8BtWt6OUwonyDYNaoGh+BUZOTtUyyVy6XgXQBnYPALxaK9LxRlnbanbx0DsEtNOoNHMPbbqdTKBQc6WiBAquVKhowMjIiiHe7gLf5Qp6Mmx2nXCq7HuUzBP8F5O20241GA7dWqVZRb1ooAPWqjXxllAHIjk9Bk9EhXZdCqKUnRq5SGYiiGAwa/YSjuB3AetyuJjK0od1pg2jjqswgl4x2o42qk1TomgFCLatGyZ6K9Z6ZmcG0ASegJYDjSRI3m51SgaxRpqan0TM4p1wiD5AoTvHdoV8t9Lak9k7PcerEyjn7PXduvWJ6y4N33fwPdzymoFdr6323XnPf35y16c5v3HT+/v+TBt+78QNfJ3B24U2felfliKUWNn7qL9c/dDPo2PQTt169/tYFH42895rz77rzQcDvdS8TR6+jKvnkNYN1svXUI3e3hHjnle8qCPE77zjvk08/9eC3t314/dn9E5Y49O+4481voymiOHvjR9/zjleLX9z91Ttuv+YPncP+Bc6dvfHKq1+964mvb94h1lz47gtoEvvqntV58zsfuQBbxQfMSTbfvelS7+8f/cJbDl0iLjn3j+Ulf/DBD547OvmTu/7rV3DJ+TtufvKb71aT5123v++KG7aI6muu/cQ1546Jqcf+9pa7v3PjGz5Sffb2/ds8U9/7+Du/uHWLiRlC9Qz0yYoLrn53rrH12w9taTkbNv7+epy4+uyCYLFYrNNcDKBZrGUmrEOwctu5cydeh9JjUUgSKqTNRZ9BY/14uBJOBjDtpyg8ZBgyDh4h6+BCa44lunAclfrB0UcVqtzvUvV2YSPxkXqL7+JkNPjkyBndcOUnbh/dcdY1973uvR8dfPyzj+7CcnLbf7/6nSsf/+4frDn68s655uZzDv2RccHvXizu/LoQW37xKyGOJcPh2mu/+0+Vq9533WMLn7g0Ri75zIM3OZ++8yvHcTLrtFHw6F3YpXDec+VbifaMXHr5BR//0ebPf+PpT9ww//fqmc9/nOjz+pv+6cFN6+SRiy/b9Id3vPnttyzMC7Tt72+kJeiG635w77VnS5h7yTuv3fTFS99w62ED8Eff9MG/eZN47GMEoF/3f9zyN2/Z36jHbvoIUPLaP7r3Bx8/R8Keje9698YPbLzmvvs/8hdvf/ILbzkYAB3ikkuuesen33bpZ5+85b8+eeWt5wN9fOvzuJHKe7/5TzdeqFp48Tm1Sy+64Zm77n76o7e+br6k3Vt3XnzLjz9z5dr5Sq6++Zard9zxw4e3blv1jk/dfIzJQlkvMilTLIBa9VZ5KINpkh0yGRxHEqGa0vk5b4LD5hyMvQDJmDBQmr4kBikulcog1M8++2yhWKgWCziEq7udLng0jsRRDGgL3Im3UUjuFnGS5PO5klnKhwEoMGAoDrbbLUlLSxgTkzTtdABeaYME8BQo2ZamGThtdm4OnLoIKh2AxlqgyWFA1Bh8GZeDVIObo7qUgDMOpV2i5+TUMTkxieONRh0fUXxzztECsnUGYp6YmACrHRsbm5mdATFXRBv3hgKGh4epIulhDdqLBsy5vmHoqFQFbjeaTV8i4Ew2oNvtqJTOQMw4uVqt7dmzu9t1UWYivThKpZJu6IHsnFoN20ACRQEN5/I2cDtOQDtHx0ZxGtqJrgPLBsguFh3cTrVaxWYAUDZ6CF8Ubp/YtFShkMeNy8jrktdtAeiTSbRloSX1xmwhn4/80Pe76C6waEL8FKB80vx4nJENV3z0a4O7hv/4gfPe88Gx79/x0I5ABNtvf997xh99cJP6X4/7+Mf/8h56ruj8W77w7pHnLXLtHzz4g8I177zh8QOeBRm/7Av3Xufceted4th1VCWfvGawTqaC+756VyAq11xxEb0b/733nH/jU0/edeeP9o+YSxv6g/s+Q/S5+s7+FvLGS95z7WMfe5t6BOpQGnnrn97yVvH4BwhAn/PBm/F6Xu7jf/GxB5pizaavP3LTa+Q4ffFl7/kd4sv3feyTv//92956MP89xCUbr7nss6+9/PNP3Pr5J66QU4If3Xkz5jSvu3Hz196rOPclb1rjvfGa+x6958Hpy67u/6f2zFbxf9777EfOqfY2rdf8zc1X7vjizx/asnXt26/7mz86+mk8i8VivRBiAM1iLTMpkot1o5C4VlkfpnJxwzkJT7E0Ffm17LT6ok985sYPPvqRczeRScWWv73zqT+48TxxIvWyM9cLcUz+G32tu/Jr33vH1NbH733g8W2uGF2/8dK3X7RhQGz5jEyJbrzq7LXHejLrtFDw0D89IkTl6osvUO9H33LZhWLzE/d/64nrz1GUdsf3v7sDYOSqT/Tos9K6a2+66vOXf7U1/37XY/+MrZTKNR/vLUGVzv7DT1zzdxSGf3RKNn/jQVyz8RMfOmc/aa5c9H9/YuN9H3nkvn/a/IW3XLSkS4z1f/7NJ68NhFOUb0eu/Ob2Kw+8bM1551XEM60fbtklXtdfN57ziev302cW68iirVBs7iZJFMdENAkCpxRTrOsO+T3kwHwpvFdowLKp3CuFAGEBiDF7wG/soQL1Ar8KQ1cGyhjRwGdzBHtzYRTKckzbzum64XueodN/Y5G0/0LBMidhSkHNUQzELD0wHKDnJIowLQEOR7PAWDE9ERKeKhswUGnw2fpEvVKuAOyC6sZExZMwDd2umy9Q0kRcJaQ9dCFPRAcfT09Pl4PyivEVnu+NjI7iRtxuF/eFevBRNr/j3ul2BgYG0Hg/8PFCPqKU+p6LW0O96JwCVZCrN+rosFzOGR4ZkSYYolKpgqe32yDClXK5jJ7xPPJrUBvMYOKAw7hlNEweyVB+lqHnQ8umbJC4I5XGECejona77QEbR4m6fN++fWhMPm/NzaHeWOY2BMOnLQEcQV1aGuccW9H/Wm3A9dqZiCvVkmmZZOUh0w+it0/N41ZnvOmjX7jh2oc+/rb33z8tkq03f/npTXJT8KnPSPMNMXLJ71R/+PAj/fMnt6psv7v+18OP+AC+52zcMN776Ox337n10ukt3/vWN77/bEuMbHjb713xxvVVY+un5cgsXn3WMY/MR1XyyWsG62TJffzBR/Gf5Tsu6c1NR9526QXiyc13P7j51tepOcPShv5k86MoB2PrxxY+wFR568c+eN79Nz4ljlJPfus+lPy2j17/mv3jdPUtf/XXb3vgA48+8I0nb3vrW5Z0idjwwe9sfi8mCL0mve7GPdtvPOCqwisvXC/ue3Lzj7aKq9/Ub/V7b9pPn1ksFmu5igE0i7XMhHUIFi2/+c1v1MJG/cYC5kgAWtsfBbwwYlflMEznJU6ylhiJnM2vk498jmr5UpLCH5XB9FKK6gWgkVGmPT4+3jdCOQ215evX3fkz/Ln6kg9/8K0HRixV36YmzUK0fvzUDnHe0a7AJrY+9DTZ0S5cbfb1q+ckfTaOzy7AcEY3bNy0YeOCQ1sffFh64J53zquP52TWC67pb939MC0vrzh//sjIO65+23VPPPqth5668UJ58Fe/pL9FF77u3EWXXvgfLxJffWD+3bM/fQa/L3j9ou/YuODCNwl6vPqotHu7fFD3lRsOjGNy1r/ybPHItl9u3yEuWrvESyojowvf15++8+ab/+t3np46kIkHCzMInf3mCw/6T4nFWqT9Y5CRJVlkmFoYx2kaaaaNYdOxHHkCRtwEH9m2FceBnB2A8VKcL8CwyuQAXAwqCuiZZGm+VLQJsOqTk5O4dHBoEDwa9Fb6UqCuyPcBh7txGgDL5nJ5YtpkApI1WnVAcLBR0yJ+amcAyhQWTRYZOdP3fNvRh4aHwWdRWqVaqdfrgLPFYhFvcRCjZ22gRimUI2BZGi9wCSqiy20nk0MuGmZrNngtDrbIHbkFaD44OIjaTcMcGR5BIXiBNuCjsl+mBM04a0RgAAAQAElEQVRJjBNQkaZr1Wq1UiwD07ueC4AeAo4bBrh5uVwIfL/ZaA4ODkgm7llmDqh8ZmYGnVUqFUGigzBAr83NzREaLuSJyucstLzTaaGKwOvYptVttUu5Ani01+6Sh4nIZien0WvFaj5vW267gcmHbWpx4E8TxXY6zbbf9RxyShHNVmtoaAjU3+vUdWHmHTONAsfUhgcG5QNtSa1ENDxLoyIAej6vn+DJxta7r7/rR/hzxcZP/OlFB/z/yqhcctMn3no/OeMHT/14hzhnrdj11FPKtXb6oZs3PXSI0p6+/UObbhfiXX//7BcW/n+sMLLh4ms3XLzgyDPfvk/mB77w1a8Ux6OjKvnkNYN1EjT14F0PJcJ55zsunP8rP3rplW+9fvNjDz7yxA0XyINLG/rVAL36Da9fNLaOX/C7Z4untomj0o5nycLu7FevP3Cb2Nnw6rPEo9u3PLtLvGXNEi+pjhwwIw92PHLzJz/71ae2L8qjeEAixDddcCHTZxaLtfzFAJrFWmZSwc4TExOKgWYH6nDcViHdQ3LY081BYommFi+U8/JCOE5PH5fL4jSW/8tv3/11EK+Kc+liAE0z4ONxi5v+9l986PNTKOU9d+/51AUHfJRs/n8fli9+54ILxdFry2fXX04lv/W2rV+79IBJe/CdL35epli58NI3jx7DyazTRlOP3vME/mjddfFZdx34SevOrz5y0/kbX8g4YPegB93doHG0lxzw6eMffjtZVa590wdvveKVymz6h1/edPuPDjzNcDj6mbUUYegxTSPnOI163bRMI9SBYDUT+9AY5VPLIp8HjE0y0jYNQVFTsobAwIVhU5oj24ZOyQAT6elsWbbaTyVz5ErFcz3QZ5WNEEfqDQrRjcIol8+hGMsCVnZxMkoLwtA0dAuMOyGPCD8QURQWinm5N6zhtZOzsf0dBD5OSLMETLlYLAHp4nJwYZQJoKwsRECK2502xV83GqC3KpGg6FLssxZpMqbbCYOQDEOqVVDs6elp1Ds1PbVy5apCvoB2oqhqrRrPxn0rDBXfTSBbjymrYWyDHeMguDOgdrlUwjwCSNd1vWKpnDOtffv2oTrHoUfK0Ic42fMozaBC9l3yFQGGzmm6sC3biA30dSGXJ9trSg9Ie+E4ATcIIg9OjllCvpAno5JWCxQ5ChPPbWP2pgtKBYkqwN+p/10X3yMmFY5tDQ+dgcaPjo76vk8ZFylRYY6sQkQsI841cYIna8GWh++5W04Q3vUn83kI+ypUjiU5xLy2fOaiN///sQG88Qs/u/1dB8w0gsfuvEuOzBe86y3P7+NxnCWfvGawTqamH/zmZvwRfOWK4UUuaq277nz0ugsvfiGHykYnXHQk6ARHe8kB2nHH75FL9ch5777u2jeukfc29eCtN6oNkv0yeILAYrFeDHr+4EEWi3VaCQstrItUIh0V/3sEe+VFFx7V8ROoZeKS/PwypPph15l8ilmcxjrvbe+QM9bWnbfesS058LPWI9/4jnxRee15x/AA6oY3XyFXbcFXP/KBRxdEdSbT9334I+r5x0suPSRGbD1x86WrXr5u+NxLb3jyUBYJ6y+4VKZyeezTf/lQff/hYNtdV13/AE3zK5d9sJ/28KhOZp0umn7wwaeFGDnv0iuvfvfCn4vWAoI8+q2H5H9VL3vlevx+4kc/WXTxE//78QXv1v32Bvze/MOfHXhSsvmJ74mj1tqzXo8G7P7BDycOODz1sx9gk+PQT2of5pKgNT01Pd2UNzL14B306PrbbvvBnR+95uKNl9DPufzQN+vYpPZoTemSbFqUDBACqaSRXBMgqoVCEZTWlEkIwaODIATqhQCjcTnIdRzHLtiqTBRIbhs5YruJdIXoJTfOBLgn2TQnaeCDwJojoyNgo8NDw5ZUEAaovVQqVqrkC1Gfq4Pz1moDgMKK3uYLBZSGy8GRKXQ6joG28bqQzwM0U+bDIMBdoPAdO3agdgDiZrNJUdLlSiKvQvNQL+HjLKOMhQZlLMQ/6sGj4ZHhYrFISRE9l1xHDF1drgKrcSFurVQkCwtU5/vog6BQLKJts7OzykF7rj6nPJ07nU6z0Wi2mrh3eaSK0yYnJ1utFt4ahonOLJcr+Vwedzc5NTmxbwL1onn4Dbg8OzOrHFCiMERFmBJQpsHZmed27Hjuuee2/OxnO3bumJ6a+sUvfr59+3bc7OTkxN69e3+B9z//+TNbtz7zzDP/8i//gm757d/+7Ve96lVnnXXW4ODg6tWrh4eHBwYoNFvNOrQTT5+hcy5Rw2frrhv+Yfuiz5r4/7B84Zz3Wvk/qzWbHnx2Zvshfn788fXyxMu+Jt9+QboQbHjjRXL0f+QvbnikuX/uEWz76qYP3E/jvvPOa3//kCNza/MNl58zfNa6VZff8sShJghHVfKxN4P1Amri2/did3bknHe9+8AZwpvOwocP/dPjEvcubeg/zAAtJjb/v0cZ/kyFnf0q/J760Y+nDjg8/cMf0cN2rz97zZIvCZrTmCG0Avl38qkvf35LIkb/z394+OZr36VmCG87q3a0BmIsFou1TMQR0CzWMpNKfKeosbLdwBHFoI/AedUliwwrlPPG4QD04YwyUIvKdqhyx4vD63CeG0f2zehT9aWcfHCNJ9BwQ8znG1SBYAtbomw3sF7FShLfApa74vTU+ddcv+GuG7YIseWWN7xp80evP5cyCAW7tjz82Ztv/vxjcoJ79p9cM28APb3l4Z/smL/0h73gi56xY0+rz71kg1qunfPnn9h4+0cewVX3bTrnoXUXXPK6NXl31xPf27xDzZs3XPepQ0apfO+Wy/+7NOhobb39fbf8p18uSPCiZFzw5x+/4M7rN4vpB95//uNrL7jowlU5b8/m+74v/TRE5V1/9an9mV6O6mTWaaJn7qLg37VX/rfbPnr2gZ88Fqy76v5H7n5w+l3vHll78ZXn3XzjU1/99Gffc+9Hz+79XQq2ff7jX124MltzxRXn3LDl6Ttv/vw1935w/1l/9+mlGkAvNMEQF73rqsrdX3360595/IrPzFtGth7/vz5HuPyayy861PWHuiTYfMPGq++cHtl075M3vUZ4bnPRNc3vfPrTPxJHoeTkZR9jLTPNP8yUAe9iaAcGBX7VMqEnmWPlHcdWscy0V+37GKRwJJEPToGZgjX7Um7XLVfKINAUe0yDuqalmkoDODQ8RHurlDnPHRkZdXIOqsBxEGuymMgyOpIQXPYiL4nJe7pQLIDwYlgER/ZcTxREGASAp0SMZSK+Rr3hKeTteSDFiquCUw8MDuzatQsb6qtWr0J1yruj3W7jCMqnqOrIx92ZhqlSLgPgojTQcDXslstl3CzaAP4OXIsL8Wm308UNAePiFghAQ3MN9MPg0CCQNDoQbL1erwPBg86DHRdLRXQFUPiKlSt37drZ7bo4XiwWSuUyeqXVogKCwEfbcKeokexEQLTRt0K0W+1HH3lk7dq1JWkb3e10MKPyXHd6ehqAO4riTruNZg8MDu7etRdFUfi5bUeSX8uoZ3twaAhlvv51r8Zv3FHf0Wvh5Eq5TouToAv/8IMbvkYp2rbcunH9Ux/861fT/zSDfVsf+pv/+hd/pzDf+uvfd86xFH3+B289/64PPyma929a952zLnzTuWsL/o4nH3lihyy1ctkXbrjokPGcj9169e0yyWyw5Y7Lb71g5uaLjqvkY20G6wXUtq/d+RQmCO++6QsfXn/AB8nj3vpr7nv4rm9Mb7x6ZIlDf2+AvuHWR674zMaegXLSeujWzy7RANoHI+4/HPDGy66p3HPnjz7/f33nHV94S0Ud643mI+99zxsPdf2hLgmevOXcq+9qjlz78ObrMP1uBosnK9v+4dNHl8Ei4QkCi8VaNmIAzWItM2H5J0OZklNj3Mw6gtD/MsfRC2MGsjSt2fTlu3f8/tV3PivExOOf/dDjdOzhG9/8cO/j6sW33f+H/aiNX3zuQ5vuW1xCz9ixp3feOfOZi3rXXnrbDybe84ZbKY9P8Ozm+57dvP+i133w4b+/9phjPEffffs3f/n7l39lO9YJO77/wI79nzjnXf+NL7ytcswns04HbXuEvqazr/r9sw/66K1vv0zc/8AT3/z21LvfOzr+3v/28XvecOvWT7/9nHvf9o7XDwhR/8ndj24n88Tp6f4lo1f91U33brxhy2ffcO4Db33nueP4m/70tx7bVqmOiOb0kZrx6nPOEfc/fd+HznliRZWe0X78ugtBZP78tnc9es1991+zbuvGTZdfMD61+e7/8ci2QFTf+VefeN2hy1l4yUff846Xu4/f8eV7npqmS/78NXTC2re84+ybt2579C/f/MnmJ84fnfzJXf/1K5tr69Y0n90lnlerX3lhRWzb9tk3nPeN0aJ49R/d9bX3cLL7f9dSu6GmZck8f+QUATiJI5ZlkxuyaQEnq0Epk3ulYRiBFxOk1jS8BlcGdcVx27JBaW3HwYWpJsCOEyMplUugq41mAyfncnlMNlzXxREcp5pTTD9oxwbYF2y36BR9PwAdpZx7ngdMDIgMnotWzc3NoWQAVZwZheQ9jdbkC3l1LXhxRI1KCvlCrVYDkgZ+peBr3ahUKqDhs7OzQ4NDo2Oj5BndauMcapLQAJHRnsnJSdwgGLEaf9vtzvDwEBllZNSSgdrA1PQUQDbqdTJyt0BLUDX479TUFBi0ZQN8D+Y9Dy0JowhQHHwcyHhkdBQzq5nZGQv3Zlr1ubr0MFEZFMNWqzkxue+3futstAf4GG2oz85t+7df/uynP/3Zz2QQpiZSmQsxlDHn6GRgY0zU0G2//vWv0d9oXiqjuVUqSPIVyeUMXQdnp4SKafoCPCu29tr7v7z7Le+7a0cipr7z+ffLh6Ie+uSl8xbPI5fc9g+bjnEgH7n69ru3qLlHa/sTD25/ov+Jc85N37jtkmMfmY+q5JPXDNZJ0tZ7H8TIuP6ay9cv/sS46PcvFffdv/mrj05f/Z6RJQ79vQH6wU3rnrrgXW9akxf+L7/3wFPTI9WKaB4J8r7y9a8T9/3ogfeft3m0khO/e8vW6y8QxgWf+Mxl9/7xA/f98flb3vbeq//jyMT//sbtj27HX7N33fzR8w5p0HzAJddec+lZwffv+dy9m5t0yQdV8MeFv3OZ8/UHpr74h1eZn7j65WLnP3/+hvuba9dVdjz7/BB67YbXOmLrts9ctu5ro45Y9+d333nNasFisVins9iCg8VaZsISBYsfrGESqf1RzBnmPoammXiBhcyRS1i0zkkTDT9UwsE/YvFbFQGtwoH77FWh8IXmyM8bH/28t9mv5YCmzkslIVQNOIHLNrWAPIKV9sJWLWzD6avKBbf+09Pf/atrL1x7QKCPs+6CTX/7+Na/vWz02LOaOGf/0b17/vn2j77tnNHeKs6pnn3Bpr968NmvfvS8w63r3nTdN/9gvYNKK+s3ffm6tx6m0Rfe8MizD96y6Y1nVVWrncrZkQDrzAAAEABJREFUb7z2S//89MN/cNbxncx6oZVsvvMrWF6ec82lhwKpb7ryGvzN+dG3HpQPzOIv2A8+tXHUCbY9es/dX7/n7kd3nf0Hd/7k7msPINfGWZu+9sitb1sjgu2PfZ1Oe2zHmk13PvrwH64/ckNGr/q7L73nnKrZmtq9a2r3VC+CqHLRF/7p3ptQ2rZHbr/1xhv++yPbxJpLPn7vT/rRzQcLlzzSu+Szn9z0gVtBn0fO+9M7f3Lr/CWgPLddRnfx1Rvf/6FNH//KL9b+yb3f+fjS4gqxfP2H6y5ZVxF1NHLXztPa8od11EoP1BKvIs8NJ1eglHi2A+KcZlqa5iy9jEO2IZIoZxlplIgoifwwDkKcoBNQdtKUUurh8mq1WiqXgT4d6eaMUazb7YLthkGYZqkD2U4cR51OG9MMwzRUAC7FHWu6Y1iVYilv2SJOAXkxZvpBlC8UE/DfVqdUKFmGVcgVKsWyqZmBGwAco7Wa0HNWLu/kc3YOB5MoDkM3irzhwdpADS2xcNztulkicG0URN12t91stxqt2elZyp/oR+VSRc90x3R0oU9PTNVn6gPVgUqxEvqB3/VzaDDuN4gDLzA0ozHbAGEXiaiVawPEsleMja8YGh51fb/TaDiGbqJZWVorl/LFXJzFmZ6FkU9pG3Vhamm3Vf+3X/xs93O/SbxuY2ri2Wd+8e0HvnXv//jH++/9f77ypS/9w9/fcdd//9L/c883fvrjn/hdFyS6MTtXn5ltzdWbc3NuuxP7YUq+07GcrNDXSvMEMk4x0fnkvp1pcaZFqUg0M061qblOECe6kWEjwKAZRSK0BT8nU9Xzb/zxkw/+zR9cMLpwgmBU1tIY+r0vHY+BVX/ucfb8bGDgrAv/4PYf/+TeTesOe9FbP373pg10vrPh2m9+/KITUPIxNYP1gunJeyh7x+uuvOJQOx9vveK9+Hv61IPfJkeLJQ79NKbfSX+pJjbfR6c98JS46NYHv6e8Yg6vkWv+5varX1MRrWmaIdR7E4TqW277ydeuu2St2PboHTd88haiz2s33nTvo/3o5oNFl9yrLvn8xz/0kRu+vnlq5IKP3rn/Euctn7r/Ty9wxPRjn/vI+3HCw8G7bnvwH69YGkg+/6P3f3zj2krQVNOYk/t/CxaLxToB0k53dMJiLWdhpTcwMCCOVYdcjuK/2X/913/9sz/7s06ngxNAorGeIUvHLiUaoudo5YrnAHSr4S39l64OFgoFLDv7CDtLsyQR89E3B4FXrBo1XV6rqWd/dUP04fKijHz9SpUlRd8NQyVOPNz/bRZRZvX2YEq+qE/wqbJjVo3pVxTLJZ9Yuoiqa/uboSWoVrmaLLwvFXRmHJiDHjf1pje96frrr3dOUPIw1EKPLZ88JY984OWb7rv4tj1/c5nD2bT/PWn4rHUz258Vy1VBc7oV0M7CSPUI/6kFrSl5VnWkcgL+g3RbU92jLK3fgMHKof77WtpdLB+94H+pMMIODg6KZSu0f9HYsUTLKQx5URRNTc1NT02BGnueFwMN5xyM7eSM4XuBH4J2YhTDR7lcDkNc1ycjpYCcMfIYjW3wXhn/a2JQ0zU38IGSydlZBucqM2iKHbYdDIhqqoCKUJRN6Q6Vb4duW1a91TRtCzMKDPq+509PTuZzFOaMIT+mS7ox2HEU/vznP8/nC6VSsd1uo5CRkRHUgtkKGWgkyfTM9CvXvzJLdXTI6Ngozty3dy8agNeg4kHgV8qVrksxwigc5+NazHaiMCyVSkPDwzt37EDLx8fHPddDMzrdDo5jgkR43aE0jHUKx6Z/0PapySktCSvV6uTkZLPZtGwLvbZrFz2LgEKG8dcpiXbt3o2Wb9v2q2I+Pz46Fvj+zMwMWk5RzRntOavZj6UbgOgpOUofMFfpTXR0LVt4XM4g5v81Mh0k2lDOIeVy+a2/85b/34f+eHSkggmcnpmJnh7Oc8My8+Lk6dGPDG964JLbtn7pUval+Pel5T1DWOLQr8Z0szI6cAL+egf16WZMw/noUUwQppto5uEakATNOdzG4eYPy088Q2CxXtzasGGDOCaxBQeLtfyEhRCWbYf8qLdkOUxA8JF9og+vbL7E7LiLEieuVadOfXS+qKlYD2MBeVQu1S+wVBJt50Uyu2X9u5FDthvPf1Zl9ASmkypURo92M+h5GrC0u2CxliDlIGxZtq77lm1rFFAcdmQCQFDjMIgwSVBbv4CwHenwAPoMJlsuV2Iy8cpwEPQ5pe1boUAw4PXQ0FAUx2oD2PPArEO1zwskXS6VgWvddif0g4HBAcsycVADWBWZZej1udnJyQlTM5795b9puj41Ofnsr38dy/R8gOAT+/Yp5w3f9w3TBBSQscBClozN6bTbane73t69e1+5fv1L162jWOwwBOrudogmN+ZmwKPzhQKOtJqtYrGYc5wwjWemJwOvGwbe3MxMuVhAm2dn5lD1qlWrUOnczDRqwV23Wi38TuI4l893QMAdMob+xS9+AUiNezZtu9VsZtJTGyw4TWJ8Cn6O+U6r0ZjYs1f1BpqNc3Ac4JgmBFkWRqEhE2Is+mp6eSzU1zQ/bVLPS6kvDlMH3dD6e+e4tdlZukHxgksuCp0i02fWstISh/5jGNOPUOfAyKg4OmHv+UiXGDxDYLFY/y7EAJrFWmZSKxa1IuqHGO8npOQgoS2Kx6FEQDKAt3+hWLpk4nkslGRUNTlQqIeGxYGxWqpM1Yz+8YV1HcGtAgvUQ7ptHFILC++/Vrd2Mhyx+04j/RtcaPpBz0Hncqc5PT9QF31h+7NfECwWi8U67dRnlEcYVtSnQKu246jnclLft0GjjZyiqFEUYmDCqAXqikFbxS+rpH9q/HJyDj0B1engNYUAO04AJi1T+YH8qrG12+niuG7oKNAyLfymFHk6FWJQ7LMNttpqt4tFZ++eXbOG+d3vfuff/u2X1WJpamqK8h9Snr5QTTyIdsdxEOEfDzVGgdjbbQsaQPdvhP7T5HSakmfFb7ZvA19Ga9F48PG1Z565cuWKbdt+1Wo1X/FbrxgZHZ2cnFy7dm1EztYxWjs3N7tq1ernnntuZnJfoVDAJON7jz8+PDxsyUyM0vY63Ld3L27b81x6xAnzDSPFtSifepue/ZKjfErPrs+6HbGgVUDj9PCY7DSgdDX2738MKzvMY2qJPCgDxQlQKwsOQfMn9RCVTPqocj/S1EXdSBxFmYqtfgH1lttmtt8mWCwWi8VisU6OGECzWMtM/SSE/bfKCVqcEmkLELCK31mInv/9SHU4FpNY6AoWi8VisU6piG7aEh+rdBAZxUQ73U7Hcz3HyWUqIV4Udbpd0NixsdG5uTmAzpSipHVNJCCzjswNiBM83wd9brVb9XpjaGgQc4xCsVAqler1OoZ4XNXutPP5PGYAAL+2ZbVardm5ue3bt1dLzre//U979+71PYLLU4L8pA3TTGRcM3AwJgrZ/HQljcNe09VbzaI/yBtZC1M/zYjAdltxt91U5mCYYkzu2yMBMW397nruOdp3F5nyyMp63hea3GHPDF2mXtSotF07fkOYV5f1SPNlMb9zDKSeaAmRekmf6bgExOoEoc1vhM/PqdJFU5uFphpU7lKJsU40en8KjR6cpgI0kxJFhj4lVBQsFovFYrFYL2IxgGaxlplUqK+ybFbYV3k1avNLrEMacCxyND5kybRWFJl0etYPXzsVJZ86peVf3xNZWyD16aLa++HPWFguiu3qPa8q72hhfr+FscaLIsJUaf1g8H7k9ckD8f26FrWN7DVZLBaLxTol6g9ApikMU1i2bsdGGKU09EeJpenSpllrB504igE6C0XHNE2v07T0LGcB08aAz2DBeBt4ncBtA2EPDwwQBe6IWt7JW5ZtUvhwp9Up5UtB6MZpsmJsJEnjVrO1d+eO0Pd++cttzUbj2V8/C5Q9NzeTghfLsN+YcptrcpTvPTykNsvVU1lp/1Et+RsQXP2Bt3HaS94wn44iU6kR1ayhf+tqLpAmqSTP6iEwGTMuQ4nVKagFLLtffF/AvRjD03h+zjA/W8gOcFvOqH/mWyUnHwd2/oLXGm72kCHLmrxfNElDY1L5jJdhWI7QDKLdBMGtTLMz3dLMnOUUzVw+EI4XUuWpSFKDmDqLxWKxWCzWi08MoFmsZSZaFnY6vu/3qe5ReSgf6Uy1fHuekJ6sX46KgFbIuLfInE9OuJBxLzRQ7oNjsYR2LoytPpgsv4DGF/22HflBaRaLxWKxTpIsy1KmGUSeo8jQhRd4URTGcji2LcoNqNJFJHHcaDYd2wZrxgmdTrdcqpZKJUwk6vV6KLP55ZxcPpcDLjUpZhmMN8ULkOwQqDZOIhHs27dv584dP//ZT6cnJ+bqcxjMwyDAZ5pY7H+VHTKdce+Tw5yYiQOtww45sBI47lFsZT7W/+AQe88HQ1xt/8HDBBs/fwvEErU/pTPYs4EZ0Xzss2VbtFkuTMPEjyWzEhpxHDebraXHU7NYLBaLxWItRzGAZrGWmbDO/NWvfoXlSp8+9z5YGtUVC9DtYt8Mrf9r8WUHrNyk+vR5kSPHwor6r1XUszqhbx7yvE1dyLIXUmxxCvMWHs41W+/HW7FYLBaL9ULIlMJ8QA6vukyLZzgGfhmmoVumiXlCGEVkBq1rgNF43Ww0LRunGHhrmRZG5JmZmcnJyVKxaFoWYLRFZ5FFsue6YNztTntqaqpRr//0Zz/F3COJwzShGGFNl3HEMga5/xyS0tFlmRC92YuuGfPh3Yd9lmvBZ+oS+XBSL/vFgWUe6tpFU6AjnLP0tu+XtuBP1boM3JmsusgzRMOXouPLAuinwHAC0EDQpnLiQI83Gs3DtZzFYrFYLBbrxSEG0CzWMpPv+z//+c/F/CKKrBKl8SEWN+RsmB3ag6JPiimZ+7xvxqKsgLqmHbzk09TDpCKTKXOUY6FY6H3RN6NYaMGhru0XrnBt/8z+8YUrvUVkef453MVauIZUFalbU/Hg/WL7hYjj08J8jwvDulXXUVImw+AgaBaLxWKdYmHoKRaL7XY7l8sZRpwmAm8d2wY+xkjuhZQHMJL0GSOZk8slaYL5Q6FYzOXyeEEe0I6Tz+drtdru3btnNA0fgUSDOzeb9X37Jly3iwHO8/y52fr09LQy+8rmpw1Zsn/ysH+sp9FwQXbiAxtsHGj/1c+4qI5jRE+T/dvqunRwPiDOWfQmEOKAfXQhDmLKh9wdVsXijlReRHEYLX3asGhrWhP9x7ZSeRxEnWKfdV2CZsvUpGW0srEGfJZ+1Lp66gxfR6vZlKmeBYvFYrFYLNaLVQygWaxlpn379mGtiDUSVpVLjCY+HmUL87xTjh9NFz1SfPDJiyw4lOdG/9PFQVIHrhgXxVP3+fKi1aCq4pBo+9RLeUAzgGaxWCzWKRb5OVhWqVQCGsbedJil2BEFdCb7DNEzX07iGHAz5zhxRCn+TAqO1sMgiONMZS9UOY3HxsZarRZeu677yG+qtyYAABAASURBVMP/NDc7HYURJfHLMpzZ29WlwN0UM4KlRzgv2I0+4O1CqZFfvRDG4pPTA8f3Bd5c4rSVnMgYumlpugXeje8ojmNQZwO9b9KyC9+BaVtJqna4ddwjpnONZkMm2BAsFovFYrFYL1YxgGaxlpOw9PrNb37T7XYjuZjE2iaj9WGcpomKDM7mU+KkWUqminrPVkNFPfdZrQrsxcH5AOq+9r9O08WeG/J5217MdT/8uQ/Blc8G1lqmaaqTVar6fmxy/8WixqgLVSjxQutnle1wEVxWkJqWc/MB4P1rT0gSQhnjfUDORnGocOx+ODnW8ILFOu1l2zZxKM6ZyTpBwl8n5S/MOuFaEAV8JB6pLK3wRcgHdIw0iXO5fOp20yTBMGxIPK0lqZbLm7bthQFgtIShCQZXvJiZmUAJGK+bjZlauZJFwTNbt/7Lv/zLzPRkGITp/NNUlNOvPzGgp6F0+tnfCNqZVuehuXTiwhHbsIWcl6RynpDJHWRdIle8TdJYkxbI89gV7RKUXpC8OISqnuYcMiWfqkQj5w+KGk5FJBbER6e6KdJYaKn8yVCiWLh7TQXKeYWGjw0RG/O5DdNjc72Y/160A67WrUyTfJmejDLxWjMsnBpnWkLV4CNTE6ZpWbgFSkyo4zQHR9CfSZJiXieLPVmJlFmsI4hnCKwTK54hsFisw4kBNIu1nATu/KMf/UjMw9wjGBrqcilIThEyTXui9Q4C3S4+VRP9RIIHZnhfVGz2vNaOioYLiZgPJrML3TkWXaVw9kJ8fDgrxoXO1+qEPs4+fvosW7mksxR2z+fzw8PDOscssU57vfa3X/Pd7z9x8Vt/V7BYJ0L464S/VIL1won8ncNQDXxBEGCsx1ugTCHHMcwWPM/Dp0CeQM8YItW+NcZNDNMdiTudnON23TRJf/KTp3/+858/99xvZufmNLn9jF1tEFKhEPBCSZ+tAxsiObBOLlXSj3k/OtdNUwFoTW4PK7uw/SXJ7WRt/wCqZWJxat/9w30/faCc9fT22ufPJf5Of8rpDaFzVYI+z5d1BcfJRQwvTiTjVY98KbeQnokZ7d1jeqZnfY8RfAV2zsEr9KuhG3LCoy+QAUaNLwtfkOMYgsU65eIZAuvEimcILBbrcGJuwmItG2EZhuXlrl27VPwvfmO5ghVOIqXOmX84VeLYrMdqF0otAnH+Alzbc7/IlLHG/JliQdCTdIfu/3skRouS0UjXddvttjIJ6TtN9wOcFzVJzONjpUVNPbgTFl7SD5fuHz+eDj7SZweWr96aplksFtmCg3X66/3/5b985nOf831fsFjHLfxFwl8n/KUSrBdOGAEp1Fa6OjiObVtWnFB2YjWkU4oCnfwffN8Lo5C2h5MYo3Or1cLrwPdNy8KgNzk1tWfPnieeeOJnW342MzOjqZDnA5P6LZQkxrpKrCfhqanrFn5AWfED5CwMSzNt9aPOo6Bf0+oNlPPjqLJ+Vp5a/RFUzRBUyX1Xrp43l0E/mmXq+LHxk8MPqhDyBx/oFH1syHUNWLOhCfqRR9AqaiE6g35rJzDyBnVRLbJ2imtWSTJkxHdKOTNUR1GmQU1NyNDh+C7E/LNc/UkRush1Pfr/c8/jmsU6peIZAusEimcILBbrCOIIaBZrOcnzvHq9rrwp1LJTxf8SgJ63TYxlrBMWPvJh2R5Hlonie6s70GGFsLE0VcWqRZ9taUlCxxeFEst1oKFpasmkiQNdnvtmFOrkPh2OpcSCJIEq9qpv+rEwkLlfWr+oRQf76r9FgShfGSzSg8bzjhziWCXvRUUwHeLZZ9XafpNUMxzHAYAWLNZpr3dddtlPf/GL/3zVuz/2p3/65jdeyE/aso5NWFh+9/tPYG35H//D+fhLJVgnU/0Q2kNuc6pRskcwDTPWaECMtQjEMwojHcRWE416XZligW6CgPoRvkB/eHjYtm1ctWfvnh/84AedVvu5536jLC6U9RbZXMxXqFHw8aI8gL1Uxj1XrYx8PKI0xIQD7ZDcVVfzBE2khkrbEPfS+arjZERt9HII06xA+UzPl27iLuTW9cJ8D5nRS1SoSTwt4v4sgj41M5NmG7SBrmdprMmTNOkgLTMp23KLnVL/4YxIeOIotWg+0JulgD5rllDu1bLX+jkw5AvC0Jiioatp1z9LtYwmV3qmK6/nfkILyDLMTqeNCV5toIwzdY0hNOuUimcIrBMiniGwWKznFQNoFms5qdVqhSGFzwRBoNwbF50gPTeEjsVhj0dr84+I7gfQoLTqQrX+MciwkIy6sAjsP8+7UP1FLmHo3rpyvwlyPwZZnbxwnaY+XRTXvMQ4ZXXJwR7QB7/FvfQjpsVJk4r5WnQwn89jbXmwQzSLdRrqpuuuu++BB26/8x+u+bM/U/8bYbGOVvg/3mt/+zWb/vAaXlueDjIputjC8CQ3X8mWAu9pHKfsCCbGdHxfuVy+1WljsMSAFUVA09Gzzz47PTM9PT0zOTHx05/9rNVoqoH8kCOopiJ7+2/nX8wnSKA0epYFnE1t0CTs1uRONTVPSxSAxiipOCwN01lmyNPEPOlW4zdmDIYCu3Lgx60pPquG10g6WxDA1rWek8Z+ECzM1JYuHXqagVyTH4csX+t5fui9kGo5W0ijQBynevMfNF+mTeztTPduGrVQ3HOU9Db/ZUZCPRZkgUJW0KYlDx6Qddmy7U6niwneyOggRZHzhIJ1ysUzBNbxi2cILBbrecUAmsVaTup0Oq7rqiVZn+qqRVqSBAmlIsxU+FGa9JdnKqQ3m8fNhkpdKPbHTwkc6FUQYRGY4EddOF9+KtegYNiUl2g+ukcs/N0vsF94P32fQrcqNllbkGCwbwPSDyteiHHV637ewkUhYOr2F1ahKu0nJ1wobd5gWn++hE70gCzRZLGQNaubUpRZrfP7xFlFlvWBPot1mgtLAl4VsFjLS/2N24PjcDE2AStjViA9oOOMTJCTMPRwsNNp0ZhlZHHip0notrs4Z++ePT//+c9/s2PnzFzD7XYTOd7R9MDQKei4lwtQUwZ9/er6scnUDDIsNlCTnsntaHpnJFqmO5aWythkNS+QHBllJMqSQjN1WydrjzgmimyYuhxVhRr9U2LPmFkkcrjP5BmG2QPr6t7N+ShsTQLqSFd5mHVpbCEiK05pl50MN7IY94wihcxoSCfHlP4Qw7quWUYcocCIgqOFNu9DeNgHpwgxy4yIqvJM0zN1iZxnUaNlL8kc0DreZepJLF0kWSIMy7Qc3TRwbkKgfT5ZsmZJKzO9PzMh9B9Hra5fb0dZbNqm/AaYQbNOuXiGwGKxWKyTLYYmLNZy0tzcnMojpMis7/tYnikzaHUCmScaugLLQj2vSofpCdE+pe0/1rrAxrFHcmk5R2tBipJWHh0QNrTVtX2bi354snpxcGhwvzEqiGlhpWKBTYd6u3+VOx9rfXBRBz+D3G92/znW4w5DPvTl2nyqw4P5teM45nwkF4vFYrFYp1hgzcViEZOBvvNVPp/DqBiGIY4DOmOYBqHeuWPH9/7X/5qampqZmYmiJNX6435vf1qIPvU89FCoxlzw5kw5TsjoYuBoQ24yq7hm/AiZZEL09mtjYODswBIgy7ZwakpeE/sfpVK717TLTXvdmULYhlhs/6HcocmlIiVunsSJSqSczGcllNYYco4hLcUkCM9kDLSM5T5gnqAdOffDot7QZE1iPiOzQuGyeOqErDfbEtLJJLFsmv+gS3CEdqkN3bYdNZXCzEhbkL4ilTM6zOLq9bp8L0E6i8VisVgs1otODKBZrGUjtbwsFAqdTqfb7WLBqeye1Uf9vD1qhUZPcarnVVXeQC1RKx9TPR0qQ3EUPJVrpJ6dtPKFLJVKWNMODg7i9/j4+NjYGEgrjqPedrs9OzuLqrFYwmv89jwPi1usdVVjFBmfD/XRF8LuvkXGwphlcRCAFr1UiuKAhd+8FnpA9w/2++cIvbfw2v6RXiW941m/tw7G2YtqV/z9pS99qaLzgsVisVisk6lDDmEYWxVoxoisto0pQDiK1LNH1WoV43sul//+Ez945plnLNNME+WMvN/4AgNvRln7pN3zgioW5WYgcGyamW6S7XMqvZVVXLace6RJQpMQTaNIaiqOYG8ibZlRrGmjVQbO0WluIHpeFUImnNBUEzTDpCelgJZTkepkZGFqcpNb5kVMZZPFQqtougRc2SJzZ02BZ1koDd899wt1G5op+gkNDdnmI80VDreTTYfnc2D0O0ROctBYSfDRWqqd4sAtC403hALqOAL8LPMRxtIUZeG3qaZMFEmQJPVGg/i7ULOj495SZ7FYLBaLxTrNxACaxVo2wgrnP/yH//DXf/3XP/zhD7///e9v27ZNLWCw8gQRzuVyWMMATGP9CV6cynAgrEJt28nlcyDMilDjo+HhYaxXcT6lvrEsEG28xaIIxPmMM84YGBjAC5xWLpcX5vfr42MVs4N1lKoXv+fm5iYnJ7dv344Xzz333N69e0GlE7kcVfHawNOKd6fz6q9y+3FA8+hcPXLbO7LIebmPm/vpiXSZdFEhdZXzUCxYty0yCaHF7YHW1TKIe//5ypBkPm3j/lyI/QhxMW9OrYj/a17zGtXgw8WAs1gsFot1QnRIAI0hCeM1Bm41GAFDq/GoKoXjGOLDMPqXJ38E9Kw7hnSS0DI17PZ2T3HA1A0zyiIyjya3iJ5rMyYAGM3VRrWKUE56iY0FYDTG954Dtdp11rW+Vcj+jeeEhkzToODoeH4fl0beLLVMC7vXSZpYlm0SmNZFlshw4IzmMLhSjukmqhAErzOZZFABdHK/kMic6hWajLnu9QkUCzK90O2eb4djWv2PKCT88Px54Za2OtCPkJaIu5ccUNk607/KoENOXghPo9FxEou4XCrbuXwYo61pqVDCvftegPtCO9U2P92kxOu67JAojoq602w00aV5OxeniXRM471tFovFYrFYLyoxgGaxlo2wSsFK8pWvfOWrXvWq973vfVioYDGD36DAWMWpJV+r1QKHlXyWVlxY4BWLhWKJgLNaQ2rzNtBiQahv39S4j30XmXUsVJ8LYx1VqVRw7erVq3H8d3/3dxVcxnoVa+A9e/ZMTEyAR+/cuXN6enr37t0qRBq/0QyVRLHfAAXHe36IB+BgbYE9iCEXpenCDlF0Wz2+qpa1Yp4Ri3lk3L+pfD7fx9zKHoScRoSBNSKZR6sa9f1h2uIwUdWqQDTmzDPP1A+VnJDFYrFYrFMgNR5hdFODstozxuiGLeSCFE6o1xty+BO9TWWQ0Gz/vjIGQcfJyQ1aIzES3SAAnUlbCSrKMCnWWD7VlJADFwFsVIMxN5134oqjCDXGUaw8u2isl/Q5CWnT11QzCnoAy1APLuE0zFtwAjbCMRkQcmKgy1QTqRzKE0xjpAsHLsOMAqMtWhkFUd/XKxZZGIW9ecs8JKY4aYl2hYyHtmSKYBBh5UVGLUzidH6j+hgko67njb8OsgvLKAEWKFpKAAAQAElEQVQiOZRZlpnKLwWTLxWZnSToIdSrqflP37mLCuw9kUbnq8fLaqXC8/uCsFgsFovFYi1DMYBmsZaNFsbm9H0zFhHSQwHT/ask7VAJ+oQQByPURUHE4qD0RwvZbv+gChYuSY2PjyugrEKPAynFyhuNBhZaAMdYwdZqNayQcT5WmFib4SDgtXJCVHaWtMpN04GBgZe97GUqyEss8KHudrtA25OTk0899dSOHTtQsrK8VJmL+kHfI1IbNmwYHh4ek8JqHMcjKZyP9oDdt9sdz3M7nQ4KBDTH5XNzc1NTUzhnoS+HYuUoasWKFUyfWSwWi3VsMg4csZOjcV1YmMUXozFmBNVaqVTOi549saWQsaAJg1GpFkwLf1rYyQVSDmJPPt1jAfXSFqxGrhkGxTOT3RaGPMOkoU23LBwGWU7xm6KMDd2yddOSMwMzLx2oUhq5QaudNAPtJXhtWnm5mYyqLJlx0AiDUMYo4yM7wrAeABJbbohLAW0JQ+OzVDpqGHJhQhBZJwwL0BulQWY4tNmcxLZpUaJlSXJ1zaEA5IzcrtMkE4rl4pedKQcSy8hleqpZGuVmzICtAcS7mhbIVI2HEUHvBWM6xn2jF1mdyfTEQrP7D0UlhL7ljjURb5pxJJkl0LmGHSV66vl50UubgVahazE7UxMGNBjTDzWRwHHi0RouEBOTE13fw3exCEBLn24Wi8VisVisZS8G0CzW8tbBVsXihdZC44t+qDWAby/YSi5uF53WZ+t9Zt1/3Se82rwW1oWl3VlnnYUXl112GSDytm3bfvzjH//rv/4rKDZgN7g2uPPv/d7vnXvuuXihnKz7eQ4VU1Z1vfSlL1UFqhBsxb6FzPr4+OOPP/roo81mE2hb5nfKl8vll7/85a9//ev7Zo4sFovFYr2QkqYU4JnKOEIGEM9/ommFQlHrb13r5LSMgVBGKydxmhmmo1JEKNKpRkBpeKwpF2NK3KDpOD/TzAT/qpGdvC8wRpvFYpHG91RgZxhVS/5LKFj5G4PUCvmgFYqQQFz6Q6unrAhPm7ZDzUCTTfBuXCXHfumVkYIi25Yt3aX1wArICZrcoimWWY7R6vEpI8vUs1nyUSpqv48tbJWwkEi6LtAajSYM8ZFzRfT6cV7S8kO2k9CzdKuW9Hn/k1g9F5REp62ETLaA2mZphJvTJLXQY7IDtSyhZ73kjrjnef2HsdRzY8rbQ27Th4dpFTNoFovFYrFYy14MoFks1kmX4rx9fNz3lVbuH+IgJ2h11aIX/ayD/QKFXE6rq8pSZ5555pvf/GaVKdF13cHBwWq1CmSMGvuZD/u19COaF/qNqAJVdDmEdfVVV131xje+8Xvf+96ePXuwbnzJS17ylre8ZcWKFZZcKgsWi8VisV4gHfQUlDgYVpIdRLGg3K5kcj9i0BTDbNrkZhGnylACyDiOIkBk5U9F3hpyI1YC1LRHTHUjiaWxhmaSZRWdQPTXln4XMr0hUWZd2hyDEitmS2HWSWJJ9wwwWpyGHWLlHy3DfcnSKpFFqc1noQyXJYqWjsmZbhuWaUmvZ00ZgCRxYEi7EEM6bJB5tHzySRpkEfY1yJw6ScLEzhGYFmTBnB4xAaFy88gO25maSpgot65Fpuw4epdhJqOr3Mv4tOfxpR7/IqNtmr1QD8dJ4sh5S98JTfWzJh3IwjAMwiNZVLNYLBaLxWItazGAZrFYp0ILI5f7rxc5eCyMiT5YizxADlmykHR7UOqQly8E3Id0Lzk4yxPW1S+VwuJQzNuMHK4xLBaLxWKdMs2PWdl85K56e8CwqKyxDJOChcmHw3S0RG61GlY2/8wPvbVMyhis62EQUCivRQYdatAEJyVLZcq4aysKa5s2QGrUbicyK6B6HggVuZ4n7SbSiFwyZJBvkmoLnmHCkUgmMcbrXD4fEXYNsNcbpmm73rYBj+lywse6buP2QjojLKMyS6Y91Klhtm2FoSFdo8mQGvfsul3gXV3i3ZyT01ScciSiOJIgWZM8PBbPh3cPmAPI1BAHfKRirWUAt/J3hpRdSSq3yVMZAw7wradGJgk+7tGgnqRrlR2Z2oMnj+yEmiRzUQhlHeZ2XbnXLlgsFovFYrFefGIAzWKxWM+v/gKbxWKxWKxlJODOWq1mGCC3JoAnmWPESRwljpMXWkKhuIYeRZTO18nlHNuOcjnf9/vUuP9IkCSwQsX/UshulqqI375pMYoq5POyShGGEZWgU8kAxZnE08qACwQ2l6PEyCgGR9Asz/PUhnQimbeiwBhzwcFVNkK6EC90LY6iwPdtyybnaEmBcaoMrybXCzSHAp9BomUJ5AQN2quTM0nXc6kQVJqk4phE1FjafGSy5dT+hag401MJpNEtUUS5oKXfiWXITMWg6LJ5vQzPdBfyeM/Qw1D5k5N2p83wmcVisVgs1otVDKBZLNaxSIUA960wXvTSOCSJxWKxWCdTRpYsfJsc95M2KniZbJoLldrgiGbnLcNJM11EQjONIBFRqoFIJyLVzbymEVpNNcLDmWaTHURKgbu6qUsDZJFgtJf0Nk1SMOUwDMlqQxO60PthvDoZX6QAq8VCgYKgdV0m2dNsaoYBBBxGYV6C1zhJ0iDQJdJN0gTAGnMKoNsgCICe0Wa8MEwTcFlCcIMqJTcP6U9NoNkQMo4YzchSclt2pMcFeUATgE4ty7ZklDEZjmRRErVE6op0EX2mIOeD+01X9lxkjSE/xW9Kfqj3iLwlV08y0lnsTxmYUEQ2xXiTHYhp5sHE8U8mIbsy7lDEmY5Ib5NcPq/MOFLNjIWRCMOP0OO6qR3QSGkxwjMQFovFYrFYy14MoFksFovFYrFYrBdcJ2VDVyYhLAwMDLS6nrJU7ptFUHY+uZ9smWYUR+C8BKxNw3bI05kcOTQdJFdlHUylzbOynwDktS0r1cnqGf8YEjSDq4a+T5HLGkUH5/M5VE68WOvdG+qydTLTMCIjm09QbFmm7wcg0xlRcV2TFsnKk1rMZwJMZZulxzLZRlPuRJBlOiGzbaufu1iXWYaN+XwPJqh0Loc3ceiGYXAY/43Dsd0jMF9NNSyVOF6T+/FUMbWe8HMENE8txXHaAMgomjsHtg4p62eygZaO2Ia8WSHBOk5wu91/J5v6LBaLxWKx/h2KATSLxTp2Hc5PmcVisVgs1gur+UQLxHkrlUrz/2PvTQDkqsq877Pcpaq6qtd0Z4EsLGk0JCqEOARhEkVhRBidADOyOMCgwCAuLK8QfD8CzitRX8ENEFAGfYWgg8SFiCYYTQQJCgE0AaVDIElDlu70Vl3bXc4533POraqu7nSS7k466YTnR6W76i7nnntv0eec/3nu/8nkIg9j+KhNNqgOwi14niISFGfGmWM7nudpx2RhMg1y/R9o07CTWa7dM5iRhqMNaLF8ActhGx0TbVwqdLi0Sa+ng5r9AGRW2FaEofYACUKQm4XJKgxFgewKC13HgbUmHV8Uj6x8z4dKmvozI4vDWgWStxazjd+1+U20/EspqNOg38IGukdScm32CgU4f8d1lU6BGIIoPBR5f6DqXLKuJkZALxqPRAJ0SfUup0vWa4lW7SPPLrhyOkSaFAVxKCS6euXsx0EQFHVzkOT1TADNFwrGkSO6dwRBEARBEORwAgVoBEH2ifJQiiAIgiAIMpYwIc/EskD8tEEyBdGTWQ5ou34QFEwmQCOq6vhikIbhZfIGSpCbo9DdcpSuMK4RnDPQX7kJNFbEmEtonZrDexEKE3asBVbjxaGDqaGDAPuaDYgOCdZm02GkNWuFlXObMdgRRFtdAWOdwWFH8z6Xy+lam6pHO2qXateF5Tr6WAdFK6gPHBZKjIKRiamViMRx8x66J1q/VtoYZO/XShfAKj6anIkl42ZzSEVCUbZ+rkxrXHKjlpHQDCftxmKwozAJHqNYcqg8ixyuzU/AhIdTR8dNawMPuOw6b6EDir8O/CYIgiAIgiCHEShAIwiCIAiCIMhBh46KC4dRgWOxmOcVmGXDEbQXhMmkZzRV/QLpWUjQbbnO+GdMlomMKkONNXMgdVSvVoNBS43cnL2Cp7VUIaI4Xq4z/lnag0Ln37Mj8wxlgqalUVpLSQgV6NEgZgsROo6jTKRvOduhjAKntX5NQXTWJhtUezrD/tQ4bEAltbxrQT0p6M6Wzj1otrf1cT3f0x4dRi8G3dp1XHiJIMzmcvseUQwFQPWM10YUac20pm48N/outLYEcaLoZssKWSmholH1tQytQ8Uj52nGoszGRa3cKPf5fD4IAxydIQiCIAhyWIJdHARB9gOM9UvjIyVG7iAIgiDIsOD9PuyxIRUsJEPGcR1bC6NaDhaKeX5ILO5UJYi226DE9+GN68YCE4kM0jAsjuwv4JPneYl4QmcLBOFYx/Pq8GRYC59B+9U/lYoyEILaC+Von2gKB3JzYVaBdEwFbObYWrmGYrUeLXT4MyjNyhhx5HM5qk2lwyiHHzFKtI56jvL1BT5UXcvZUbC2DsvW2fwiARoAyVpfDa16W3WJRCabhWKjIGXfZP/jcLpBlvRP8FhC5ywk5bzK5mIQ4+thVlJTTxGthcPrQGUSaeZw/fVRuM2VuRrcckGBl0Talm0SJJJsJqONnuE+Wtpegyo4We1eDQuNCK8pxlbrFIdGQDf+J3B+/bxAqBglc3AEQRAEQZADCQrQCIIgCIIgyKEE+j4NHR1czHkiHi/ZRRCQbkHAjSKOiZGSKWOhkWt17j6DEBZozjp3H6GOC+oq9f2AGGMK7bxhytURzUFgQpW1ZiwjYwzQrAsiFjMuz1ynKdQCK2PakUObcHBp/CaiSGG9HyWZ3oyQAvRrpR0z7JjrEhMOTIw0rLVpprVakJ9BtIUiTJy0MgKuiUomJIrj1gXCBrryOkciyNP5Qj7mSDi14UdAD7SDVibWmpVsOiLrEq6DtZksemGryPNaMEGNxTVsZLsu1Ejr9Uy7aWsLFFp0KTHx4Do43QRSs2IEdAAyfRVBEARBRgr2EBBkzIICNIKMIgPigt8OYJOPIAiCjDZG0Tu0W9hRrL/qa4tplLWPsWQyGXldwMeinqtz9+kQYssCDZSCaKqtOUxwsRQ6oBi2jMXiUZyybdtBoI07pIlMBr2Y6mJ0ELTjuKACc60UayIbDU87dTDt/wzLw9D3fWEkbapNn3VGQdfRaQ9BrQbFOZFIZLNZ34izIOtGZh2gfZuoax0VruVyEJS1mC2JjE6DmLrLcr5EqG1vJuMYgw6oRPFJLOOGEQoxvOtn4q2N0FyUofVJF8tTJkpbV4mYRVBH7SciQiKL1xwq6dhOPBY3DtJaLjfitYKtbMs2BiMkCqzWBtlw/o5JTsi0AB2p/AiCIMiIOQx6CAhyuIICNIKMItHA6e1DlFSHIAiCIMhoAqriod7Cjmr9y21xFJ8LUicI0CCbGqsHLRYXnSVMULROTii1yzOIwiDd6pSASvs4u65rg8TMOYi8gU98TwNKNOi5UeVBTyZMBpUN6QAAEABJREFU5ygURg6OjIy1omoSAIIwDbdJGJ9pLQGbQGxQYrUlhQkRjrTmqCZMa+CR6TPVaQaVAq02coSO3CqklnG19BwGcCB9aN/zdQC148ChowrbSlm2JbUGLhNxJxK7C3ljAD0se+3ImFobcUSh3joZoRaelVE0ouyEVCvzpLQFnAvlWpKPHKItnThRZ27U+RKFPgWhQq/g0bjOVWgRwUrh6HC5jG+1Vvnh8hbyebVr9DWCIAgyZA6DHgKCHK6gAI0go0iUYQZBEARBkP0IiKSHegurPSiCYfg4jxgtRitp0t9RUvKOAHU1CHRmP9CPQcDVkbmimHtQ+yaDmBptSIhWURnr7u6OUhEGpQSGoJaCQq19PIx4arbWDsgmtaBWq43GqqeleRQILLV5NBHE4pYnfDgWZzwUod7NyM2mKAV7hcaPwnZAUNa2HlFAd+Ty7LpO4GurEL3c6MJQuPHdYFAZZdv5QkGZ2OdIfYDS8/kC0U4jZMQwcyCiQDsumm+QSJ+mJhLcSM5aQNd1oea4Wp8WRhYn2u8aLhrUmcXj8Ui+h9ISVVVwOlEGxUKh4LqgVgu4wsV8iRQlaARBkBFyGPQQEORwBQVoBBlF9HDo7RQRHCWyJ5iEEEEQBBk1dFytENDCkkMZqH9hlAXoKI+f0in6/GQyZVtxSi0RekGoY3J1QLQ232CxWAxEYdCCs9lcJK+GYRCPJ4SQjIXKXHAT9kuLjzRTnd9PW1AISZkSIGRTCoVoT4wghJPSkc5CeGEeNFbu2IHvEx2hzHUEte9piw+pddlyCHZgPJqjDgTUNZ6ISyEjh2jhedScBcjRxjpZK+AmeloaCwsd3x0G+joKHSvNgsCPxeKgtfv5gg5CDiXzQYCOrnNU/Uo7DlCRzVDI9NSoCREvr4rcNqKVusKMR4K30mYaIoqoBk09Cvrm3KLc0pq0kfm1z4bFTBpD47VCiTHpMPkGmUlSyKCbpJV2RUKjZTPtUhKSMNDSdknjRhkaQRBkeBwePQQEOVxBARpBRhdj9ocuVAiCIAiyHwBtLp/Px+NxchigXR1GfZY6kkobGsbBq7O7S4dDGyLZlBh7YmLpRHiuzpjHQS/OgnzsFVw3lk73Qh2rqpKuA4N5CgoviMwmb56MzKNBKQb917Ztr1Awc9BaAgY91bYsE6es1WEdcG1C0kC21jkETTQ00ZKx1oKF0ZphA8/34aeO1Dam1dregzHbseEQgXGRtmwdFS0ECNyWtp+OxHX4aFmwAXwroGLxWMzEcRevqjIV6H8ldr08e/iogQqQUu5BKEBG2QjLXTtVPJCOvDZaOTPx4CCCwAWMAsy1DTQhxg5bQI2K+RIZSyQSDqgkjJY8zJRJvahI0WwaBWgEQZBhcFj1EBDkcAQFaAQZXVB9RhAEQZD9AowtM5kM6IyHR3CT7TiB55FRoy8VIWM1NdWO4xizCm6ieLXmC+IsCMJa8DQuybZtaS9jRl3X8T1faeMOndzPGGI4UWwv7O55XqSfGjNkEovFuGXlczkQsvX2xEi0QWBZNuwQBTuDzBr6oFCTyNCZSq1iC22OzLRBdBhGgjJI0lxyqAAUBatA1IaiIgNoP/DhaK7jgBTOjEoOqi4cjlHbhBVr244gNGK3PrxQoAZL7UwNkGESCb9l9TeS7EEqp4rCkVRxIYkyN+r3oHdTRYzbNSx343FmMhXqAG2pjD8JiUK8baOVgwoPZwSbGFcTGTNaCbwBMb1QKJTqgOozgiDIMDjMeggIcliCAjSCjC7REAJT8yEIgiDIvgBqXRTlWlVVRQ4LuBZ8ZUWI7n6msu+RSqUiSRNUUcu2pdQ5/UAwFaBBM+77Prc4KNTpdC9cZ9BJQVZOVCUKBS/UYcuRwEtAOeVU+zsTI2qDlmoxlkymQAuGJVXJKhUZPatIcZUWFOq6IFhL/UC0NvqALWGZCiJZFmqhZVxq6QBsbVVtgn+j9IPaSDoASTmIxWO2bVRmY3BBoql9kxkQ/oFmDVqD1oKlsIgdOYEZ2RfqynNZXw6/A2Z6blQbaPR9NCK0ErLkHBLlH+TGrlpva5y2adGLTO8F5xYExlzDuJ3AeYJMb1mceCbKu1hPKTwBG1hmGgCutjeaExIIgiCHK4dfDwFBDktQgEaQAwR6cSAIgiDIsIh8CWBg6ZuI13g8fphFNlmuo5Vc7ZI8ihPVTEdA1ygTbExMhC/8B4ptFLNrWdqAmAsegqIcBpG0KkKRy+Uc2ymnEASFFG6EZVtuLBYZazATCGwConVBwrgzWyb7H6gAjuvCEmPxIcMQZGJH6phlG6TtAi1A4VCPgu+ZQGbbplqbZlRru6A7R12mRDwOu0GBUskqpwoKKRQKoNkmTG8K5HKQf8NQlfIsap9oOJqXDxIAHN2D89mP4r5xGCkFJkOVGGFFKDOCN7Ms2/hQh1BJEOtBSYcLSnWiQiaFdhFh1IVtPN/XsduMw8WEU2farqTo+wwniDkIEQRBhsJh30NAkMMPioGZCHIg0Ql4TBuJafoQBEEQZK+YXHM6OPewH1hiDwFBEARBhs7bp4eAIGOKWbNmkRGBEdAIckBxDQRBEARBEKQC7CEgCIIgCIIghytoCIAgCIIgCIIgCIIgCIIgCIKMCihAIwiCIAiCIAiCIAiCIAiCIKMCCtAIgiAIgiAIgiAIgiAIgiDIqIACNIIgCIIgCIIgCIIgCIIgCDIqoACNIAiCIAiCIAiCIAiCIAiCjAooQCMIgiAIgiAIgiAIgiAIgiCjAgrQCIIgCIIgCIIgCIIgCIIgyKiAAjSCIAiCIAiCIAiCIAiCIAgyKqAAjSAIgiAIgiAIgiAIgiAIgowKKEAjCIIgCIIgCIIgCIIgCIIgowIK0AiCIAiCIAiCIAiCIAiCIMiogAI0giAIgiAIgiAIgiAIgiAIMiqgAI0gCIIgCIIgCIIgCIIgCIKMCihAIwiCIAiCIAiCIAiCIAiCIKOCRRAEOYB4nuf7vhBCSkkQBEEQBNkjjDHOueM4ruuSwxrsISAIgiDI0Hn79BAQ5PAABWgEORAUerfmOjcJP61Uv1HlUAaZjFFC6ICN4TNT+o1SKlriKT/0Ay9bCArBhKbx0BZbiRpoj4Pe9jdf+1u61xs/YXw8FndjsXg85smQKGZbrhS0u6d369YtiSo6bWpzwcu0d7VW19aFoYy5yc7OdCJRZccdy7Kjo8DBJB20kqP1OMXolTxiKIVXVCtO9jf1R59OEARBEIMyBEEAymw+n4/H44ffIDOTzXWne4MwLLXnI6fcYRg6SkqmR+92IV/o6OjwvB4lCzE34dgJ3cbZrhWLQUMMPRBKaZjuCrM9FgtcHthMwlomCA8kHNPj0DYKqkIq9U9OlLBrQUtXYQjL4TBChUJqbR1+gMjO/RxhXBAGeyvCY6wqcH1Y6cbH04apnMXT3Vu7OreIsAC9HTvGXXsi41SIbhWEqTAj4bAKDiWVDONBHgpVJCRU6n4KdeGfVIKKgAjYSkEFLCqZ1NWQksNnBafkWLAZbMxiSV5Vx2Ip5lbzZJNt24xHTTycHJNKWVy39aFX4ALuUZjJ9nR2tVMWc2O1dXV1sZg73Gs+Yo6ecgRBEARBDG+HHgKCHGagAI0go05m599ynW+Q0QEGhDCSC4Xwwt7QkzZ33XgslajzZaG3p9O1rc7tbx7b3JwPHWiht7S21jNnR+f2bK6tkPdnzHhXV2dPKpVKpESiyrFdatnJVG1zIHhr6xYl84T4UoH07BAEQRAEOeBQg2uAQSaMMMMwrKqqIocLnd093ekMOXhoWTkIQBF2HaexqSmXjXd2tKUzHud+oioO0q0n/EQ8zkD9JdSurraqEkGuJ/Dz8Jkprkhe0LzWlz0ug3wY5ITvhV5ehX4YKM/z4K5ZMIlt24QRzkHrBjmXwUcRG0dB6AXpm9sgYMdIQVr1rlMNynEuuzORnCBEQBmFXZlWixOORVzHz/YWUlVNCZrUQjOIz0RRyi3pg/gNKgSo3UoJzmNKBGbOHiR96lOu5+wJCOCBCAOoXTqbeeEvL23dsX36O44//h9OHz9pKnWTktmEWlRBgTSaCFCgVsMuIiTSgve+lyvk0vlcAZYlEg2p6tpYPAnnsu/TBgiCIMgIOOx7CAhy+IECNIKMLib2eYTqM7Spg30sBz3rN/BPSAGNbugHqUR1MpaK21WFfCEfFpKutfHVV4gMXupsP372PN/3Jk2eBuPA3lzOsmg84WzdujkeSzouL3jp9p3d4+qP2LTpzXjCPeLI5qbGSYyLXD6rYMwmFQxNYUcTAD2ghuSABf4gCIIgb2dAtYSWKJPJZLPZw2OEaWKf96f6bPoHKhqVD30vzjnItflCAS5wMlUXS1RnMl1d3Tu70z2cOzE34RFlGeGYxOPUTsSg3xD4YS4n0tu6d24SfoclA+KzMNtOhG+CoEPQZZntpNw4c10LflqgAkPFhCK+EooKSrLdlu1C8ZTbIXQ1HM4c26F+b/e2RF21kLUwsc4oA9Hboja3q12mXJl1XEYl8XnoyAKXHidMwu7EZYRIAptbirJAMpLP2GEmAB2cgsINBSR8HpNWTDnVMuaEpGfiO91j/yFVUz+ubtJRJJZQFHbUYc4UNGehorA6KUIZagHdN/F1ofBgdSJZDR2nWCzJmQk315cbFWgEQZCDzOHXQ0CQwxIUoBFkdMl1biIjZVABOpKflXkThqAMi9Bgk2QyVu1yq7tzGwwma+vH57rba6ssz1Pcqc50d0Bj7Dq8rW1HY32tVFZnR1dPTwYGm5RYMrQsHi/kg6lTplIeptM91TWpnp7u+trxMCL1PA8mlqUea1EjOas9VBJBEARBRglocZLJZG9vb9QwkUOc7nQv2a9E89Na6h1602y2ZByEXR2wTLnglpWsqa2qru7p6cr0dOezvSLQV9u2bNBoQS9msIWbYJYbuk5Xujfb0ZHo3c67t4S5jGUxKsKYw2OOxdwEEXFhxzmtk8qlkpZcyKAvAZPjSoQ+CNbMjkG1s4mjqlMN3dveiMdUyFJBkAuFD9ouIyB8g37tWMSzCj6nYSHs9WMpK/QdIWEDMz8u9ZnLUEdAEymYzaXPRUEoQZx4wa6yEvUqVuvRmK848T2ashpSDbZrx6qSjEgagrLsEd2hkoGg2iMkDD0fZGffxIaHnHGQNqpTtXBZLMsWQhWn3qMeEerPCIIgY4DDrIeAIIclKEAjyOgi/PQe1pYHiCMYv0gYKQUBSM+JRALE5RirS3e3UTu/desbTU31cTGOhAGDcZIUEyZMeHPLlppjjylkC5b0d7y1k9o8lawb3zStN50LPHbkETMSVSTwaSab2dn55hGTp+fzuVSyRklmWd7Onu3MGCBatsUYx7EWgiAIcrCAEWY8Hs9ms4fB8BKacHJAidrvQbVpPZvsOm4hKORyvY4Tt614dfWEmqqUDLKdnZ2ZdDfnVlWhYDuxIBYTyiW2I2Js0nHvCqe8w297Ldu6Vmx5JRBLGGsAABAASURBVMhnLNsJKcmHMm4VLAUDDVfKkEibSD2BzkqiLaeUU0VBkhaBxW3CU93bttTRdlEIZM1xWb8AfRylDTGYxR1lSQraeMgYCTgrtHcVjowHVGaNBCylF+j8FKCghz6zmORJasV87ng1daJqPHFjeakCofwQ9GSfSVDbHcq1IYiQpDfrceYrvaYQ+j7cEqmiCXdAW0G7MSeVqtbxdDwuaExIoSjcNVC6GQ6jEARBxhSHUw8BQQ5LsOeEIKMITMBKGM+U0LmBeL/UgZzalR/FHiOWoiSESulEQFLbYoTwsiiLwSDOC1WVF/o91GmoP/L4mgTv2PZWfeOkJE3Vhv7ml1vqpk3zJd2yta2+vq5x/MTujq2dO7d393RPO2Y6tWw48Ma/rd++afOJs0927QbqOlV5+bd1L02bfkzcdpOJ+nwhK0LfVcpyYeTGzcOp5G3IGMyIiCAI8nbDtm3O+aEe4gT1P8AtKfQciImPpoO2Zcb72LFcTrTBRj7X4zi2dm+O1TZNrKn1/O7u7t58t/JzbuDaBRsuPrNTNrfchOUe2RwbP0Uee0q69W/h9lcsv8PmkrjVAajHOqOftJQn7SRI0JRAp8MGvZcSG9pU/VICDsy711VJprjwnYTFCjywVKg7R1LbeQhLq8IZZYVM2bYEZdoNBA8DjxJf8lyB+ERxRh0pGGxLCrk8r3brx7Oq2kAxpR/k0iYawjwzJkhAoUJeCKebg94UKNyMFy1L4KdtwzEDqSzLcp1EKlGTrErqldSspNGEATMvBEEQZMxxePQQEORwBQVoBBlFfN8P+8c3MfP8qRnKmM+R5+AwnZSlziofwPhNSZWqTjqW3dG+MwGDKkEsKcbV1734pz9WO7xhXGNVXVWmJ980bUJVbc1Lf312woRx+UI6DJP1E6d0dXQ2jquzlN/b3W3VNU2afEy6J+ek6iaNi3W0tmS9sKYmkSuku7qCugnT3Jidy/V6cDoqdGJx1GERBEGQg4jjONDCHtLDS79ifnrsQM3TTjCAh06GV/AK+YI21jTj+cbGxjpZnc2kOzs783k/5gorFpiN4S4w107lx9XU1x1hHTsr075FenkVeILotIBeFJVGQX/WUdCSWcpRJs7YKL9UT+560B3SgcfSJzFYIiO0yUbIOYjFpC2TrYG+iOWAphzG4mF1IuAgOyufcdcGFZtyrm2kQU8OJVE+HF4FvgyEzwtpuNQmHaIPa+FUYk7Cdeo4s7UQb3tCSlhr3DaKGS8aGuqrqqos7jDmEFPpXS4SgiAIMkY5DHoICHK4ggI0gowiMJKB9k/LtSZmmDL9hGj0YKd+T5lUopTCV29fzBxEyR6iomAvEwytt00mk7lcrjOb2/bW1qOmxy037rp2IZcZP+lIv3MHbLB1xzZCwmmTj3jt75spC7Zue6MmNamutsaJp46YnNzx1uYd21rr6hrG104ihM9+71zBHcWYzPt/+9vf5v3zWTkv71hxGKE53KGsqpDPeYEXhsK2D3MB2phd4wgTQRBkjAKqaD6fJ4cy0EMgo4PJFGFmu3VDNsy2zFhkAJzxeCIhhQjC0NfB2opxZlk8maxJJFLZXLanJ13o7eScuU7CAlHXSbCYVJwr+8iEO5H40oprIVuVMiZzIszTUyqagYfyorhi47NB6xS3dGpCEhI7oy08thatOkD/lVKfkpOMTZhSVVUDQnGhc2dt4wSLWYFWr4kdpcZQ2sY5CEIv8E1qjHzo5wJQ0QNfhCHjvL4eap60eUoqWSjk/cCDPpif96W5EbFYLJVKmMzMDqNRT42VLgkmXEYQBDlkOAx6CAhyuIICNIKMIjBqgrEZaNDGPUOPYLilU/3osY2kjJuBWIUCLfXTqHyvwxxQtGEQCAOtXD7vcAtGTUceeaRlsbpxE97Y8DfQoGPJ6iPGNxGnqq190zFHHblze+ekSZPSmbZcoMKQxONOtqfDhclhGKApns4WJgWeTcSGV9dPOnp6PFnDEtVHvuN4mqjOdPW2vvrG9HcncvlMXX21ZVsgQBv3DfU2GIvhYBNBEGSMYqyoJDmUGdX6F7MRjrAdKzpOUHOduaUHC4Hve76XzwfQ/bAsqyoBYm0yl+1I93Zn0z2WlROxvFuwmRNXjms5NrcKhYJgxHFjLvR6dI5AzvpVSPHKQ3IJmq9HtDEz94NOv9gxilIfE247UBCJVQfUVlQmbGJxpiVxCocIQfMG8TkIYZY84/sFJbnv5aSA+fICkSBmx2tra5PJFPSdgiDIZLOel/P8nHmcTDqxVHV1NUznu45rFGfe7zoQTLWMIAhyiHEY9BAQ5HAFBWgEGV0axzVCEwgadE+6J9Q51oPI01CH1mjLQh1f0ydAm10453RP6qeC8aBt2VQoEYa2ZSWqkhwKY8wLRVNjo80pTzWEWl1ms2aexLxcLut7nj/zne+Fn3CQdLqrkO1MJGuOPHJqqnZcPF61860tE5pqZSHLdV6dMDlpMsvlMoLW108a/54mWpuwbAZDTxnFcRMEQRAEOZigKjhk1N5W7elKwnWGjgtIt7YBFugoY1B5Cx4Ixo6VGFfnBkE+k+vJ5TpESHmshiRqbdeJWxw0YxHKXCYfi8ehr8KVDmSuOBjtqxolngV6ckD1BiAg53TdjP4cbSMJI5ZDmMWJ7OncnmwcL3hMClCLJVehoBw6OnmvNwzzUoaiwGGyPAgD0K1TtQ0NiQY4i56eHs8r+IEnZBom8eOJVLIqlUikLDceHSXS21WlLL73qXZMyowgCDLmwB4CgoxZUIBGkNFFdXYxzlzFJiZr3URVQMN0uhdGQSAP05AoOyAmUkmHPsOQiFhMUSaLY57djGyKk7ow9lOcZwr5nmwmFnNtqnTOQ7OqnqtsJnRs262qyvqZwFYpl4QiTFRVZTKdVdVuYtxRjMQVc8fVOvlcd1NTXaDY5KNnJmPjvFyggly1a7F8XgqZIWFCcNd1KHU7Ojo4d00SQnKYtezGcwONrREEQZDDhyjr4J7XQldiz80fTIoTUo6mVjbjth2Pq3gYBkFQ8H3hC+649YSmgjCf9fMs9OKJOInFLC4jl+feXKcbi8WcqmJodTGNhKyUd23ovEjHTHMLFbrE7uWuHSrjBM1D6PG4VLqykMkUnKp6hzlEeiapBg2Vncnu1OHWQj/VBS+Y8od5/kSipramFkTzLEyoZ9O+n5NQbsypq2pOplIgiPcdXfVlGB66bKHetumYEQRBEARBRgQK0AgyugjX7unupKHPSciUshunVlUlLcvW9oT5vJBBcbvoQU8Yj/GhWjbq8RLVaRZ0cndPjwH1A0c6646/ffv2INDlw9ArkUhMPnJyLu2/se7FyUdObJh45KtvtiZrw6kN7uaWv3Zlc+9417szXd2JZMp1WXdXe0d3V2NjXT6vvZ6VktW1NZ6vleh0Oi2V1KNKBEEQBEHejhRlaG3hzFgikYSXlCKXyyuV0fK07UKfJJ8DCZi5LndsCvq1ZduFfEEJFovHCVVD6+FwmJTnlmRS2pbNKHzg0A/hHMTvRHGSHrRqKXt6uv0gC90VbfscQM8lZMyuratNpVLQC+rs7MgV0lKoVKqmvq7BdWNQMTp4ImWMmEMQBEEQBBlFUIBGkNHFttzxEyYX8joJfDaX601n47EqRm3Htijh6XyXjqDRwrN+NJURHe3DmM6qAwOkvYTW6JglphixLEt7J3JtKEnh5egYIhikcYvs3LnTsmg608W47fk71/1l4xGF46fOmOUXci89t6Zj69Z4fVO+4MGQbMuWzbFkIu8VAuH39EgYMOZyWaL9PoQ0T6c2jKvv6uoiRMKRoIaHTdxPOQMkgiAIghz26NZ7X80xdbvJodtRzGPBqqrsRDwZhIVCIQ9dHYuHMG/tFTz4GYvFtIOHYwdhQAtUa9CkbK2xS7nF5BmcCZszRztuUFC6LZhrF0K4rltdXWtsmmG2XbuCpXt6Aj8AUVsIGaV6tpldX9fkuE4+n8tms77vp5JVdbXjbCfBqEOgMC7IvnlnKOMlgiAIgiAIggwLFKARZHTx80E84RIa84R0kuNqHJrNZGFwVVVVBSO0XNjreR41OeGVUaCJceRQWoEeQumRGGxUYUoV/FSluB6lmJSFmJOsqqqxrXjO6z1m1qzn/vQnHncLXsax3VzInOrGdxz/rp7uroZUrWXxzq72RDIG9WK6YJlIxCLrRaZT/ahcPmPb3DyrS3c/eDz0wOT2CIIgyNuK/dB+RzO3ipW9OSjjjk0cx43Hq3K5HEjRoUlG4flezHW1hbNt675ENluVTJLdt7xKi8QMJtEtLqBbA2qzToxBqRcEDQ3J0sGhWyLTvekgKPqYaT1awtS7VV9fz7mTy+aMKZlqbGxKJJI683PUO6JFj7N9afXReANBEARBEGQEoACNIKNLgsXCnl7qF1IWtWD8UzWJJEgmk+nq6nZjMddxYZBmHiTVoyFjqjE89KiK6N04s4SUUTCSXiFdShxW5yarahKJ6liyltD46R+dGfggefdkCrn3nPIBGYJKXYgl4kqweDxeEDnbYTDoo8rijEeh2bo8rodtUgpu8XICocNHgUYQBEGQtzV7z0a4G/p5humejCKW5VZXQ99DdPd0+L4ntDezAEVZd1col1Lm87lEIrHng1rcsSwppBKhDm7u6uqqqx1XdGrW0/XaFkwnQtTCMpM6plk/WVZbW2dbViabB/XZcZxxjeOgM8NIXMqQ6enzMCqbDJuKbIkIgiAIgiDIiEABGkFGmbqE7ZMYiYfCIrFaL9fh9exMWrS9u7d6yrGWrPZY4Pk5xmDcJqQQegAXyb5UxzXvoWBldGE9KjL6cyB0oFAZJgTs7Vp2W+f21q2bpjY2hAVKQkWV/9Jfnp8yfUasSSYSVW++2Vo3rmF7704YuSVq65geq3HOnL6jmOdsibGcVlG9KFXG/PGQHofpQTMbStZBThAEQRDkMMWED5uuhG4Sh9mwU1H5ifE+PZoxq6GhMZfNZbLZMFDaNCMemGzLFBTlTKE34SRpNGPev6sDfQyuLTwYAwmakbBQgBKq40n4rCSnFEYuNBdk0vkex9V9Feg5KV2wVp8tbnmeHwakKlGdqk4ZwRoKD6MsiiMe9ZSyNRJ07EIQBEEQBBkxQ9FfEAQZOflM5q233soXfD8IiAxhdFbX2OhLVVNXR6UAubempoZSpkdQ0qR717aGZASwSnRIkM7go5dzLpSyq2s6Cjt//9yTwqUnzD21vmlc69a3XvjLS5OnTQ2lyGQyMLCyDNyyqCmAFouhlWUe4rIzgiAIgiAHiHg8Pm7cONd1hQiDIIBeDoi4tm1BRycMQ2IyJw+6Iy91OmzLUgO20T4euUQ8AT0WbUEmtAhep2Ofbc/zCl4hFovV1deX1GcEQRAEQRBkTIAR0AgyuriWEpJ29+YnHtEUFrzunW31DfU19eN7e9N+vtdKVsN4Kea6+UKoTFp5KYt5CJUanh+HTknY90HnMzQKMnUg79GZAAAQAElEQVQDJzaukfCaiVOOtd0qO9FQnWzY2bE5Wyg0NI0L4HiUJpNJx3V02h8jXOuEhhVFRYHY5XhhSg9V7w1UzxEEQRBkUJSO8zVpHvZTnK/ObqFdwkiqOpXNZAMSgNysc0poDdoOvCCa1t5lH+hucCIDRqO5dG4ewIoewdI/8oWCTjZoWdrcwyyOx2NQIIjPQeDH3FiyKqlV6X04CzVYkkYtg6t9TN6IIAiCIAjy9gUjoBFkdAkK+cam8TX1TVKEQSFbXRVra+/M+WEyVa1CD4ZmMGrSUTyMSmECoE0gtAn3GbnOGzlBUzOOjCfiYRDs2PEmU3xc3YR8Nrv1rddr6+umHXPUpMlHBiKURCUSCZOiJ4o3ov0YRAWnh2JUES3+qHwhCIIgCKJRpdd+o9SJ4NyqqqqC3oWUUT9Hy9xagzYpBAfdS6PFZw4dE62MF6ul00/AXjqrIdeZKkIjQUMfBqRn3w9sx4ED6fnyfdPQVf/XgOUIgiAIgiDICEABGkFGl8DPv75psyCk4Pkd7Ts2vf5a04TxkrJcPhez7TAMYeAkhIi5cUWM9iyikdYwxjh7GGZF4zfb4T3drymRkUFm0+svbXztT735rCDKF+Gb27cWAh+20eYbjOugacp2LX+/i7V0yC8EQRAEQQ4UavcCLNll4R62LEOJUtDNSKVS0MPQwcVmQ1gCIjMIx/13LFtIc52TQvdJiCzFI8O+nudBd0XHRCsFfSdYAp0omLP3PN9xnGRVkrGRDW2GciIIgiAIgiDIyEELDgQZXfLEnjDt+Gy6rbdjc/345ra/veC/452B9MN0uiYxgXkBs3yLcMtJ9mZ7CQkZt3VOHWmS3jB3r+UbWwkd6iMrnhiFwZOIBnGUwgiNWLabPJLGa6qS9rHHv7dQyFPOG8aN6+ruJjC4A+XZcRUM5xg3z98OzM6331XgkY4PDwyYdRBBEAR5m1LOSRgRBTH3rS15NkeWVgOSVrBdMgqWS9E/BI/bCd/zYZ6bUyuAforNgyCgUljc4pJCp0cRCiWCRA3z9NBR4SqI28pS0ibM0v5fgS89J+FaUgnfk6FnW8yxrUI+pNSuSlRr744REaUZRBAEQRAEQUYPjIBGkNElnqqtS1XlenZSP52UvVPe8z4nVhWHQVRvD+HcBAapWDweDX2kkDqiR+3HgRAIy0yHBaUSHR3tuXy2UMhtaHk1n88XCoXu7q5EPBGPxQfxYUQQBEEQBNlPwHy3YzvcsqCjA6/IZsOyLJ2cEOa+le6ECCZ9K/SsIKR2SK2QcngJanlCCcJ8UKa5JSjPKSsTUlhuwfS5SZ2RTFZhNwZBEARBEGQsg301BBlduBMTfn580zjXtttbX0tOnJrJFno7OsfV1xEXBk4ql8txzr1CIUqzY2KPlMnCs5fIY5MinlY8r0p3fZnoJf0MK2jdflDI5dJVydjUoybX1tZkczmLw9jN0VmCTLL4aBdK0fcCQRAEQUadSDwlagyH36picuTiq7y4/8fytsUzGoyoV+O6LnQ5tBO0TrysjTjgbRiEOvZZrxeUBNwKHOLxMM+DvMz3JrhkhW7mddNcV4IU7CAjgwBm7FmkX4cCyuTcwhhmBEEQBEGQsQxacCDI6OK6Ma+zm1C76ah3yt6cn+uqSqS6epIecTjX+Qff2tY2fnwcBmNl4beUbWdPQjAdZINBtqe0GE4NCnMiEcv0puura5PJRE93TxCGsXjctmyqH2ulZG9HRBAEQRBkP1LWTMds66uGs3xvp6MTEsJ0N7es6GEvRXV/x3F0PgzBYRJe2EqyIB/62SDT4+dzVIY09GukSJHAb9vhEZWjKl5VpWLjXGZTR7s/C8rjiUTkH0YQBEEQBEGQsQoK0AgyuvhewbG4T+I5Kmrr64KdW4Xj2omGdC5Tb9kdnR1RGvd4PJ7t6SajADXDMpPsh9bUVAeBDyM9xZxYLMYNqsLyYw+jNzVoyWSodTjoqJFWg/YvZB9L2B0YuoUgCPI2Zu8Tz4cUezod3fEopa2gxmVaR04TY/9cyGfattrSD3NvsTCwKGjUghEl4o3UsbnJlBzCTl2tBcES46cK7tixGmKCr81TnSO4jNj8IgiCIAiCHAhQgEaQ0YXlwnyma/vWzcc0T8+FoZ2s7mrfXptIWPGafD7WtqPliKPeacUSMF7iwlFWEKV911HQMDrbZ48cShmJgoJonDMipWBcOTHCzciPaxNqajK+68+Vhh6D0P9h28hskRI1lNQ9dGw4M0YD3r2cZn+YuYAVRSg1zMGqHl2zvR9ud88sIwiCIIc3SpWfVTpMBOioYzB4TkJKIusMn4RUQS9EJ152bSIz2/LZtMynidfr+TkVhFqY5paits5GaLusaPGhS3Zija7o6Hxrvaqa3DTtvZzEFMtJxbSUzfNMxMkQUQPSKCIIgiAIgiCjBXpAI8jowoIgadvHHTXN602zMMx0d01MUhl6iVTVW39fM2HCEaDOmiQ8HqFCpwLkbPRcmHXxgNG4tYIcJaY3yyMbaIIgCIIgCDLKSEpCJgMWCpJnqlDYuUX17hC97dTrtaTX79mjXSTigMUobxiXnBDr7fBee8oJtlHlCD2nHjohDm0QBBk+uTWfvuJ9Ey9438SLF68cfIs1119sNrjitpU5giAIgowA7KUhyCgjg1w2/daWTVQJqsLaVDKfSTtxp6u3Y1y1pMrmzAZZOBQeDKmipPCRHGweSpXmsdT9HZ5DiwkHmY7NLf9j0eHKhhwDPtIoseEhlaKQ0kFeKoqhUkOKOC5tW3qV74UiUuzPmOVy5kiCIAiCIIc+qn8Cw7I/hu5zcO5aoBdLRX2LBtkdrXHRS3OdjizYKmBKRBPi0E+BGXqYNielPaPOixVmiZBMWal4TGY6trb8mfo5InRmQjo0AbpYKwx/RhAEEJvu/dINS3vhXcOCz33m9ME3mrvoc2dUw+/eFRd/6ZENgiAIgiDDBS04EGR0yYVePGFXkSRzObwKXZnQriaWG2Y7iM1EyGoSKc/3c7lewkLGYkUV0gy9opHRfpV8iyHPpU/9P/a9rXRRVCXnCm6WqUPKL3GQa1d+xnkoA889nC3bv74ioyzsp19f9o3/98jSzZvaCvqjWzvz1HkX3n7uvCk2eVux8jvvu/gZ+H3GQ48sOp3sR7bd+4XzbmslZPI1f/raBVPIwaZ7/YM/uf/Btes29PqEONX1zR/8yGcWnzmzmpMxjdi05KufvX5dB5l0waP/dc2pCYIgyKHLgOazsu8B710QkFWopJ/escXJdOV7u7RdFWWSMZCloYUVQCgUN54bWrXWrXbUcHMZhlxpkw7CUjX17em27ZueazrqXdRKCDakP3MoPANbll72D4+27Hmb6ef/9A8LJpK3BWs+fcENS8ufYs0LLll09/xp+77x8K7z1kf+8fq7NozClT9A1WhddvHti1d2O9PP/PqyS2dXk0ODDUtvu22zflN92sI75yR3t1n1nIX3nLb24qc6yOa7Ll869w/nTyP7Bv4/iCDI2w2MtkOQ0cVXvuCkurEhYLJ1x1bGeazxqM5MnlGZU3T8+Ikg7HZ3dYVhYFmsHPs8lGTutP9rt9uYsN89bK2KP1QoAqhGEAYeKOJ+ACM/g4jihMrjtWKB5UOMjcTzu5ycHqfC6Qz2gkGtFCKKxqo4r2GKwJzzAZd295U5yGx4/Mrjvrj43leL6jPgda9f+Yub/+HTNyxpJchhRvrZxe++5sqbV6016jPgpzvXL/3Rlcdds/iJUUl0ut/wnrpfq89ED30v/vF6giBvO/q1SocbilSenS2JLWSY6SXZXtHVYWzBGOWWoJZgFsx8m0hpGm1unMN42aAspG7AiEeyQhVUGKSS1ZmOjT1b3yCCe8Vtdr2Mqv8LQfZIoWXpfTd8ZfMobHw44y9dAuqzfrNh+c1feZkcGmx95PKlRgVOnfvwlXPdPW3qnH7l7Zel9DvQrO/dShAEQZBhgRHQCDLK5HOZAu9NW9SKTWicYFlW21tvuK7LrdrJE6qyKrftrTd0Qh5uMR5TzImMmukQrBhY/wGUGEzspKWEeyoKdtb7KBjPUamdn2F8p18ilDItokgk+BASi9bU1NTatu0B+QJV0nYDBUdQNvzRoLTSeqKolh/cHHpR0DhV+rFdImVBeoFQUnAhAgmjU2ZLRUF1dhy4vMQ28eXaK1IHWhGHWSaqW0UJGxUUAp/gAjGpPSphoaJmrg7WcUVLF50SELEHGmcbnX6IWQcPHC/fefaSopbnTpj9kXdMjBW2/Xbt2raAkN411//f+9/1jStmjvHAWGTovHznnG8tS0fvG2cvOL7idncvu/wL7uPfve4kvN0IMiaJcvcZLy5yGMBKvldRor/IxYoWeyakm8RpLi13bGHZHYp7odJGXzAVDg2rzZmkNrTaJjujbp8DuDSRj5YFf78UFwVLwhwztNfSswIiq4+oqd/e+qIdT9iNM7iM5t50Q64PSPWj8phtcFdi0+ZfOL+59Kn3r39evT5HSKL5rPc215aWTpnmkAPIynved/FTByvks+F988+OmXeFLWuWvg6zodueWLvtpqkT93HjMXKdx+DtHhv4Sx/Wsd6EJBd86pq9d5D4zEWfOmPJnSs80nLbw6sv+1/zXDJy8KYgCPJ2AwVoBBldnOr6eCJFuJ33Q2E7QRg0HjElDMNcLluQtLNjJ4zQuPE4hB/C+D+PRkgxNyMvFZJIMJUqHwYStGYQoM0AzxaKcacqlUw5sZSbGA+1kUIkLA46brpnW7Z3u/Q9lxGLyzFoegbSM9FqcSC5CFWYkdKO1dXXTrV5SjuHWHC+Uoc9m7G9DDNdXe25QpZoJV3aMs+Z4kw/5audJmXIOQV5mggBGzCSKj0porV7SQ+9uKmVqx+L5MiZ5z/85IJpxaW59bfdeuW9rYS0//C7L1xx9xyCHBa0fOW+6HY3nPWp++75wMTiuCjY9OBXP3vzyx2k97FPP3r2nz7eTMYk7mlX3PHM+siC46GPzyQIghy+2CKb6dkhvAxMg0OXo+9prOJ8NnSNdMizFDIUAmaYRSjMeuMBTd1odl1BKw29GCJBnK52nc431h1VlfRSU1Vx0ljASxwWav5o0HTiJXecWP607d6NRvxqOGPRlQfLSGrT+o3k4NF84ZULL4zebn1k3fWRKLkfNh4j1/mAVMNZcOHCpZsiC47bbzqeHAJ0Pv7gC+bN9CsWzRmS1OvOuWbR9BU3wy1/YcmSznmX1ZMRM/b+H0QQBBldUIBGkNGlqq4OhlF+qIhjC8YtJrvSXSD5VlVV7dzZDiMjDpScN0ymnb6hUsmtuN/gqWxhPEAKjZYXM+oUA3GpjhmiJBQB4wGopzAOCwM4piIqZkKt7UQiFY8nqA11jFlOStEYYVZoWR5spysGujhNjZsar6rt3P4GCXMwzOM2k1IMiNEuHZ0cmJQ+AwPEdHUUnJwnRT5UseopDY1HM5qCsWeohOJBFC5OTd0ckmysA1suuwAAEABJREFUGieED5dHEWGFUgSBH/i+53ueB/dHiUDpICxl2dxWPkwMUBrqECq4nDIRJW1UpO86k9JZj0ltumPLW9GbM6796LS+xYmZixacce+3VsDbda3byBx0lzsseO6Rb7Xr39WnLexTnwF72mU3LHz+0zcszZEtyx5Zef6i08dmEDSfduHNv7yQIMjbGlWyOqbs0DbKU4P1CVTUZEJzmt6q8jtVmGXQMYLOUaCNn036Zb2aUSsqAbaGKXrQoakMpUkbyGCCXNrQRusOig6wholnnzGnJlUbdHV1vPZ8auY4ZVcJAj0q0KdhMhkf+jg08Davfgw9DQ51Jp/90HfPJocOW1Yte968OetD5zQNdaeGCz807+YNqwlZ/+CqbZehQTOCIMiQQQEaQUaXXLZHSCL0A6QE9M4YFS7noQg7d3Tp8BzL+BoaCZpGz4qWVE3Dbr2dB/XbqHirR3w65BekYmFsjy3HthPMirluwrJitv5pUwLDOqiOpagPurMepFFuzDpCqUI9zFNQZRjC8XiisenIRLr7rXyuPS4Kgz0ebCw+6AFKKT8ge6IJg5KBDAshT9ZMrWmYylicKJswIYI8nAuMb0FHjqrGlaONN5gevhIi9TWIMSd6RlgprvKhX/CDgufnAu2Gnct5BX1ndIpI4RAdA913dFZRgzFKw5QJhLwOb7bu6CGkMkzj5EXbTl40+E7dLUt+fte9z6wrmginpp16ygWLPnb2zNrKjXafdu+52ybeqaXtBdf9cWBstcg8v/yOhY8/s747s/uSSwTbVj5+/1eeLG7s1s78yIcuvfGcuQc6ceKQrkYFwbYnHl582+q1Wwqg/CZnzr5i8SXnnjTYxlFmyCWvb0oHRD8sMWnWhecuvOmUiSN+nHPlcyvM7+ZrP7aLiWFs7o0faV76aAsRK574y6LTTcRNMSXjKV/f9pnZW565//pHH396e8bUZO61/3HzVccnBz27od+UIZ9gv2xO7oR5iz5/62VT9xiINEa+GwgyOlQmAj502U13QJ+W5/uq5y2V77JoKCkTDHokYTGoOUoRXEzFrKfCdSZkEVgU5prNw0zQhQKxWvtmQRdFd1eYDnN2FYtVpWj7zq2xba8mJjV7VhLNnkcDb/uaB3/yg+++tF5nleDJpqmn/OfHrrhszmAtl8isX/2D2371+NNbTYtvJ6cffc5NV11x1oT+f95LfYYyGx49b+KjfR/33ZFjkMboI9dcO695rCfm7d+dmH78pXdeecGg3Ylh3JRRqkblTeTJKbOueOi6c6cP3iIXW3zdRXzPUE8w/fJjC5fcv/T1zCDrBvRCh/itK7LtiT8b92d+xoWnDMPpwj3lnAX3rV4qyIY/r9qyAKOVEQRBhgomIUSQ0aVjx1vpzjbp51JxO+GyMN/T27UjyKVhrOXqoB8LXiwSoEuhzXvKKLjbDYpZd0zmwADIF7xcvpDNFqTktbUTmia9B14NTe+qGTczVXecW1PDEkkSiwvHDmB0RxOEudpaEURaJi1qJ5wEFUzBeFBbQoN0zmy3LjVuaqJukh/qBPVRADA1Bsm7VKMv+eGAjIX7TtFSkgzI8QfysQwES1UfUdcw3eKgrQdEeTL0tYE1d2zmUMksYtvE5oRblFnU0i/9mytOFJykRanDqV1vJSbGq6dUNxxTP/64hgnvbJgwo6r2KDsxqSCrs4XAC3T+Qh2GBYdUQv8gkkQR52MlI2M/Tn3PPPN7/c1fu//5IeSgS6+78x+uuez65eUUdoT0bnp6+eIPfeG2lTmyT+TWXH/Nmef8aEVRfS6X/FljBjKA1mXnf/q8ix/t29jrXr/00Rv+4bMHNJPesK9Gds31Xzjv8uVmNAUEmfXP3nnONZd95dWBo6Ytv7thjskMacbDRKcK3Lr23u+c99571qTJyNi2YZP5XT/31EmDrJ7ynrlRdM9zm7b1W5HbuvIHl/3Ddx4x6nNUk9W3/Z8LP/3cLiO94dyUEZ+gt331zV++//k9bDE2vhsIMuqowzNjngyD3p7OMNup/Cw11mCq1HSah4lMALiSUUsPfRpq7KRNWDThXHcBhCwImdcZH2RBKY8RaJaZZDHqJqsbGjtff4nmO1lfyUVNG9l3Niy/4V3X3nDbs+uLOY1Fpu31FbfdCX/YV6cHGrRtW7L4wg9975GiDkh0g7jh1Ucuv+G865/LkANH5un/vui4XRuj7102Z+St7QEhverTn+7Xndjw0l3nfPbKB3cJEh/OTRnFavQhMlteuvPsh/eSSbinfc1tX9il5ME6VxuWXnbc/7lzcPV5IMP81omWdZvNm1lzTx3WbASfffos82Zzy/oxaE2IIAgyVsEIaAQZXZK1dUQHI4ddHduF0GnrmG0rXkzmTrlJC8ioHlfpTD3G+pBZJrsdqezSUJ3+z8wYlUZRIQPxl+kgIG11CIM0oSOdw0CaiCGnenxNrNaxai2WZDwexkvyGSjKSigZh524XZyCUuZY2i5ZCD1Mowoq4Lq27/vwIYB/2oNCWpabqpsSTzVkurd7PTtc5tk0yt3HVCl8m5pprZKYbkKM9yuR9Qdo4zofkRmYM8VCGuR9lag+NlU/BURmRbXns1SBZEIoYTEXJGmdzkjqJ5ollaamzNSM0+gfKcnZXBhlmyoBi7nUSZFi8URNnJAaHRnuy6AQ5rpyHW0ul4Gdh6kDmzj6MkhQtg9mJsbd4Z52/d3Prv/0Cx1k8w/PueaxmXMuvelj55w6NTl4XExhzcJvPrbFfPOKGQtJ71+fXb0ehge9Ky6+e/6mEadbEZvu/dINSyJ90J546uzZU2K9f127Zj0Iu8H62/5r8fRvLzw91leN6/9r8dO9ldXwt/z9Ga2Qdi+7/PZJf1h8yfQDELg0gqvRufZp+BlrPv3k5vGFbU+/ZEZWouVbd3xnTuUJirX3Plwc+rqT5517TIp0tzy2rsUTpO2pxd84/ZeLjiPDZ9O6SMefMm36oOsnTYPh0koYy721iZCKaLJ1d178UsVNiU6QdCy99/4LTryub0g2rJsyvBMsZ3PyW9aueB4O0bv2+e3kpAmDncUY+W4gyOgTZe1jY3FmcyRA+2sil4XX02Z3bVJ+YDH9WJFNmC2CYkIKWUwWCK235K52EZMBhWl1J844tNpCagsszi2YBw5VEMBPmEEmvIrBlLN5PCthx5TTvanl5YnvrJaxhEekIzHaZv/gvbD47B+YP+w8OeXYU06d6JBSM9f21M1nNz78h/On9W297hGdeMBsPHPW/HfVkh0bV61szRDRseR7P7hgzjUnlbdsmn3hfBN8mm157LkWD/62T5137lGp8vp9ScLmPXfHxU9uIpV1LjVG6WduuPY9v3/gtDGa4W3DcuMrHSUTLtUZ+ks3P7z6woq+x/BuyqhVo+8mFjYte3Y91Cf993VbyMw9hAavXHLDSrFLyb0rLn/47E2fmt233ct3nv1oFKQcfZH8LS+verrdDGoaZ194/ERSM63ctxrGty5i66Z15vf0o5uH2bl1Zh09jby0iZCWDaDFTyYHio6VP77/iZ7B1tTMv/Hjc4fsIoIgCHJwQAEaQUaXMDQxOEYU1mkGIw3aGB3q5UZoLjtasP4f94wtLB2DDIM55cNRCpLbseqqxiY7Vkt5jOoj2oxaUsGYLSTDx9I2izKqMOdFRQfGecRKphomJ6qqM107Cn4mpgJYa6RzqZPOm1NQoxyxZUWxUYpLrTGTUCXrG46sqpkguSOoMZc09iP6Od2RVoQVzTdZZfQZ5XHQ9h03LpQVFnLS3wH6tATRneqIaAoK/liUCRoWXLek5kefufy30LnPrH/2roufvYvEpp115jWLzh1oWeA9+/hSE3vSL2PhJzd9a+FFXwFx84VVK8W8s0ak7nnP3H+bCTOpPnHRU9ed0VQsJLPyOxde/EwH6V127+orTj+zIVq64ed3LAGFkTd/7v/7zk3H9RlBpJ+9bc63VqRb7//KMxccgEHjyK5G9Sm3P3f1vOKDvaJj6Z2XafW/d9k3f3fF6WcVT5DsaHnalNx05n1/ubSYbe+O1h/+4xfu3wDK79qWRcftQ57ARGrwcVQsVTPochjyTb3iD/91SfFp2U9uuveLF+mblVv+xN+vO7WURGh4N2V4J9iXzWnL0k3/EA01dzObM0a+GwiCDBdPcotKmesJut6i2Z20lEpBmql3RnR4qvH+0ssLLO6KQlz5Ba/QUwiEl6+ta2R2nDDzt1X4tKJtVtJ0cvT0uaYqkSik23ta19cePUu4KRJ6BNkPtHzjB8u00Dn1ksdvueKkRGmxyDxxz4WXP9Ox4Rf3Lz3n9gUlLXDLhnXmuk+86v/7aWnGceGGRy/7x6UtpHfVb1+/5qSjSyVMPfuOK41r8NZHnnuuBeTOKe/9zB37x1fX/9XvVuhq8OZFix+8qqQSlhoj8sQLa8hp88hYZeaCh5edPy1q0O9ofeRDC+/SwbYvLP9VYV7pOg/vpoxaNSpuItk2/S3jz7bXkAwxeMnes6uf/9TsslL8/J+WG3l93h133X5h0Z3j+mLXkcy86sorKmfch/Gti9i+KcoeOaVxEhkmUxqnwsQ/vFq2H0gB2t/wwrIlrYOtmTztcx+fSxAEQcY2KEAjyOjC+icRoiZbHy0n0WP9BMsBmf1KJZTMJvprqRbIr1Rrz4VQhYo5sSMaxh8hbFcwEGEtR+hwXKWjpCWh/Y0y6MBaRZT9m6MsQPATNGiQtn3fj0TzaFdKHUYsFrfrYjWikM52vuUHnkUEp5KOgvzad/qVZwBiL2G+YIG0mJWoHzfVcmpC5YIYLKQv9VhU+UEASnQsHtP6uFLFoHKT9XEoxy2GqPe/QZw5Orxa8GTdEYwqR0zt6tiez3WErODYgqtST1zpKzzaKvww4MnTL31w08c71j/z2Fd+85gOBilseuIXNzzxxLSr/td9i2b1qXjuyTf/5T3Xw++aVIX/L5/2Lyc3f6UVZMFNW3YQMuxeOtDx2MrVpqh5iz9dVp+B5Omf+vajszfr0UVjeWHLY08Zj4j6VPuq71y/qrIcb0qCrM8doEHjSK4GnOCn5vXZSvKGBZdf8uALdz4Pg6h1a72zzihKw+OnzeJkgyA9PR1w7tXRwsmX/OGRS8hBYOLnrrikz6uRT7vq3DNu02aOmede30aOj1SAYd6U0TrBsfLdQJADRpSfgB76OQk5SM6FXm/nlrBrqyNzgrklz2fdYoKiBZ0Nx3HgNKHJtmjISNhb8N/szB/5jhOefe53760/0vGh66FcHiiLa9ctaKDN1iLU4nXUWuuZcGLVJ0lX++vKsmonz6CWfeAyVBzGvL7qEZPkdkqy45EfLX6kclXQ4JIOT6xe+RJZcHJx2ZTJ0+AvNiG9bV0ZaOujhdPPf3Db+eQA4nzk6l+eCt8tnmpKVSyefMaFk+/XIulbW7dAVcmYZPp1D5fEWc3kCxZ/4AfnPAkXc1tbZ6nvMcybMlrVGBn1l3yjf8k3/cnTrLAAABAASURBVMNdOi9Fbl3FI1D+lg5jnTHnzAv7vKGTp588mzyzgrSvWbn9iukVD0uN+FtXUzXseWu3av84bCMIgrytQAEaQUYXtp9GjLtKuzrnniAhi7k1E2uStRZLKcpBGtZR0USwok9yFGg90Kp5d4A+W46/jjRo13Xz+TzI0DAsjKphC2VKtfXhEk4qnvLSXfn0zjDM2yAMk/3uhTZI1ZWyCyEVPBGrbUpUN1KLgfitD650DDYMM0ETV1LFEwnHtmVFFAacSDn8fAQ4OrJaCQWKPqeMgxBdPTGZ8MdnM+25bJcbZiwOy6n2haaEjoYevy/EGmZ+4IqHPnCF19ny2KO3Xb9qEwk23fvVz4yvCAsisWSTTdav/sGnf7Xqr+3bSoaJ+8629VG8xrGnnJoYUKtpp54yrd8Ssa2107xpX7tk1W7KOzCDxhFcjVnzPzIg1Kj+lI9MvvN5OP2Ojh3lOvO5N/7H3N9+b0362ZuPe6kZhlKnTp81fXLznGkTq/c9jV6uVz/CvOvyQm/P4DvMmjMgJuiI5ulkxQbQdMunPNybMkonOHa+GwhyYFGHfk5CO8xkO7aEPdscGupEDOUZdz0pTgMWB9mZxRK6w6KUF4Y90nHHT5s+84hcoEh9Y/Xk6UmWyHVuzebabBno/WF2OdSZli0TFi1l5N4B18qFjkB1iuXbXxeioKbN5iXfM2TktG1rM7+3vLxsyW42Wbd1W5+/05wr7jh+7fUvdyz91pm/Wjrv3Bmz3tc8rfnoWdMnJA+kbuemGpq6W5Y8dtu9z726ofNAek/vK9NnzR5gpzDliOMIWUvI1i1dJeV3uDdllKoxMt4xa+aAYx3RbOTjyuhppybqU3XshDMt18TL7uaxhrHxrRtNJl71tT9eRRAEQQ5VUIBGkNGFDh5rXMqIo52My6NKWvxRHiUVVw0cNhmjRJJXKpasr68/QjkpSRwYvoEyyhXjJlJKUe2PxhQ3JhJM0YrYn92EAUGpIEBbVvHPAgzYonhhUGw9z7NtrRsxInU4cRRTraiglrAct8aNxZNBNp3paSMiZ1uMal8KWTxSMZd9dCaUFEOtFa08T/1j8GrRkqGHTjykh6X6mgbScpP1VbUTqFvtK4dZBUYlAdlXJysioBILIROJhG2B+txv2C4NQwyC7qtbCa5EdCbC2E/7HI5Heaymxq2NJ/L5nS8FIiBCcmPLrbMa9itKDVrmgcetb77wyofPnnXbu76zwhMtt/18zVWfKT21Jzbde8tlt73uk/1Mb0+UVaahYe/+dDu2riNjgxFcjUHsLxqmNBICAnSrebK4tHTKB77+1xmrv/HDJQ++vH7lqpaVq6LQJafpPVc88JkLTkqQ4TNt1mSyFA60RT9SOnPX9WWvwyOmkeEy/JsyCic4lr4bCHLgGTSGl5IxKU1HVVUqykmszZ3D3u2vhz07HOWZpBYu11O55oEw6GZAX4JZ8TjTM7tCZLIFWjNpwpRjfebm8vlAZWyX54KwpmEcTLdnexsKb24QwudSWlRZnMkgyjeoov6SD10ASmyL1DphrnV9zh3XOP4IasdMw6x0YIAyIeVa6SYKhemhsWXrJjI8Jl74v3966jM/uPlXj618ffWS1tVLlpvF9sSzPnbrNxbMrCYHhNZHzvniXc/vt9n0Awgf2Jtoqo9cvDI9pTR9w78po1KNUUVn0n5mNdlw50VLpj18/uwm209vXnHtEvNQXWLWLrkixsa3DkEQBNkNKEAjyOgiyGAR0CWVmZkIIBOTawwi+jttwEiMKpNh0AQEEf2P+QKkVtuNJ6uqj43HY5Gmy0molVZGQIE2Si7sobuMfTEEak+Sa+RQEQS6hw76bKRBRwvhZywWy+Vyvu+DbispiM60HNYNq51QP9xIbNBga6zqib6f9bNdQaaNixyMCqkVVVBpi2Ri6QBtCjUN4KeukrIrHiuWemFFpSJJWuvOOqoJVGWQdi1F44lkfTwxnlpVSuvI1KYhEdGfshCugO8XCp7vunGLuzCuNbJ1pNiTSHqO7Cb3qkHLYuB06UxNJX04C07DMNRhznACoTL3TqePtGMun/weL5vOd7cJL8OJLKgABsZcp2hUxtMkLN54fS/oAZIMutd86yertsCbo8+940P9bIWrTzn3wgdWPAjjh9ZNW8jcSBhtW7440ltnnvPthxfMbioF82549KJ/XLqJjJxUDQiOOR0FXBnDMjj1DVAZkFCbznnwLxfugxXyPjOSqzFI9HHHFvOELJncPCA3oDth3k03zruJ6CztbVtf/dXvf/jN365te+muc76W+sutZw8/k8zE6dOM0t255umtV8zcJS5py0trolCpOdOGHww1opuyv09wDH03EOTAIwcToBkZQykKZZSFuPgAFrR1IlC6G8P9rNfeyno2E78gYJbcsrluUqGJtiSzQIz2JK2RIhf2tqVFzRGTjph2Qggz6yrkIrSo9FSYsOJvtr7eUH8Mgf5J6khnanWhe4fX9RYvdFVZijkkDHXWB92fYNxWeT1hHsJ/1K6rdrb+KZ2bWjf13cJJwaw5Y5JLEpq23ZHFfheyV8bXTzTRqRM/9+Wf3nT0EHdyppxyxUOnXAHvvFzHlo2rljz6w3s3bHvi0SvTVb98tJT1YTTpePB7Rn3mzZ+78evXzmhwi12/Td+6/qKvbCWHOiO6KYcY7ilX3PT46q+0kvWPf/bdj/dbdeq/XnLSIHsc9G8dgiAIslswMTSCjC5sT/BiQsLBho86QggEUyVAUyXUU6yQJSRLHLv6yPqJ706NmxVz3f1rMhxJrqAXR4kTi9UwcjNo0EIIWA4/oyDiQUuAcV8sWZeqn9w0+YRU03usqqMkTfnS9hQRoIxzOBcY6wnjECIUlfArZMXP8LH0Vr8kC0MmA8pyPvVE3JO1yjki0dBcO/Gd8bppzK4a1EnD1/JzAVZpH8ld1kK1+9y3RwMr5ibr6ycdnRx/lIw36nMOtSUJ1aki4VIKE6EFp2qZ6YEDM+rteHrVsiXwempd2xC2fn7DevP7jGv/rU9v1YWs2zTI1lED0rFtS3/blQ0bd41SnTgzcvl47ZmnB4TMFNbfe9/i6+H1ZEtxSWzazHr9u+3ZVRsGFJPbtPKZ1U88s/rp1v0eoz0Iw7saEetW/arQf0lu7dOR/UhDw/jSsvTra57QJ7J2Q7SxnWyaOvuyS7+9eI75+OozTxfICDh9zhnmd8s3fr5m4OOphTVf/VWUR/6Ms95Nhs0wb8ooneDY+W4gCLIrkfQM87QhdX3qCuE6MFFc6Mm3vZbr2JD3Pe7EqO0w/XKhi0OZZdO4DTIxyezMFl58taVqwuTGo97tx8ZFTaSeuzbPNMXtxBsb/y6CHEzo6v4CY3aiOjnxmPgRx2eTU7xA6Vn8MKB+nvlZWQFMYCcsS3Vt2Nnye9Gz3ZIW11HQli2VI8z0PTI03CnTzKzhtp/9uWXAqvTm/n/wNZn1z+o/yE+8tClqjNxEw/RZ5y5adP0C8/Hpl9YeiNSQYv3zUVMx59KbZpXVZ5imXfvbQ199JsO+KYcmW9csG+RmOSd99L4HBqrJw//WTZgWRQasa91GhsmW1k3m97TmCQRBEAQZIihAI8joAoOiyhfnVsWLF5cPFKaLvs1K5QSMqJTd67keHZeqm9F0xLur6o5UsUSoY2tZZYo8ZbwmtPeE2Gvm6X5EAcLCQEvA+8ptLMtyXRfGcrDcDAhLQ7sBAVlUgFDObBVyypPVyfqpDU0nNE44IZE8thDW5bx41mdeaAmWCIlLYQRIFbyYCOAFg8pAuSGJecLOBzxXiBWCWkkmpGrf2Tj+xHET313TeKxTNYG4tQGPU8uOQpKL14tSqIxvgCrF4/FdA5xhAy35G0eRckz0HhhwS6KFUbHlj+WLUNxG6QyNhMWtREOqcWpj07ti8SNDlQgkTCCEArR2aYE2zsydIweG2tmnR8rvhjsvenRTRc/b3/DoHQ9GWvDkaSVfCJDvozfr/rq5b9O2391x24Zdi544Pdot99i9q/t8Fb3NP7x62a79+IYPzp2tf4vVn/7SDzf0OQtnnvjezbcZibw7Nq20tPnc00yIbvsPr16yPk0qNn7gsxd/5+bLv/Odp+Ww08UMn2FdjRJi9cLvrU6X/+8RHUvvvn+leXvSrNnlyOjChkcu1yfy2ct/XnFTxKYNb0XvMoWRjRjnXPA5k8sx/dTii5+oKDnY9ODXFy81t3vK2RecPhLJZXg3ZbROcKx8NxBkrCArWmQzN3wwU+0Zey4d+hxNJLsyCDrf9Ns2ZndstIkHM9QSBF9mU+4qkJ6dBpi1Dlmhs7cnU3DtKcd3cpcm64SyeV8yCd1Ww3klnER311vZdLttmnDoPig74fFkWNVUPWVW8ui5+diEkCVtxmNKT5brHlTp5Vs8bieTQdj99z/mNv7eLeSkeVpMEJVzYjzqco2dpMFjlqPnX2Daly3LFn/l1Qoz5e7VC798g/6D/+O1pG+m1vvrb27WC796272bKyYFS05QJO8PkpOAFZ8f2tLdQYZCbu1tXzhz4gXvm/aFu54e1A4i8IpH2fjq+op2ecn37n+eHBYM76Ycimy79+674N5Vn3L7H7709ds/evaF88/+3Ce+/uTdyx//+K5+GsP/1k2aNsv83rB9ExkmG7ZHon/z9H0xwkYQBHmbgRYcCDK6MDbsQFdttmEsEz1ZRa2EnayvTdRxO+HKKhCKCdOJ9rTFs6yQkVQxQ5EqfRw6UUTw7oKay0KtrbP5wWgyiJTcSKEuBxQXlVlFWWhpMVzbNUv9aC1xCHWqqqsS1ZNE4MmwEIZ+GHqh8IUSldWUMGKllla6QZu3bW7FKY9RAmND2/wEaVtKbVwRFoe3JjwqqgZUMjTAx1gsVraxLp9CNDLvcw6JHCCHHwod7WLuziCX2JZRZYgeY1MeOMyxHTtVH/oZv5BTmS4BNw5OggWEFg5U4NXEyz5+9jf+7zKQ6tYvvWjaU7MXHD8xRvwtL696uj3qnU/83EdKBtDEOWl6M3kJutTbvnXLmStnzX9XLdmxcdXK1kz1hGlk+6YBkSOnn3au+9RjsHDl98559x/mf3CiQ7rXL3lp06Bn1vTB625aedFXWgnZfP8/Xv74qbNnT4n1/vXZ1esjIXLyFTed0qcbTv/Y9Rf+7oYlvWT941ce92Tz6Sc3jyd9G7snf+bqqWTf2Pr0M6sHD79qnHnW9IYRXI0y6WduPu4FU+fCtqdfWrslOsHU2Z//QF+oTtO8c8/60donBNnwi4umPRPdlMqrMffUWjIimm+68twH/89jadLx9I8umvYbU3Jh22/Xrm2LRP/UuXefP0LnimHdlOGd4OZl1/+mODzsfiOKdNr62I8Xb6iKls267MqzZ46oGgiCHEi0RxVRlvRt5QXZdL7nrTDbKXI9CZiTdmp9HabMiXn6y2wt837AkjXjjzteWbU7Onf4JOCOpZRFdUoHg25t9cy3RS0i89u3bmqzRCzyAAAQAElEQVRoOEKbXvGY7gFJEnUkRGpyTayeZHcWOrams120sBOm5HV7XUxBoaQVg/nxaicQXa935rvsxqPsdEdYkFXHvDtM1Zh2GZ049krztZee/SB0J0TLt249897J8849JkW6Wx5b1+Lpvk9ywYUXVthMNZx7+rzrX11NSMtXbjrzv4+LeghmY7N6+rtmD+LCNGHWnARZnyPe7xZfXnvJuROKk7ZT3jEvevZlACt/8Nl7zQNGXusj5/9g9rar5w7cIjbr1MlkZaues/zQJ9dUtBcNUyaQLdv75ySsaIlItmWL+b3lz9+5vj1VXFhpZTasjUeRYd2UUWT9k4sffD162/vXaPqgY8Vt920qNvUjvhpbVy2JIgC2r7r3d8VeYnvrqscKvd0nzz910oD55uF/63jzrKlkKRzi5XXrydyZZOi0PPey+X3c7JPwOQoEQZAhgwI0gowujPXrmAglTf49PSQyenFkmEgim2QjO4OKy8NQxeKJVNU0K54Qli1tJ4SVBe2YKHUePBBQK0yEVTnZX7Rk2OMoGA9W2m4US+2vscJH0KCjWGlSkmIHbMwUnK1lYo6ENnQGDZoblVOHCLuMusyutnSMlNRDT0plZIFtflIlo9R+xehgWjoIrFC+iVGikslQhUyfrh0JuJFuHknMUcrEeDw+oGLR2vLpRAHL0ZIR23FEGvSA3XWKQnPaxASCEUf7aTPLdezaWAJmENpz+e6816loThHfkpFJCC09iSJHyZTDPXHhsks7zv7BGh0u2r526arKGjec9cn7Kn0Dp5x1xYVP3rCkW4eUrn9pWeRAQWrPveczE2/74l0DA39nXfHAKasufgaGGn7bqyuWvFos88JPXrLjvjtXDtiYT/vczbdvWXizLjzY9vSzy/pWpebd/b8umV75P0ps7h3/38It/7X46V5CCi0rV1U8Wzr1iievnrfPaWTW3/udm+8ddM0pX982vTiIHd7VMEz/6O0XvnTzbZv715k3f+76z5xeGYUUm/eNG89d/9XHtHvJgJtiz1z0mQumkJFy/HXPfc477a5lbbuWXHv2A4uvG/lIaVg3ZVgn2LZ2yaoV/Q+WWf9c6YIT/6wKAXr0vxsIciijSL8p6JG0cWrwOewoh3D0TmcPBIlXUmWmc83CaCemBPUzuc63Ct07Qq+dSz9mO5InAxanMqS680IDoTM7FLzeiVNmuLVTAifVG/persO1FLdgA0voblLBtI5wVB3xbDuxVKpue9v244QPU9S+4tAdgm6BEgEJqXLixErQ6iOqaiZle3tE658CL8tVAKK1nrIPiHQDBaUHzCFVsEv42kvec3+oyqTDScflP/SvicbxKp7U/RfdHEez+dScXSmDMy3m1iAHE3XQo7QruxNe6+olrX2rZi64786Tk/02Pu3mRzdsPv/JTf16CBFHX/PARwdNRTDzso80P/hoCxGbnnj0tidKSxdc98e768mIgDn4c79752O6QaxoL5rmL3yg8f4PPdrftmKQloh4m1cvKT8C5c+/40Mj2ng0GdZNGT12/H3Zkmf6L8q1PFFuoEd8NRKp8SbxQ/r1FUter1yx7N5HbyNHX/L4F6+ozGk8/G/dxLPe2wx9NtK5YtnrV8wcuo/266se6dS/B59KQRAEQXYDWnAgyAEltJnO2s5AdVWcCPips9lp8RXGYzLwCOOpRO1R9VNOio8/gaWapJWkxOUBdXWmPSV0PjudapBqH2Gu3+hpJK4z/GlfxNJrmNG1kUQb2VOURVWQpCN5t2xzEXkrw2a7xv9GDh6BDAvK85Qvo5yJOlrbvKgOUyI6J6HSaQlh2Mi1h4hNKby4ORPtRWIxZnEC5wQvGFkyk35RZ1jiQtFQm0ZzuII0cFRIyiHPkSsIMaIwqM9RUHZU57L0HJlvRFUta8d7MLPeK2WvElIy4gBCaofUknBCjEMNLOHa+lFiXRHCw4LbwOomxydMtxumebFGT0e4a49oOFk9zKVwikLSEdZnz0w/8+t//cbXF82fPT1VihZJTZx58nWPfvunD8zv76AH6h4sPHP2lEgt5ckp77nm8TuuO70+NX6QgpOnX73k8fPnFYuFjY+74IGv//SO+ZNqBq1H7bw7vv3LRz9xxsza0ogoNfP0j97+p7tvX9C4y8aTz3707p8+8NF55Y3d2pkLPnHfq1++ZLpNDhDDuxqa8XUzr/ovuKozi57RdhKu8+N3PXjTcQMHgdWzrvvTXffdfvLMptJNcWunnXrm7X964L6rJpN9ofrkhX+Bkvtut1Ndby7dXQvPGmFgdYnh3JTRO8Ex8d1AkDGJduSoeI3AWUI/xFNRwgDVU08z645HsZ8giLbRCqEfIxwuSNLvDre9lnvr1cyO14LMNmLFaFVjjqeE7VLmuzB/HIZ+IDoLodMwafx7zpYNx+aY7fl5K/TdanfGzPcnEnWchQ6jDieuZcUdt766buqkaUdMP27eB//9uFmzPZkPZMEK8zEubYtLwvMh9IF86FBpQZrxqpq62Iwzkse+L4w1BbBK+kwGyu+VIi0tz4+p0LV4e4vT3UZCz9r8StXD/1f99B5r7e+cnW/yoAB7CChGhNAl83VHodhDkYTJgztoUoNnoTzAmO7E7Z97T6mN48mmo8+4/X8vf/L8ae7AbZOn/sfDr/7v6xYcPbHaLm08afZVn/nppi9fMH03vdTpC77zOHQSUkNyUjr90m9fNVm3Au7kCx69dO6g27gnXvfnr99+1XHTigbQsWlnnX/fU1fObapKkcOF4dyUQ43aM646Zfdfhtd/eN4DAzJeDPtbN2X+2SaT4bZ7V64lQ+bplY+ZxCozL5s//KzOCIIgb2OoGgO9GQQ5XOns7FTtz1Yu0cE0ChRKaowSqSA5X9CQ2cROOIlUdWwKtRwYRUkGQznqDCEkNpJTKy0mYMmuDsh7BjRc3/cjAbrsUwELi6kSK0orxxqXMxZGImz5L0m5DmW3isqqjjjiOCq/7N08wH46suBwDJUHHRD7vGuZkVRNhkzkPTKgMqR01nsuqrRTSEBwpkQGopDtDvKdNOi1mAkYNwFWNdM+SBAEQZC9AS1sff0IAyPHAlD/znSWjCbGBGx4zW55a1F6wKjcehE93Q0zqkJrzlZCqKTiWUv5eRazPMo7N4e9Gwv5Hj8IYHM37ihWo9tYkG+V0I1eIHyYdK5pqpp4VOgm4yaoOmq+bdtmPNT6trRBfAbNl9NMMZzbJMQQ5c4DjVJk6LZbhKI30ws/k/GEYxu1iUZWZIoJbokg27Wls+0Nlt8Zs7QMTUlM0bjKd8WfW2vtaBVUutwWrkoKKC3RSZJ00nH81DPSzcfYoesK6VtSQH9KEagc00q80gHVBwszH3DstH2cvkOQQ4rX7/+HL/5wC2lYcN2Su+eUJ/L99OY1t33z5iXb4f0ZDz2y6HSyL/hL/+/7P/0C/HWbfce3v33hUJqUzmXnf3bx04KQE2/f9L/mHfIq/2HKod5DQJAxzqxZs8iIQAsOBDkglGKRLCsQ2p/CIswKAiVkXaqmIVbbKGEsR229mXGuICzQRhMiNoSCjfdFSfqMRN5Kv+NBidZGfhrlxHrRwvK+0fJIZi1LupG6DRRMErFds/lFBh0DZOjy4cqFkL2dUZmyyYaqGAMPQBtEGsollxX56GoMuEqV1Rhircp1Kzt47Lp2gCg/AKolZljjmih1KmzfrbFTqVqRy2a6OjzSbVFpo5EcgiAIsp+Q2kvZOHYNfaq11IIZpy8tQ+tYYD8QYRiEoeT6aama1DjmhSnV7W5cs+PvL9fOmp1lMZF+M5Pt4LFYVbxG8biyXWm0YKEtlq10Ok1rjjhi2lEgXQfc4saZizMexVjrnMw6/xw1ps+01NjqJ6DgqLYNjbvWl01GQqOD66eMGNRKP5IlVeD7lllkKk5l6Ejmh7BTwzENddNJ7+a21vUJ0s39vKMKvG1rbGeXZASqZ6sw7ofQAcuFBS56VMvm9g1/bLzkmq7mkzyr2oUzJx6UCTP00tcx0bFklbGWPiCG0cV+I4K8fXl+1WPaX3vSuZ+fU/kYmVM9dd6ic+Yu+d4aQjZt2E5On0D2AWfBRdd884W7Noi1N/9o9dmf26uRV+aJH31Hq8+kedFFqD4jCIIMDxSgEeRAQr2QhYpRnnDjtcn6pOVMYNyWVPs+w5hGMU9H7sAHYQyOybAZVojxEN2QI5F6wAau60Ya9B52jAKQyS6q8Z7F8QHa7oASdt0XqqdlXdcd1BiE7EazLhOG4YAo71FG6MB3UAOI/imYw5JOTaI2H3Z7+V4/nyYIgiAIcsBhpeeWombdcvQYwcQfE4v70FZCKxt6vUG2R3VvS3RsE6+/Gmx/tSnXu7Nns3znCSFTdk01t2LEijOrShLLYtlAyDT0e6pq6447xq4a7+uHv6RNJac+pXFpHlKSJs0g11mLle74GNdlWJrJ9ELLns3mamtr9MR9RHEtk0Q/S6RbeUpDERY8r5QBQsEUPkzy6ppzpbNM1B/ZUF0vu9+Um9d5rX9PbdlEQy/kKg79HyryjmOF1PakE5JAqBqWKSz9buzo49nx76dTjreqk9BD8mUgQHkXUhXy8Vg8uk4EQZADw9ZVT2y+4HNTK7w4RMdjf1ij3/Dm6fukPhsmXfDAghX/uLTFe/aOhafMvnvOnoyz08/dce2zOn3l9AWLrppEEARBkGGBAjSCjC5Up2gHxZGGOsqHMXtCTU29E6+R1CbMFsyOMhISFZggYRjXaAMOEmXA4YKMApUOFWUr5HLM8q7bRzpypT10tBBGhp7nlcsZUDgphjBp+biYz74vXHoQtbeY2igSlCuWFa08WCnmqFhCn1E1lFm2fq7MNLjr+Q5KdOLlSPA9M0CpH6ajiMluZBIwwgcu4Nbr0K/QzD4wq7bKTbEkPiyGIAiCHFiUSfbHWdTGGQWaljIbSyUC42qhnILHena4b7akXv+7veMNIrJ+WGCwuj0bHjWVTToOOi6hDUoy5zolhOeLIC/IuClH29WNIXOJKGZg5pae0pbQrAd+kM8FYUhhF57g+gkwqsObQVwW2lZLBx3HXS8MpIryJEdeVTAzrYOmdd9FBCbNAg183+bcsh3FiGSBlrh1Ex1K5vkqFlip6qqJ3TuffW3V0yfXJXU2Y72bZJbDhOXTQl7lYyTOaNxNcFLwql5+ub3ltZ6jjkvO/mBs4pHKjinuwPUhUpgg7eJ/Om6AlPskJnR7/9yOAakkEeRtyklzznSffMwjLV+56f3fmDD7I++YqJ8M7d607OX16UBvUP2Bc/bNf6MIqMmL1l502+aOpd+6+X17MOLoXHb5t1boUJGp1zywYBpBEARBhgkK0AgyugSB8gRhsVTVuCYrnrIsnfOtHOLL+xL8FAN74ZNgo5KJjpho4krX43IOvWINdhOYHAm7A+Kgo41jsVihUCjL07u4TxjtXQ+mop/FYZWQ+qNOvNdvU0ZMsntmVoH8rnPQk74CS04ZssR5VwAAEABJREFU5r3W6GkU4Aw6eKX0TCr8OoYiEJe3iTyv97rLoFL7kKE6nZHR3ykjxRG+ik4eFtrE2rvpCoIgCILsP3TLa9IL63wQ0L5yy/ICYTEnZrlCykwY+iAP5zvp08vtV55xvF5bZxOm2VBYIQ0sUu0X2na02lNmQaeAS096hV4/KPi07uiTalMm86mitiDCSLSMWpRpPw3dwBey3ZtaLIv1girtVFexAH7RRK1LYMqeRdsrnaeXxHwZCphvltpgmkK3SlVVVUX9A2g98yBgByKfyVlVksVdJ4wL0KCJsCR1hdvD2Hivu/e3P+drfv2PSccDRRrUb+hp2dB54MoPmeAqR0icKEd7fHDL8TlNiUJyw9rw1b9kJkyjs06pmvVeP5bSIQKEQ5/J7KPfGdGZcsl0p2U/icbovIEgRWZd8dCH1p7/5CZ4621fu3R7/7VTL3n44zPJfoFPu+qWr6/7/A1Le9de/7VHTv3KBVMG2WjbvV8z1s+pMx66ZbeJNBEEQZA9gEkIEWQU6ezslOmd8VSN5VaFzJaEWzQgo0OkI5dF5EHV5EiALof6RrKy53k6/8/eDCKjwKhdvThgOZQQydMDCtEGhiSsWEBLQcxGHYbxZb8/PxVCM9UavU7YSIqmjgO0XhCggyCEI0LNLcvataoj+MsWCdBD9OIY1AM6Ynce0EPEjjIpIQiCIHsEkxAOkb14QGsNlQkRMg5dAl9xRRnV+ixh0nECQS2R51vXuS/+IdGyToVeLu/Z0HxzDhI1tL6BzDuMt8UaxMkf8Jsm25kcFSE5cmqiabpFbVoRyQsaMrSw0GRDS6trBYJypqd1w9+60+kpx72jkOnKdm5P1NTnoMSdrZYOcgaxF4RdChV09US3LXksVtNgx5I0loASurq6qlPVyVQyD1uEQncqbB6rSqSoskNXETtvyYLlxTZuCJ94jL7652TSgiZWBqHURtamy0IpfARJGt5Cb4LZVhg9DGYqrH0+mE8LoS8TQc2R/B0nquPn8MnNvhNzpM+J7s5RZQlKQ9ObYfspBHoPHQxMQnhAya35tFYkQZ08+6GHFu6XSNvRYc31F9+wJBJGv7no9AQ5zEi/vuyeRx9/ZGNLW6+vP/Nk0/jjFnzkmmvnNVejCozsBkxCiCCjyoiTEKIAjSCjCDR+iUQMBnM6rlnpYY2l9rOrRllsHSD+DioolxeWhze+71dK0nslCqDeVWCFcsoadIX+W4yAjvIgRQUYnxHtPaGTC5nQ6cjiw4E6SAGjTRj+hURailuiKD+r0nnqHfXuTISgpGv1eUDNobTIlGPEEjDsHuUzjNT53enyoyRAw4676ukIgiDIrhwGAvTObhC39nXacriYLHp9TZuSNLJ8KHhZPyjotpgT5TgyVHagYr073L88k/j785L0Kgnqre/lepUXOK4bcG3P4Vq64fRYasf4SW32pImnvt+a/k6Lxymskv0mj3XLblmRdYb+GBbSXe3b3toybvyk+sYjZK63beuWcROO7Orq3PHKs6lCp1aVdWw2445Fqsd70MWINzTPfK/iMa7n8nUbDdcQmmm3yvFgUtr4d1mU11ZN8FzoDaTrdr7V9fwz9jMrvLfeitXHrfokFZIUdGh11MpD9wIEaN/3YrGY7t1YnLp6Djhq/QUBOV4opQOyufBBafas6kzzO+OnftA7opm41aDBUwH7KEZzUj/OtG/N9xCyDqIAfeAQm+794kW3bYZ3DQuuW7JnX+CDTvq52+bcWbSG+MOXMTgXQVCARpDRZcQCNCodCDK6SMZ1rK9UJlhGDWp/fLCILCyGlX9vVy+OCNCCYQmsigKL9lAAMcmFgMDzHcY9L6fjjhnr6ti+5Y3XZ574Hp5wJSNdbTtlIZg4YYKRgKlg+nFdUL51uiIV2rbLub3riD1Sn8k+EFU+ujJ7jQpHEARBkEMMNXgKPWhhuzo7HWnV1iTz3VsTO1tTr73hdLxudbdbyuplFORnJmGOmPog9kL7qBiP27YP70HN9eNb3ti6dnU847+jbqKX4iH0fSxWeSQd+wzz8SbzIDTWXk93+462eHVtzbgJksapEyon5fN4IEgi5lBSC7ty7RjNYlVVYd24sCAtJwlNv+5HmbltULPr6xpAZSi0d9qphOs6oIzbgQjefI29tYFteDGzbUMs3Ra0dRHHSaRqhZ+X0iPE1X0YXX+dpxDUZ+jAeJ6OrLQcGyqoZ9lJlJ2Dg1LNFHR4pLJI3lbQN6lp+X345nrZ8E77nSfE33l8UD0ptGK20h4c4hBNTCgy61f/4LZfrXhuR4cnTHjp1NkXfOQz154y0a3cbOsj/3j9XRsImX7+T/+wYOLQiyetyy6+ffHKbmf6mV9fdunsanJosGHpbUZ9JtWnLbxzV/W5dDX641TXN3/w9EtvPGfulFF4mG3L0sv+4dEWQpoX3fHggPR31XMW3nPa2ouf6iCb77p86dw/nD+NIAiCIMjYAwVoBBldKAxdTC6+KHP7aDxxMCyn4zLRCDCKRRqW0rq7nISRjwdIt1Bs2RJaZ6AvOmpUVIBRGYoNL79yZHV96+tvxBKJnPBTsYSVFxtffDlZX+sp0b2z84jGCS+9tqYGhsLJVE8u61YlmW01TGiKp5KcWdQ8wFGZUJGUPEb2JZSs7ItdPsFKO+mhqNvlbUZQDXwkBUEQBBlldLNM+/IqKJOMgDuxxOSpU5jn253t8Veed954oTqzQ/jEo8yzclxQJm1oeR3OYTo99AMQdX0voCC8QgfA5U1CHJuUG//f9zufe2H6ef9cM/MEOf4I6riUW9okmcJMs2XClsMw8HrSPfn2toTjjJ9wBEi+IPTq1bYDCrVrUcWkD9PAMlDaIYO7VSlqu7aUCddxVQhtf55aJnszdDzcutr6/PaewrY3XRmSru43X9t4xCvPs3yXS30RBhk/BJm8fvw4FnghAbGZJCTlTD+u5ftBoVAo+oEQnYNRBz4HjIDkbDRoV+rJdo970lJM2I5QOqiAxHi24GSe9ba8mHl2SvykU+13vCccN57wGNee1TSMuju6j0K5Ykp7hsndqv4HHbHp3lsuu+11v2JJpu311d/6zuoHf7dw2cKz9zmW1l+6BNRn/WbD8pu/Mmf57ceTQ4Ctj1y+tEW/SZ378JVz3aHu5qc71y999Ialv5l395dvX9BIDiDO6VfeftlLVz7Yq6Xze983UKFGEARBkLEACtAIMrowEnluRMri/h9+DFHlHCAW69TxJpCZDJ895CSMlujs9lJGPhxUe0nCUK8orUY/YTPfy3V2d8eE6NzZVldff/QJx3f1ZNxY3CsUOtO5d82a9beuF9LtbX6mN2+xnu7OdEfmve+dm2pqoFUxkLcjM45K9XlQH5IRU1TPSwI3vIlKHqJAPPQUiAiCIAhyIAFplIEmahRoEIZBVPU48SVLhfn4zpbMX/4cbnotVdjuiHxeMhBdLZ0S2DKtrs5X6Fq2qqrK5bI0lCAYB5xbzJawv20dO2NqW9drufUv7+x+w5s+1Zo6vf7Y5qrpM8mUYzJuleXpFH+Bl89metJdHQ5TR06aon2ktVlXgbDQclzoRMQs5VmuUh4PC0wFAY1JGk+phrTIK16VoUzZnPnKVr4dZFi+p+uNDbHn1/a+sVF2tCW93MTeNEvEdFZCx856IDIHk46p04HOCuan3URIbcahAwQr9CNTobBcJxbT6X/Nk0/U86AmXO/uBczmwnVgL30VdAdDz06HUnD9ZFvCJaHb9Vr45Mb0n55k75hb974P5lINhCVdELE5yPMChHUCxyRMUK1Dj80OwfM//GxRfebJKceecupEp7Bt7dJXt8GC9MuLL/5J858ubCZjlZX3vO/ip4Yfkb13/KUPR9HNyQWfuuakPfaU3anzzj0qVfzQvWnZy+vTMD/Tu/rT/3V/8zeumHkgH3rkMxd96owld67wSMttD6++7H/NG7JujiAIgiAHCBSgEeTtCIy7yL4ppIN6cUSKrWVZkQYdydwBjB/NNuXYZFjouu5p75/PmTr2pHeDnFxIZ+rrLRZ3QIBOJBJZmZ1y/LEkEOOl5K4NI7iqZE0sllREwRCXk1EKJR8EuFCR7TVBEARBkEMfbQpGQVbWU7m+JQUltgyqd7xE1/9RbXi53itQGVIvC6KroHEL5GWlzbWg2RW6SZfwKwwCZllBGFiOA7PNzMzXQnNpU/KumVOef/rVnlZSr7Ykc1tl69quZ5JW7YRYXVPvEZOo6/qEBUI2JKoS004i+TB0te2yoMwOfBd0bhF4oQwEE9ltYa5HiUBZiar6BuK1O5l0vHcr3/m639tLO1oz7W1k+za/dYtb8ELl1TAeChIyzmpSlASglPfm05TzKUdN1ip6cUbcnL5Wolko/Cjlg+PGbMcVIozyNFpOSoShD3o1nJEvLDNlDqVq3b7/1LKgloL/SGFcdlP47FZv3VPxWXODk96fm3AMVa4TQh0CCeeqs4DYZIw+3bTmkd916N+8edHiB68q+UsvfvWus299BBTYLU88svLfFp2+Tyqqs+DChUs3RRYct9+0P8OfN63fSEaFzscffMG8mX7FojnOnred8t7P3FEhf99Rdo5u/+F3X7ji7jnkQOLOuWbR9BU3w517YcmSznmXof8tgiAIMsZAARpBDmd2zToIgCIchfTui666q1UF6a9oR+VHKfVgLBe5M0cbFwOEYbjIVGBxh7LuN3dsef21qUdPffHFF6ZPb4afx82YVRDiXSe8J56sgkGyguEiYTr+SplIIqYfa41CucnoEJUcWZQcsFhmtOBAEAR5u7HfH+LZM9SoyQVmMZCevUK8683cX35vbfprbZAuCJKRggcFIgNtv2zDJiBW65ZbBwibD34YuDGXWxZMGIcidC0XmnjQqZUUiorqOjZr7nEvrXmtrbszJHW1DcqtKrDsJtb5Zt0rf7RicY/QeifmKZV0flmAKV43FnKL2zbNh+MsG9r6OptV79yRJZ7yPCaJHyj75Q28IGo59XO9xKIim2bSCwoetV1CrQJlMScZeH5VPAYT447tBCCGK0G4apw4LqQhMVmQQUY2z2RRJWC1H/i+bduW7VCbByC4c1p+Ro0zO+bYmUwG9ipkc9CNsQ0mm7SJGFdRx4NJy8oxqINkNmX+dvLsz8hzv+cn/aP1j2flaiZps+kgMNp1aPIdDtKRKD5cZTI1HwQ6t7ZED+nNufSqiuyG1cddc9PJj1z+rDbo2LCDnL6PZg6Tz37ou2eT/Y23efVjW8losGXVsufNm7M+dE4TGSZ82lVXXPLdL/6wjZBfrVt/95yZ5IDScOGH5t28YTUh6x9cte2y/RwYjiAIgiD7CgrQCPL2opxeb78MdHeXk3AAephnFf/aRJHRRI+BFQzmQFOGAW3dpInjJk60KP3QhMmWxY+a/k7L1caR1LYk1eNyrmjlE6xmsD6K6jOpOBBcqAOmQaMAjSAIgowy0PxSm3p22+vkL6tjrS1VmW4Rik/mNPAAABAASURBVIwIBAlgnRKMsjhVkglop0Nf6LnYUGgc244lq3SDSCl3nSCbgyltU6aCbQrEt4hsbLBmvPvI1r++zgqezOVqYzUwgaxCRj0ehgLUXmYFlIgC6wgEtHmcMAtmlQueT02/oJdRmLPmrKBCZRGH5AObZjv9gmPZMhCgX8tQUmY73AGR2YnHQBROcBnECXfDgAiP+tSHaWsycfwExWggAq6K+eCoaWTDwPc8z9F2H9xxHWmmtvs18VR3L1K11SIIg6wW2ZWQXpjXqRYZ9EqsYs4JJrkkXDpSCOiecGEXrEDRLnvt8uDVl8jsU6pOPC1fM8njTkwWdMT57nNQH7SGv37SFEK02NqxEwTTSrH1rM/9cdvndr9jsO2JhxfftnrtlgL08JLTj7/0zisvOKm2/zbP3TbxzhXF9zw5ZdYVD1137vTBU/Ntu/cL593WWtxy5gdvf+zS2dW59fd+Z/E3Xt6UNt+vBdf9sRhNXFmsYcOj5018tO/jPjtybHviz8b9mZ9x4SnOCPYnk487iZAnQCLP9g5Y421f8+BPfvDdl9a3FaJkj6f858euuGzOxEG8MkTm+eV3LHz8mfXdGZ3b8Oj5N/379aeTveOecs6C+1YvFWTDn1dtWXDBFIIgCIIgYwgUoBHksGIPOmkkFsPPKKqXDDNd3oB0f5XFVqYxHLSosicyAEcvhnopwqR+FBYkZmG7ekepk80TnXVep6eXUsASnQpIC9CEmUSGOpJJ/1SRzfQB0IWjEyz7h6CzM4IgCDIaFNtK/W9/NjQmd560QakljgDpl/lWtoO9/FLwtz/W5jbZHkiyMSEynEmdtEFQrvPnMegsKKlTAcJEMajPUKNEImaUZ22xpa2pOI0n4oV8wXEcWCigJ2BZVAhbiikTa6qC6Zu2bAGpN5PpTlW7hVyv7dQFUnDb8gKPMeV7EmoWhr4FknIoLKLTE+rOCbN8DxbSMJAc5qy9kFjCCnzmEJvZnNuxqji12i23qiCVnXSJ9C1dVUYty+Us7/lOFYtXJbRiHgqdFtBcWM44dBpAe/Zzea5FZOm4ccr0TDcxU+NRooro8sMpCxDKGY1XwZURhUJBSKH80LFdocLIZ4wpqSfQYTtCQpintkgc/inL49TJtNGVv8ivXxf7wD/nm2dKO05BfVZMUQkXR+iUjMUJ9YM96zz79BPJ0hdAxL3zoiXHPfZvM6uH4raRXvXpT9+1tCyuBpkNL911zmdX3f6V+y7bXay0yGx56c6zHz7u1Uv3FhEsMuuX3/yV2feN/9GVX2klBwHRsm6zeTNr7qkj8x5pfTUKoG5qaKhcvGH5DWf/YE2670CZttdX3Hbniu+edvtTV87rd+XLPh5F/PTrK26+de3MqUMQxPns02eRpS8RsrllvSBTDqQJNYIgCILsDRSgEeSwYoA8Wo4RjvwZyxkCSf9hz9AF6F0HS+WchKTC5TmKiR70seJyCTAAkzw6Li32kI3WbAbeOtqZRTkSlYkagtKsostkuTIHQAum5rnjsoAeSd6jd1xUtxEEQd62FNvH/d0SgPosKAi0rkdZjZ+mLWvzL/6uqutNqj03qBfCpLTHiE1Mf0HbW5l8g7l8Lua6QgQwA5xIJEzdBIk0Wka07gqqKrdcx/W8QiwGGiuxQV+VDFRmRcT45rp4wt342mu2RYKYbTkwsxwUfI+5jhaeKfPC0HFcEG9hVlxSYdMYY2HUW7CgC8HtMAgs2wZVGn5KBsI1/HZgytp1eRjUxuyUVtNtwSmcnRtz7OiyuckETBr7QRBZfTmgNQfC4iyyrs70pKvjVYKoZDJFLNDbqSAmwlY/jWWsOopdHa1Hw3UImf4dq4lDT8DP+6DEw6b5bC4Wi8FZMIubVIMs0gWV6elYwnSxWOjseDX78DfVCe9PfuQTHQnbJTYo+Yr6DOTyqJ9z8AVoZ8Hli3614bYnesn6x6887snmBedc8fl/mj09sSehc8Nyk6CvcfaC4yfGulseW9fiwVUJ1t/88OoLKxPfNc2+cL4pp7Bp2bPrQXhN/33dFjJzsJhcZ/qJZ194DCEd65es20RI5unH7twC6vOkeRc2F/P7zW7apdhsy2PPtXgD0gASMmXaiMKWy2zdtM78nn5080iS+AWbvnW/9t8ATp3el7/Re2FxUX0uJXskhW1Pv6RDyNueuvnsxof/cP600rb+yvs+W1SfSxvv2LhqZWvH+s1DqYEz6+hp5KVNhLRs2ErIZIIgCIIgYwcUoBHkcKYsAUcPyXI+urEQ5cNF7EetNop3JsOM2kYQBEGQtzlUT+nGBHFivS3kj7+Iv/pylUxTPxMEoS0SlHLZ35HL931ocjkD8VWB0kotnY930P4DNMSO44RCeyqDaqzMVDRsqfMP+37V+NTR8WO7drb7hULcSebhZzweChFPxIWUsTiJxVzfp7Zj2yGLW27UUdGJAUWobDio9goLBQUdPFmwYIqagngN2jRsIROcOzBnHXBB7Vgspz2Uo0yJeqI6mhHXRdl62pjBvLuevYbyq2tqZBAkq6uNu5cqdyOgwiZHBRtUEY4KgUuhfJ2QEXYEdd7kuNBbW/rKDOyQJBQJLD8ZpuWfV7S1b6/+18v8cUcx6eacIB4oLokYI7mN68944Gup226/9d7WDCm0LH30hqWPEnfCvKsu/My1g1pDGGYueHjZ+dOitXe0PvKhhXeth0v+wvJfFeYtiJU2mnr2HVdG1s/bpr9lHDZ265rWcPrHFxp/iTWFC25YChr3q2srD9GPcrFbH3nuuZYNu6QB3Fe2b9pgfk9pHJL19ZY/f+f69pL83b1p2cvrI88QMvmaG/syELZ84wfLtPo89ZLHb7nipERpscg8cc+Flz/TseEX9y895/bipet8/JtPmcyQqXl3f/n2BY3RpgvTz94251sr0kOo0pTGqYRsglfLdhSgEQRBkLEFCtAIciAoS7EHwLa4DIymdMZ6KaNB3a6mz8OygR5WzQdsXDaAjhgwwNurbUjlkv2eo2nQPI1lyuYbfYHbu78O+1i3AWeKIAiCvA3Z/zkJFaOhX7P9b97KH1b1vqWF2EBJ6nJi26BOG0erqCEG6Rk6DVpKVhL0Vg5KLwmlFOVnp0Cj1bPBUpVaRh3NDAJxPl+Ink+C5p5xbXYB5MO0U8UnxscrHyRuGk9Y3OJRb8g07oHOVBzjcJRCvsAckJQJjzJUKItwoS03OIPy4adXb8M7rqQlQyUKedjd9lWoeE7FQ15gInIFoaWLFrlUm1OTXEHDrXydddCCM6+pqaEWC6EEpVdQaarNLVJy3Kq8Eboo0K+LWQcpc2y4ELbWzX3Y1PN9LdNLCSo8nHLp6LoCIQ2lsISqkZymNv0189MfJD9+ea56aty3JAujp73IGKF27qKvLb+pveWxlT94cPnq9QXibV/9rTtXf2vSBY/+1zWnJnbZfvp1D1dKw5MvWPyBH5zzZAaE5rZOQvYxY2FE/QWLF0wbSQDy/qOmakiR1N7m1Ut2DUyuPePu/1Xhv/z6qkfa9e8pyY5HfrT4kcotgwaXdHhi9cqXyIKTTYF/XRs5eJz0setL6rOm+uSFi59a8ekXyF5xqw7ulUMQBEGQ3YICNIIcnkTSrbZADIvPtFYOZfe7jLu7OkTjt0rfDLKL4jxowFEknZPRj9pGEARBkMMYLvzk1hb52580dG/pDfOE2DrmmVmg0BYcbfHsSsv3vEg11gbHhICiOqgRtSr+jKyVtbDLjV9WLOYGYQgdDlFKz2CUX5/CessRJtNgEBaIIPFYnFEGojOxdPYIbky2EnYc2norSu5nps0dqj+pwBQXClXwBLVD6giRgGN2FcKkKpBCD7EoTyUtXzCT3CKSgHXdGCXl0kKYSNbJkEFKTqUSwrhtCBallABRW5+RAJF9b8kA4ZylEfOhA2XHHNjaDqGmPlRQK9FARc8qZ1NbsljIPCJCGsRfXVNYXle14ErFE0xRQceO/FzEbWy+8OO3X/hxv23Diq/ee8eSrT7Z+sj5X2r4w5cvmN6/FzZ91uym/vtOOeI4QtYSsnVL134SoN8x+6RDtevnnPTRrz9w7uymynSLbdsiU44tLy9bspvd1m3dRoiO497Ruc0saP7IexoGlPyROfM+/cJqgiAIgiCHLChAI8hoMzDad5Qs/3ZVdfWwy/g+k5Ip84CNR9t8cIAFR/lwlccd4NoxYHfS33NjVG03hnJNdpeJcViUHaX3uhBBEAR527IPOQkVUyRg0MtXoWTJrvbC6qUNXVsLREnmWkEQ8pBKyhRzKPelzOVyOtCYaT8NxkEgVcwE9kqjNUclgu5KTG1KRtWmglRnEuawzmba6EPSKGmvbswYc7kb6lSAAtRnxQhoyrAyn8kGQaBVYinhWEwnWpCgDvvKC3jKVdxjPiUxTm1BWWBxEo8T25FOtaypVvXjmFvj0Fitt2nzb1ZMDh0XptoLPmOWCGBbK3LVkETCOViMyyAkfqi4aVwZjcVdXWc4DyqjvhlcJVrU1LXr88BOBh0gScOZCziEMXnWwdp2zLJd7nleNN1fPCHj5eGGsHMQkHzoC7jMMUW9tX90/+H0nqPeHZNUkINr/bwHnKbpZ9/xtfmn33Xu5c9myOa7vvnCBXfP6b8JHxhg21QfSaWZnhx5uzH9/J/+wRiAeE/dPO0eUIf9lpzbT30G3XnrJjJkNrzVYn5PnNI4cBWGNiMIgiCHOihAI8goQyt9FWAEZJXtjPfzcXYRNHXa91L48ICQ54Od96aPvSryw02WuC81IaMvQJcF9z3fLwRBEORtzj5MTMKOLOCECxBYg8LzT9Xu3OwT6Htw6IKExIpUV8FooTcXgh4tRDwWB/UZ2iDFpKIgPUvCiah07aWlgsvNpckgDJpsqHREL7MIp07g69JAhxVSBkJZtgNCc+gVLMsSRriN244DyjJs5Wlrai/wtXZriTfjjc4/XyLc2ozqiVm1tclGLwyUaxPXDZSoktQRvbGu1vBvL5Ktrb2ZrUcQj4YeMXUmQjrclto8RCcbZPoXgRn4QiZbFY9nSN4GoTjmaGmaFo2faenFSmekT4f065CYEOnKawoXUETvIpleUmJZ3GG276vQlyIII9OuRCLhewWmYKHy8iFPONKtt3Ptb/76x8nLm0PbhYs2Fmab21744Vef2wpvZv/TwgunVqzgybM+eKb77GMeIetat5E5+89h+fDFPe3Szz26+lvtJP27+5d87NsX1vetGl8PFxBk5Ymf+/JPbzp6L+VMP6LZbLxtS/vAcHIv6xEEQRAEOZRBARpBDmcOjNUGgiAIgiBjBu4zpi2QhUVb/2K/viaSjKMuAXT9lVQgj+YzWeEHIA3H4toBw1giqyhl4a4oaRwttOhKOeMlW+TSWlV0hQZ5Wfl+lNLAcWyQobVAbIM6rCJv5kIBxGgeBL7rxj3Pd2IxEYZwxEZKs9luqZy4DKjV48i0XcipdDfN9hR6Op3MDrW9nefyjvC4y6jBbxVNAAAQAElEQVS0RaEQi9u+pQIauMqC89OHE9qFgyvq5fNwHtqsWYpEMlH05dg9OgkhZ1HWB7I3tEs1ZbA9/AdnBL8s22Im7BwkahD0M5kM55SEVIXEywVxW5FYzoaNX/kLf2uTd+wsqD0ZC7SvXbJqLfxumXzFhVMbCAJMmDadkA0jUd6br14w71v3rSZi7W0/X3/hf8wsr3CnTGsiq9vItp/9ueWmo5sr90lvXvP0Wz4hyeknzp5ukhCW1OqWp/+euWpSsmJb/1fPDcl/Y0vrJvN7WvMEgiAIgiBjChSnEGR0McOhvsc4y4M0MspEiXxoCTL22F1WxnLNB2w8eu4lux599IR781zy4OVr50204EAQBEH2Faoo6LCKy4D/fW1VfofxR47MPHSsrwyCXG+GCmlTbmwwqHFaDqUyKQZ1CgYZhQPrZldHAmuXZHgx04QRk41Q23REaf70g106uBikWCgK2jLbsqC74weB2UmL0Vqs5ZYI4b3yPA/2BpVagUgOL86cRLyKto9/5pHJq77R8NtvTPz5t9mDX7aWfKPqN/8vtfrn41/6Q+K1lrpctx32JOJh6HdLGlKHCCbgTOwwtB34IYIg1K7RYVDozchA6J4XlJxMUO0OMrDzoBVkWjxxWKtPSvV7yKny3HVHRZldohSJypyvCZnWftaMRxekZAOtHUhkIKUPl0AF+QDeCBU6rtsQ5MSLT3GRZ2OjqW+aNXe6efP8khu+tdnvWxFs+taPHouibWdNHqvhz4xEhhRbujvIfmTStFnm94btm8gwqT7twstS+o0Ogu6sWHH0/AuMn8aWZYu/8mqmb3n36oVfvuHy79x8+Y/Xklhxmfuu2SeZNyt/fPvS9r5t088uXjiEDISm5pGJR/P0/eLHjSAIgiD7D4yARpDRRYShHpCgrogcFLx0W7rymU23prG6wkQw/dT3Fj9Z/Ykv/tsMl7zy0Bd/1HbGddfNaySHCuk1d351VdPHr7t41pCMEXtalj/86KqW3AmXf/lfZ5HDjmFejX6I9ud+/KOHX2mfMmpfgLbVd9++onG/XPmWny++5+Xjr77pn5v30bFm4y9v+e/X/vEz130Qw8SQww1lSZCglRV2xVtfDy3LATmalJVlEhZ8AlqwohwkV6mK8jS8BVEYYNogQicSjNyOI8+KaM5Ya7IiWqY13ZKuGxWr9WupU/xpqZZzIYSvI6y5jhK2mOcXHNsGmVhbd3CWLXiJRJUQoR1zQah2WW3g+aAbsxy3QiJJYDIU2gUiObNDkVXMUlCmtJRTQzixEnFBQ2YkXyUk/PZ9X7twALAz7GXFLNcmxpVj1wskpdACstLvdu2hlSy5iDCB3vqkOAiexb4ct6zI6bl87rABaOs636LjOo6TzWaFH3ogPXtB6IVdnd3ja46UzCeOFTy/uv6fPlJINJGx0C+cdO6i0x65+KkOIlq+ctOZ/33c/A9OdEhh22/Xrm0LzAaNl/zniWRkrH9y8YOvR297/xpJxB0rbrtvU2207Ohz7/hQORa4Zcl9j+lIbLLt+WjBhkeuv29V9HbKnCs+d+Jg0dkTZs1JkPU54v1u8eW1l5w7odjwTXnHvJn1ZOTw5llTydLNhLy8bj2ZO3N4+878/MdmPvij9bsEQTdfe+nZD/7fZWnR8q1bz7x38rxzj0mR7pbH1rV4+ruZXHDhhdPLhdSf8/nTfqhvSu/qT1975lePPeXUic6OjatWtmaGVomW5142v487dBM5IgiCIIctKEAjyOji+722W6dHeYqw/hG8UTQ0GR2iQ1Vm8CNjhl2jm8vRRlFE1aC7DOUURuCYOeBwB/5CjW76wT8umnHFL/stcY+9+BsPffMMIzJ6ax74+v8sq3LP+bdb55C2p37yP+umXX3dPHKo4D37P7f/5Jeu+08Xzzph71v/7c4PnHP35qlzzz15CBsfggzvavTf9bHPn3zliupZp//TFDJa5Ft+89BPjj17PwjQrb/94fcfWjej+ZJ/bj6S7AstT959z09eW/euT3zw3w6dSRfk7ccI2nFlkuyBsMpbW2hPW8Ash2uBmZnpcBCCddSu6ypt1yz1hjIwWfqYttkwCrL+TURfFkSdwoKZkou10ZVRpZyEquihrAVdbjImQmsOIwyhsxmCOuwHHudcZwU0GQrj8bgf+PGYC4q3TotIled7blyGQeCKGAfJOS44iRuDZu4oahEmbPioXAvqL7lrqZBy24IjhzKERRSK831jjEFB9bZiPG7HJCNCu2Aoiw2S4KH8oSSsm4hmHfQdnZLx4jBryvdAcX2JjPRedCnRQeL6gzIavmBaaZeUM7fKLQiqva/zIRSc782Kgi8SQiQsZ+eOzIsvkJPP0M88aWUcbtVB7J85p1/57Ts6P3v9y6AQ+22vrljyasXK2jPu/v+umDlSEXPH35cteab/olzLE6taiu/9+Xd8qLyi44+rli2t3FJ7gxTfTm+89HODi+AzL/tI84OPthCx6YlHb3uitHTBdX+8e18EaDLxrPc237a5hXSuWPb6FTP3Ztk8gKYzr7jssc8+mCPp3y1Z+vHbFySKy90TFy67tOPsH6xJQ4vbunpJa98uMxfcd+fJlVYbzumX3v65LVd+C0RwkdlSvim8edHV85d85/4Ne67B66seMcHX0981u4kgCIIgyNgCLTgQZHTxcx1SFATRmeLLQ56h5LvbdyqFXTKWGGAMUn6GtyyaD1rnoWjQIzhf1R9yYCkfdzS/EjO+tHLjztfM66/P/uwy56Grz7kxijJyz7zv6eXPrLx1Djkkcc/4yitPLH/li0PSWzc/+/vN5Mz7Hn/ovv2hgd5zzjGnfK+VjCWGdTX6s+apFaTpUw///p7F+y38efP3Tzn2nHs2k1Fg8tUPL39m+U+v3jf1GWj+1C+feWLVj1F9RsY2qiJ77TB2cVkoC8GLLwQiYysWGTeTyOyYsVhVgnDQSkmo9WadLxB+kuil9WgjqwpJdT5CVfxo3hiLjlJldMS0CXmmxV4NCL6Shgp0ZiZANuaMJmJx0J0d24bxRibdW8jl4aMIApCpq+Iu7B93bRCeHYsraYO2DPq1x3UOQ05AztWSsuVYzGZxW9tbcNdmtkOJDW/DQiDzgvus0FUIwtB2HaiabTuJqiqS4KEtFQjUTHsyg46upfTI7qMUtrwbgzKq94HzlgyEcaJYdNagOvOikYcy51q0MynL0EaLh16elCQMQPV2GbVtRbnQ+3LhC+FnQJCnjow5tOeZp5iXAcGbcW5KPKjxAXzahf/7p3+67poLj5tWbUeLnOr6mQs+8e2/fHvRgrH913H6gu88/okzZqYcsl+ZMv9sY4Kx7d6Va8lw4bOv+oiJ7Barv/rzlso108/8+l+/cfvn3jOzKXLb4Mmmo8+4/X8vf/L8aQOfWkrMvOnLyytOzak++twHvn7fVTMaxu/l8OTplY+16d8zL5uPqSMRBEGQMQdGQCPI6CILvTLIU+YSxhRlZGxJwWOCso+kMA//Whb+XRo1Eo2n3fDV65adc+fPVn31pPmwwG08tpkcurhNzccOddtQb1+TIPuDjX/5GyH/TMYYw7ka/ckLUluTIvuRjS+3kFEjcWzzMWQ/wN3m5skEQQ47uCKelFZvh3rzjVBKLkNtB61kEAbQznJtSqFnPYMgMHEojIy0a2ICn3XzrUODdZR0Py3VchxQb2OJuO/7sFFNQh8xzHtQBxBt/TBQJnTaVInD/qBKw8tm3IKCLG7WMlo0ANEvPwi00Yf0WSDDMHRdNwwCG7bhzHEcNxYbMItrjEA0pJREURuIiD5HDhPsvcdzN0dXpo9CQIKGinPt+zyoZhwVBDUWuiejo6FB0JbanYOm035NMuHEFK0m8W1/dzavFzNOLJC4TRU5+P1CZ8qcC+6A1563mnTBHx65YPBVcxZte2TRgGWnf+aP2z5Dhsbcux/5491kBCRPOmvRk2ctIvuX+nMuO/HO518g3uofLjl39oWDxlPv/mpMWfDgtgWDF+xOmHfTjfNuIkOAD3pqZz/6yNl72qtz2bdWG6eOEy+8cJ/CwBEEQRBkVMAIaAQZXWzheb2dVGo7vbCUb28Pmej2L6OdUm9kyBLE1BB+wvjQtm0YTO6j+jxoAsP9SFkrJ/tM+SKoCieWA2IAkqoFpbHoC936wOXzZ3x5TcVar23Fre8/8Zhxxx4z7rgT3n/Dj55L77agnpe+f+npM/SWx86YcfX3y1tufvjyGed9f13XqlvOO2HXtZrty2+5dL5Zdcy4Oed9fkU5z86aW+bPv/Tn7boOc2bsvQ5v/ujj8+ff8rR5//TiGfMXLut67YGrzzziOF3yEf9y67Ltfaf54e++QsjyK+fPnzH/8gfe3Hs1Pr8i3fLw1bOjS3HiOeW1+uzmX/sYIS3fPX+GLm3xU4PWTbQv+/LFM443ux9/wvsXLd/c58W9p/KL1/b57196ZnT1zIlU7EzSL95zdanap199z0vpQa7GXgspo69bxemUvwwDLs6vW8s7R/e3xXvtoRvOgUt95e8GlGi+VDcuJ+SVL180v1+Z/So/45jzFv+2q2I/r3XZovOOKV6x+Zd+78UeQQZFV+DyH0XR1U99eX75fcUZFW/xXr6KFVtGlXvu4WvLX/7ZsGVf9Yq3rGf1nf8C3/lzvj8qsd0Isr9QlAjitr5e5XVr8ZVql+JIeAWh1uJWlC4PlujEfcb8amDrY6RZPStckkcHfzKJ0aLIa+kXLfkaU/MSRApdEaUjl107WVMdq0pISphtSaZM2sCgUMj7vleAX72ZoOB52RwRMGtfEEJ6vgfKdSaTyWny8K+QL4AGDeVzx7JjLuEsUZ2qrquNpaqYYxOLUdtSXEcom/Nj0K/QjtDGn1pbWkPrLfqa7+K0t742WkBXpJhskJr8hJHNdZSrENppIUXxfCsTFUq9gY6N1pkbRdQ3iK4Yt4ilA4rhGqogUNkMVFzYUGOXjyP59l/9hO7cSqRVNtNGxhLOgouu0abMYu3NP1qdJocKmSd+9J2n9fe0edFF84afCwJBEARBRh0UoBFkdInxsJDp8Qt5PfYbS0bMY41ypBIbjDHlYX1ok37xDy1k6pFFb0CvrbWtq0+X7H7i2rnXrnn39Q89s2b5z275qPfrWz985sLf5gYrZ/v/XPpvi9ed/I1n1jy79mcL3/vi4g9f/T9t0apcW9tL3//YOTe1nAprV/3+O5+Yunrxhy8paXbp5ZeCbFo48wc/W/XKqse/eUbvQ1ef8/nVUR28HW+2Pvn1c2ZAHT7/wN7rILwtb7bu8M17v63tzd987qzzH2i8/Dcrn33moYUfav/Rpf8S7dh02mULr583mZAZF9248Gs3fvK0+r1X49FFZ7z/4aZrf7jqlSce+tK89vLaCSd/8ms3/uscKHTep7+mS/vocYNU7LV7zjv50iXtZ9z8kL4Ct/1rbMXVsz/+/Zaiorqn8oGe31174sfvbDl54e9XPfvKEw98ixc2PgAAEABJREFUuvE3l55x3j0bo5Ww5Xm3bJz7gyeehWp/dcYLt/zb1Q9t3+Vq7KWQCo79aL/T+WcTQ73x+++fd/U9bfO/+tByfXE+Rh7/zPx/+t5rpO/+/uLKj//zjRsnn3/ev5428DFffbW/dt4MQiaffcXCvjI1r335kv98svlW+M4888An3/XW9z/+76VvBVyxj8+/dGXN5fcsf0Vfsfkt3zzvxBtX9ZDBgAq0Fa+V19Vafl9EfxPaPFGu6u6/ipVbkvRvbzjjw19aM/7f74Er9sz9n561cfGHz7r2t+m+W7biuxedePUvybs+evGZx8YJgoxdQHC1QsU2bFA0zXWOPR0vHAYhNKbaepiVhWICIi+sEUaEHViIWVJufEtt8ZAqYGRbph/84kw7cXAOL98iLBmLN9Q4tSmeqgLBGrYsFKAC+uEnTljMdqByNtXysmXxGExKx1zbYMrTGRM54/F4nCRiTk3SrqlScSd0YFcWausQfeKgvZf7DVAsnJ2ZNtYTvdyYRPfvWwxpkl5bguijF92wI7/s8pWRJo0hpf0CyUHuhittPKLh8vNcbz7jeTKkMnC6s73xv62XmzfbPmHabRoF6LHHpAseWKAfD/OevWPhc0PM/neQST93x7XP6qpOX7DoqkkEQRAEQcYg+Kg7gowuMNzgNCvzXRZPEsc2NovFp0p16nZFTU6e/aCuqtFMaXgAKEdXDToUPOinNsQsiEOhHERWzruoR7NS/ydMQNT+xu9ub28z1hPdG39zz6Jbf1v/zz/+jxmDbtr2CvnSE8uvNv4GzRfd+szJR77/rMU33v+JtZ/fZftX1jwlZnzpijObGwlp/MQP7ief/7G32SNNxaib9nd95tmiu+6HF/44+9oxNz362MZPXncMafv1L/7c+K8/+O+FZ5sqXfzlb2x59pw7f77qm/POjPb02hu/9MTjQ6rDQNLkwz995hZjgnzkJ39wV/uM877/6NOLP3iG23zqme7f7iKPT/7HD5/5wehMf7K3apB/+vXjt87RCsnkq7/+3e0vnnePWeseM/fsY7zHyfd7Zsw/+8ODGzh4K+68Zd3k6362/ObIbfq8hb8+ofqUMxd/7scf/fVFjXsun5AX7/jiL2uvevyZG6LznX/z/SuOu/qEK7+5/PLvnOmSl596ljTfePXZ5rpf/s3/Jrf8yHvTIxMGRDvtuZAKJsw4+8Nt/U/He+ybi9cd+enfP37dLJN+6uIv/vS9Deec8tWbHjjnp5dPKN5+78zlb101qOOHvtrN/m/I97x3zzvz7KmVq16Jnffsz6IrMO+6H9/y2hGfeejhdZ+Eq9T2s8W3vHLmfc/dc261Xtl03q3PHFc9+19uvfvyVTe/k+wbu/0q9uNv37/x5+0f/MaLPz7H1AC+PydMvnL+1Zfc8a9v3TY32qRt87E/WPONs6sJghwU+lIC7rUxUsTxMuyt1+AN007EOt7EMggJaq92K9bp9aQivhRMWJbNLG0toUhRho6e09IGz7LYtYhCgIlJY7i7ug1IdKE9NbRpdOSgofs6yiQ7oJy4thN3uAmyliIM4TA0UKEA1Vw3iyEJdSAyp0KFPEZB+42xRKQUR7PUkgSqnL3P2IAwRqMDGYNmy+jV5u+XXizKRh66wSUmPQYx5wVFhfo5JFDIowSLjFacjipacESSczHRoiESnU1wdPESmSPQYkpGRiRccdvI7mEeFvnZ0M+qjOVRO3Srq1nWC7ZtUzOVZAr157EJyLiL1l502+aOpd+6+X3f/vZYd7ToXHb5t1boCdOp1zywYBpBEARBkDEJRkAjyOiiDQupF+a6LaVDc2AgpDP7KP1TJz837JfUcwc+gd4ooXYDOajsLwG68nTK/hs6MkuPy3VKqFHgtTs/fvKMufp1ysW3PnXMrb9+4hsf3J2IdvqnLq8U5o755PVnkc0rnxnEcOCY42fxV275z1sfePa1trRHZn3im1/+xJw+aXPuuR/oy15UM2duM3ntVVNK07/d88qqxR8K29vao1fjcaCRvta6ec91WP3MEEwPqs87qyIF33vmnkbIus2DpwrcazXcD3/UqMMGfsI/ntS/knvkyRXLyTsvvmhW/7M4gzz369+37bX8jc/8tv3Yj5zaWKoYvLwpRx9LVqwyXh/HvHsWafnmJz//8JqW9rTHZ1z+5cWXn7TLs7Z7KWSPiFUrfk2aP37+LN63rPnfP/VB8uKy1WWfkLlXnzsCv+m5F53R961wZ5zYTFo3myL//MdV5PT5p3ntfRWecOws0vrks/ue6XG3X8VKWlYv38z/+ZNnVfyPUX3mNRdO9h5f/ly5wh/7d1SfkYPI0JtC6GzwHVtoz3aibKG9J7iWc0FipqW2DLofyuQYDJX0hPIJVxzEZ51rULdMMjocLeXZI6r02mPdVP+PHMRqEFipZFxp/yrtxB+SUrZDBTIyU9ymlssth1tJ261143XxRH0CXsm6RFVNPF7txqpdO865A9tpiVwQFUhBFUzXBkSGjAgLFFydKhH6VCI6FiXQ4WJawNbR15YyVhtSyVLLK0DpJioK8dZu07CZMlkHldGgixfBtNDlC0ordPdSEsKiC0d5DS1epGJGQq1qW9x4ZIdc8I63uqQPy5QTd1V9inbsVJYQjNij0/Aj+wqfdtUtX1+Q0kYc13/tkS1kLLPt3q8t1uYbqTMeuuWC6ZwgCIIgyNgEI6ARZHQxQTVMhF7gp7UroaVnfSpyyO+/Ax3iJhVlhfega80Hkr5neKnJtyR1yNj+ZsaXVj5+9VRtmvEv8xZuOXr2nLrdbtr8rhkDtMxZM2aQx1/eQMjUAZtO/eTPf+J+4f/ceePFP7oRPtadcPGXv/vNPnmxcULjbo6RfvGeG/7zlt+1uxMm15gmyAMJ8ugR1WEgR05tJENlb9WYOnEcGSGtW14j5Lhj+9fW5D9sTef3Wv7m11rIay0Xn3zPwBVRLPPkq3/4U/dLX7799osfWgSlVs867ys/ueXMJj6sQvbIm63r4Jof0z+4O1FdA2p+ulD6vPv7uyd2t5e5Yn9bOGPFwBXNIdlnhlTVLa+9RprPHzBur65JkXRP2QZkH74SCHJgkYF49ZWECvLQnDIVk4S6lsWtYhRzCfgIKqs25wgC27Vo9P3ff10JEx0sowR+Sg2WOyGSbCnVxiCUCrNdtBAkY1gInSa9Oy0mOezbh9I9VFSHSOvIagm764fM+j9WpYxIrGtmvKFZZaOra9mXnYIOniFwr12UKEjduHtwpowi7XmBVaDZTCE1rtF23EAEqv0tN98V8FqqqKIEReixSGLu3fePLDviAWbiVV/541UEQRAEQcY6KEAjyOjCFWXUhTFUPtuecBOBb9mOUxxi7dcRRyRllvPjVab4OyQo684D6lzM6rNHg47RIDrQgHyDkV9KP+fH4RSo8x2VnFIi843If0OfmnaPNAK0TUaLCf9680V3fvh7dz12RdHoYFdaXt1ISL/I1g2bXiHN/zRlsI1r3vOJ+376ifuI1/Pmxp9+9T9uvPr8psf3bpjw3Hf+85bVx3515erLp0Y6s/fY1TOubB1hHUbMXquxDzSNB/F2e1sbvOtb6PXkhtbkNk5uIsd+cvnygR4RZapPuPzrP73868RLt7Y8vvhji67+cN3jA/1J9lrInirQBJe6rR30+ArhNpcGHdYdrS6DuWLH3rPzG2eSfWdEmvX4CZPJ795s6z/Jke7pJTxGEORQgxby7K0NTBYUcfUkOFGOben5cJNX0JhvaGzbDqgfBiH1g5hwmI4YVpxxEwRcanNVlJ1PgH7d7xhaBDaNl2kPBzTNOi64lNNPi7ildlznGValNH2Eae9pE6sMH0MRamNlDg2l1D4Zkmj7ZhK1+zzKBEgj+bh8mszEcquij5neKhKmTfNKtMIuTUJG0+ZW2INENddeHDorIY0yLhrn6n5zUCblsOClhdFFgdliZjY27s6mP6CiK8AjpRsqH5bSLFNdptGgCctlC1LUwDkxQTm3wvR2e8dmUVVHCKrPCIIgCIK8LUALDgQZXRhRXFrwM/TTVPo6GdB+Mn1GDlGiR3tBBahMrqjtLGEgr0b3izHniutOI8tvv/+V3W6x+jfLKjO+p5c/+mvinnxK88DtvN9+cf6MS39knAzcmiNnXH7DJ7WdwjayN1qfe76dNM//4FS37xArh1CHOSc2k/3IEKoxctzT3ncCefZ/Ht9escyUP3XeKXsL4iZkxtxzql97+GeV98h77sGFn/9/L3rw7ncLZ8y/+IHouldPnnXRwuvfSTa/2TasQvZCYu6HTiJP/ew3lYX2rPzNb8nkD508mYwK5oo98YvHKu/75l/e8sXFy97cy57Tj5tB/vbC8xU5Kp/64yoyfGadOt9N/+Knz1YsEq88/utWcsb80wiCHGLQfC7s3S5lAWRcGqpQS6ODJVcwP0HADQ1FF2cju0basVZmZWSmMbxnc7Q0zIr/wb46ltmkGY403UHdPGBTrY+HAmolI2W6ZJoBaN1cKbmbB6Siw5XDiIspECkddC2pCJ5WZI++IqWrUdyPao0bihZathZ7florml7Wl90o9Y4NU1ksn/eFFtWZo604suqNjUr7hhC0gUYQBEEQ5O0ACtAIMroowgSD4QuI0MLPbIPhSCgDnbtGp/JhxYc0WdGXY1glD3AlHuAOuR+T5iFkOOabu9tYe1BWUN6y+AZ0aSZDsnd5cJ+Y8K/Xfbx68/duf2j74Otdd82l5y9c1pL2iNfTsvzz51/9WHbuV684YdcNTzv9hJ6nb73062vatCza/tSjv2ghk6dOJHtj8pyTGsnffvHAs+1mvzW3X3LTb60h1OE/55L9yd6rsUeapk4lLU88tGxda1vXILes6V+uubjxxRsvqTyLa39b/69fvWIIDhh87tWfmbH53v+49Kev9UTX9ntXf/zLvydTtTOJe/KZp6XX3Pj5O58yFW979tFHW8jUI5uGVcjeaLz4P/+15vlbP/zF5ab66ZZfL/zADctr/u3W64eeD3Di5KnklUcfWr7uzfae3N4311esfvmVl9z51HZ9Pb2Nyz9/xbX3vNI468i97Dj11PdPJcu/cOP/tOSi07z8yhXuEM5xF06+/Iuz0g9ce/k98JUQxNu+5p4r/uPON2d86YYzR1IaghxolFaalS0ZCMrM3brRLvQq6lpMUehquLZgJCR9LhhR02OMn4jOSRGCCK1z/xFBSyn1SpOjZHC/sGh5lJqPlbcvpknsU361DMtMuHFZAqaRkqxnYaPIaGJCkGFqXns76+R9XClmccfiLrw4cxi1tGk1NebRVBjHZxX5Wet9jUTOolpE3hzaDBo2DlnkQN2/L1Sye9Yv0IKpjmmGPppQuj46Q2MUKk70Oq2eg3xePJ3oeNGJGoG8fC2Md4d+6ZOVOuZc+0nrzI9EUuE6Nvx58qXMe1L6BUY8i3g2Ub0v/pH6gcAAaARBEARB3h6gBQeCjC46+bweOIHAGHXor1EAABAASURBVBR6tyfrjgrD0LVdM1pjqmSdEUmWw5KM+8aHxZGkGnQtsl8Y+g0qq88D7sgAvw7L6vfnF4arUvmFIJ2IJ8loctp/Xjfn4VsX3f/ixbfsKiuT5iv++0tbb/z4OSd4kVPo1DO/+cQ9F08YpBz3A1/5/W3ex26/eMa90efJZ3/5+zcPQaCcc9ND39x88eeL9sRu82UP/Pqs2z/8y74Npv7Hd7/adtO/lNMJ7r4O+8Jeq7FHZnz6y5988jM/uvRfvk/euXDt458cGNecmP/NJx6o/o9rLz3rf6IF7qxP/vjHCz+YGFLpUy/76TPOtR9bdOYxN0U7H3vxPY9/c54blfztH9/q/efif5kb+VK6TWcs/vlnZgyvkL3hzlv8wgPVH7v26lN+Yj7z6ln//sDvbpo/DCn2nZ/85mXPXLrk6vc/SJpvXPXMp/YWOl26Yv9yatFvs+kDC3/99U/uPWD8ndc98uWXP3bLwlN+vVDX/ORP//y7cz933i/IsJl89Y+Xu9d+8saLT74lWjD1zK8+/o3L914DBBkbaHcIEFylm+0J1j8TC0JBbCVCyTmzLBH5TETuybKvkYo8K1SohC+ELTiNvI/7StXmy5REfsr9D0eKEnD0SWrtlRhrC93YRVJzOQaZ9plgREfUhhuVajU0gaAy8yitH9E2IBUNaClDQl/FIum8VA1qzqf4Q39mIjqcFqVVMZC5qKSrSHCmOtMiLBLQ9BbrH+0iqY7ELmrbZm9VOh1iJHWom55OJhUNOo1irouHJ8ZaWqd10HMBynZt6YWwEwja3T25IBeT0qKgaxPb7dmh0t2qoREDoBEEQRAEeTtAhxt0iSDI0Ons7JSdfyZm1ASjHR3vk5qWiNe5bopZTmQLGG0ZRcUOy+C4HDd9mP1fPKgH9O7WHrCjR5bNAwToQetWviO7c4iOCikL0MWNiY7Y6t7Z2jThHeSg46Xb0h5xq5uq9yo5ej3tetOa+mp3OI9oe+n2Hn2Expp+R1h15bGXr4v0ymHUYeTsphr7j1y6Leu5VY01Q5Oe+1O6to2DXIJizfde8p4K2XsNutp7wmHf3H1iCFds8/fOmf3Lj/bT/YXX05n29su35YB88ZD9ArSw9fX15JAF6r+zu5cME1YM8x0IV9JjNiN554U/WE8+wrwsNUkGScyJ11WDbqqE7oWQELTTUIZemAuynRkvnS/kfdgqnozFUrCpDTqwsX2mUeBwOXKZcdM46qBi/TtyN9ais6E4R0uKZhelmXVZ2Tvpy1EhtPbLFS17gOj/hPkrExk0SzmgW8NYP3P3vpBqHaTMInk9aqOpseAgRXmc6jSARhMv9pQUFYKaj7o+cEF4GJlUGwGa6rBnKFDqkGqqtXeqzbKkNqrWK5R5ak1bhUhosqlt2ZbFfT+IyofjcMsqJjBUys/73Tt6O97sKfQE2d58Bg5FvFkzxk08tpE5NidOb17RSxcWjp3p8KEmfzh22ij5ICEIghxWHOo9BAQZ48yaNYuMCIyARpADQRRPA5pj6HUnknU6KzvlAfGZiqKN+vkzDjHh3rAy4I19xohnyB5U471GQO/5jpTvJmzGeV94V/RGwHA3zBEvQ8YCoL41DnXTmsahbtr/CI1Ne9uiaSQF7+9q7COJ6qaRSM8Re7q2Q675CG9Qcee6Ub4+uzKEK+YJf+Aivk+n2Y8D8sVDkP2Lzs5HQCEWXFhk89/ihV6fQQ9f6r4F5yYPnoaZQGIZ5d9Tils8csQI/IB6hMe45XJOWGRn0W9um5ajmImxNuZRADEtZvgjUXy0MWkuWnOYBrGvyexzUiYUNtZT7mEIcm0YBsSUq3Vesw1M1dPS9qZfwExlQXFmwiQqhENrT+ri4TUgB2v1uZhsUJ8hKeUk1NWkpOjxYYyZtcsHhTZXFuOVjeU1o0Vn6OjQkYu0vmwmCNrsp9VoI7EXnaNpFB8dZRjWmvrAzM/M9Pqg5mEYMmYTEP9DVSgEcMbMYVL4NrHCbRvp9HfqjIxoioggCIIgyOEOCtAIckBRXo+X7bUTKf0Ep6UIPoHwNiNSsctadjnBEXwR4IvBxSh7QCPIoYy3cc2T69Y88MPXyIzqOEEQpEjkHWEJeFXxfCEfhAXhJSxngL2wsZcIaf/Ee1Ggb192XKUDiUFOpf13BolV/wJVd/dSqZahi17QRRm6WD05SF8H5G+qy9OOFkSLyNq5wmTt04+LRfkGWaR7Ky0TU6ObS2OSUT7t6HDFXBoVRhmk5E9dOkdtegHV0LrzgPr3k9m1Ok9MCHZpnYyqumv9dU0ElXQvoQA0enbK3CHQvn0/hLKZDsyG81W9b26wGXYEEQRBEAR5W4ACNIIcUDhlXb07U261rbgt7XLSeTKYa/Pulu+BAcbQ+4VBKzCC8vd8IrvW/JCzsd7zNSmvHRDYTs3I3wrDXKGXc5+8rXHHHzm5Z+Qhw8hhzvZnv/+F722sPe7TP/76vx7o0GwEGRtE+fFIJByXMKHAXDDBcz2W1+7FYzSTzeZysDgRM/YOUcSulNpfwuRAlpZVkpgVU1TkVchD7YqhV3JOSyZROl5aT5ZHAcXE6Lx9k+daQ9ZNWNRcg8QaRWPrKlLKqbG/MFkCtShsfJplMRUiVM0qiswlkytjYhGlW2BcC826KBrN0TLLHNWcPYUDyeJTU8ZJA6oB2jnnVtl7mtEoZlmfeBgGZVdn0JO1XQbsEgqqnZwjB+goxFvvysxbXR9lkneYbIe6VvqBNcrNyYNYTqN6lA4XzScbfd+cSNHwg+vgaZgUCFVBwQ9aCGUhRwJPxIROcFhwlLv1DRYSaWHSDgRBEARBDn9QgEaQAwpjllS+F/ayMKatFiukyEq9NXo/ApONsSxAk+Foyoec+kwqrkl04wambDLs6jRSfO44yCvpwYCYvK2Z+6VVqwiC7IapFz3wykUEQd7OqOK/gUbQoEGHoI9mt5F8J3N4LBYLZCGTy1ZFArEWjstyadFrolQiiLxECqI8SVxQZkFd1WJzsUGjQtFSwsEozWCkFxcPb1wpOKucN9bKrTKJ+yLptmJSufKj0ObLJkOgSQlITfMnQS8WoTYO0UVXnB3hUVWLJmUgB9OiUmzUcE6Mvhw5aejlUcZFU4LWoktR2CYhh9GdpZauqTbJjp5E0r4iZk+l8wkaXVx/YsX0idFxyg8uFS9JsUk3PiFElK+pKorlxOQvhCvPIrU7ILKQlwKusFDEZiEXZGeb6kmT+hhBCRpBEARBkMMdFKAR5ICiiOBE+tmdCTcpVXzQR1nLEbJll4b9qCaPfcqnf+iedXQKxUxEQ1PSM7l2QrW7JUEQBEGQYQIqMojBasdm4oc01GKuZVl19fVFK2Syd4UzMuEIQ6GCwLbtok5tcg2SXXY3EjEJjSGGifnd7Xy5EYa1g0fZkaN4uGJWQBW5f0SZAyOJ2Ui9dLDMzKpUZl/pxmyDRacZRT3DO2GyApak9qKITAbubCw2oqPrxleWshiWt6TcnGYpantwiskY+7f1OlGhrkQxwpoZQV5QkvMLOie1DhZnHOYMpAxaN1p143R0NYIgCIIgyGENih0IckABAdpSBeL1BIVeuhvrQFUi+hilKNyVAXvtS07CQQs8WAw4/TFFdJGjazWghn0Zlkr3aygnAhsLAQP+0As6pPIUBkEhCIIgwwSUZ0ECUDXDLX+ngbQiFwyjtXJuAntpaZHeumiyHAVDlz2gAwO0SMY/o+yeHP0ifX4XIKdSBiVA62Zxi0edB2OyXI6tLncqQBfWFTCJB0m5JKJDoWkUTBwZbnArSgJogolZFKdcNk8ua8fK6NU6fSLn0XytTu8M5TMaRShHGQVV0Uu6JC4z4yFSLIRG0nklWr02tZXR/sVUijQyDIFXdKzdteYqulyDrFRSmP+kKBqJcObDhfNDWAhlO9yxOVOtrxHxNn/4CUEQBEGQtwUoQCPIAQUGVDYPbeL39rR5foEghxHRkHtY5iEmSEpks1lCC4SG2hUTQRAEQYYJ1VHGRLZt4SDAiqLwuuddTOiuFl+jVASqZHEhzO5kv6EGjSCGA5NSGl5SEYzcb09lTDxKOQyZ0aoHtbeqJCqnLFuXPpYqI7T8Tshe5oZVZEI9hKnwYvkD5qSVUZ+FAE1fi+rGUTqkBMTn0PeViT+AhXAuclsrbEoQBEEQBEEOd9CCA0EOMJzQOIz1WJil+bdC92hWzLWjDQ850+O+PgVT9Zsi4sqk46H6p3lL9hdDzJ63349SqdUe+JBnussDs3vYprxWVQyYBdOPPGuTSMU4sSULyoWZ4KmwWEj0kLCMUhXRqKjAllRYXEiHZqX3ugNSgGJDGuwiCIIgSH+kYlZmR20uHaqC1FK0ztMHIq9WonXaQWqCeU1KPcaENl42KQR1TkJhnseiXkHYtmW5lDk6o6HignLtzmxipJnudWi9Gt5SUmFTEf2OJl+j1q3cjNGS6zQvmiL3LYeKKb+UeFBp/w0aSlJOvKzbWWHy+Wl3C23KXPGMkRaRZTEJIWjTQglts0xpnwVzVA6hA54pKmY4hFZbal9rag4oaeRATYrpExWNtgGlW5k4bVZh9lzZEygngTRZDVUUB128AkbFp0IyP1Q+nBhcYn2d4a7kFPM8ZQUBcaBoKIWE2R1UCgt6gEow46AtB7E8QRAEQRAEOeRBARpBDjAwitOas0NktnurxapisYTFXSNAMxiDmMdWafQ8bH/9GYY1odLqM4zV9NCxf9Z0ui/DlQMjQA8oatdI4QOsQY9YgI7S3JtBsm0WSUZgOB+yoC+IyYxGA1KZdVC6tCJEWrGQKAt2zPemucxb6P+IIAiCjBTQQHlvm+XnCtBV0A0QKJ5Gdxag0MqyJYURgmWUS5AYeddosbqpAtU68EnoSxmEyjY9EcukIjQG0qrorUFVv5ljqR2Ytfly5LPcv0pFl+cK7bmc0I8ULUGit0IIbtRk7f5hOjMCekAsEsxZWe+mJZk5jFYwXsrYrPaQQKGsHRutWxVPQJrIau0AEtWzaDVigsJZcaaZGf8PVjKSpqQci60qn1cyJ2jSNprKR1dMGkOQINTnRUAlB9Eb7oQMCPdAkoa1oG/rWWhL9HZauYyMJbX2XEy8iOozgiAIgiCHIShAI8hBIAqmgTFKvnNTVocmOcwI0E6ivqoqKUGNtrjNLZ8k+u8kjUewlrDNYCzoVybFEcuBxhKWDiYjoVfoyvTutEozBpGtM6Vaj45CveCNrwejynVdy9J/eFms2mYxWJGBwaeZdEAQBEGQIdNfrJSBk+7UT94o6E7IaE3kayGk4KbDHz2+U8rOp/gutlGgVvt+4ASWJS0+BJs+PVHOtCNzn8VFv7VyN3uZ5foHNZHOivbLQqGGcNbR+VUypEa0rDTrYGihQ6CNHTOcAotKNlWTXF8aqvb0UBKtKDJaQEsXtvgZNOww0LmFzcJiALqE++QHvha6tQWJw5mbLSTSO8O6cYJwwQRVODRDEARBEOTwBHs/GKagAAAQAElEQVQ5CHIgKCeji7LfFFO8E2qRPAyAZJgPhB7I+d6OTJcOsYEBC+eWcqpgEBSl07Es27Ya3HjSchKMuTqnugpKQx1dcuSKuF99G0eXg55psDKjYPnNgAu4h/EzVN7RkWReIb+zN71ViGwogyh6qxQMpgVopd04zT6Uw0I/RwrGDVN128Z0Bca9cLthyzhBEARBkKERab6MFhMF2lTynduE9HSaQONpQczcp21ZhUKBWxZ0GGzbjgyLRaiVWBn5fzEe0jAST40ay03mPGEe17J1ZLQxcWb9H9Mp5jzgJh45FNGDQUUPjdI2eiFlZTtmFQVml5paczhJWWkCVmcdZJUmV6ToSW2E6mLUsmm1uYlSjhyuVRS+3U9GL1pvVDhyFM0xisdRxVSDph3X2jeNDqrLMIJ8FDFd7KqZi2ySEMpiYkfOLFN3aew7isp1dFB9oYg5ZegcAL5HmV12JjGyv77IQaBcmKS24boHCdh0y0Z6xFHSSREWQN+OYTYIBEEQBEEORzAJIYIcTCiXzFLMIpZN4RVnCl4JS/90aUhzO0TvVpLZBq+wu7Wn7cVtbzyz9fVne9tfUYWtYRCIMDy4Gu7bnFx2y7a3/tLduZGptMsLMElgWS63HPhpXk7lK0ZjcRqLMf0TXlWMJbhymbRhdoE6BNkr6TV3fnHxQ+s8cqgwViqcfup7C2/5ySv7qR7tv71r4ed/8goZLUa7fAQ5DNHPRpFQtG/V1k+K9zc/ptBb8H1/d49J6cd0mA75FSb5YPQETwCisohmWtXuDjlIgf2XRAZUlU5WRRsME5VNSkv1h9IrErIZG97wREbuzqVg5EFLUCWD6coqEZMHmOzXfpQW76WAC54v5OGcOGeVKQqjK2yFlhNyCmI0iM1MZja1UBlq423tCn2gOnW5dFt7+6CvHt1avPLQFxfeubp9d3u3/Hzx57+5qo3sP/72P5//4t2/bSejwj42x177utXLl/16+bLVr7TlyFjD62pvSw//1Eb1go+QvXQA9sO3buMvb/ninb/dTg4+ov25h+/8/B7/L0MQBDn8QAEaQQ4oSoXmCVlhnj6VTHFGucWoDRqkrcOe4UUY1xnpCHWsOLw4cwmxYWRiMelYgop0pnNT+5t/aXvzqUz7K5aXZjpi2ibI/oCW2M16WQxj0tFR+ULmLbgdNhVcP0vrcmrp+6cdN6h5Wf1eepxZzFdoXvo/zmxOLHzkdih4z/7P7T/5/o0/O2SkybFSYW/NA1//n3u++j9/JfuFQsvy/3nouf0pOxzY8hHkMETbDjNK2rYEev6aWHpBSKjQTlA0jNkWyRRoIbAIJSUJuEJ1NYG/HDodWoIOAyk8QUJJZKhVUVX0khpwRGMKZkTjcoSyCVcmRQNkFWmuskIX5vqpL50METRaEwWtg4GpznZBWTGPRVEdjmDFMGfjjEFJlDWRWkyVnjLqO31pdORy3Vi0xUA1XHtiGEBej8KftfkGrBPmSSUhqDLx0ZFZBlEVMnX0xJa5dFonF/0kawoNP9eZPKBHJy1bOdSnJM+Vx3UQuu4RWDrxo75kzFPMD7kKfd2JkAw6b3BGduurIgwsFbh+XNID9Bzb5ocvmjH35EFfX/gjrG976if/89OWwm72fm3Z/d9/6K7vr9iP0tm2NQ/95DctoyPv7ktz3PPs4lNOPPn9V9/0ha8u/tzV58w44eTPr0iTMUTrA/9+8owvrSHDZTQv+EjZcwdgP3zrWp68+56f3H33wdd8vcc+f/KHv/Sjv3QRBEGQtxUoQCPIAaU8jIkGjHqAo8yAyzxIS7lxBYyyzOvnZ/VYi+iF+ilZxmKcORbXXoVUhZbKFNI72t56QwSexDjo/cReBOhyaBKF4arvF7LR/aB6+Aw3ST+PS83UQkmq7nup6GXSPRGTTFKVMhvtzfLyYNF6zznHnPK9VnJwGHh094yvvPLE8le+eAI5RBgrFXbPvO/p5c+svHUOQUaVg/v/C/L2RinR20PyvUaHNq2Kbq0k0WqmBHVUhiKfzYkg1LJv1NCxPrdi80P3RbSSCwI0vEKdulCZkGRVSgzYj8gAo5RokPZfUzToiCpSbk8j7wsQnRUxL1VsG0ENj1ICRrHRhih3QtRhMoqvNC9lXrJ47IqQ50rFObIZUQMa1kgeL4dhq+JbEYbakcTkDCw5hZTb5H6x29ERZWnnfheDRlddd91AIFehCvJh6AnbdiKTlGIqR6UnBAKhlXsV9QC1LM94Jq16e6He/MDFP5Opn3p852sbzWvVl95JyMceKH3ceN8H9rr3sdf9FJqVBy5uJIcEI2+Oc6u+cPX3d3z4no1/ffGVVavg5w/OIQ995uqHxkII7RjiwDR/Q/nW7aUmzZ/65TNPrPrxvx30L+6ap1aQpk89/Pt7Fl83b58rs/n7pxx7zj2b97TJb284ZtwNqwiCIMjBBgVoBDmY0P6vaMxmst/w8qv80eqPa8VjNsvnutLdbVQJghwozChXmTSDetDLGa9YNbzX2GbjX/5GDh67Ht1taj62hpNDh7FSYbfx2OY6gowyB/f/F+TtjVLWzu1KBcyIs3Jgfj4aT1UVvIJf8HTEsSoLxP2AjoYWZIUMQ5BlQQ41BsclP+K+jBN7rUtJAh6wuTT6cuTpXFFxErkxRy9S6ghB46pXwXlZ3KTy7fcacMRiQ1wOWDZlDVJXOkhddxGT9wm4gH6gAV3b8zzbHuTpNKEDqNWARap9G2G2YCHXMdljvncAJI5tnuqSQ4aRNsfPLX8sPfnyS84s7surz/7PTzSLNcueO3TcwA4EB6r52/u3bm814W5z8+Sx8MXNC1JbkyL7hY0vt+xli9aWVwmCIMhYAAVoBBldipE4uxnf6DxBFa9SUpz+29DScKz4UCo3WDaNOZwlE+z/Z+9f4KOq0nRhfO1LVSUBKoAmQktMn046fpQT7aj4JbQZCsTE2AThIyDnEFo0IEPQmQT5TQj8TkS+AxF/CJxpiS0ktkqYgxCGSzhgECGcOCT/jhinmY6fmeScjoktVhBIkUvt2rf/uuxdtatSVamCBEHXY6lV+7LWu9be2etdz37X80ru62wQAprVAW57MJ52+gKMMhRfhD6YZD6Ctiqy4nIN8vhKeKbTrO/VDO8z+vPMS3Vly+x3Jyehz7S8Is/axe69i+32sk+Nh3ZVFdhtm9FCzs59BTZ78SEA2t5eaLPbbfbyBu0YZ/O+4pkP49LuT3uksLLZu36wscxuLzrZdXpz7r33owPunb/x+CV4RktFITHAlpRXftq43tDZUrVWO/juh7OX7WnpxZsD1z7E4N4v9q6cn0aadm92YcVnTmNDcva09p4rnznNhg54wO4pPCB6P6tclq0XBc3uFHwadcrZtq/wEdLqh3OLfNZ/Opv3FNoewLseSMPWwk9BVbefwcOWE8KGsCzsPbd9/hO2u3MrhwTBeC/rzfUMvHzwggphdd3VYyuRVT4HO2oKbdkbT+NtQmddUZ521t1PGK/dEPjdwCe7PIWi++Tp7c3oBsvW7qIn8ssMvYoOyKtsbtu77AmfxjpObdTuYXjX7WsXhm2OoZ8DXsHgfy8UFLcCjKqaHZdYIHNABiqOcjYmA2SAynMx48YJLpfscjOSQvLyYf+C8Qx/RANaReHIjCQpbrcsiZASRi9aiTwGUP0ZaCwkFWgY02ldBut6kByALONhllVSl584MvkiyxIJgyZBxwpOTog1NTRK2isqreCshowWak2O117jI00MXwkOlvyjAcUy42q8stTYKtVQvsct8SOEPZajEHGdTUbZGvU+hIAcNDaEI03wJDnEdRGdbcmTCZlTZK7nrzKA9LPEKbeVJJcQ7GnZsNluK9irDTdyz/FXPUO5/9DmixAuhN+Bgd2DYarz+ht4ZPlCH1ki8B98MTEuHnT96SvD3qTV59s79udahrMTDRmL9/mE4vp0Ggg1uoGIRsmQcJwqn09GQG0Q990t+XTmyn0+/kDvF5XL9HNt8GIFMuHGhj/vfXV/2sxX6xy+kxhvvQ+kzdxc36vvNXYgGd/bhPZq3P8rz4RnyaflmocWdgPJpVx2pAfZTBwnaPPavX4HR+CkIRsMdmru2XBOYOA7Fjt4JXUAtG5eYjeW5tvkhZshRX2y2OughiqTgoKCYhRBCWgKijsSKFxa4VlVMfGyKPQxqgQobhXIVPTOkD1x1i2D8xZX9nuH61vra3dmXa8uzC06h51aWfi6u+s7t8/hgqPLcRXtnZS+/I2SRdMAiJ+x+o2S0jdKnrkfF3d6bVbOpsZ7fltxtr7p/O7VqR3lOU8Xn9ZcVuG77q7qIvvK/z3z/dqmC4c3Ptmzd9n8gsXPLXlLmrv/RNP5quUPflO5OG+7Fqkht25ZnFfSlLzh/brWxrr9v53SsDVv3h+6gtbua3DvmeKH8zY2xC1FTTtRtcHWUbY4a+UZp6chze++kLGh/cltx2DD3/vt3cf1wocCFbV4e1t6KWwULGp13EfLsvIqOryNOvhq1sx98cXvw4qqN83o8fYhnAL9YUnOto6sbbAJTecrFt3zbZcjaeEbr5fmT/YzeJhyQtowvIWn3l7ycOEx8OAz+dnJ0UMa6LmsN9Qz5Q1TtE5e/0DjsvnFB6+H0XUTsrNsXdUfHDVIOXbVvF/Xm549G07bOyqfyio8NXEpvCvQbfm4z7XzQUflzBmFFQ771uo6dOQ8UPuy/ak97dreAYej7cBzT8MbLPudmvoLhyvWJLVXFKbP9DQHHvBFec786vGrai6geww39sWCjOLGh9bXXoAF5oDjr2avPBnOVQh1BYP8vVBQ3CooCve9Q1Ek8jbaLwIaCUKrijnKAl+aym5RFsWAEcoAkc0sloGG1LOKPogKRv8QeYyQCRICAFKrkKJFBC6R2hgGhAhGH1ZfV0ReurMRvqlViZ5HeNpWhD4mEtIRtS5AUZpItAyJblhgdHS02TwkwzADJMkTAa1R8hwkqXu+Q0rUrMwot9HU7NqJYvubQsH72H9AT8uFf39GH0qudjkc2vfmzbnLTsVvgIfBx+wCAB+MJZ8FLM/jQlSdhyPm+2syfVwIA4K7ByGrg8/kvLKOjPfwyLLV9nnZs7pWRhD/AY1B8GH+aPAxKHXhS6ng9IasxTvr24Ym+gtlJxoyvvZVWDZ2mmd024nds/eWxPqMbuGPkiHRe7LQVrjXlbUDDmrQK8u9Dr2y0tNeq64fXJu7rPmRTdD+E9Vbc92HXs17eEO9ZuKlA8ueLb+YvgNerAuHSx9rKc8pPDBUnvlGhr/PNmYUfjR+VfUFeBvsXgT2F2ZsbvHu/erNeS81ppQdQ1264uGv/1CQ825XgA5E4/vRlYvnlnQkLMxblDk5PEvcDke3Q5AjaCC5lB9vy7VBz6EI3rp1h8ueEU5uzMn29mRkTlryMz52zk0G4TiBge/Y+MznS9/IswGQMOfFUk9pPkDVrZ4DndLURbhblmdO9CkzoBdNQUFBMUqgma8oIv6kUwAAEABJREFUKG4pQs+jyF41eNp5I+AUTVXHMMDNMpLs7mOjxwAy31MUYwjPnYKAbVZvM5KXVUwKK6uMygIuhgGittk/IdKNY6Sb6zh59I9xi957t3RODPqZv3nH102524/U75yRHfpES1LGnCShFlT22uxzchK0rV9Wlhzpmb2jZX+uFf2csvy9tISV9sLn3lz0zWsZ2jFTVh/ZvSYVsQdL33ur25ZXefru0gu7lyfCDSlrDu9w3pt/rObimvWpcBJ59NBA2vo9OwqnovNmF1W80WFbefBY2/OrUwLW7oPWXZuP9Wbt6KiYG4t+JhTuePg+MGPZ2u35zRszCXdxJXn9uar8SejrnJJ3d7alFZHC/YtqeXPDsfF/V3t+rQ3/tK/ffer+wrSVO+sKfpdNYpwE8NTJ2o3TOFzRtrcvteRVaH3Yuu/91vgVcGaOPP74GaXvFNdP391zT3pywAWewcsJbcPwFjo6k99r3DHHCsJCJD3Tm17eWrUoHndywWt1mZNzp28D4NHhu25ObjZ4+UDtpUUFuCLw5cGqL635r2YgjmBL+cUnPNcuLv+1uofG2Wdurnxl1hpfG4RDO8svTll9tpbcUSB/Q81jd+VO37quKrdGKxb0COlVn2+zk9tg/e6Mx9ZmLX69/NCzFQtitFJmv35wJ75jE0ljz3y+YHfTzlmo5xI3Vwsd6SW1dULOXMtN3AmW4e9YCooRBhwueAVwcCRCYc8ScF6OVsUBljeJsop4TCI6jIKcISPLcmjksow1C4MuEfLUCocyAeL0fvAgRPEyPAO/yegfDhLPiMjGKsySiqOcTQAnNEQZABlNKRmeoxhGaW3FkmHU1lwRFLZM3tjy0BL4QTkuGEJnK0R2A3jJXxUvDCL/BSRq2RPM7U1RiOtitAwa5AsRnAYe6pkFPpHLJGCZ5F8k8d66q8XB/0FqHp2BUgVruR4UTVIaZR0ktiF+WSfiSUQzz/Ow5zR5aNjrOHYcFs0LkIGWWBNKr8hy2C4ZZXOUoBMBf8iMNtZjvhruFKMGwbVvePU6J8aotyoJYThwdD5yWB9SNf+hpu6fZs31HeC6mpt7wK+XFqajR9/sDe/uH7P9f/VAxnDIk9DPhYhbuvNg7KVpxSXvrrhQZPM5MoR7EKq6Pzc0gZSSwjkpcbD0gp3vgrK9QrcAJvkNyH7+Q1zB5oPjr6atDDAGAfSo319/35bClW8XTH8LuUYFK9a/Mt+mKXKEsjM0/Ee3OUVViZJ95rbth5bAwSv8UTI0emprW+PzdhwpwUPYlEU7d3Y35O46+Gn57CxyQNdFUHq+dnkKsiEZDfFT4Ai78c38+vWwRa2NDbJt04vZuDuXvrcbFO0XOgUQ79udNzD8dbZc6AUZq1dkIM9wRumHb1u2NDs64YhMdn9pyf+0igzxWpfuO3hxxZrUACW1Ctl13/ydh3KN0JLwGkgg9MRtOlFbmIS+pyzZeD59ysyny0t2L8W3bsRO2pwch6+doUsIecc+np3i/gjsER6akT0nMVAzJ9nm5Iz7ugIcmpIxJ8fuafzwXjQFBQXFKIBGQFNQ3GKEFgGORBwYHcUj5UM4Z5RF457bjbcNE+oQgNsOLA4Sg/+wqmjo89tV0Tn+2YrW+vInpR5HD/nE3Q+d2/auzhsqre1cXSc3d/nTBprTmv3Sf0kQauuaPTXmPJXq8Vx/lZEJPfXf2L0u8eQpiaCrk6yXTS+9UF+zJtGp2+a8LzEZtLV/HYYloOPs8U6wII/4zZopc15YGu88etwTRjNtbtYk797MdFvgwjvOn+5J/s3jcboZ8CPc94tkcKres3jTkvPMNE+juLS/fdTTh0KvE4wf641xs3Bm0C8EU7QIWk5oG8KxcN5vw2WfI+sZsOAFwj5rSPntitk+BwQ1zJK1tMDaUvOJtjj64v881pm4tAA2Wf684RyYPSND8J7Vc0+yDXSePd3ta4Bcf+okSFm8MJXzM6DluDeFfULBc3bjbTAbCXTWNXjuSJC98AmrT2OBPXeGZ34ZlzgFzsEdl8BN3gkUFD8MiEQzpDtV13XkCyD6lGTB1UC4U5LDj+EAZ+ERravijLlAz6xLGFw4rqH0uIifFd0S1jGWcM5AuBcl2lWNswYisKGCoSLKqCAsgqGH+XqS+JF0fDj7oKJJQmM1ChF+ZFnTr2DwAZhaZrDl6Chv2cYobJ10Bgad6qCBz3pKYBx1zPglhJa1JIhanmBP+4ypDsl3TwppRUtkqO1BJ+NmweaKLjfcEBVthhuJsZBnh1XIJO8glr0GmLLXUjjyjNt5hUer2TjA3Eaej2XeMwYqyvZYmv609EF8yoNxoHbd4p11F7udghw3u6h8UyD6L5ALMXf/Vx3+7DMI7R6EqC7poVTQtnN50b7Gth6nwNkKNpcXPDqETQzkPyyo6Lj8SRBu15Iw57Xab/7Ucr56Y8Hk7op1uUkzSrWo7Rt2YwKNbqlr6y9/hV+dhj9KDoO4/Ir61tftLk85dydDGvdip3fN0+wXlqYYR9gXXloAuo5/ig9IeiCVay1btbGqqd3hFEDq0p2bl04LVz4ZS0PY/T6aJsaklL+JBcf+/sXtxy929Q6A+FlrdpZkex3F9EW5XhfF8uiDNtDd9V3gWjIKFySDG0ZEDXxiRUGS8dzlrzwNOs+dH96FI80I7aQN4wRGeMeGg3C8aAoKCopRAI2ApqC4dQifogyY7YcJ9APHHKFFsoDilgBPSNEM0u123wFv8JwtFWtXlZ3psUxKiMXPewESd78AN4av29tBysJf+kZGWGPHAWevh3INkFOFC+LOyz3HN+Uv29cOJiTEjyHWwjmPDYSDzvY2YMtP8t1otY4Hzmue5YOT4uPDLaq9LT+9wn+H15LEyXcHOTktb15c1fu7ji94fU6cReip2/JuqyX3lcwgRwctJ7QNN2VhIETQM0M6OcYa63NAcMO4jDm51qp397YtgXOklup/7kpZtRBNlrq7LkImYkO6behZflL2+MjUpIShBlx0uvTfaQ/6FQSnlAD8sa0LzCAnWmJj/GuK4oK1d0T7mYJieHjG+YjfYUKmU2IBz2Da2C3C12GSArllgDhUgwa0qiX6Q3wz5Ew5jpMBYpYh5xq4SpWBO91uyaKYIWWNKGmvqX7KHupQs7XQXgVJUbPGTZ6vhFJWFCDJRAeZEMosRxaIMYZjGQ/Fi9hvfZd6Ey98UYJEpC+tkOhpBQcgY4MRyY2ixYeWHayVRDoaJyPGGxmGHMswbkHgeM7Em2RJe1Etq6qkKhIDrxonM7Dv0cMOS5SgokyMpf/a1ShhoH+MwiOVa3CbILwnnmX2ptr3Yopf/aBw5lsoTV/iE6t///ryaUPotoAuRGCEcg9CVJdQ+H6NZdPmLVvyq1+FB1pT817/sCw73q/GgEPb8K20pqQv3ZS+dEPbrqdytz/35ly08OuG3ZiAo5vv3rBGyeHQ+0XlypfKT/dY4yeTobvXAVlm7/7kx2y+Hhpne2gqOPRVB4ooT1x+5EPLP/637SX5e0vgrglp+Zvf3pkVB8ICkoa457rfxgSiiWGZUd5YYV355t5l83ehn0nZG7a+Xvgr/Y4J00VBiJsUpjkBEUkDUx706ymQarOB2j//Byzm5p2H4Z3AyO/Y0AjHi6agoKAYBVACmoJidIGXoGprS3EeHgVoS00ZPOXBkxe/VDn6qlLVkBOPwWKBvkWj/ygovoaB8ziLfq4xcd+wWfUoIgKaCevhVygz0ohLZoz0tLP5d6vKziVv/eRcgZY3XDhUaFvZFexwwRVybnPPpARwptvhWSaJ4ey9DrgoEDkch9ct2ycUvNey9XFt1nFxm33m78M7OS4hHtSjSGofU5zXAIiOdOUgKip5eV3dmhty7qetWj3tg43LMo6Rn5b01UfK7BEnWA9tw81ZeOMI2MmyEL5hmYuXJu47VvPlmvW9R6udaZty8WQ7Lv4+OHOr6HgnCwxnADrS0QMtMEwIB5zwbYfF67y0tv0Fks6Gs7rhtAqkJkaug/FD9TPFTxgkEjZCaWX9XAbzzKpqhuP8gEvpQ8sCWAUR0CzyLHBmYwaRzQzHEaeCxTpfligL9BlUIPX3X0cKERpxSrIWAxSJjGQkgCQqkkREmRWcSJCD/xCdZnIwCvlFAsYs1v6Sib9BFDKg44OzGWrhwSTAGh7im2cZ6VPADZj2RRHFLM/h8GdUEgq6xrbp8hfexIOyIgFWRjUDn8c9CVaGJUAu27gdGk+yDpKAZ5bjFElWySDOsbKsB4BjwRAfRws5cCrjPzCrsItQSTgzNIezHaJuIYImsgSrEwR3zJgoJMshy+QA9GaAQ3HnsGtFRaPgIf+OioG9qJpiJFH97q/S3YlmWZW9rw/uEHBxczZUz9mAns9tzbtWvliesyHhG118wIOALkRADOMehKjOmlawraZgGxCcXW215fNeLcyZUOsfYR1waAuCix+WVvVkr3/J7qFELSmrX3l6+7LP/9wJMqIjdGO8LlbA0Q347A1rlBwGLW+uKj99/8YLnyzVfMCBY4sfLDYEaLcjqtlnyOtoawMpv5lCfsT+auk7NUvfgW+3ujtqtr5QUrgwvharcwwPC5KGCL47Pqv0cFYp9Ch6Oxq3lBSUPQvuafEKZ90yhN/ANtRTPtHW//GXVpDyFLxSI+A8DO8EhnvHRlLjCHnRFBQUFJGASnBQUIwuJEl0uYTBwcH+/gEIF4IwMDDY13fd7XZLKAJIvCmaGMcHuQUBUIw+PLnv4VsDnudv+yliV/NnPSDFPjvRk6697uAn+s5EtBKz4fNW7+GXGj9uC1Vc6uN2i/NoTZNhk9xae7ILZNkzQcT4U0s9AGlP6tM2ragwYcvItTqra32SfV+sO+bgsjOngciAimrfd9jQD0Bo/kNp0Qctw/9ROeuL5m9sm1fR2tzU2tjU+nnrN9VrpoUvhRGmDTdj4c2AdPL+emMtvSeOHgLhmQ0x9akFiV3V/7Ol4eRRIWcFUZ0GMRlPPgoOHTlmFCrprC0v2lrX6WcAPrLh8EfGpEC9n3x0GiQ8me7hl9trPm43ntR2/OhFkPbYg+CG2vtD9DMFxY0CiQlDnlkBrivXOHlA0VlQJmQMLWJZEfGqmEwmyIH6cd+YcYakLQPZUchEY1UMJUwvBb//Vg2KGaS+ABYAzAtjllmbiSCtZ/zCHhsgkxf2I5LNAvUQ5tAxSe7bEE3hQwk4mKvgRhIzwPLMFjOWh4Zct55NEbHPALLPKA7ah4XHFcmMWZYGv/srvHLcHaeg1lGZY7eXnMPfY6wpM0o35ALwl64hSh0BXYiWsqftM99q9TsylHsQvDrhTKnNnl+FBxKLNSF1SekrU0Fn95CscoH8h+Zt2bb5uy76Hwos3zZW73yr1qcxPd99C5lLa/QwbkzSQ1NBW4th+JAbG87p3wONbo6aQpu9+NDVSEbJ0Oi+0AB9wF/bPT4gHkB9cPxknbGW3lNHD8rWzEch0yqc3mC3LbI3O+EAABAASURBVNtLujN2iq1g7fIU0NX5LbhptFfk222b6tFXzhKbYt/68lwgd33XA24tImzguY+OG0ODoTt9ElimPYxI9pt3HoZ3AsO9Y8PFCHrRFBQUFJGAEtAUFKOL7x2Xrn3vcF690nulZ7D/+mBfv+Pbb51Xr7r6Bq5f7YVfBq73DTivq2g9rKzN3MLTPlYZSeHcKM4JHu7uRTlu0AdOrvAXiuHABoLfXr9TtEAnLFKJCejbHAnTHo0DXx6tauoRkPhG45bn1p32Wp2RlQMce0q2kL0ddUXP7WrzicWJT0wEbSeqj1/sclzFXnR6wYZUZ1VxQQU8RQbCpcaKF1/Y3m3btDY74phfAB5MswNQX/lhO0pHPtBeXfTC9kuWULUbwWUUvmwT9hXP39PoGICn9zTsKZj3+67UdaURR9Dgojp//8KymvZe3E0NewoXbz4LEm3DNkro/PNXV0HvyXX2Fa9u2bl9y7sHjje1Czfwxxfahpuw8KZAOvlI4byt9W1OAQjOtpOls9Z9HmsNz2wE2/IX0hz/vGrZfuecpz2B4XH5qxbFniqetw1fO1mAxf4/ayv/Ld42JLgHH/nZxpwNdV4D1tbFPrvxFW+AUtx37+cbb4Ocba2xv91QMAlEjJvt5yF3bOfenMezS85R+ppiVACZSl6FzKnbxbExjj+xwMQynKK6FBUorKyPVpo7QVZfad8ZFVgAE8WqKFUe2oP5UFkFblgaDptGsh7ALTKCyIgKEFFgNasqLJBYFMvLEmoVrdVSodOhqpIMnQ5WURlZgT4IOlhBYsY4AyG2Aa8DE5FENQ61hlbL8ACgSvB4xHYjeWkZKTErosSh5ZkknbI3oQVRaCbK0IhnZxnGm5mQBVoNjHHgRq+KAUN6gHwn/0DbkPIFrBqnYTQBloeHiBIyQJJxvYomD008AY7TophhITL64N5A1cuY1yblq4h756LVKGlAdLOiEsVKPCPCUhDXL/MKYqI5FNrNCYrJjbqU5SXVhPJJy6yZlThR7vw/MkoDqd5h4c9J2bnjuqrWFVZ3oGed0HGg+l8B+HlCgGdw+uqt6boLAY90wnF/VUXHuIW5/lITodyD4NVZ0rMznY0lRdsbcPGOpoMH20DilCFyDlzGKyUZmv+A7WirKVz8+/Z75s4dmuYu5YU1s7mWkudKj6NBCI8y214o+Swuf8Uz8cO4MQmzn0gAp7asrEF7oQNW8WJxjcUzfMYVrF2qjW54HHQ0bX92Q53w62fmTACRjJI6BKdBPhh90Cg25ZHMONB2rFrvkO3z1tX7LhuwRjUVzzKOsC8fE9JLX0F5hi2ZT6T1frpx2TbSSz0NB4+2gYTEyQGrD+mw+SP5NzPGOT5Yt6xG77fDjYBLuOdmxDRuxJKIGggslsZlC8ltIPS21RUtLDzUn7F1Fc6/ffNO2nBO4DB37OSERNB6sLruYndP70DACuLv+TkA/3qgoqnd0YPv5BH0oikoKCgiAZXgoKAYXbgFwWw2S5KbYzm3y2UyRcdERbNoMgMEwQ3nLLKEZi+i2x0VFWUeE40TzA9d8hkIDJnYoRW1kjDokV4E4I6Ln7nDoGLlE3AnYNq66p2d+UWarpwl5fmqk09vydHlIhZsrv63joLt+enb0a+EBa/X/vdz6cu8Z9tWb17+8ct7l82vBFNLL9QuT0Tp4OssxctL8tPLyCGJ2VtrdxTc0KrA+Lwdh79aOH9D9r0b8M9Z5ed3NE4vDFG7DxKfrzlvLp63Jd+2lbQmYc5rde8siVx4wVPUq9lJ60hRyfkVtTtnDD9xsKQuWj5rb3PbzJeyrW1/cQ5+Ub3y7Y3Cz1efPbEmNcI1jKFtuGELbxJ6JxdM34N/WzPW7Ht7/H/NKwvPbICW2S7KfLW0wbq0IMu70TKj/PMq67zifBtZqszFzV5b887zAa6dfmTh9A/JkdbU31adWWcUOcn479UZ1c/ptwE84PnqIxvSwM209wb7ecgd29PRdqk96pIz8CJrCoqbA6ORs/BltKhc+StRvyDZez1xw8YEeh63QiXCzpiyNZvMgjxIku2h7IUMiUEG0DNRZVZFDCvJrqfl3kNVaGkNVUZPE+gxyRjYS3THME+LqWQS9YtP1s4jJygkG6DC4mBhwhSThqCzdbv1tmL+mpTBIt4Z6Y14asdMt7fJDMmSqOldaFkNde+Kg+S7ivSgVRXSwjIRJ9G1nZGyCNIwYYhACtCyI2oZFw1ZOgwOF+bBVcUtu12QVZM5My+KoqfPGd0saCMksRHLjXQ8kPH4f6iL3Vcv87DbWdOd5sUlFH5QdemF4qJsWxH+bUldfnhzwNfScflV9eO3LF82nAsR0j0IXl2M/Z/2bxRWlc/P2EX2xGeVH3k5gCJz/LNVF6zl/3ltGP6Dde7+c5aiVeuWPX1A22IYF0K7MSkvV+5szS9al33vOjQ2TVv17v70Mt0BA+DRjZ/vn7KyyGd0+1wf3cIfJTWcLLad9NmwYHfHO7PSNlWXtz1XOj+jklheWLVv4ea8au9RU17Zvf5SWeH0h52eHjv/Oy3zsGXW62dfE5CX9Xu9lzZXBtHfGMZh80PiC/v2O5Y8twH3DITVVvj+6yPEe0ZgSSQNhDa/vdWxbv7TuneRmL3zREW+/prl5p200CUMc8dOXb7z+fPL/rlw5h9ASkn9+RVD7xPLgqLy2sLysvzsMjB3f/uO2SPqRVNQUFCED0ZV7ywvh4LiTsKVK1e+/vx/cBxnMpuQSKKsWMwxiH3GOeJRxAzKga4MDrr6+/shT22OiRo7dizLcmQqpKlDav+S9DgGEKZaZd1u2eUS7019gqR3V7XAoR+niNfQqORRLcpvuS6r8CoroqhzWXX2/IcqfMfzOPaKHbF4pfE/nwlGGoITxcJYrHGxlmB7LbETrZbwbxnBiTKGW6zx1pvmQAecjn7BMiYu9gbnHkIviuawxMbdvCkRFyWcLLz3ZWHn51X5nqimi9sfmb/r0RuXbgxtwwg2dgStAjdsmHC1p1cK694LeGTnntxHtiaTqVT4RYVj1w/UzxSRAY6wEydOBHcsoP2OK2j5u0EDOvyhBMksKwD6E4KpT5T/x38b930nkRUG+B02h7hkILMMx3MAOwY8Bo4gRsSrNCgKTpd4XbgObRCR2kZfv0sSVcnNSiLgeHWs1TJ2nDnaGmUZF22JgW/PTYBXkZy0Pt4hfQnVQPgGgqZbhf9RJDhcMii2WlJkSVJESdGkMRQiVUE4aw4HHUsoNBj+X0uSocsiqwz2kAAjwnZhkhorUDPa+iRgyGOIhEY4VsaDONHOQtkHJZkXOVFwSy5BEWH3sKIbGcFzPCqZZ7kojoW9BDuNQyLTsGzETTMMShuo4Bht3StQOIYhfWricfmsIihKv+vyd44x42PNFsvg4IDokl1O5S//0dM/CC4pAz2S3Kdyv7Cw06felfDzSaYonrOw8Dq6ASMPDPaNT4xes40xjcNL2QIj+ee3MT2ER/OwHIMwXYjQ7kHw6jSfZ3i/IpJHPamOt8ZPsNyAncEcMDDc4DUSQ9vwzQzpJeqnj8zwaoAs9F65HYbaYRtYvzK54CIhdoe5dW/eebj1TuCP1uG50z0ECorbHKmpqeCGQCOgKShGFygEBhKXEsua0TpOBc8ZkRogzr3OoVQ5XEwMmt5gneh+OD+KiYFTPbMn9w4mN4NPSnEOHFUV8QQPRdPgbDesEkgHwI9y/WFTFDJB8i7dMqsCVhSalUYTXZTwHs5HVbfbbbpDwpTgpCL+RvcGOyd+pGI6Y6zxNxX2Ap3mkTIl4qIudXdBQmD8GMOmpORfAtCLNNlvzJMPbcMINjYiDFvvDRpmmRDuvTfskeEXFU5tP1A/U/xEQWKAARpiIniXicOSWSADfqDPNHANJ/hTiMOA32DjAj3ENlaQAISWZVFmQviVh84Dz1ssFgESpQoe3BDDClC4sKy6BUmK4hE9jN0VnJAPr/5RCBnMoG9BDIbVwRGWYznkvMDqkLYYfkFOCFy8hEgl+suq6vlOcvqpJA4ap/iDu+GYjCzgyAatOnQWye9H1EXwTqKb4clACH9KkkwCveHYDal5LJetSVqjIABRxgIaqMdgDXgfUGVgQmy4lj4a0daKTFSkYa04wlzVzNDfPatacghUo+Bywbpgl0q4OShTIpbvgJQ79NJk1K+wBlQm1vLCQtiQ60Z1cbzLyV677o4fawJ3JsIfzcN0IUIXGHxv2F5NJI/6EMbcqJ2aESEHr5EY2oZvZsgeG7UBkbtNhtpIzBjm1r35Ft16J5A6PBQUFLcUlICmoBhdDLoGUaJBpLOocjzHKgya9ygsowsY8jycA0IOOgZuGHC7IWE9OOhCC2PNNPaOguK2RmLWMylby//hxYSokqUPTgDg6p8rt245Hbdo/xP0j5eCgmKUgShlRPHKzt4xQr8EbgieNVY+m7CahKKKbkWSFEXLQ4jVN4wCH8GhEDo7YGY/LIqh4hfADGHGMYfr2U9UlRUtHpoJJyqcpD30ky/zGEBitE28CfHgol4NbA8kxCX4O0DQI1qdph1jNJ0kSFQ8qQWNgEw9JMkhzQ3ZZw76eth4uJGk20HL1VB2SPQRZQl6erLf+iroDbr72f5+SFKb6NpUCgoKCgoKih8jKAFNQTHKULko8xiGZQYGhOioaJMZzlIkuJHkypFURRNUZBlTlCUaMKLbLbvdEsuZORPLmzWRQSZYgnYCnNCHiDNqgVQqmVN5oowVfRUqCB56fIuheoK+bmOQgGivqQxaKYv1GmWGFRkFJTgaQVUQijsMictP1lj+8b9tX/y0pjgZ+6tF7x3eOJumcLk1iImPnxJPyX6KnyZExjxGcl03mWIHrwCZiCYPL6znm5lQheQyInxVTpMzVqGHgFIZSxLDiRxkn1nIq4oyys4nA6R6gXWdsXqYFrlsXAjEciyhgIlSsqwlHdTAyHDkRFkHGZR3EIVrSzL0fTjkFOGYadIE0gqW5XAMMiKsGawYjUOvGRLTjeSZFVVSJGgSx6DoaKIqTWSeUTgzy5KQahS8LKExWsaLxBQ4dKtuHEIN6+JUVUbhADhomjhRjN5FaKMu9kw0RDxh0UQeDSlwKEioA/7ECRCBSYElMpKZk+GpqoTqRmIoAsspQIXuHivJMvQb3KpZEc2qG4d6o+6GzLiFZXtZQXG5uxn1lzSTBwXF7QTLPVMSeqlfR0FBQTESoAQ0BcXoAs5MBl0uOMuIio52CS446eF5Hulq4L2qjCaRRJaR5bgoi5ms5ZQk0TU4aInhEbkZFlmskqmXPhc0rLodeqhnASlFeDDM6knIEiGjDZmOKH6qiP3V0ndqlr4DKH4AJC6pal0CKCh+msARwirK8dffa0y8NzwDrX8luSigyyEIbo4zAa+CsorVwhBlK4mQ5pW1BH1DBztdAxrLd+BMg1pyQQUEtETP4AeQhIaCaWVEgmMlMdUTDa0yRGjaE/7MDBUngRXhSiGtrTAsErEjS57BAAAQAElEQVQgqQaRXjThx3VvSK+TRSrULIuTBcqQMEYsM6OJRCMfDHLWqsp53Cdv4kCtOk9CQU+yQhW9j1aRggZ+XS3DvpJl0xiLRpyjAHVUKepkoBC+GR4vqSQEHAlxwIkYVvJAAtSMIsrXvkfK3vSlNgXFbYSMTfX1gIKCgoJiJEB9HAqK0UV0dPTEiRPhrObLL790C+6+69cFQZD0Ra2yDL8iGUIk5YhmWGhyBKlnSZIH0X9FbaqoGj4Uo4mA4WOBNtIrQUFBQUExosCsZXjjC8MpaPUTD99q911h9BeixjMNXkPgAqELQiKO9YwIPmfDvQpSw0AMNc5m4fN6GxuKqF0cpkzWdLFYBllB1DDKFMgxgTU4NJO0hVlIZFoxctsoXcYQjQtSPlGy1u3QFnMhKhcbg8OQse4y5I4VBRgIY0BeJCs4gBvnf0bJGBUF5XNArDlRGGFUr8tFzAzYb9pG7TRPTkLI47vdWD8N5fBAUtS4Y2FzeNgc+J1BqRThfyUVHQkbzunLpzhGJgrX/OUrDApMCFIvzRtPQUFBQUFBcSeDRkBTUIwuBgb6BcEVFRX9wAMPfP3113D+MCUmxi0IQDWznAp4Ds5KIA1N4n7MPGfiTWaLGW6Kio6GVDWcuWjLSnWwIIiuovb/4eOfwA+dfjAgfvCchARhCoPg1bg08pmCgoKCYsRAMvIxIKxFSoiAZjhOFDinA77LRsIWxqKQLjIsTuEYHq25Uo2F4phlVmONTSYzy7o8+QAJjauI8CU5A/lnt1s0iRyvmCFPzOGd0D4iSYGIZo4loSw4USHxVrC8mBxAkhrHOOOQZFwZZJnxy3hE0UKqG8uRaVQ44rJx+kFv1kFFI4UZnA6R4zR1LLKXyEazOKgZFs7xPKNzu4oWhqzIkoxClmXZxHJYPcurSwZ0NRKVVZGylooVsGXA+VLoqp42UQvHRuIgqBtRcmkUi61Koki6FLaKVbXkhJB9NplMCjOIBKBZJMAm40yIKAGioilEA0VAem08y/z1EhfMhVO124OCgoKCgoKC4g4FjYCmoBhdjBtnlUTJ7XYPDAwk/eIXUVFRf/3rX92im8TOSHAf/FeUSCp2OLmAEyc4VyERQnByEnAWR/GDI8B6YAoKCgoKilsFFgf9spIErl8hWfjCBBI9hmC1XBQk3NgjDO2BQoKTFT3SF/8Y8SBcFbPAYb5pZnFk8U0OvypWiMaNkj0UNtbfUFjmxqdFsCiSgRB1KcuRMkmWabPFTCKgYWWSosoAKW8rmM4m5zJAIuIj0qVLLF1fRUFBQUFBQfEjBY2ApqAYXTgcDqvV2tfXN3bsWMgyw+9wygd/RkVFAxzOzCINR1kV4VdZ4gHDo3gkE8uIigz/pygiWkjKklzxfn+wEg4lgvMoWKQZySEyHNDjdUikzG0Y6XxnwS8JocLwMiPBWT/H8So7RpX64KVBOpKUjqagoKCguIWQWEYGJovcC77/XjTLJsxhMoyWTw8n3kPp+SBPzeD8fZ6lVNBnACqvqG7M58LdclS0ue/6IAsPR0HEIl7fA4lQFsi8JJvcEmeWWLPCsArhTDVNC2DUp9Kip1kSH022GZIQekKVFVWSce49hpVVTlaBjF7oIlVmFdUIyVt8LIcpdRQLTrIOAkbE4caELfdmucAEucIDHpaMOF6iBELCqDkOS3ZAR8iNRJhZleVkJOwsI8MYLLssSiIpijhLHBzbJUgbAx6ex2BBad2HQnkEkdQHWoOmyngrw5JAZobFvpkgSrDbx0VBL44RZRmlmGZ4npVk0WRW4KE88uZUkwIERh2UObeCpNhYEbBmN2yJBBSJ5aMu95jc112WWHK1GJrimIKCgoKCguJHBOrZUFCMLlwu17Vr16IsFkkS3aJbQqLPEs9xly9fFt1urAGNQ2FweJF2DsPIcM5nNsEdIo6VxpqQQ4JidF1DkoFdy0ikJe2hfOhIwrBymcyEUQ/jlE20pykoKCgofjAo164C2Q1YlkgWa+ntFJ94Zu21tDfe1iP6jLPnwXfXrO5P+JTNYBVoxVMkkYQ2SiOjzTL2YchGv/MZj2SHangdjhQuEG/rKUSSkXQGYooVkoqQeDWIfNZLRAHbSJJDC8Y2VmHiTVqxepNUT2A1jtrW5KoNBgYT2tJt0OK+sWOGukATe5b1MHBPQwyuGdxltlg4E491RgDP8SzWCYH/NZl49K5atwAS224RrX4jTD2Dlrsh1WxFhX0iCle/p1rPFBQUFBQUFD9KUAKagmJ0ER0dJYpiX1+fxRKFlBYZNioqauy4cRwSScT0s0zmdzgtOp51wIkWnKvAXSgWSQ2QWcgIFqXN0daNhiUbSREJSP8PnazC3xyvZ0m6yV5XaUZDCgoKCgoD1OEzznEqWgDFfX+ZUd0MMOnn+SQy8IQKY1dBBdrrbBRp7MkuAfexHKfv0QohA5NMlIr1bHskYTIgr7pxADTO+cexQQJ1SeJAFkcKe8KisdoY4q2J/wO/wsGUwfkFieAH0Ghm3TnCpsiE5ya+ksEvIsIXGvlO/qfnRVQJheypV9UTJwbpb1IcttSbXZBFzDdHHDSse40+htO8L/yhtVjZQ7cNR0Cj9WwsazKbIMevYOpZRkupAKSfiSY16W14AZDENgtkVla+vwyMceX6h7oJFBQUFBQUFHc6KAFNQTG6QCtcOQ5OWVwuF89xLkGAlDScL8WMGeMaHCQKi3q8kgonJADP2eC8BU5PTCae5LwxJH73h7aSlGOHZo2/BWAYLYtRQEREiKv6FFfRRCe9yoxGgJFGMOONVgUgoFWV59HVYQBzU7y/CnxmyBQUFBQUP20QjnXYjHOIfYavn7/7llEEVdbGLEaHfpT2HetFM4TSBVo+QIYoPBBJaEDif1Xd34BOCF6whU+RVd3ZwDLQAPPFDFma5cfqkmHR+BNJZzCYiMbv1Ik9RBwZKVGzmpAFtoQlTSeLuvB/ddEP/U0tUYAm6QTRLgaQsZjwz0zwFWAeAtnTMx5jABa81t0t3C5F9eiV6HRwADcA1cei7B3wC2yLbEjaoeoOEmyi2WyGdhP2WVSBqAAcSw37V9Z5f7yCjVVFxgW+7yE1qlhLzfOhFDQFBQUFBQXFnQ5KQFNQjC44zGbC2ZUgCHD2Y+J5yDIjSlqWe51OEi+jxxZpEyM4Z4ETKlF04ymWEnrWQYKdTCYToLiFYPCkF9z+EJyOnh7DxymEfWrbkfKinfWOMI+We5r3bS/aULr9XA+4HfDlgaINu04Ht0XoaT19su74ybrTF3vC75PbAK3Vt08njwp+9A2koBgZEKpV/r6HQ8Rm4DfQJJZX9c0GQTQuABapIK+K4RePF6GTnzgTsizjRMnoXxAGIFGK4p31V6oqlqwYmt6Q/CZsuIyWgslAT0Woy2Yo2mtsnCVxaNZBxBQbXnJ7DkWkrZY6cdjXuiPG5/Im5NdBQKIZftdM0t/OI44atoHnoUEqDoJGTLSsIHJf8hDWkPZGC9lYXpWoBEcA9Jx+q7Tow1bwI4SzYU9p2Yetd5QfcsfAcW5X0YYDF8EI4nZwUX7Efw4UFBQ/flACmoJilKGn0Onv7+vvH5g0aUpfn0uW4PyCjYkep8iA50wqnDGpbsCIZGknnLBwHA9nMm63W19jinQ5/EtW4RYeyQYCycSNC8eW0YsjHkHcQPT0LYTKKTyH5pGKWx0TkfoGjmJS/D6jHvv8r6/aMtINn7R7H8guOhWO69x+fHdl9VuVYR0LhENF6Tmb9v7bVXC74NvG6g8/ahsIuM/ZsDn73ozcxWXl/7h53eL56fcurmyTwR0CR8OHB2raXOBHix99AykoRgYoItndZ+p1KJKZYXz4KwYJdKAPJINZWSXyw5DaZTRWF3CQDuUklZdFk6yYVSYKMIh/ljhMkCJZZiBInCrx0SowwVHPDCycwjESy8pIsZiRFCDKjOzLk+IgZFmRDW/NGaO/AalmErmsaUBjVRAUa4zEN1RRRGwsfD2vYvYZ600TvWhUnMd1QdLJmsK1t3aFBE0TvwFHJXM853F44JCNPrA38MdjHjFA0fhuDjPl2j6iPWJsCAiUiUOB7eVZtyybVJQlmotmOU5hOfhbEiGrz8oSI8PfwCzyvMijjNPQE0AR0FfgZekzc27Y8D4JKGZRNitoLVusW5WcVygBPQSutroD1c3hvhC/kyA0Vm07ULH1wJ8AxchjsO2j6g8bvwMjiNvBRfnx/jlQUFD8BEAJaAqK0QWJy8ErTfnvv/9eEAS4JSoqCs4vIL8sSfKga1DCGXiGBuzgVbBs6DAdNF9SVJ6nEdC3DkR2A15VEBl0kUnD55bAtumTjsvt+POnpsPPm6sLc0s+G/as5DU1dec/qcqPA2GgseEUiF+x72xF+ZoZYZ3wA0I48+riPzhmv950ubm+9dOWb06sSW0p/8+/++nEknRV5CZN39Pls62zcnpybkUnoIgUp9cm3b22HlBQ3HIg4tbtYiQ3UhUeSlkOHWN88hKiH8g94bRIXSQTgaUuSAJDxKQqJO8gDlKWpeHDiplhthvfLvtQu1iN2mTi4Yt2D+cra2JcitFyj+gXGNpYA5RAYdfAm7mZCbZL1QlpnuMhPBURaY6hgdgE0GzBLTBYV0TTO8HK2owhhjsaen2KZif8j6QC9F5ARXofSJsDvSPA+zhG7bsGqCrXTweW7Hc+hb7WxmngtgYd6e4YnCm+O7n4NKCgoKC4TUEJaAqK0QXO486QtaJwYiNJ0uDgIJzjwMmeKIpaBJDqUT32md4QccBhhCCx9CH3AwU1/whECW+sCZ45sJb3KHDRPh815N5bxEnHxGWu3bpmSk/V4fowDk5OSbSA8DAog/GxYYXh/+Bo+OSYMGXphjyNKLekLH/pCdD52b//ZIJJOv7ty6Hb/twGKG4AXW1fAQqK0YImQBx4YFA4wLoGGHkQMDKj+vsAOCLYUBIpxShnrMksM4QURhIcjJafEIly4PSAWP8ZZwskWtDEUVGNos9a5r9wRlJGV6hWgY+zo3qUpFXyJl5TZyZK0L79oeUVZAxlevL0aeohqiF5gzc5oZY20cNBe61WgTFvo+aRkazQqtZcltWCtX2M0TXQsIqIRCSt9SBsoHHtRC2bYaNjoo0nC7LicotuUWEUjlVYRESzWKSbY3ktAvoWvqSm+EFhiUtOmQBub9CR7o5BZ0c7oKCgoLiNQQloCorRBZq54bkMmYvAuUp/fz/cLghowSyWbzbjuRY6mExdFEWbesGZn9st4oQ8IGhwEZ7fyEpk8TIjKMShBMeI0NN+ZYKRhl/yw/DPAjhBEMkNFOQYH7kNv73KUD0OdWR6bDiMGw+JYn25ttBZV5SXdndyEvo8UVjxmdNzXMNmu61gLwmK7dxXYMurvHi1vkw72GYrrGwmx35abrMXHwKg7e2FNrvdtrlRO/9SXdkyu1bytLyik12eJeKktDahvXpt7r33J608QzY7m/cVz3wYH39/2iOwq4+OdAAAEABJREFUfKOgh+xs3lP4iL535qt1ncYV50LX8Vfzkh7Aex/OXranpTd4+2dv7rhcvybVu6Hjq68gDf3LeBAGnC0VhXZvd32hdxfqhNLjV9urCrNhi+Dee+dvPH7J50z/1jkNvfH09mZUsnbu3U/klw0jfSI4Tm30lDZz7d5mp8/u3i/2rpyvXdZ7s72XFdVlvFj28gbQVVVgt5XUAdC6eYnd5wrKPcc359tIrz7g2+e4vYc668tILfiKOGRYb+WyJ2za8Zvre4MLmwSzMNIjffoB24DRWGa3L97nE+VtuJ9Rk3P2tAptB3DJWqxQiL+FwECdsHAzZO5PFuPOLKjqBg1bs23L9npCyR1HCuGuolOejuuqWmZ/ZFO9EGEnUPw0oaUiDDIsyAzDuQZUqV9RJaB4TtEGX6I+TDYSUhUrMsuEWSVcMHntrSchVE28iQyCKGEgSlCBZJpVD+2L9ZplUrpOxeLEfoQRHl6QStYLwGLIqHCco49T8S4irEE4W+g44VyIegS07gnAjSjjMot5Xv2VPbJA1qWjSdC0qrVa0ZtNxlaNHcacu6oN3+gEFOVtVA6BPpWEpamRDIiBnNabqA3YOiOPfDaAGHxPLmjG62KpxMEbM2YM3OBhsCWVcaGYckYRVUaEZ3OAU+FZipmP6ruqIpUSMNpwfAifThtPe57SX2yfbkcPRs8BpzfZPU+z0I9Hx6ny+eTJn2xLyjOMfWRkdDpP70RDif/KG/igzrbP/8CzsefQy3Z0vEc7q3PvfHt2yTnvYB9iiAluofbA7z1XPnMaOdce2kkI/WQOuhc11u77QYMC7ufC6ku+dXwGezu/qlMzTx92hzfVOOR5Kir71L8JeKyH47sB3XsXe45EphYeutRjcJxyV+4L0ieBRrpwOkqH0LA1Fzk5vv6Ao6bQlr3xtBC6nBsZyoPDefrVbFteqXZ/BvEqh7teWqNuzAfT2h7h30vvZ5XLstMMxwcTDEfdlfM2/BOuW4lvDG/XBXfIKSgoKG4xKAFNQTG6cGMIbrfLJZBpD8pGqChwohITE4NXenJ+tCNZi0omhwGknykobgbOlv/VBhKnYLq1o/KprMJTE5fuP9HUWl+78/GOssVZK89ojrJwtcvh0H3UAYfji8p5uevaHt9xvrH+7O+WJp4rz3muEnnjyc+8UbJoGgDxM1a/UVL6xtxkUvLMGYUVDvvW6jpU8jxQ+7L9qT3thtKOrlw8t6QjYWHeoszJyKzTa7NyNjXe89uq841N599fk9lRnvN08WnNFufpkqycnR2Z62svwL27l97zSeEjHuFmub1isX3Z/uu566uRbZuzXe8vmfe74WJAZKG3p8fRVr/lxRe2X0rb9FwaGB491YV5ZR0Z7+Hu2mr7vOxZfZbidji6P/qHpxdWxRV89EnT+erSJ3v2LptfelqfSF/cuRC2LnFV9Xls/30teu+R3mg78NzTS96Sst+pqb9wuGJNUntFYfrMP3QFs+PaieKM4saHXoGl1R0ue0Y4uTEn21tX75nih/M2NsQtfe9wfeuJqg0272WdlL7c52KVPHM/iM98vvSNPBsACXNeLPVeQdireenL/rkni/Tqa4uiThn6HLX3wMqsdRdn4PuhzP7d/sKMFwvmLal05VZAq/avePjrPxTMCiJs4rEQ3Xgnqjc96nPjBTxyaFsQPtuYUfjR+FXV+K5YBKANm1vwDuG77q6vfRXAjfez4OhqPlby1PzytslP5T+bcQ8Y5m8hMNCdv3oOvHtTF+HOXJ45ETz2YJLj08bPtKqFhlN1ju6u6iN1WsU9jcc/7fplWoZl2KZRUAwHBZKorkEguWREQN/4Uh4kEIZgio6Ohr/8XoNq4cCYokXccYi3pOGaoCJtMUwEk9hhBZO/KJQYfseELgklxi/jw3KBwkkdoaU3HCarM2G65dAN0phuPaYca1tjjQ4sIaKlTWQ8wdZaN0MC2vPeHx7kEiVRhJdO5RQUjo3/A68pxw844Q54eDic/s0g/sHk6O76P+oP6Yunj7V1dzXv+0jP2Nby8ZEu8DePJIJhHo+9JwtthXtdWTvO1jddOLwx97ph7EMjReObz2UtrgWZ8xblpUT5mvDwQyldDU0t2uNxoPHgyS44slR/om1wNNU1dCc9Nk1fifXVm/NeakwpO9aqDzE57+qjZGhnBj7w330hY0P7k9uOwb3v/fbu41vz5gUZYUMPT6Ge22hEKNU/a/J/7nB8CywWEJ/7zGPf1u3YbxwNnYfe3dU2KTs3UTPPcVUIx1ThXKlnyLtQs+YxocsRk7H+tYqXhup3QL+i2+FDMsrC191d37m91+W/5s1Y1vw366vqYDO35roPvZr38Ib6ALxkoJEORDCEWTLnzoxu27XrlKFsubXy7bre9OzZltDlRD6UBwVyMhfXjHtpa/mcSSCEVzns9QI34YOByP9eUGmLyxumaKWtf6Bx2fzig9cDtjF5YUnpKzMSALAtwffh6nTN1Q/lkFNQUFDcWvCAgoJiNNHf1yfiOBoOKyq6JPUXKSmK6DZxgFVFOM8SBDjtYCSJiQImPNdDiz3J7EZWBDgxxNodeGbjS0YrcBM6XBYYk2CKDUcrYTQiiENAX0IbGfyMZG/LlIlk0q4wnEwUVvDLPBZIAQ7FKt3DFohCoYim58jDfQ0yrTHo27WOjype3Xh64tz9L9gQnbql/OITOzoq5sainXH5r9U9NM4+c3PlK7PWpAQop+fBl5v2P4uVK3JK9/e3J607eKhj+Zok25wcRy2o7LXZ5+Qk4COFQzvLL05ZfbZ2TSoOCMvfUPPYXbnTt66ryq0pmERKaxWy6775u2St7C8rS470zN7Rsj/Xim1ZuvNg7KVpxSXvrrhQZANf7Fp5JGrN4br1JG55xpr9J5IXTyvecmrpezkWx+HysotxBfvrtj6K9+as2f/rB1baCy8CW6he6d6b80Q51p1Izv/djvxEEAb+3NAEUkoK56TATogr2PkuKNsrdAtgEvnjc4KcmvNlmMiesvy9t3pseZUHPy2fnQV/w3m1MG3tu++tsGn2l7Xf+zLpPa1vhfSqz7fZ8YVIWL874zE4U3q9/NCzFQtiAtjhaAWbTtQV4nNTlmw8nz5l5tPlJbuXor4Crbs2H+vN8lzWhMIdD98HZixbuz2/eWNmUsacJMH3YoH4x7NT3B+BPcJDM7Ln6P0gnNpedjHB2+d5pSfTrNOzy/9h/zMnl2jqJYkr3j1chFu0ZMf73S05e+qFkvr9K1CxKUVV711Nm3/ko4tFtlR/8/0sjCvYfHD81bSVAW68kG3hQGfLhV6QsXpFBrJ6RumHb1u2NDsgrR/WxfwS5Na1ePo/wr8FjEnwzh/3dQU4NCVjTo5d2zjjqdmg+FQTWDALzrEbT31iLXjpmeq3zzbIc2fDv4WWxgaQ/c4TlmGbRkExHFRGlSx93zISKzFmixwl8n0+uwGWdJAVwCisngyZlQF+tS2rSM6YyEMAiWPcZkaJgR6HyJo5IDE4vBclMoRM7ICoWiR2jCBzImJn4SgHOVJUOYdS+gEVHccGeVOOCFnM+cKaVAUFGis4PJnF3C7O8gc8wdScjHIPspJiMnG8Cp0iGfLiDHJ10OCqaV7BQpBoBYtyGKI8DNqIqetKEw0OpKQ81BgU1a0yeEGZl1gm2RqREwZwETL8xisyK0kqj6IDeFXhAGHhZaSixhj8E/jbpABWEBmOk0wmldGkopHPhgK0ORTnrcIeR5/xlkGzCQzKZgHlIFQHVLlXFkUB+m8KsAgcZJ4lHloIO9/NKWO+/9Y1/i4zI3HCOIVzidzoeG5Tn1owZdfxpq71qfCh3dVwrivzpdXgrbMNnWtS4TO043yDMyE/e1hXoae2tjU+b8eRkmw0EE5ZtHNnd0PuLn3sA0i94ecVHTuyYwNYYJmTlQ3W6o/HprOnrUvXzDu6/VwjyLXD3X9sagRZO+Z4BsEvLfmfVhEXYnZRxRsdtpX7Dl5csSY1nAf4leT156ry8blzSt7d2ZZWdPBY2/OrhzzeQw9PIZ/baETQvA5IGv7Dp9YFu3fgLBrZBYut8z840PCy/mz/snLLKbh3UeB1V0FNFY5/eADWvn8FeoUJ3aT3Xvv87sIuYLPFhyuWZoTTEVd6vmZ5CjIpueC1uswp0Enb+GZ+/fqpvgcGHOkiGsKmLi18dFfJ+wccOUtJk4VTb23vtG16N2MEhkKfoTxoYxs2LVxcG7fpRA1xnEJ6lcNfrxv3wbhI/15a3txwrDe9vLWK1J6ArtTk3OnbAHh0aDPjUnOyrd1vgdqEv83Jnq1tDMchp6CgoLh1oMGVFBSji77+vsHBAbfb3dfX19/fbzKbLBaLKIlYMZAV3G6T2Ww2mdBUhyMZbzxqhCqJ1wnBwHokCM2WKEDxwyMwfRym1LM2cx55tG9fnG7LQJ/p+RsbkjaePLFjNqR55c8bzoHZMzIESE/rn3uSbaDz7OnugOVkLJjlTTAYOy0jBbR/FTBtnVx/6iRIWbww1TB5SPntitmg5fg5j7JERuGCZM/etnN1ndzc5U9bvSdY5+7/qgN786Ctqb43KTtzktdOh5DwYBI4/ilatfrHf60HU5cXGn1xa/ZL/yUBhEbi8vM4K+PZ1x9uKLKnaZGzAVfRepYxJj2UCtp2Li/a19jW4xQ4W8Hm8oJHPTM/a97ThjDqX2VkAnCxk5yYsamu/uQLSb26/b1xyb69l1DwnN0wP7fOXrU0Ra5raA5i/BMrCozTraTlrzwNOj85j8rrOHu8EyzIm2ssbc4LS+OdR4+3gPDx8ak6MDV/SapvLVmg+eRZXSw7YUG2l+KfNg22PTlvlrfb75syBXR3Bcg+H8jCBRUdlz8ZQvUO15ZJKX8TC479/Yvbj1/s6h0A8bPW7CzJDot9hkhfmu/pw4j/FoIjJmNOOrwzsX3njh4C9idffiZ/zLGD59CG5qZ6kG7PjAnjMoW6DykoECD7Kzp7SfpBlRmid6P6/I8Av+lETKxnH/I8TDz0TExmHvoiLGd8a4wpWVkVJUUS8Utxr0wFI+syySA4dAkMxWgVLB9R0lrYsv9baqKt4fce2i8mG2CNC471jxEmYcbBUmKwwRIYepoKgu1hhvzE+tnYAYM2oKVs2IfzNVQ7EfHeuL1R0RbPfni1YK8KgiSLMjPEJxi49A1kriGLHSi55AjC9uQsa9u5RvRI76yr/tL25PylC9Jbq0+h54zjs8Y2q/3J1GEfj3H5FfWtr9tdnr13J6d6xz4Ia/6SgOwzggU+D+X6j/FD7/SJY2CWff3Tz1hqj2JhkBZYb+aMDC+5mr4o18uXWR590KYNMeE8wKfNzfKea81Mt4G29q+HGhR6eApzeL10YNmqY+P/7t13ZmkuTeYLq1Oce6v0EOCG/Xs7E5e+MisIbRzUVOegE7bb4j0NRZH1Om9UTGH2C0tTjE7aCy8tAF0fN4U3ykTmacTlvzjX8llVpZZ/oqf6/bn/6twAABAASURBVDqQ81JB4kh4LMahPDCc/2vbkvn7zJtO1BbqR4b2Koe/Xjfug0X499Jx/nQPWPCCz7sK7E6HjbAccgoKCopbBxoBTUExuhjoH4DzlOioKOg0jhs3Lioqqrf32rixY//a1TkmOopj2IGBgTFjxpDZC9YlBB49aFlWTCY8XwoeSkyy9FgsZnBbwjg7ZUYlvPeWgmRGAmC4hEuaACX5OvpSjsPAtumT2sJENCmaP6P06188Mo2ku+nuugi98A3pQ+KEbSCwdG/cpDgQFnDJqUm+FHCMFbrUF52ugKV93d4OUhb+Mki0C9rb0T4/oxIMsRSArq/bAbg/2Y92tIaZETEmLjWv/KTwH7ZX36x+sRoFK6HVpg/7HRWbQpz/hML3ayybNm/Zkl/9KpwHWlPzXv+wLDteM3tKYvD+cZzaOK94bxuwxsfhmYXUC+f8BnY37UG/y5D0ANz7x7YuMCMAk57yoM1v5ppqs4HaP/8H5NU729uAzX8+ZrWOB85rEag7BOxVSyxkTrucg9rPceOtfmeZo8LxKQJaGP6RhrZYZpQ3VlhXvrl32fxd6GdS9oatrxf+ygrCwaR474wu4r+FEIjLykkr2nP2Ylma69N6kLtjNpcGZoHnICU9y/LxGWfKkoz4MJoW8j6koEDg4TjUexUJErOqyIma4gPwYWXJD1XXSyZKx1jXQhuY8GoewHISy6m8iYmKMg/09RtrgVSwLCJRYvjhcQQwpJVhAUT5GLonPpl4fQd5osJMkgGS7IKe7XqqP9WjH00Eqcl2yIkruqy1kQD2eBEooFv/jmK98SGKrv4MUHS2yqj+LochUFrbhzwuvRBcj3e73ixNZ8OvXbg0bbskSWYTz/hT21qmRxWoZMlUdHS0+n0f2SgBxq0AtygrEmAlFq1/001En7/+H1aVVGCSWWVU/aZpWc9YPqhvGFiU2VTfNvWZ38AxbIatCFLSK+IbzjWCWcuRtMNwj8feLypXvlR+uscaP5nwZmh0M7xNDDUygriZcx4tfbO+deujwsdnwIJtdpAG5oBiSEnPtpytddpeSjecbHxoGxHOAzzYuX4IPTyFM7zK7RWrShtspeeLDeZA+jKnfCUJAb50YPt+57SypcHX1gQzNS4rNwOUvbX9RfuaqRYw0Lr9d8fA1NLfTAE3hOTH/PwIzvbQVHDozx3Q1Rn+7Ag9DcusFasTc3ftb1z/Wgb4bNeWz6wF1TgE+OY9luGv7J9rjvSAlDWzf+7dFNKrHP563YwPFtnfS8DSsDsdLsJyyCkoKChuHSgBTUExurh67dqE8ePhrC/GMmbq1Km9vb0TJ4zv670midJ16Xr8z+51uQbhJIbnTXrCdIDzrQNIScNJDo/CorU06sGqwFFE7A9Ocw7FUJb2TuegCQFN5LmDRqargKQc9OZpuk0wadH6Jdtz9rx16MWKBZCji4u/D3qlFR3vZIERBi7Z0dMDv3k3Djh74SQkyJhzz6QEcKbbEUQ8Ae1NWXj+xOpAEzbhHuhXX3LAc42TEEF2Qz40wOFXG7dvOxa7uLzAwP7GT4ZFtDuJBp9hFW0AWNMKttUUbAOCs6uttnzeq4U5E2pJmHYo9BxY+fJeYXF1R1lGLGGrL263Yc5UR2vbXyDpbNjQDWcdIDUx8Dyw7Ss4RUw2bvmPv7SClKdgt4O4hHhQ39nj25VO5zUAoiMQdogP1KtC78BIeA0BLQz/SN+2xGeVHs4qRYreHY1bSgrKngX3tATWLXGFoJJH9G8h/vGnUl492tD51LUzztmvZMAtmU9kCxuONj835Xh3wpz0hLCaFvo+pKBA2hGK0ntFhZwyUEXGbVY1YWWylwQReyhXspVIgbEaYYtoXKRkrMqQg5ZZleOBJZofMrIxkoQIaEkCvIyUMVhZMumaG1p4s4rCqnGB+nY4RGJtKlZlFayZ7CGpMberkmTLsor+LMm5eL0XQwZZlP0Pl4TdIhS7rKgSi9WUtdbB8vEIy2DOmpSgke8MUIBP9kZeJ7ghU6xq5Dehlb1DNN6CmqGtQVO19IoKtkPVodPTJOoceWuwTEiXYwkPhsieEGJdJdkdkfEoqpzjeYvZoqrXSc/LDCuqQBQVxa3KLonjOWw/4DlOhqd816XKosybVU7hR9WNmGafwxWcanKCc43xM9ajp9HjMxO3Hjt1Kb7hEzB7G3p8Dfd4bHlzVfnp+zde+GRpIuHkBo4tfrD463AtiJv9hK3k2PnObGetM/v/TYf3aEZWlvPvT7QUTj7rmDIzM5wlLSP4AA89PA0/JDlPl+SXXZq7v255is+Aa1mwZOnf51dVfrk0r66iYczc/fPDfJ/vg/h5qwt25m/JtW0hvxPnvrNvebiLfiS/SOl25Ef4MJsdbW0gJUw+O2JPw7b8hbTtm/Yegi9W39/bO7W0MP3Gygk5lAdGxj+deOZgdkFOyQO60FlorxIMe71uwgeL8O8lYGlyJEHvkTvkFBQUFKMKKsFBQTG6iLVaLVGW+Ph7kpKS3IJgMpkGB119fdfHWcfBKQqcDZpMZrPFDLd7wmdUXVkDTlpMZlPo2QdJKM/SXIUUYWDai2syQd2W3Ti5SkzGk4+CQ0eOGfOed9aWF22t6wQ3B1xyw+GPHIZtvZ98dBokPJkemFFNfdxucR6taTJsklvKnrbPfKtV29t2sOaiYe9AS8WG0qrPBJTf5tdpoGlvjdFoubXmYJD8KhOivjt5oKym0bjN8W0X+kuNAaEhnCm16WnQLdaE1CWlr0wFnd0OMCxaWxpk8OgMnX2G/HPdMd/T2ms+9jG47fjRiyDtsQeDFHjuo+PG4CBn3cGTwJI+HU2lbBm5Vmd1rU8DUXVcduY0EDZIrx6oveRbyycgccb0cKe7wRDIwuZt2ZCRvxjGkYa2tFfk222b6tFWzhKbYt/68lwgd32HFpUmPTQVtLW0eGdpcmPDORAUI/u3kDh9zpTWj3fvPdSdMScdTTEtM56a7ayv/F1925S5uanhNI2CYnhAmla63otCbBmkWhzOKUZaFmhiFgCRxoyKlMB4zoK8ER9aAp4gSYrbJQouN0kWSFLw6UbgkF0mQKxxpKt/oDskywFyBKo3rE3F+CSi0BYw6RVgvWb/JBPQZmgDor+1n1q+QZKZUNW/eVhspJKGD1Yxke9pCNIBIQojevmQPbdYLJ7q4EsDN5bgUCRFdXvYeS1hodzzrSrDHaw8uhIcmO19Ahw/UV77iTXXjt94IWHoxuPbjh6Xsxc+gRmy0I/H7gsNPSDl1/ZEPSIUj/URIDF9ZvyX9Tv2H3MQeSIsDC2c+WDLudb4OU+lhlPECD7AQw9Pwz23e8+8uvIIWLD5tdlD1+GkL1qd2LWrurzig67E366YPZy/EQBye8VzBVWT1pxtbmltbGptbr38yY4FQTR8E5MgPdryR8OY6mg62+Z7zPGTdcYe6z119KBszfxVMggHkQ9h8fNXzAF1lb/bXnkSzClcmhhWOREO5cFgtb9TXXpfbUHGhnrS5JBeJUbo63XDPlikfy+ktP0+ySF7Txw9BMJG5A45BQUFxaiCklYUFKOLRx75vx+wPfSL//RLBYUOARMj9vVe5jiUo2bs+PF9rkGVY8zR0QzPqVh7UdMoZIDb7YZTGzgX5LAER4BEdoyEZj0omRDKmQNuP3iyv4fOUK/4InSZER0cDlhfDLvdYwYRPwlQIo7CUpVh5o0so4W2GzeOul7HpEVrFls792ypRsRiXP6qRbGniudta3QMoJCKtpOl/8/ayn+Lt90sw0hK/mxjzoa6NqcABCcsedbauthnN74yNcgZ6au3pjurigsqmnqgny0426uLVlV0jFuYi6fE6QUbUru2v1hYjYoDQk9jxcurys6ARLwIMn7+S/lxrWVLiqsu9ggyEC41Vrz4QtVAsPCitMKXbcK+gpydjZ26bTmbWmKfXb5wuIAkS3p2prOxpGh7A7bR0XTwYBtInBLGul5bWiYHjtccaCP9XFM47w9+tHXcd+/nz9+DL8RAT8OegpxtrbG/3RAsP4zF0rhsYelx3Lm9bXVFCwsP9WdsfRErUHMZuIHFxtLm/b4rdV2pHhccn5gI2k5UH7/Y5biqT2omJySC1oPVdRe7e3pxJDju1ZaS54y1FJ+euGjrizcdlstlvFKSoVmILzbskMW/b79n7tzUIUeGbEvyb2aMc3ywbllNO7zuYKC9+nAj4BLuQdcxYfYTCeDUlpV4F7phXiyusYSQ5gj5tyDXl9jt8z8IqIwZf8/PAfjXAxVN7Y4ejxQnUlZt+PBAZ/rcLHJTIWHorkNHGi2zZqaG1TQKiuGggqgBgXW5RIY1KeYxAPkJhPcEaISCLgMvSyxQTfADv6syr0icInPwiyoxjKSqEkoKiEYyljdxY1h2jCk6hh0H4Ff4ThuwUZLKSIzbrUJfRHRL8B9BdrkgWwq3ovyDKnQ7RIZ4Jjjy2DhQypIEP0BGKfx4uAcdr+1CjLWu/kw4Wg+rS/Qn4Jmewd3jRfBYo0wvAtWF6WXW6Gag6GMsysypKLUgi7RJoNPFkkVLAFvImxCQXjPuJRyaDYs24cUdPKOivM/IYFi/pEBTOFyCCeV8RtrVHscDW4yIY5QpkWHMZjOJqUYBzxzHw2I4VuEYmQHww5g4lVXGs05eFqF3AC+Lwslus+RCIeCSCAZFWVRwCDaks+H/TC6R7e+3iNwYSRI5CYyiY2DJnJEhHDlwfMwzeVoeBfT4On3kmKDRwWCYx+OURzLjQNuxan1Y3D5vXT2IKI1q6sxca2P1h12ZuTPJaIqEobuPHWrSOfHhMXLOTOjhKfRzu7Ny3qpj45/f8f+mCh5l4V4vcWh7ZW228GFltTOtcPENDaM9HX/sFkBr5bNLCv/rzu1bKvYeOtfqCBYLm/7UHK5rexl2V3CH5Lzd7avbYI1qKp5ldNJehhe99JX0gMUNGeluYAiLyV6/KqF5T2WzdWlBls6/DlNOpEN5cCQtP/L2XOHDgnl78Mv+kF4lRqjrdeM+WKR/L6S0I4XzttZ7r9S6z2OD98GkKZBWbqze09im3X6RO+QUFBQUowm6+oKCYnRhMvGi6P76687EnydCTvnSpW/vmngXnDBdvnx54sSJCgtiomPgBMYzb9RS22Do4TPDylbc8drKP0EYIsjArUTmqjXT9m18dXdLflmaZUb551XWecX5tt/jfVzc7LU17zw/AjEResmF0z8kJVtTf1t1Zp09eKr2uPyq+vFbli/LTy8jGxKzt9buKNCmjwmF++ssxcuLnk4rIhtSlr53eKMWkxJj33miyvpCccn8YyW48vh5rze+dtZWGDgIOvH5fSeldc/tzH/kLc3YlCUVjWX24dPIx9j/af9GYVX5/AyinmGJzyo/8nIYM8m4Re+935FTUDr9wVL0c5J957EdDdmFhiMy/nt1RvVz+bat+Bfsruerj2xIC1ZeyovvbvpryeLcNIEE6iVm7zxRkT/J08Ca8+bodUW4AAAQAElEQVTieVv00iwJc16re2eJ57LaVm9e/vHLe5fNrwRTSy/U4gW8U5fvfP78sn8unPkHkFJSf35FgqdXlz19gJxmSV2+f3/p7JGgR+OfrbpgLf/Pa4NZ6EXotiS+sG+/Y8lzG7LvXYd/W22F779OZr8pL1fubM0vWod3cdZpq97dn16WcyyoSaH+Flo/r+2++5WsgH8XlgVF5bWF5WX52WVg7v72HSQ10LSnn7F8sDdxRob+dgIJQ4OmljmPp4XZNAqK4aBKg31AdjNY7AFFQcO33IDze6kpk4GGYTid4/AoYUCWlFE0PQhIfqIUFJA55bmx46KvOFwKYHRZZFSDJMroI8mKjPUlNGkKn4o4RIFrtZPIX5Jez+9VrYr0oGWSDnFoq3RCmUMCHsHfW5NMgx75aVnTGwHAq9sMgMGbMoKQyLgWVWEUNWgmRS3c23MKajWjqYUAHNTMGNqgejJ4AP+0hSTs3ALdQUhiMxrdBMsQRdntFqNkjicL3zxFKZD2d6nINoD0UkbTS4ifNTcTNDbMsnviVrEwtPHxFfLxCNI2VZe3PVeqyelakgur9i3cnFcNwkda3jxr1QdTnvTIPSNhaNDQYn8yLdwiRtCZCT08hXpud/z5IhyR/5Bv+4O3tAW7O96ZpRuZ89KaxLpdaS/lTwI3gkn2V/Jsxz+Mz5//gOMvPeCbj/6xsLzXmv3O4YoAcdAx2f/9/eVtBbs0dyVx7js1r5163Oh1THnl7fWX1hdMf5hw2MifOf+7RUHeqAcY6W5gCEt5sXTO24VtqwoyDZRr6HIiHcpDIHbWjpMl7dO35q9MPPVOVkivkhgS/HrdhA8W8d+LXlrB9D34tzVjzb63x//XvLIgx1uy1uzMWl2yLf/4Vu32i9whp6CgoBhFMOoor+6ioPgp48qVK386sxsgGtrkcrngZMU6zmo2m3t6esaMHRsTE82YUO7BmJgYnIGQA0CTGJZl2el0uoS+n02+l0WxORyD12YaC1dYiVVYt3vAzYy79750hTf57B2J6GCCgDPAcB4dTBDpaj2BDxOwKL+f/itkfffevKg0y4YKHvdU5/lCGkW69/u//CvKEqkHMrMo342WbYmoSAYqUStNK1BbveztqLuSI8huPVIQrvb0SpbYiVZLRIFLo1Gy4HQ4BWCxxlstEe8dcDr6BcuYuNiwSFKhFwXy3EirBSeKKwm7Ih2y0HvFKfDW+Ak+xnfuyX1kazKZ0UXWXaF7w9PAOOtNTTMi69WIEL6FIY8kHRtwLzHeGhcbdhcMvQToAv3ppW9+lz06s7URukw/ScARFr7HBXcsoP2OK73DHsZ4EgsaxztFsXS1Kf/jDYvgRKkAORHFNaPRiMUDECQxORlzpmgrx3AmE9GgwAIRkCBGDCxikxEfzACZRVSoSxAFt3Bd6u68evl714BLFlVRURkTYKxmZsJ4s/WumLETx8SMizFH86yZRUEsRJiZY0ksNS7aYLmsEJJYRvHQEIwiyYgtdkuSKDLQhUGCF+gf3DgWmYYjnXmeZyxIN5nhOdbEAxTuLBrK9fwfSz+jwGdUEU7jrKLFRd6uQ1HhRMyZjLmISHaLkiDLgiK5JFGQFLfiCZHW+seM3C7Wguh41HcsC10yaL2+8gmQJBAsjhQ3mU2s2WSJiYZGqqw2lMMakXC2pKqiJLtFt+CWB4VL1warmr/5lkMZB62AuZcBU6NM/1fC+AmTxlgmjDWbYX0cLBnR/IIqrXoN/OIhk6JIrI+Tk/KLm16hdBMIPkLdLs+xkXNmQrfohtrbtPHe/PrVtfXrbyzy9Mvtj+Qe+01N/aZf6VucxxZPK/66uO783wXTzcB2DvE6wJniu19sJ+mpNX8mklEyQBXhdYVjX55tU/w7gfM0hCwn8qE8XITwo4a9Xjfug93A/TMCf2Kj5+rfnrjTPQQKitscqalhqWQNBY2ApqAYXUiSAKdScL5jtY4log3tHR333vszyESj+YvFDGc7OOGN6gm3IXMhUZTGjIlRFBnOxUKUTxKsj2puvxsmoIPBSOaCIeWHLpkZ1aYOwVBjVEO4lEYys/4yGooagP3XUxKS6DFFz2UECGXAcewP+EbQMiEurATxt6Bk6MrH3ejeGGt8BCQp9ONvJAsQtuKGuosbvsbIuit0b9xEA30QWa9GhPAtDHlkiI6N3Pghl6Cn4VzrgheyR41VGaHLRPHjhaoH+hpHeiT97O7jVRG++JRUFg4vJk18Q889iB0JSPbyHGKgtaJQ+j4FxxaTbHuImIUENIvDlFEuCjgkRYPxE6K+v9qHBJMhr6sgOQpYKmRURbeCgqDxWQx2XPRwXu1VLtylaT+ToUyWyRcGZxfEsc8qq713ZckAOvQtLzELMuT6a1ocSK23C+s46z3DYNULlLsQ/aM13BBKDGvxe+krY5OIl4WFnWWGYT21azrRSNCZxUJarP/4rkt5AJKAER2r8izizQFk4XF2RWDUv9ZSFjMyZOwRoY4UOUy4KSrO7gi7FFoEOXhiIwkAV5kB+fo1lRFRJLgKf45YPMFNIvgIdbs8x0bOmQndohtob0/Vzr3CoxuX37DuwbddncAyfpxhizX5wcngT33u4OeE4XVYb7LHwu4KufHNN1ssi6uDaHSELGf0/JCgflQY1+vGfbAbuH9G4E9s9Fx9CgoKivBBCWgKitEFnD6IkhvO6yRZhFMUtyD9p//08zFjxuAJCwt4ntVDZuC8CE4/0AyQYd1ugQQ9BRUa1gGnSCyPA3JH54X2LSZ8f8TwxKTrMpJ4Dgon5miKq0+b6ZIUCorbC9bcHS0LaQwNxW0GFUlwXLcoEqMpP2gjNckhAalZWRNnDnSuirJHAJQuj0frebBussnES1iYAo5JY8ZaxoyNGnAN4lQxqAYRSXAg9hnrRiPiFpGiMiZ/fUs2DmLYhwE4qlfL1EdevhK3AiX709P9GYHCqA0lyrLEYBFovd2G8hmyNozFMheoFX6ktgJk5IThQ0E4y7Z0jhtFVcuKBOlihgvmBam4VFEUx1jHIcbaryjEa+OEhojlRrHoPM9bTCx5P41WvCko4aGIgsFlWZfjJlIpPCtLg33wQkA3gVeQkDTFHY8v91Z8Zl2we9GNM4DpzyywHttSWBq/rTBrUhQQek69Xbz9W9umhTedmOGWQDi1t8pp2/RCBrgjcPPXi4KCgoIiECgBTUExuogeM56oIprNZsEljL/bColntKqUQ+s6SbQLCcCBB3FoioWT02lZd8ZybAyDdRSHglNQVh94kMQyKuSyGTLBU/SDb5yQDq1KET5U38moR5EjovIDaokEE/e4ZSAqHAy8BigYS1uWi76hFc26waTpZA+e2JPFxnglrwyYQRlNLc2sakKJklRG4eCcnhLQPz3ExMdPiafyC7crLLFx9OJQ3BbwSA8DEgXcN2gSFAkOIIqbUyw4L7E2NqE30wrHKTiCV9Vee6JQXD35ngpkE28iQdDYxVBESIdyksIoImQ8ZWlCnOny5X7IvgrqIOSMBc4Ey41xicqAW7ZY4ODHcwzir1V0NiurRFVZRQmWjRb7RDdzQETpCyVYhwrc8EAeOjuIedXIcolwsBKQOGS7gqTHWIbw2CiloZa0kPFIYaC8zQzr8TQ85LTXPcB60+QrKlNRoO+FVEXQ9AetVsKdKnsFwTS/BYctM8RHwyZJEt6KchuiS4DFsVWGgwS1zLMiY4LcMjQbFcBh2hiarcoMK8FDYY0yLFU0c1LfOJPCDsAOgLWKIgeuM3yfrE50uVmXmTer0DFEQeKwggGryfm9IloAJ1Kn4EcBoeHY2cFfrX5l1k2MJjH2d05U3LNue0mevQjf1Jak7E0fvl6YCCKGGXodzlurw9BzsLY1Pq+04IeUkAkfI3G9KCgoKCgCgRLQFBSjCyvOVUyI5piYGPyFMyZt19PskPkPkRdE80M4WZJQTLQWGxtGVZ5lrypNS/gDwnOpPNQ5EvXGjABe70ukJGURzlxVhWUkhjUhBQ7Aq5wWqkXxk0LikqrWJYCCgoIiAqiq3O9EeeqIyoMvT4mCgBU9qHaIP+DJZMAwhtMYlehycBxrMpsmThw/dtzgYO+gigKdIY+qipIiiKKC43bxuSyhr1loQ5CXyjjNnzJEkwr7KjilH6LCdZIap8HAW3CwMBkxWaxSBf0kSUYJFn0S/eFCZPTqPeTraK8eBwgHaOBGsiQserOssB6yWyvA815ZUwdBctVIxwNLWKNYb1mLV8YS0dC9UyQ8+pMSzGYzGHDrXYBOkiSU3dGb5BB3AgqPdvaysHEqq1Kn4McAS2ZJbSu4aUzK3vRe9iZw03i8tLUe3FrE5VfU54M7BSN0vSgoKCgohoAS0BQUows43yD5asiUD+U0176y+OP5bphTwYkjZCmRBnQsCRYOmCyerDkFPxD8UggG03EewThlY1EjWGxEWQ2HqVf1/Ff1gOzRFi1j9pksyRWAwikSh+QfecDHyNFW3jJO5cyAgoKCgoIiCIgiNFIoHriiIgliJPCsMIpX7Bg5EYga1hSNyWZAeFrt/TReWWVYoqR7Iojz5Vjot0iCGBc/5rKzX0EKxIykMqKiSgrjEtxm0c2JLC/xJvjmlAVERSPg4IjllL0UM6bKERsLx0Cik6El7EWZA71ByxzHo104ryCig2V0msHj8A7ZWhoGRmOl/TwllVC8eoJBfUjGiYK9PaOXY/iuEm1p0o9I7tpQNz7RI3PN4gQOuGnouySpOJU0Sy6FHl7gLd/Ew2mXG2hkOGTnWUlUIKtP2HakOY0ZdoVXWOcVDiUgjJJYGlBAQUFBQUFB8SMBJaApKEYXJKjHIxmBc82R7SRVO+Mb0IMApyGC4LZAmC3aHCkw/0zkDn8YDtpvWhWQgB5BoYwRLMoPN0ZAB6T+0SSS5DVS0ZpibSk0vkg4Fg2JbyDIEjxQZGRVdqNrzZijxk+KvitZUKNlhi73o6CgoKAICk1tQlG4wasAjiOKiQWsnvtPW3mjkgR6xuEMkbws2qylA1ShD+LJWKgiVQr8D8twHMPIrMKB8XdZ+L+wqsTgBHmMICoDghgtsiRfBc4KyAdbnqWVrPqMlYTWxbrPnmyCGjXMIlkLdDRkn4kShtfHUH14ZERMM75cs16LJwycZdhA/aZT0Ci5om/0twF4XZq2KE3LGKzHd6s4qSPKN0godU5zSxiWNeQwRL4dwL0Prw1Z8UaMRKveOM7bGSoHt0kSkERVROuiiLeAmqZwEn/9KiMLDBsjMaqJqnBQUFBQUFBQ/ChACWgKitEFYZy98seMFs1iEN/whwjhdnPR0WEUD+jE5PYBCuzCTDOkmD0EtBcqIqBFDPjLzYg8JKBVPnryvUxciksEzkHZLYngZ4CCgoKCgiIEEAM8eB1FJ0MmGRKiTEjpLd1RQOyt7H2Tqi2xUgFhZJHsMqKf8atTk9sSxd577+SrHT2SKmPpZtXllgcG1BiXxRRtMkm8CZgwZUz0mn0EzsU+hgAAEABJREFUZUnUsxrIJPxKVsFB0Kxfi6A9cA/L8IjjZlTOBGlw6ENBdjpk3ghdEAPR66QXOK11ZFD246NRkkOOEd0iGZmD5GlUsLoI7C2FDS9xBVnKBkd5z8Ecz6mSroKNA6JNsM+8RqOCFZyH0O12wxNNOlmvwm7o6+UUkVU5hZWADCgoKCgoKCgofgSgBDQFxeiCREBrWYP0CSLLaYkHtWP0vSRGh6gKms0mtB6WiCfiaRzjNwVSzQAMyhKcrEXDwkaPiTamAfSLRB6NwOSRSoE4IvAY45cLEV4mlJUITmw5HihA0XIQosAwuFURJVWSB8wuWeJVN6vKblUdUGWzKIsSZKGBLCpylDw4qI6z3D01enLqdZnp7R8cO9bcf/UaABMBBQUFBQVFcKAUAu5+t6qYVPi+2szpqfbgmIXTDCAVCZyvDyUYJKoRDE7Eh9ddKeQAOITziD7GiQgRgcrLmJCFBChjNjNu9d7J4JtvFeE6QKIbgI1RokWBkfpZLpplouFAJiAyVyYuDYOJZY1DJbmXGWgdUtJQCOusKjwcDYEqQtcGUsCSqOBQZpXn8WREW+6F/pEkGWVEwDkwSNB2QEeDhDND7pt4Sii3s99eQzS09hNy3AB3gKxFfxvf4+POgqM44FSelRkWyWGjvIpoC2Ahaa7FDejaWqoqAhTFLDESTioM2XsBwIGejTYhXRAkjo1qhwfwQITlToaMNuxHiRF4RVbd0IJBlKJwDCvGMCIHRJE1QWeOdzE8OzAYPegctNzLqwKmqqkOBwUFBQUFBcXtiEcffTQ2NjbY3t7e3s8++8zzkxLQFBSjCy3CyJ+o9Z1LeLQPcTCR2y1gPcFbmqA6GH5Amek7CXpiIhT+LCKRDRQKPSgJAy5ISKuSoKouuFNWGBnO7FUOUgHimIT4nyXzsffCGec155X77p5M9MEBBQUFBQVFSKCo5UGBIeHLBpdCy2cH6U1J41t9z2OMJegKX57MepqgBM8jWtlsUtgYLj5uguO6A0fwMvDVqSAxbpw3T5V5RgJoNBtS4hB4QpQ1JwdaB4K2CxLqbo2SvkmoIX6FVwAkmCEpDIltLJ2hSXDgYGdAQrlVSFQDhoN0uZuVoxnFDClqSXBZ4IUxwe5BIOIh6I21qppNJj+TYIGwCkEQIEetqiggGr7RRrvgu+q+6+oEmaEuGAUFBQUFBcXtCsg+z5gxY9jDPBw0JaApKEYXZN5iiH72wVDpZEGAky833G4y8UyQ7IN+JeAZZmTEZcCw5R+Kaw6YxvD2BElA5Hmd4NdfKs64JLtFQRHdLIDcwCAvQiKAM7GMGsMyZpM5xsyPUZmoMWMnmiZMZvkxbsbU2+e0WsewaE6ucNxt8daBgoKCguIWQBv+AADhj4A47Be+7WQG3JzKKIyWllDb6ZESZhksF+1hhck6HVUfvzxBvLoMNEpIoTLkPJbjeaQ9rMjSz+6Z8JdL37sGJUgau1V5UFL7XeKgIMVIFiCqrBkVRlIa4vIZj8gYKR/nNoRWERln9GYdvYtV1aF0Nc79h9Q/iIUKzl+oZW/2HMRorfeIR6NTNFVsb3EkqyEAPoM0abPm5zAkRSEpwd8KfIz+RfuuL4HS24kPVSD3jKK/keazwkpuThFUxq1w0AtgeJbHtUCKWUauAWo0EV4Dup41TlcIuWkRvbZG+YkVmYX8M4vDsCEBffk7OVHiVKq0RkFBQUFBQfEjASWgKShGF2EmtfOgv7/f7RbHjRuLJirhxcOyOG42oinKbUhAgzuBgybzYRDEVBlPmFVZdiuyYOGvmYGb54FouTv2vvFjJ/PMeAnOQzmLDHiGM0loysq5BUmRgDUqhmc5lWUnT6YK0BQUFDeEAaejH8TGWWkm0zsIOh8aweCnYtVm0S1GCzLkLxUOvYXmgCoDjYcFRNcLIH1oT7HkC0mpxxq0meEWIisB/0XRt5ozoeKEeZyJB+PGMon33n214xJkoEVWcSnqgCgJbkl0SSYLp8ZoNK4m+uzRwPBkRDSIZ2CyGyUhZBg9rSC2UFe4gkMi4s9RTkSkBMIE6hy4UUa8raLtUnGsMHp36zWCVObfqYT29ST6QzkYh/g8yCA0jhPpEtgfKschKznO66WQnI24sbDrgCwBIJpdg5A4dkfzShTjggSyS+V4CZg5FNEMT4f8MqeLXGtmE/NxThDZABQFzSBWW1Vcau8VlXUzMqPSlVEUFBQUFBQUtyU+++yzBx98cMKECcEOuHr1qlGC4zbSWqWg+MlDFQTB5Ro0mXiLJXwOwTjBZHy3UNxSIN1NRUY5j+CMmGcEVnapEh9jjZs8NWrML3v7o671sX1urs8tX3cLzsFep/Oqq78/3joxSubgzBOQiKo7Gl8eKNqw63QP+uo4t6tow4GLIFK0Vm8o3X6uB/wY0HP6rdKiD1sjOudG+200Ybiso4ue+u0bSqu/DLDnduyW2wyd+5bYFla2AYofOQhF7HYLnIiihBVCvCoeLlUdcrjhB8mUF1QowwcsB/lS1mJmJ98zIToqCmU4UFRYp0uUBgfdwqBbdksqHO1kZSiTK6Msg4h8VVRvIl7PXmK1Zq4KtDS9QJUk2WM/4snR+1yZ5DkMaDEhjD3twZVpRaM0hnqws9c5MgAeyDJMsPfuntzBsjGRsO/BmEVXBwel9q++qTvx/9v9L398v+7P33zjVnolxuV2Q2cOQ8Rr2vDxjNli9q0HMdGSLGHZbsWz5A1lXWRU4dpVhVFYGv/8Q6O3ra5ic+lPbwASHBfrj5+sO36y/uIlAfwocamlamfpLXJvAuHih6VFb9U7wA8OZ9vJyrINEfurFBQUFARHjx51u90Bd8HtcK9xCyWgKShGFyS/IBbKIB8f4MzzWFhQhjM618DAIDwlOjqG43hFGW7awYho7amicqxZVXmsxWj4hIQSCAH3jkZYdMB6VVUNbdXtAzKZRGmFTPAhKqMPI8EPr0ouRXCrbkYUZPeg2c2PZcdxioWB02eWdXw3wDImnhXHmMFdMWPHR8XGwOvXe9n53dfdne2MOsDwAsO7wR2NbxurP/yobQB9HWz7qPrDxu9ApHA0fHigps0FfgxwtdUdqG6ObHJxo/02mjBc1tHFQHvNhwcavg2w53bsltsMiUnJYJzVCijuJBDHIMwAaMjEygywyIrIyuMHumROEBkLD8y8wqC0eRpdO/QsyBHLDEpBoEBiGPKdQMZZCH1HWIb4J570yJwq85ISJTJmZbxZ/EU8r3CKkze5WHZQVPvcbL/ID8IhTGI4xcTIvKxwEnI8fBrCEckJHJGNPyymXFXC/DI41JfIiJGAa+Ij8bwJR2lj/Q0WsbJIeZnk9JMVEyxMVklz4IcDKE0h0OXIGFwpURrx2IJqMRhGYqtREkKi9WH0N1AQNgO7SCtfZRSZB4AnchxIAlrV/CJUPFrJZBb6ZPdloW9AcQyAywP91/q+/7bHPXjNJV8R3d+7pesiIzEo+QPsUBTbDHsKct+MmwMS0jqB7555kYmSRJMscqII/QpYOPQonJybUfr6WSlaogocPyy+3D7r6cKyM12D4KcEZ2PZ02m2+YX/sLX8H8sKZz5us22o65XBjwoDdctm5JV88O+XwA+G75oPVNe1/+C3VtvOudNf3l7zzY/D8aagoPgB8P3337e0tATcBbfDvcYtlICmoBhdEAlBRK7KAehUlmMx8SqT2Ge3W4iJiTGbTWQaFlYFDEDpeugM5TaAjC4yWkUroneAjDnKwnDMoKvv8pVvGV6Ki48dP3FcVFSUw9GDrrmrr7fnrwn33DX5LqtJFS87egCa7tILSUExOjhTfHdy8WnfbafXJt29th78+NBZOT05t6ITUNz2YCJatISO5likQ9E3qG8AoUvQdIzB8En5CA+uEHJaVTRemGd4Mzfl3nvGWZDyhaSqblUddIv9gy7RLYkiki4mItYq8Io18xwPPzqx7q/1rHjEKAJZi+SSPS/gVfSuV8Uv5BF/zZC3+UY2GYEYTARGSOGYjA7VLbyJJ5b424ZFqCUCEQUnyyQ8mWhna9IZSHgaWqMiZpmR3WJMVDRvUh762YSfx9/N86rodA30DQwODsqSDH07SUS8MjQ+2mRhiRS1XiMJ9CZB0Ch7sR53DbvH3dcLK1BuW/fuh33I3KraO5vOdoLsd2qr39m8KBWMFkZwJBqJooTTmworrma/19zaUV/fCv9bMVf4sHBZzY9jaZqO5vrjcsKa92v3b149O45s6qrITZq+pwv8tNB1+lwXyHq95b0dO5+1AQoKCoobwqeffvrdd/6RQnAL3O63kRLQFBSjCxEDTS0wA62S9bIaFJJj3e12w/19fX3R0dFms4XD07ZwCGgcyANIrBCIBEwghHNweMWDiA4ODV2z8XaEYX6rUcfkdYKENC4BnJgCDnAWtevbjp7ebusEbnDQaTFHTZmSwHIMfOlw13jrYN+1f/1fZ6emJLX/f18poqyIIqCgoBgFdHa0D9nW1fYV+PHAtuK9V59JJN87/ky1OO4IaANceGMcg1lehQGcAljnIJafMKg5G0ZKLduequkLk1oYPa+xapC5IKSqboa2kWU5TRia45AeRBQ7Lob9xSSrhYXsM3CpYMAtuSD/7EKcqfdEhqQ9RA4AYYSDtlpPlAgMyRdxADKyG1mMOGiF0MEAZybUuknRHCdPUVi6A5AAa70/FYMUB2DISjHgbSXQZK5RwsahPQ/rgl4Z6TfMQCPPDVnkCSDQrELF9fc6r/T0CAOD0AmDhDencozKRI8xqyI6BZYjCAI8FXUMh/ozijeZWSDrmQ1VXSkb14XTEOLvLEpOKHKu66riAiPkSo08ftiHzC2rXYL/WmJjwGhiBEeiESmq8XitM37Bijm6nmds1urVKaDhXOOPSolDdgEwbrzPoqGOf/sS/BQBb/IYmj2CgoLiZvEv//IvRiEO+B1uGXoYJaApKEYXkF6GH0FAHwgBwaV/hH6EAUhQ9/f3jR07buyYsTzPM75J5IcDXqYaoe7zDRPQYVoVKWEdAh62HtzOwFN4oE189XcMLHTqRMArY8abL1/rZvkBRUXvGiAHbTJxvCn6Pzr+MiZ24qP/9/S/ftczLmYMD18kSCMsOdK5r8CWV3nxan1ZXtrdyUl3J9tshZXNTsMRQtfxV/OSHkhCex+wL9vT4rPKMvy9D2ejvcEtETrrijQbku5+orDiM2cou4HgOLVx5sN6yfvajdOe3s8ql2VrRd07f+PxTs/OxjK7vehk1+nNuffer++9BICzpaLQTpqflFd++qpP5zS37V32hM3bQABuqGq/vbAiWHWoyVrvF5VavUMvStj9FmRv6/b59pw9vlp+n22fbs+vIvFisrN5T+EjpI33p818tc6nHZFcVoC6q3y+3hDcan3Hp+U2e+nxq+1Vhdk+l8MDoxkPIDMcEhgG3ksJ25tfdso3IOtSXdkyfe+0PHgn6M1CN0bO27BD6lba7Ta7ffG+Lmzewt0yBkIAABAASURBVM2QwzhZbEMbC6q6tTqa9xXP1DvnEXhprnoq6KoqgB3b0rav0PaA3udfOIHcc/xV/ZbLLqxqC3TdLx1YbLeXnPP8btnytB3efl4O5dxGm/cC9RzfnK9V8YDfBcI3+SkntEHruodzi0g/TLLNeTSOGGkrqYO3weYlqLG2zY2A4nZFRMObygBIdEJqFv7XdN3tc54fnap6svsiqpNhidgxGZQZI+uqCUhrDDVDWFrgJaMZhlcBD0wm9Rf3WIFbERkW3oyDojw4IAz2Q8/GTQhuxuO0qMN6L3ooMRk3de8FSUYDjT/2WotFzDSiHLPVfspgOHGCzjnjkwEgJzEklJvw4zoj7eX6IccdzD4Vs8Ae7p7QwoQKhz0p47pQzkZRcg0M9vdeF11uDr4aYNmmb3u/lxmeY6PjxkuyqAUaKPgFAArIZkwqY+FZBTHwPr4N/I3qwsYjSh3JQcu8e0ARBzGxPoocdLAHOBof7eUNxkO798KHWBmKZAr+kAnx7MIjwqHO+rL5aZ6hxyEbhkJ4/OZ6Hx/D75GuPfCD1h6Bm+FsqVqrPbSDD3P4ge8dOPQxIsgA6viw0GbfeNpj/xdwzPUZiE9vstuW7fUP2g42EoUcpgP7D8GK8hk38Zg1DOLjJwPHl/9u6JPkNSc6LlfMRRyl9zbw6Sj9KqDv03e2IAt1d8i2rPy4r87FMF7cKWfvue3otsytHD7GPVTrgo7mDZt9biHYHHzDFx8CoO3thbj3fG9+DwLfkyDU0KzDeH9CV2G4CxHCFQEj5qigq2m4Zwr2dgqNZfPt07f5LaXvqS60P7Kp/keqBU5BQTEyGBgYOHv2rOcn/A63DD2MEtAUFKMLzwxEklAcNGGi9Q8KjYH09ODgAGSfx40by7ARcbZkPobVOjj6t/yDAk9pPdmKVF1OEnCMwkgu6brMuP78Zcs4a8zg4CBmCZSY8Xf9Xw890nOt/2q/cLVPeOThh3nAWkxmMLIYcDi+qJyXu67t8R3nG+vP/m5p4rnynOd0n15ur1hsX/ZJbEFFXSvc+5q9bWfewyX1veHv3X89d301Knlztuv9JfN+1x7YjI7Kp7IKT01cuv9EU2t97c7HO8oWZ608E9T5vnai2P6mUPB+PTo4Bxx/deHfn9H83t4zxQ8v3t6WXnq2vqn1RNXquI+WZeVVdJCdwnfdXdVF9pX/e+b7tU0XDm98smfvsvkFi59b8pY0F1Z9vmr5g99ULs7b3ubtnPKc+dXjV9VcaKzb/9u7j2/Nm/diQUZx40Pray9oVWevPBlO1WRvecOUpe8drod71z/QuGx+8cHrQVp46cCyZ8svpsOLAu0sfaylPKfwgCPSfgu61/bkr0Hz2weaDSWd3r+rbVJ2LoqPdZ4uycrZ2ZEJ29jYdH730ns+KXxkcWWbHPllha0+WWgr3OvK2gH7BHZ47nXY4aWnibPhdji6P/qHpxdWxRV89EnT+epSfDn0vcSMrZ/f99sKeO75qjUPNRdnrD16DYRA+2Z8KWEPXzhcsSapvaIwfeYfujy9MXNGYYXDvrW6DvXGPFD7sv2pPcTy5IUlpa/MSIA9s6Sk9I2S0tXp8SD5mTdKVs+ZDEDqojfQxuWZE7FVa7NyNjXeQ6zavTq1ozzn6eLTepcLjq7mbXnTP4hdvx9d5cK4+rJnlyx+MXdZ8yNba6BV5QtBXUlu8aGh7takv3mQ66pt1smIi2er27ocX1TX6Gmtms8ddYCHH0vElyAvfdk/92SRS/DaoqhThguEb/KDr2bN3BdfDP9ATlRvmgFnhrlF5zwTw/jM50vfyLMBkDDnRdTYN+YmA4o7AMOz0EjkAh+HpC5cbn9nIYSYR5CyPbwtCFQUDoPmGA7pQUPW9G5r1JRJE0RFEWTFLckDLkhAuyABjRLoDZM+11g+CsRGcs9BnBZIzBKFDZIVQsuxiF0oWQsRVofPkIGhqCRBIpFsDu81PY6/9ozhxH9DcdCyor1SR0yyZjnPctEWy10TJ1rHjh1vtYqKudkp/slxFR59RRxkebavrx8FkSMxEh4T0GjSxcHTh7TdIEKNuwjx+SorCqrsHtW376Ee4HB87Hb48E2y8HV313cotinIQyb0swuNCAdWZq27OAN7I2X27/YXZrxYMG9JpSu34jwcglc8/PUfCmb9Tn9IOuuWQeLMlY2GVPhIz7quP+iC1B6+myG3blmcV9KUvOF96NvAoX9KAxz6/zBUeAFVZBg49DEiyAAa/2BydHf9Hz3P+NPH2rq7mvd9pD/jWz4+0gX+5pFEv0qCjUQhhulg/kPgouAAkVfWkfEe7patts/Lni2sHkb22LbkORs4V5rx4vbTbU5/ztF7G3gBR0bHVcHzve3DVRnwsua8frYeup3LH2yvXDbDq5cyrBd36u0lDxceAw8+k5+dHB3a0lCtCzWa3z/X5xZamAwmpS9/o2TRNHjVZ6zGvffM/UNrC3pPguGHZnx/Vl9/irgo7+QIby1ZsjlouLrH+Cp4lc+/vybTxxUZOUdlYsZq4z3zfMYkS0b+DNC2Z4+PG3Nx745TvbOz7DRKmoKCIjT+/d///ejRo1988QX8L/we8BgeUFBQjCawnoZ35aeqRxXBL5iAdlssUdHR0STJu1F2A+UnZEPlEpQZTmU4tyIpDC+iCY3PDJAUFSyJ3w+b3M9PXSQcYzwdGK409uhA4WE3c6rCwkcnq7iAFsSFJrgKypLEA5lVZFZV4RzTrIhwAm+BM06Jlb4Xuh2Oq/fck/Cz2J9f+/6v4yZOHDCLY8aaY8beAycUMQwvoakpvKKjMdXsefDlpv3PYom7nNL9/e1J6w4e6li+Jgk4DpeXtWa/01yxAC9CjM/beP5+6yPzN+4qqF8/NYy9F+MK9tdtfRRXkrNm/68fWGkvvAiGSsj1VG8pv/jEjo6KubHoZ1z+a3UPjbPP3Fz5yqw1KYEsdnQ+crh5Yya+/fM37/i6KXd7Td0/zZprAS1vbjg2/u9qz68ltdjX7z51f2Hayp11Bb/L1jzjKauP7F6Tis5d+t5b3ba8ytN3l17YvRzN+lLWHN7hvDf/WM3FNet1NcfZrx/cmYtamFjy7s62tKIzny/Y3bRzFioscXO10JFeUlsn5AxbNdrbm17eWrUoHu1NKHitLnNy7vRtADwaqIWtjQ2ybdOL2SnwssQtfW83KNovdAog3hJ+v4Xam/qbuYm/31vTtHFaOi5poK66FmRuegrZ9sWulUei1hyu03pgxpr9J5IXTyvecmrpezmWSC4rsrC2tjU+b8eREtz5Uxbt3NndkLvr4Kfls7PIAU6QU3O+LA1fl+XvvdUDL4e2F5nRk7m56TC5M6cs3Vmbcd+87C0gBFq/Tqr6fJsdtzdh/e6Mx9ZmLX69/NCzFQtihEM7yy9OWX22llx6kL+h5rG7cqdvXVeVW1MwKS41J9va/RaoTfjbnOzZWmm2OTnjvq4Ah6ZkzMmxa9u+rCw50jN7R8t+fEsgm9MSYPOfe3PRN69l6GZkv3OwHP9RJGzavbHt4dLTLXP3f7pxNlqjnbDzfeGrxzce/ERYkOs3U7Pl5iRsP3e+c60tEeuKOtJXrwG7jjd1rU+FBEd7Q5Mzfs5T8JoIp7aXXUzwXqC80pNp1unZ5f+w/5mTSzShSgE8dbJ24zTU0oTCbW9fasmrOFK/c0Y23mlJeTw7xf0R2CM8NCN7TiKguP3hcRBCD3AKKzMo3ldUgIkb/FomSsdI7wKLQvAWpMaF0gxKKI2e9jabJcwmPBEdQ9ZXKQorqYhZxm+wGZ4lOg+IR4YcN88p+loetAXpcPCKCQ56ptQE6VLP1evA3GtSWEYaL7jFQVkVJRMjwUMZYPGkIURWyV5qW7OBdbMoB59WNOR1cXSwJ2KalyU8xCOqFxrBmhkTcpVkEZPHJqBphmCpDeBDi7HYiSDrkOAXmcMZG3kOW4UUzZBJMhHe0KSyGEzjE1LZ44TgMGQWMuqyZIJGQseMcUuWKB4R8XCQhgM7z+J4ZRbFUitcTLRVVqSouMG7JPX6965LLPtPn1+1PsL8UpHcJsuYqGjXtf6oCVYTdPkUxsXIHNsbC6S/sjwvAZEDLkYdh4PA3YCRRJYXzSb4WoFH6SAkdazJJYkD/XzMJHTxRgXDPsCDIfBDJpxnV+KKdw8X4dFkyY73u1ty9tQLJfX7V8BnIEgpqnrvatr8Ix9dLLLBAhwnj/4xbtF775bOwfIXmieAH3SBao/EzWg+emggbf2eHYVT0a/ZRRVvdNhWHjzW9vzqlCHNtHzpO3CEGkCfWjDF80jvajjXlfnSavDW2YbONanQyI7zDc6E/OwhI+mkQCNRyGE6qP8QsCjw54YmkFJSOAcfXbDzXVC2V+gWwKRQXGLi8zUXJpUv27Br8dO7gDU5c0HBpsJFqRNAuOgBmbtPvTOLDKPQi3h4ZXZB2TavsxTai3N0Jr/XuGNOWBl1g7cu5Ggen5o9p8fvFsqYkyTUgspem31OTkLAykLck+SA4EMzvj8nLj15guwFc4qqMm3FtsJWMDVQTX7Gxy3deTD20rTikndXXIB/PiPpqCRn5lgu+t4zKYsLpr21sfJwzwLtz1Y4tHtX59TSwnRAQUFBMSzaMUIcQKMmKShGFzzPK3hxJQ52Ft1uAX4GBwfhBMhqhTzkXWPGxHCBQoFub8mJnzLQsmGcb9B/TkiCrVC8FcvIjBZ+RahzePkFN3zfIKNIKHxtJwgcpLOZK1dNX3W4mGvwZQKchovsaKy0zVgwK87zI3ZaRgpo/wqHovzxX+vBE/ZMocfRo38mJaeCro+busLaO3V5oZFdtWa/9F8Cee3y5w3nwOwZGUKPt6h7km2g8+zp7sAWW+Y9k+l9+WJ7DBKYXQ4U1NJx/nRP8m8ej/Oa1CPc94tkcKres1gyPuepVM+5v8rIhM70b+xeFm7ylETQ1eldFpm98AnPLMeamQ5nRPbcGZ6JWVzilPCqRnvBghcI+6wh5bcrZoMgSHoglWstW7Wxqqnd4RRA6tKdm5dOs0TSb6H3Tl1a+Kiz+qS+MPmTo8dBdn4uug3amup7k7IzJxkuq5DwYBI4/ik6OILLivsnv6K+9XW7y1PU3fAOARc7PaFk1ryn07yH48tB9iIzuLmr87x3JuCSV7+YDUIhoeA5wj5rhc9etTRFrjvVBHuj/tRJOGtamGp4Z4f7v+X4uQjyJrWdq+vk5i5/2jDxxc0Xauu84eRPPOWdGFsz/hbOHmc8NdujEDop4T4Avr4UIJw91W63fFnfgMzp+p/HWlNmLFyem9F2rA79LfZ83tBmzbWjCfnHp+rA1PwlxnRXSctfyQLNJ896CrXkPDPN01Iu7W/h9WrvohkHf5og7DNWotBDoHVlYS88EcpqAN8CjVAKkl0GOKWE5wAWr8liGY6FtCsKhgax48dYY6Mkxi2zjCABYVB2DUhuQZEk1ad0lEhQwWcHGNFImkFYHU62zPkdg/cFl70zAAALgElEQVRqSlaSLPkaq1HtyhD1DDwgy36CzmgoxjkJyV6D8jXWtiZ0c5CXvkRzg0g/G96RG3MqQoZbBrwIOXJLVHT3wOA1GbhU5X+Dwd+3fPNln9l5VZBcEms2d12+3CcykO+HlZLlaqrBeVBwM7FatyK6JbfoxsYqDANJbpGT3OooOoPDPsAjQxjProQFBgZ22jQ4OiTnzfKOL/dNmQK6u0gOo/hnK1rry5+UPENV3P224A+6iNyM9NIL9TVrEp36kc77EpNBW/vXYHiEHEBtT86ytp1rRI3trKv+0vbk/KUL0lurT6H+dHzW2Ga1PxleHsPQw3RY/oMXSQ+lgrady4v2Nbb1OAXOVrC5vODRYSNZLYk5G89+3tpxonrrgriv/rl0Znp60ZlhtTt0TFn00izjMGp/5TmjszSMF2eZ91sf9hlJi9j9PkhHK2TrwhrNI8Sw92TQoRnfnykvFEwzuCixWStWTwlcUSDj5+7/quMCfnkzqo4K3rvolXnW5nf3aosFLx2oPAnmFC6lr7MpKChGBDQCmoJidGGxmE0odIgE2jDaxImE/OB/PBqI3nx2Pol5hoG+rHSYKcoNyDGP6sLP2x8hm09EGxVPr2JFS5XBso4KA2Selc0otT2cwXuSFxFRbFmC03U3fC3BynAiKo21mK90dUc5L8upUy2AHTsog3GTwAgjblJcwO1dX8PXk1+W2k7570iRwtt7f7KfP2qNHRegnu6ui9Bj3pA+JPLHBoKIcCZOvjvwjs72NtDelp9eMbQoHeOH2sCFmGsFSC4UxUVeNdpry0/y3RNjjQVBkLj8yIeWf/xv20vy95bAnxPS8je/vTPL9zqF7rdhejUuNzetZNPeQyUZC2J6Dn5YB3KrFuCWfg1fSne0z8+oHHpeZJcVo/eLypUvlZ/uscZPJm3thRMaQxDZlMTA9x42I2XhL3272jIm9Kw47UG/1sJ5OKRLOrpAEuqN1CRfohz3/0WnC4SNgFah5jt7ew3F+lvJhbcsNS0737r3eJOQn9748Ze2/LcS4oE9ZQOkpJdPaqpv4OyrEVcf8BLgu7TLOaj/DvoHQvETAFlTJUkSeXFNNDRYvF4K+xUa7UuGMBzC7C8+oRry8alI8EHViGuSG08/TMFhwji/H0BELiubLMp998Z2O10uyL4qXJ+gDPTLgkuVRMCakXyFpyoGDK3Wk51Y03f2pgPU1ofBIZXVEiggxQqSltB3INaUo4PKaZAeALrmhpYbWPHWjqWY8QEsw3OchASXVb8e08WfPYapus2+tjCQ1ZYG+9ysyeJ0S/0y4FQA//tvErO7rWvOhLE2a/RdVvPEqLG9313h7xrPxqDgbshCk+yRwJuCkiWaH7IMuWiUo9DEQV5eYRWXKgoy1tceJQz3AI8I4Ty7/HK+QZijgs1EnS0Va1eVnemxTEqIxccI8O3dL4IcHJGbIfcc35S/bF87mJAQP4bU1QUCr/LxR8gBFEzLesbyQX3DwKLMpvq2qc/8Bo5/M2xFkJJeEd9wrhHMWj4NhIXQtYTlP3iRUPh+jWXT5i1b8qtfhRfEmpr3+odl2fFcOIZYYlMyCjZkFKxt3744e8va7QuaN2aGc17aA35Me0oKvBD/3tYJZofhxfkPcEha5GG/o2NT4kO3LqzRPFIMd08GHZq7A7ko8M8hiG8V0PjQe0fMUUGwzC5Ympi7t6ppzdZ00Lx7V7N16eEsKr9BQUExMqAENAXF6AIvL/UGOJNZoj7rAHhmF2CSFmnOmWG5YkpAR4qQzceTVaRlyQIVTW60ubSKwpjhVi7a4jbzcHJK4qwkNK9mzGZzVFSUKIlxcXEoLAutQOH6xsfcNXv65T/9f1zdH/vN7DVWSv9Pz4BbhPh7oDOcXHF5R8CwU2H4vZcccLJqjPkVZDecT/ofGxd/H/S8KzreGWZVbxiIg5xd8vK6ujVJ4FYjdNVobz0KrDZOvuVQ+Vpif7X0nZql7wCht7ujZusLJYUL42uRtomhzJD9NjBMr8bPXzFnU2HtOWFB2kf7mqwF1Xay/Z5JCXDqcv7E6kAsQySXFaHlzVXlp+/feOGTpYlkbjJwbPGDxeHEkSEzznQ7fDsMDJOEsLXtL5B0NmzohlNZkJqYQPrK0QMvgGESPuCEkzFLJG5OQKucvdcBFwVuHlzGk7PA4nONvaC+YcrMTaiO6XMSyw+d6ZnUXAee2IGj/uMDXQKhd4D6axQeoAEIUqQkOR2JfEZjCkNCa32DnFWcSHCIA+BDQOseAhGw0N+LYxloyAjLiAyGjCjhZu+LG/O//8r8nz7QD/hrsjRuQI7tl91uhbMoDA84wGnMM8MECt3F2saqljkZFisDskHV20W4YBR07QmgZkhyDEN6xaEFGxlk/SzCQKteThxDxSURXWlkpKI3X9WSFCqyIiGxaZUsEoUviklX6ZS6oW6ZcQuSSxTh4B5r5pFEiAwflBaBZy+CQeDo4yxjHpVZazRjGhN17doVq2UC0tPmOPj6gEQg4GIZzRgUsY1C0aHHAOlnlRc4UVAHrquR5piOABE+wKXQGchG+NnV/LtVZeeSt35yrkAzTjhUaFsZLDg7EjfDcXjdsn1CwXstWx/X6PCL2+wzfw/CQcgBFDLQ9jlcwakmJzjXGD9jPXrGPz4zceuxU5fiGz4Bs7dlgPAwTC3h+A9GWNMKttUUbAOCs6uttnzeq4U5E2pJLG1gfHmgqLpnTtHq2Z7h1JK8ZtXcLYUXLnaDQAS04PJj+b+CQ3O20fjOTvh2Ivm+KXBAjdyLQ9Iiwa0N0rrRGM0juyeNCOiikH4LxDIHdpBC7h0xR4UAraLbVbKvbtODYNe+npS1BZlhvbGgoKCgGB5UgoOC4pYA59FRfRP1jF5UC8VoIigxrcoyimMCqiUmWuEY8rJBUbWUShMmTBw3dpyqEhVLBkmDcyzDRblMY6MffXTs/Kdin34y8Te/AbcOlsxfp4ETRw8ZV1V2HivbUH68O7y9TXtrOg175daag4Ekn2IynnwUHDpyzBh10llbXrS1LmLRAFtGrrV93+FWwyah+Q+lRR+0jHpu7tBVo73O6v0+KcJ7Ye8FLks4vcFuW7YXN98SO8VWsHZ5Cujq/Nb3qND9Nmyvxthzs8Dx2rq2T442Jy4t0MX7Uh+3W9oOenLfIQy0VGworfpMiOyyQnRfaOgBKb+2J+qRMb2ffHQahAVkhvNo5Rljhzlhc0Ke1F7zsY8lbcePXgQZmWlabzQc/si4oBQbk/BkegIIG8SqmibDJrm19mQXyLKHFfY1HDJnZIMzR189VWeZNRMHiCFh6IZzWw6eAbNziPwluQQHao1Jopx1Bz8BiTOm0wWwPwGo4elv+R9G+GNEnMqK7KMaEQGwSATHsAahCY3LZXkT5IRVllNiTeAXk+JhLYMsew0ozgGhv98tuFAqQgAMQh+BgOTINE0QzUwPDw4wh65iJQpMyKqoLRI5xiAhAodZSVKD5DwkTC4RuFA9/cIESc+Iusv4yktbTEbSFup5CFXSmwHf8vOMiQPRgDfLkvCzKPPdFlZmTCIwc4rAKOArMzj21+++unalX3aZJpoESei73gfZZ57n9PpVr526dgrRx9b2yG4BvkRjRs1VDPkAT0xKhgz1Hw0jhaPpbFuo4kb22dXV/Bk0zj7bYxwuKigicTP+1FIPQNqTOvusPeTDQ8gBFL1lzHoCHD9RXvuJJqkEpj61YErj8W1Hj8vZC58IN4Y0ZC3h+Q86hDOlNnt+FTnampC6pPSVqaCz2xGy/u6GD7e/ecpHvcrRA7so1hoD7wyk09LwucEXutT4sd+d0fbR8Q7DT7n90L+0gkcffowbYS8uROtGYTSP8J40grgo1Ud97saLx/YF+YsKZHxL2dP2mW+1gtF3VDDi8p/LBif3bP7dnuMg+5UlEfhRFBQUFKHx/wcAAP//GHJuAQAAAAZJREFUAwBPUkXoOfII0QAAAABJRU5ErkJggg=="} | headers=HTTPHeaderDict({'Content-Length': '513432', 'Content-Type': 'application/json; charset=utf-8', 'cache-control': 'no-cache'})
DEBUG    selenium.webdriver.remote.remote_connection:remote_connection.py:468 Finished Request
WARNING  QA_Automation:helpers.py:110 📸 Captura de pantalla guardada en: C:\Users\carop\Desktop\QA automation BA\pre entrega\pre-entrega-automation-testing-CarolinaAlejandraPenaAstigarraga\reports\test_03_interaccion_carrito_error_20260622_222636.png
ERROR    QA_Automation:conftest.py:59 ❌ FALLÓ: test_03_interaccion_carrito
ERROR    QA_Automation:conftest.py:62    Driver disponible para captura de pantalla
DEBUG    QA_Automation:conftest.py:47 ⏹ Finalizando test: test_03_interaccion_carrito
INFO     QA_Automation:conftest.py:108 ⏹ Finalizado: test_03_interaccion_carrito
INFO     QA_Automation:conftest.py:109 ============================================================

INFO     QA_Automation:test_saucedemo.py:27 ✓ WebDriver Chrome cerrado
INFO     QA_Automation:test_saucedemo.py:28 ================================================================================
INFO     QA_Automation:test_saucedemo.py:29 ✅ SUITE DE PRUEBAS FINALIZADA
INFO     QA_Automation:test_saucedemo.py:30 ================================================================================
DEBUG    selenium.webdriver.remote.remote_connection:remote_connection.py:406 DELETE http://localhost:52802/session/05aa7d8badde4ea511970f4d2a7a51fe {}
DEBUG    urllib3.connectionpool:connectionpool.py:544 http://localhost:52802 "DELETE /session/05aa7d8badde4ea511970f4d2a7a51fe HTTP/1.1" 200 0
DEBUG    selenium.webdriver.remote.remote_connection:remote_connection.py:439 Remote response: status=200 | data={"value":null} | headers=HTTPHeaderDict({'Content-Length': '14', 'Content-Type': 'application/json; charset=utf-8', 'cache-control': 'no-cache'})
DEBUG    selenium.webdriver.remote.remote_connection:remote_connection.py:468 Finished Request
INFO     QA_Automation:conftest.py:32 ================================================================================
INFO     QA_Automation:conftest.py:33 🏁 SESIÓN DE TESTING FINALIZADA
INFO     QA_Automation:conftest.py:34 Estado de salida: 1
INFO     QA_Automation:conftest.py:35 ================================================================================
INFO     QA_Automation:conftest.py:36 📋 Reportes generados en:
INFO     QA_Automation:conftest.py:37    - HTML: C:\Users\carop\Desktop\QA automation BA\pre entrega\pre-entrega-automation-testing-CarolinaAlejandraPenaAstigarraga\reports\report.html
INFO     QA_Automation:conftest.py:38    - LOG: C:\Users\carop\Desktop\QA automation BA\pre entrega\pre-entrega-automation-testing-CarolinaAlejandraPenaAstigarraga\logs
INFO     QA_Automation:conftest.py:39 ================================================================================
